Java HotSpot(TM) 64-Bit Server VM (25.181-b13) for windows-amd64 JRE (1.8.0_181-b13), built on Jul  7 2018 04:01:33 by "java_re" with MS VC++ 10.0 (VS2010)
Memory: 4k page, physical 16639136k(10519908k free), swap 19129504k(9740508k free)
CommandLine flags: -XX:CMSInitiatingOccupancyFraction=50 -XX:CMSMaxAbortablePrecleanTime=6000 -XX:+CMSParallelRemarkEnabled -XX:+CMSScavengeBeforeRemark -XX:ConcGCThreads=4 -XX:GCLogFileSize=20971520 -XX:InitialHeapSize=536870912 -XX:MaxHeapSize=536870912 -XX:MaxTenuringThreshold=8 -XX:NewRatio=3 -XX:NumberOfGCLogFiles=9 -XX:OldPLABSize=16 -XX:-OmitStackTraceInFastThrow -XX:ParallelGCThreads=4 -XX:+ParallelRefProcEnabled -XX:PretenureSizeThreshold=67108864 -XX:+PrintGC -XX:+PrintGCApplicationStoppedTime -XX:+PrintGCDateStamps -XX:+PrintGCDetails -XX:+PrintGCTimeStamps -XX:+PrintHeapAtGC -XX:+PrintTenuringDistribution -XX:SurvivorRatio=4 -XX:TargetSurvivorRatio=90 -XX:ThreadStackSize=256 -XX:+UseCMSInitiatingOccupancyOnly -XX:+UseCompressedClassPointers -XX:+UseCompressedOops -XX:+UseConcMarkSweepGC -XX:+UseGCLogFileRotation -XX:-UseLargePagesIndividualAllocation -XX:+UseParNewGC 
2018-10-31T21:24:58.649-0700: 0.167: Total time for which application threads were stopped: 0.0000988 seconds, Stopping threads took: 0.0000266 seconds
2018-10-31T21:24:58.680-0700: 0.199: Total time for which application threads were stopped: 0.0000886 seconds, Stopping threads took: 0.0000259 seconds
2018-10-31T21:24:58.820-0700: 0.340: Total time for which application threads were stopped: 0.0001849 seconds, Stopping threads took: 0.0000310 seconds
2018-10-31T21:24:59.218-0700: 0.739: Total time for which application threads were stopped: 0.0001167 seconds, Stopping threads took: 0.0000219 seconds
2018-10-31T21:24:59.297-0700: 0.823: Total time for which application threads were stopped: 0.0001827 seconds, Stopping threads took: 0.0000310 seconds
2018-10-31T21:24:59.484-0700: 1.005: Total time for which application threads were stopped: 0.0001572 seconds, Stopping threads took: 0.0000204 seconds
2018-10-31T21:24:59.703-0700: 1.223: Total time for which application threads were stopped: 0.0001863 seconds, Stopping threads took: 0.0000518 seconds
2018-10-31T21:24:59.874-0700: 1.404: Total time for which application threads were stopped: 0.0002345 seconds, Stopping threads took: 0.0000314 seconds
2018-10-31T21:24:59.890-0700: 1.413: Total time for which application threads were stopped: 0.0001721 seconds, Stopping threads took: 0.0000215 seconds
2018-10-31T21:24:59.968-0700: 1.499: Total time for which application threads were stopped: 0.0001904 seconds, Stopping threads took: 0.0000241 seconds
2018-10-31T21:25:00.716-0700: 2.239: Total time for which application threads were stopped: 0.0002195 seconds, Stopping threads took: 0.0000354 seconds
{Heap before GC invocations=0 (full 0):
 par new generation   total 109248K, used 87424K [0x00000000e0000000, 0x00000000e8000000, 0x00000000e8000000)
  eden space 87424K, 100% used [0x00000000e0000000, 0x00000000e5560000, 0x00000000e5560000)
  from space 21824K,   0% used [0x00000000e5560000, 0x00000000e5560000, 0x00000000e6ab0000)
  to   space 21824K,   0% used [0x00000000e6ab0000, 0x00000000e6ab0000, 0x00000000e8000000)
 concurrent mark-sweep generation total 393216K, used 0K [0x00000000e8000000, 0x0000000100000000, 0x0000000100000000)
 Metaspace       used 17794K, capacity 18154K, committed 18560K, reserved 1064960K
  class space    used 2189K, capacity 2318K, committed 2432K, reserved 1048576K
2018-10-31T21:25:00.794-0700: 2.326: [GC (Allocation Failure) 2018-10-31T21:25:00.794-0700: 2.326: [ParNew
Desired survivor size 20112992 bytes, new threshold 8 (max 8)
- age   1:   11838592 bytes,   11838592 total
: 87424K->11673K(109248K), 0.0174026 secs] 87424K->11673K(502464K), 0.0175564 secs] [Times: user=0.06 sys=0.03, real=0.03 secs] 
Heap after GC invocations=1 (full 0):
 par new generation   total 109248K, used 11673K [0x00000000e0000000, 0x00000000e8000000, 0x00000000e8000000)
  eden space 87424K,   0% used [0x00000000e0000000, 0x00000000e0000000, 0x00000000e5560000)
  from space 21824K,  53% used [0x00000000e6ab0000, 0x00000000e7616588, 0x00000000e8000000)
  to   space 21824K,   0% used [0x00000000e5560000, 0x00000000e5560000, 0x00000000e6ab0000)
 concurrent mark-sweep generation total 393216K, used 0K [0x00000000e8000000, 0x0000000100000000, 0x0000000100000000)
 Metaspace       used 17794K, capacity 18154K, committed 18560K, reserved 1064960K
  class space    used 2189K, capacity 2318K, committed 2432K, reserved 1048576K
}
2018-10-31T21:25:00.825-0700: 2.344: Total time for which application threads were stopped: 0.0177359 seconds, Stopping threads took: 0.0000233 seconds
2018-10-31T21:25:01.094-0700: 2.623: Total time for which application threads were stopped: 0.0001054 seconds, Stopping threads took: 0.0000299 seconds
2018-10-31T21:25:01.390-0700: 2.907: Total time for which application threads were stopped: 0.0002917 seconds, Stopping threads took: 0.0000343 seconds
2018-10-31T21:25:01.396-0700: 2.914: Total time for which application threads were stopped: 0.0002545 seconds, Stopping threads took: 0.0000292 seconds
2018-10-31T21:25:01.397-0700: 2.914: Total time for which application threads were stopped: 0.0000591 seconds, Stopping threads took: 0.0000219 seconds
2018-10-31T21:25:01.397-0700: 2.915: Total time for which application threads were stopped: 0.0002283 seconds, Stopping threads took: 0.0000186 seconds
2018-10-31T21:25:01.451-0700: 2.968: Total time for which application threads were stopped: 0.0000926 seconds, Stopping threads took: 0.0000274 seconds
2018-10-31T21:25:01.454-0700: 2.972: Total time for which application threads were stopped: 0.0002319 seconds, Stopping threads took: 0.0000208 seconds
2018-10-31T21:25:01.461-0700: 2.978: Total time for which application threads were stopped: 0.0000784 seconds, Stopping threads took: 0.0000259 seconds
2018-10-31T21:25:01.479-0700: 2.996: Total time for which application threads were stopped: 0.0001240 seconds, Stopping threads took: 0.0000507 seconds
2018-10-31T21:25:01.749-0700: 3.279: Total time for which application threads were stopped: 0.0002389 seconds, Stopping threads took: 0.0000193 seconds
2018-10-31T21:25:01.765-0700: 3.284: Total time for which application threads were stopped: 0.0000981 seconds, Stopping threads took: 0.0000474 seconds
2018-10-31T21:25:01.812-0700: 3.330: Total time for which application threads were stopped: 0.0000966 seconds, Stopping threads took: 0.0000394 seconds
2018-10-31T21:25:01.843-0700: 3.363: Total time for which application threads were stopped: 0.0001021 seconds, Stopping threads took: 0.0000365 seconds
2018-10-31T21:25:01.858-0700: 3.388: Total time for which application threads were stopped: 0.0000802 seconds, Stopping threads took: 0.0000233 seconds
2018-10-31T21:25:01.921-0700: 3.439: Total time for which application threads were stopped: 0.0000912 seconds, Stopping threads took: 0.0000314 seconds
2018-10-31T21:25:01.921-0700: 3.451: Total time for which application threads were stopped: 0.0000748 seconds, Stopping threads took: 0.0000274 seconds
2018-10-31T21:25:01.937-0700: 3.469: Total time for which application threads were stopped: 0.0002724 seconds, Stopping threads took: 0.0000277 seconds
2018-10-31T21:25:01.971-0700: 3.503: Total time for which application threads were stopped: 0.0000879 seconds, Stopping threads took: 0.0000281 seconds
2018-10-31T21:25:02.018-0700: 3.547: Total time for which application threads were stopped: 0.0000879 seconds, Stopping threads took: 0.0000233 seconds
{Heap before GC invocations=1 (full 0):
 par new generation   total 109248K, used 99097K [0x00000000e0000000, 0x00000000e8000000, 0x00000000e8000000)
  eden space 87424K, 100% used [0x00000000e0000000, 0x00000000e5560000, 0x00000000e5560000)
  from space 21824K,  53% used [0x00000000e6ab0000, 0x00000000e7616588, 0x00000000e8000000)
  to   space 21824K,   0% used [0x00000000e5560000, 0x00000000e5560000, 0x00000000e6ab0000)
 concurrent mark-sweep generation total 393216K, used 0K [0x00000000e8000000, 0x0000000100000000, 0x0000000100000000)
 Metaspace       used 24582K, capacity 25107K, committed 25536K, reserved 1071104K
  class space    used 3040K, capacity 3228K, committed 3300K, reserved 1048576K
2018-10-31T21:25:02.018-0700: 3.547: [GC (Allocation Failure) 2018-10-31T21:25:02.018-0700: 3.547: [ParNew
Desired survivor size 20112992 bytes, new threshold 8 (max 8)
- age   1:    6489192 bytes,    6489192 total
- age   2:    5426712 bytes,   11915904 total
: 99097K->15649K(109248K), 0.0095325 secs] 99097K->15649K(502464K), 0.0095967 secs] [Times: user=0.05 sys=0.02, real=0.02 secs] 
Heap after GC invocations=2 (full 0):
 par new generation   total 109248K, used 15649K [0x00000000e0000000, 0x00000000e8000000, 0x00000000e8000000)
  eden space 87424K,   0% used [0x00000000e0000000, 0x00000000e0000000, 0x00000000e5560000)
  from space 21824K,  71% used [0x00000000e5560000, 0x00000000e64a86f0, 0x00000000e6ab0000)
  to   space 21824K,   0% used [0x00000000e6ab0000, 0x00000000e6ab0000, 0x00000000e8000000)
 concurrent mark-sweep generation total 393216K, used 0K [0x00000000e8000000, 0x0000000100000000, 0x0000000100000000)
 Metaspace       used 24582K, capacity 25107K, committed 25536K, reserved 1071104K
  class space    used 3040K, capacity 3228K, committed 3300K, reserved 1048576K
}
2018-10-31T21:25:02.033-0700: 3.557: Total time for which application threads were stopped: 0.0098068 seconds, Stopping threads took: 0.0000157 seconds
2018-10-31T21:25:02.033-0700: 3.557: [GC (CMS Initial Mark) [1 CMS-initial-mark: 0K(393216K)] 15680K(502464K), 0.0021144 secs] [Times: user=0.00 sys=0.00, real=0.00 secs] 
2018-10-31T21:25:02.033-0700: 3.559: Total time for which application threads were stopped: 0.0022340 seconds, Stopping threads took: 0.0000270 seconds
2018-10-31T21:25:02.033-0700: 3.559: [CMS-concurrent-mark-start]
2018-10-31T21:25:02.033-0700: 3.560: [CMS-concurrent-mark: 0.000/0.000 secs] [Times: user=0.00 sys=0.00, real=0.00 secs] 
2018-10-31T21:25:02.033-0700: 3.560: [CMS-concurrent-preclean-start]
2018-10-31T21:25:02.033-0700: 3.560: [CMS-concurrent-preclean: 0.001/0.001 secs] [Times: user=0.00 sys=0.00, real=0.00 secs] 
2018-10-31T21:25:02.033-0700: 3.560: [CMS-concurrent-abortable-preclean-start]
2018-10-31T21:25:02.080-0700: 3.604: Total time for which application threads were stopped: 0.0000977 seconds, Stopping threads took: 0.0000299 seconds
2018-10-31T21:25:02.111-0700: 3.637: Total time for which application threads were stopped: 0.0001098 seconds, Stopping threads took: 0.0000463 seconds
2018-10-31T21:25:02.174-0700: 3.692: Total time for which application threads were stopped: 0.0000923 seconds, Stopping threads took: 0.0000263 seconds
2018-10-31T21:25:02.205-0700: 3.726: Total time for which application threads were stopped: 0.0001192 seconds, Stopping threads took: 0.0000416 seconds
2018-10-31T21:25:02.268-0700: 3.789: Total time for which application threads were stopped: 0.0001229 seconds, Stopping threads took: 0.0000241 seconds
2018-10-31T21:25:02.314-0700: 3.840: Total time for which application threads were stopped: 0.0000883 seconds, Stopping threads took: 0.0000284 seconds
2018-10-31T21:25:02.346-0700: 3.871: Total time for which application threads were stopped: 0.0000857 seconds, Stopping threads took: 0.0000281 seconds
2018-10-31T21:25:02.377-0700: 3.908: Total time for which application threads were stopped: 0.0000879 seconds, Stopping threads took: 0.0000335 seconds
2018-10-31T21:25:02.471-0700: 3.988: Total time for which application threads were stopped: 0.0001579 seconds, Stopping threads took: 0.0000412 seconds
2018-10-31T21:25:02.471-0700: 3.988: [CMS-concurrent-abortable-preclean: 0.237/0.428 secs] [Times: user=1.19 sys=0.31, real=0.44 secs] 
2018-10-31T21:25:02.471-0700: 3.988: [GC (CMS Final Remark) [YG occupancy: 81993 K (109248 K)]{Heap before GC invocations=2 (full 1):
 par new generation   total 109248K, used 81993K [0x00000000e0000000, 0x00000000e8000000, 0x00000000e8000000)
  eden space 87424K,  75% used [0x00000000e0000000, 0x00000000e40ca0a8, 0x00000000e5560000)
  from space 21824K,  71% used [0x00000000e5560000, 0x00000000e64a86f0, 0x00000000e6ab0000)
  to   space 21824K,   0% used [0x00000000e6ab0000, 0x00000000e6ab0000, 0x00000000e8000000)
 concurrent mark-sweep generation total 393216K, used 0K [0x00000000e8000000, 0x0000000100000000, 0x0000000100000000)
 Metaspace       used 27530K, capacity 28161K, committed 28524K, reserved 1075200K
  class space    used 3417K, capacity 3619K, committed 3692K, reserved 1048576K
2018-10-31T21:25:02.471-0700: 3.988: [GC (CMS Final Remark) 2018-10-31T21:25:02.471-0700: 3.988: [ParNew
Desired survivor size 20112992 bytes, new threshold 8 (max 8)
- age   1:    4202928 bytes,    4202928 total
- age   2:    2947352 bytes,    7150280 total
- age   3:    5405320 bytes,   12555600 total
: 81993K->15253K(109248K), 0.0094906 secs] 81993K->15253K(502464K), 0.0095530 secs] [Times: user=0.00 sys=0.00, real=0.00 secs] 
Heap after GC invocations=3 (full 1):
 par new generation   total 109248K, used 15253K [0x00000000e0000000, 0x00000000e8000000, 0x00000000e8000000)
  eden space 87424K,   0% used [0x00000000e0000000, 0x00000000e0000000, 0x00000000e5560000)
  from space 21824K,  69% used [0x00000000e6ab0000, 0x00000000e79954d0, 0x00000000e8000000)
  to   space 21824K,   0% used [0x00000000e5560000, 0x00000000e5560000, 0x00000000e6ab0000)
 concurrent mark-sweep generation total 393216K, used 0K [0x00000000e8000000, 0x0000000100000000, 0x0000000100000000)
 Metaspace       used 27530K, capacity 28161K, committed 28524K, reserved 1075200K
  class space    used 3417K, capacity 3619K, committed 3692K, reserved 1048576K
}
2018-10-31T21:25:02.471-0700: 3.998: [Rescan (parallel) , 0.0031398 secs]2018-10-31T21:25:02.471-0700: 4.001: [weak refs processing, 0.0006240 secs]2018-10-31T21:25:02.471-0700: 4.002: [class unloading, 0.0032584 secs]2018-10-31T21:25:02.486-0700: 4.005: [scrub symbol table, 0.0042619 secs]2018-10-31T21:25:02.486-0700: 4.009: [scrub string table, 0.0002819 secs][1 CMS-remark: 0K(393216K)] 15253K(502464K), 0.0219522 secs] [Times: user=0.03 sys=0.02, real=0.02 secs] 
2018-10-31T21:25:02.486-0700: 4.010: Total time for which application threads were stopped: 0.0220893 seconds, Stopping threads took: 0.0000438 seconds
2018-10-31T21:25:02.486-0700: 4.010: [CMS-concurrent-sweep-start]
2018-10-31T21:25:02.486-0700: 4.010: [CMS-concurrent-sweep: 0.000/0.000 secs] [Times: user=0.00 sys=0.00, real=0.00 secs] 
2018-10-31T21:25:02.486-0700: 4.010: [CMS-concurrent-reset-start]
2018-10-31T21:25:02.486-0700: 4.014: [CMS-concurrent-reset: 0.003/0.003 secs] [Times: user=0.00 sys=0.00, real=0.00 secs] 
2018-10-31T21:25:02.502-0700: 4.033: Total time for which application threads were stopped: 0.0003191 seconds, Stopping threads took: 0.0000252 seconds
2018-10-31T21:25:02.533-0700: 4.057: Total time for which application threads were stopped: 0.0004383 seconds, Stopping threads took: 0.0000419 seconds
2018-10-31T21:25:02.611-0700: 4.129: Total time for which application threads were stopped: 0.0004186 seconds, Stopping threads took: 0.0000562 seconds
{Heap before GC invocations=3 (full 1):
 par new generation   total 109248K, used 102677K [0x00000000e0000000, 0x00000000e8000000, 0x00000000e8000000)
  eden space 87424K, 100% used [0x00000000e0000000, 0x00000000e5560000, 0x00000000e5560000)
  from space 21824K,  69% used [0x00000000e6ab0000, 0x00000000e79954d0, 0x00000000e8000000)
  to   space 21824K,   0% used [0x00000000e5560000, 0x00000000e5560000, 0x00000000e6ab0000)
 concurrent mark-sweep generation total 393216K, used 0K [0x00000000e8000000, 0x0000000100000000, 0x0000000100000000)
 Metaspace       used 28879K, capacity 29609K, committed 30060K, reserved 1075200K
  class space    used 3590K, capacity 3825K, committed 3948K, reserved 1048576K
2018-10-31T21:25:02.752-0700: 4.278: [GC (Allocation Failure) 2018-10-31T21:25:02.752-0700: 4.278: [ParNew
Desired survivor size 20112992 bytes, new threshold 8 (max 8)
- age   1:    2256856 bytes,    2256856 total
- age   2:    1437640 bytes,    3694496 total
- age   3:    2883040 bytes,    6577536 total
- age   4:    5387128 bytes,   11964664 total
: 102677K->16081K(109248K), 0.0077704 secs] 102677K->16081K(502464K), 0.0078831 secs] [Times: user=0.06 sys=0.00, real=0.01 secs] 
Heap after GC invocations=4 (full 1):
 par new generation   total 109248K, used 16081K [0x00000000e0000000, 0x00000000e8000000, 0x00000000e8000000)
  eden space 87424K,   0% used [0x00000000e0000000, 0x00000000e0000000, 0x00000000e5560000)
  from space 21824K,  73% used [0x00000000e5560000, 0x00000000e6514780, 0x00000000e6ab0000)
  to   space 21824K,   0% used [0x00000000e6ab0000, 0x00000000e6ab0000, 0x00000000e8000000)
 concurrent mark-sweep generation total 393216K, used 0K [0x00000000e8000000, 0x0000000100000000, 0x0000000100000000)
 Metaspace       used 28879K, capacity 29609K, committed 30060K, reserved 1075200K
  class space    used 3590K, capacity 3825K, committed 3948K, reserved 1048576K
}
2018-10-31T21:25:02.767-0700: 4.286: Total time for which application threads were stopped: 0.0081187 seconds, Stopping threads took: 0.0000540 seconds
2018-10-31T21:25:02.783-0700: 4.308: Total time for which application threads were stopped: 0.0001772 seconds, Stopping threads took: 0.0000609 seconds
2018-10-31T21:25:02.783-0700: 4.310: Total time for which application threads were stopped: 0.0001291 seconds, Stopping threads took: 0.0000514 seconds
2018-10-31T21:25:02.783-0700: 4.310: Total time for which application threads were stopped: 0.0001211 seconds, Stopping threads took: 0.0000452 seconds
2018-10-31T21:25:02.783-0700: 4.311: Total time for which application threads were stopped: 0.0001608 seconds, Stopping threads took: 0.0000667 seconds
2018-10-31T21:25:02.783-0700: 4.313: Total time for which application threads were stopped: 0.0002374 seconds, Stopping threads took: 0.0001798 seconds
2018-10-31T21:25:02.783-0700: 4.314: Total time for which application threads were stopped: 0.0002323 seconds, Stopping threads took: 0.0001353 seconds
2018-10-31T21:25:02.783-0700: 4.314: Total time for which application threads were stopped: 0.0001083 seconds, Stopping threads took: 0.0000423 seconds
2018-10-31T21:25:02.814-0700: 4.339: Total time for which application threads were stopped: 0.0001225 seconds, Stopping threads took: 0.0000430 seconds
{Heap before GC invocations=4 (full 1):
 par new generation   total 109248K, used 103505K [0x00000000e0000000, 0x00000000e8000000, 0x00000000e8000000)
  eden space 87424K, 100% used [0x00000000e0000000, 0x00000000e5560000, 0x00000000e5560000)
  from space 21824K,  73% used [0x00000000e5560000, 0x00000000e6514780, 0x00000000e6ab0000)
  to   space 21824K,   0% used [0x00000000e6ab0000, 0x00000000e6ab0000, 0x00000000e8000000)
 concurrent mark-sweep generation total 393216K, used 0K [0x00000000e8000000, 0x0000000100000000, 0x0000000100000000)
 Metaspace       used 29986K, capacity 30725K, committed 30956K, reserved 1077248K
  class space    used 3751K, capacity 4001K, committed 4076K, reserved 1048576K
2018-10-31T21:25:02.892-0700: 4.413: [GC (Allocation Failure) 2018-10-31T21:25:02.892-0700: 4.413: [ParNew
Desired survivor size 20112992 bytes, new threshold 8 (max 8)
- age   1:    1131472 bytes,    1131472 total
- age   2:    1172760 bytes,    2304232 total
- age   3:    1436176 bytes,    3740408 total
- age   4:    2882432 bytes,    6622840 total
- age   5:    5314904 bytes,   11937744 total
: 103505K->14123K(109248K), 0.0087102 secs] 103505K->14123K(502464K), 0.0087883 secs] [Times: user=0.00 sys=0.00, real=0.00 secs] 
Heap after GC invocations=5 (full 1):
 par new generation   total 109248K, used 14123K [0x00000000e0000000, 0x00000000e8000000, 0x00000000e8000000)
  eden space 87424K,   0% used [0x00000000e0000000, 0x00000000e0000000, 0x00000000e5560000)
  from space 21824K,  64% used [0x00000000e6ab0000, 0x00000000e787ac80, 0x00000000e8000000)
  to   space 21824K,   0% used [0x00000000e5560000, 0x00000000e5560000, 0x00000000e6ab0000)
 concurrent mark-sweep generation total 393216K, used 0K [0x00000000e8000000, 0x0000000100000000, 0x0000000100000000)
 Metaspace       used 29986K, capacity 30725K, committed 30956K, reserved 1077248K
  class space    used 3751K, capacity 4001K, committed 4076K, reserved 1048576K
}
2018-10-31T21:25:02.892-0700: 4.422: Total time for which application threads were stopped: 0.0090016 seconds, Stopping threads took: 0.0000379 seconds
2018-10-31T21:25:02.955-0700: 4.472: Total time for which application threads were stopped: 0.0001532 seconds, Stopping threads took: 0.0000416 seconds
2018-10-31T21:25:02.961-0700: 4.479: Total time for which application threads were stopped: 0.0000788 seconds, Stopping threads took: 0.0000281 seconds
2018-10-31T21:25:02.964-0700: 4.481: Total time for which application threads were stopped: 0.0000864 seconds, Stopping threads took: 0.0000383 seconds
2018-10-31T21:25:02.964-0700: 4.482: Total time for which application threads were stopped: 0.0000664 seconds, Stopping threads took: 0.0000266 seconds
2018-10-31T21:25:02.966-0700: 4.484: Total time for which application threads were stopped: 0.0000744 seconds, Stopping threads took: 0.0000292 seconds
2018-10-31T21:25:02.984-0700: 4.502: Total time for which application threads were stopped: 0.0004693 seconds, Stopping threads took: 0.0000904 seconds
2018-10-31T21:25:03.052-0700: 4.578: Total time for which application threads were stopped: 0.0004135 seconds, Stopping threads took: 0.0000379 seconds
2018-10-31T21:25:03.208-0700: 4.730: Total time for which application threads were stopped: 0.0005113 seconds, Stopping threads took: 0.0000390 seconds
2018-10-31T21:25:03.239-0700: 4.759: Total time for which application threads were stopped: 0.0001521 seconds, Stopping threads took: 0.0000733 seconds
{Heap before GC invocations=5 (full 1):
 par new generation   total 109248K, used 101547K [0x00000000e0000000, 0x00000000e8000000, 0x00000000e8000000)
  eden space 87424K, 100% used [0x00000000e0000000, 0x00000000e5560000, 0x00000000e5560000)
  from space 21824K,  64% used [0x00000000e6ab0000, 0x00000000e787ac80, 0x00000000e8000000)
  to   space 21824K,   0% used [0x00000000e5560000, 0x00000000e5560000, 0x00000000e6ab0000)
 concurrent mark-sweep generation total 393216K, used 0K [0x00000000e8000000, 0x0000000100000000, 0x0000000100000000)
 Metaspace       used 33443K, capacity 34243K, committed 34540K, reserved 1079296K
  class space    used 4218K, capacity 4482K, committed 4588K, reserved 1048576K
2018-10-31T21:25:03.348-0700: 4.878: [GC (Allocation Failure) 2018-10-31T21:25:03.348-0700: 4.878: [ParNew
Desired survivor size 20112992 bytes, new threshold 8 (max 8)
- age   1:    4229448 bytes,    4229448 total
- age   2:     414776 bytes,    4644224 total
- age   3:     452312 bytes,    5096536 total
- age   4:    1432904 bytes,    6529440 total
- age   5:    2878616 bytes,    9408056 total
- age   6:    5311072 bytes,   14719128 total
: 101547K->21017K(109248K), 0.0109566 secs] 101547K->21017K(502464K), 0.0110354 secs] [Times: user=0.11 sys=0.00, real=0.02 secs] 
Heap after GC invocations=6 (full 1):
 par new generation   total 109248K, used 21017K [0x00000000e0000000, 0x00000000e8000000, 0x00000000e8000000)
  eden space 87424K,   0% used [0x00000000e0000000, 0x00000000e0000000, 0x00000000e5560000)
  from space 21824K,  96% used [0x00000000e5560000, 0x00000000e69e6600, 0x00000000e6ab0000)
  to   space 21824K,   0% used [0x00000000e6ab0000, 0x00000000e6ab0000, 0x00000000e8000000)
 concurrent mark-sweep generation total 393216K, used 0K [0x00000000e8000000, 0x0000000100000000, 0x0000000100000000)
 Metaspace       used 33443K, capacity 34243K, committed 34540K, reserved 1079296K
  class space    used 4218K, capacity 4482K, committed 4588K, reserved 1048576K
}
2018-10-31T21:25:03.364-0700: 4.889: Total time for which application threads were stopped: 0.0112483 seconds, Stopping threads took: 0.0000405 seconds
2018-10-31T21:25:03.582-0700: 5.099: Total time for which application threads were stopped: 0.0001076 seconds, Stopping threads took: 0.0000332 seconds
2018-10-31T21:25:03.609-0700: 5.126: Total time for which application threads were stopped: 0.0000970 seconds, Stopping threads took: 0.0000405 seconds
2018-10-31T21:25:03.722-0700: 5.242: Total time for which application threads were stopped: 0.0003577 seconds, Stopping threads took: 0.0002753 seconds
{Heap before GC invocations=6 (full 1):
 par new generation   total 109248K, used 108441K [0x00000000e0000000, 0x00000000e8000000, 0x00000000e8000000)
  eden space 87424K, 100% used [0x00000000e0000000, 0x00000000e5560000, 0x00000000e5560000)
  from space 21824K,  96% used [0x00000000e5560000, 0x00000000e69e6600, 0x00000000e6ab0000)
  to   space 21824K,   0% used [0x00000000e6ab0000, 0x00000000e6ab0000, 0x00000000e8000000)
 concurrent mark-sweep generation total 393216K, used 0K [0x00000000e8000000, 0x0000000100000000, 0x0000000100000000)
 Metaspace       used 36469K, capacity 37417K, committed 37740K, reserved 1081344K
  class space    used 4599K, capacity 4871K, committed 4972K, reserved 1048576K
2018-10-31T21:25:03.815-0700: 5.337: [GC (Allocation Failure) 2018-10-31T21:25:03.815-0700: 5.337: [ParNew
Desired survivor size 20112992 bytes, new threshold 8 (max 8)
- age   1:    6371832 bytes,    6371832 total
- age   2:    1316568 bytes,    7688400 total
- age   3:     400760 bytes,    8089160 total
- age   4:     412896 bytes,    8502056 total
- age   5:    1425784 bytes,    9927840 total
- age   6:    2872120 bytes,   12799960 total
- age   7:    5310504 bytes,   18110464 total
: 108441K->21824K(109248K), 0.0126166 secs] 108441K->21824K(502464K), 0.0126917 secs] [Times: user=0.05 sys=0.02, real=0.02 secs] 
Heap after GC invocations=7 (full 1):
 par new generation   total 109248K, used 21824K [0x00000000e0000000, 0x00000000e8000000, 0x00000000e8000000)
  eden space 87424K,   0% used [0x00000000e0000000, 0x00000000e0000000, 0x00000000e5560000)
  from space 21824K, 100% used [0x00000000e6ab0000, 0x00000000e8000000, 0x00000000e8000000)
  to   space 21824K,   0% used [0x00000000e5560000, 0x00000000e5560000, 0x00000000e6ab0000)
 concurrent mark-sweep generation total 393216K, used 0K [0x00000000e8000000, 0x0000000100000000, 0x0000000100000000)
 Metaspace       used 36469K, capacity 37417K, committed 37740K, reserved 1081344K
  class space    used 4599K, capacity 4871K, committed 4972K, reserved 1048576K
}
2018-10-31T21:25:03.831-0700: 5.350: Total time for which application threads were stopped: 0.0128894 seconds, Stopping threads took: 0.0000255 seconds
2018-10-31T21:25:04.102-0700: 5.620: Total time for which application threads were stopped: 0.0004927 seconds, Stopping threads took: 0.0000500 seconds
2018-10-31T21:25:04.249-0700: 5.766: Total time for which application threads were stopped: 0.0004635 seconds, Stopping threads took: 0.0000226 seconds
2018-10-31T21:25:04.316-0700: 5.834: Total time for which application threads were stopped: 0.0001068 seconds, Stopping threads took: 0.0000365 seconds
2018-10-31T21:25:04.317-0700: 5.834: Total time for which application threads were stopped: 0.0001072 seconds, Stopping threads took: 0.0000580 seconds
2018-10-31T21:25:04.317-0700: 5.834: Total time for which application threads were stopped: 0.0000923 seconds, Stopping threads took: 0.0000408 seconds
2018-10-31T21:25:04.317-0700: 5.834: Total time for which application threads were stopped: 0.0001626 seconds, Stopping threads took: 0.0001094 seconds
2018-10-31T21:25:04.317-0700: 5.834: Total time for which application threads were stopped: 0.0000908 seconds, Stopping threads took: 0.0000419 seconds
2018-10-31T21:25:04.317-0700: 5.834: Total time for which application threads were stopped: 0.0000831 seconds, Stopping threads took: 0.0000394 seconds
2018-10-31T21:25:04.317-0700: 5.834: Total time for which application threads were stopped: 0.0000879 seconds, Stopping threads took: 0.0000387 seconds
2018-10-31T21:25:04.317-0700: 5.835: Total time for which application threads were stopped: 0.0000952 seconds, Stopping threads took: 0.0000438 seconds
2018-10-31T21:25:04.318-0700: 5.835: Total time for which application threads were stopped: 0.0000941 seconds, Stopping threads took: 0.0000463 seconds
2018-10-31T21:25:04.318-0700: 5.835: Total time for which application threads were stopped: 0.0000883 seconds, Stopping threads took: 0.0000390 seconds
2018-10-31T21:25:04.318-0700: 5.835: Total time for which application threads were stopped: 0.0000737 seconds, Stopping threads took: 0.0000419 seconds
2018-10-31T21:25:04.318-0700: 5.835: Total time for which application threads were stopped: 0.0001295 seconds, Stopping threads took: 0.0000904 seconds
2018-10-31T21:25:04.318-0700: 5.835: Total time for which application threads were stopped: 0.0001006 seconds, Stopping threads took: 0.0000671 seconds
2018-10-31T21:25:04.318-0700: 5.835: Total time for which application threads were stopped: 0.0000908 seconds, Stopping threads took: 0.0000518 seconds
2018-10-31T21:25:04.318-0700: 5.835: Total time for which application threads were stopped: 0.0000868 seconds, Stopping threads took: 0.0000518 seconds
2018-10-31T21:25:04.318-0700: 5.836: Total time for which application threads were stopped: 0.0000755 seconds, Stopping threads took: 0.0000372 seconds
2018-10-31T21:25:04.319-0700: 5.836: Total time for which application threads were stopped: 0.0000697 seconds, Stopping threads took: 0.0000346 seconds
2018-10-31T21:25:04.319-0700: 5.836: Total time for which application threads were stopped: 0.0001962 seconds, Stopping threads took: 0.0000463 seconds
2018-10-31T21:25:04.320-0700: 5.837: Total time for which application threads were stopped: 0.0001185 seconds, Stopping threads took: 0.0000518 seconds
2018-10-31T21:25:04.339-0700: 5.856: Total time for which application threads were stopped: 0.0001564 seconds, Stopping threads took: 0.0000543 seconds
2018-10-31T21:25:04.361-0700: 5.878: Total time for which application threads were stopped: 0.0000992 seconds, Stopping threads took: 0.0000387 seconds
2018-10-31T21:25:04.361-0700: 5.878: Total time for which application threads were stopped: 0.0000748 seconds, Stopping threads took: 0.0000314 seconds
2018-10-31T21:25:04.361-0700: 5.878: Total time for which application threads were stopped: 0.0000992 seconds, Stopping threads took: 0.0000346 seconds
2018-10-31T21:25:04.365-0700: 5.882: Total time for which application threads were stopped: 0.0001284 seconds, Stopping threads took: 0.0000299 seconds
2018-10-31T21:25:04.367-0700: 5.884: Total time for which application threads were stopped: 0.0000941 seconds, Stopping threads took: 0.0000401 seconds
2018-10-31T21:25:04.367-0700: 5.884: Total time for which application threads were stopped: 0.0000562 seconds, Stopping threads took: 0.0000212 seconds
2018-10-31T21:25:04.372-0700: 5.889: Total time for which application threads were stopped: 0.0001028 seconds, Stopping threads took: 0.0000521 seconds
2018-10-31T21:25:04.376-0700: 5.898: Total time for which application threads were stopped: 0.0000952 seconds, Stopping threads took: 0.0000394 seconds
2018-10-31T21:25:04.376-0700: 5.898: Total time for which application threads were stopped: 0.0000576 seconds, Stopping threads took: 0.0000215 seconds
2018-10-31T21:25:04.376-0700: 5.905: Total time for which application threads were stopped: 0.0000842 seconds, Stopping threads took: 0.0000343 seconds
2018-10-31T21:25:04.376-0700: 5.908: Total time for which application threads were stopped: 0.0000759 seconds, Stopping threads took: 0.0000339 seconds
2018-10-31T21:25:04.376-0700: 5.908: Total time for which application threads were stopped: 0.0000624 seconds, Stopping threads took: 0.0000255 seconds
2018-10-31T21:25:04.376-0700: 5.908: Total time for which application threads were stopped: 0.0000481 seconds, Stopping threads took: 0.0000204 seconds
2018-10-31T21:25:04.391-0700: 5.911: Total time for which application threads were stopped: 0.0000999 seconds, Stopping threads took: 0.0000441 seconds
2018-10-31T21:25:04.407-0700: 5.936: Total time for which application threads were stopped: 0.0001269 seconds, Stopping threads took: 0.0000427 seconds
2018-10-31T21:25:04.407-0700: 5.936: Total time for which application threads were stopped: 0.0000831 seconds, Stopping threads took: 0.0000317 seconds
2018-10-31T21:25:04.407-0700: 5.937: Total time for which application threads were stopped: 0.0000802 seconds, Stopping threads took: 0.0000423 seconds
2018-10-31T21:25:04.407-0700: 5.939: Total time for which application threads were stopped: 0.0001247 seconds, Stopping threads took: 0.0000605 seconds
2018-10-31T21:25:04.423-0700: 5.941: Total time for which application threads were stopped: 0.0001415 seconds, Stopping threads took: 0.0000799 seconds
2018-10-31T21:25:04.423-0700: 5.944: Total time for which application threads were stopped: 0.0001251 seconds, Stopping threads took: 0.0000514 seconds
2018-10-31T21:25:04.423-0700: 5.946: Total time for which application threads were stopped: 0.0001087 seconds, Stopping threads took: 0.0000551 seconds
2018-10-31T21:25:04.423-0700: 5.948: Total time for which application threads were stopped: 0.0000945 seconds, Stopping threads took: 0.0000489 seconds
2018-10-31T21:25:04.423-0700: 5.950: Total time for which application threads were stopped: 0.0000821 seconds, Stopping threads took: 0.0000390 seconds
2018-10-31T21:25:04.423-0700: 5.951: Total time for which application threads were stopped: 0.0000733 seconds, Stopping threads took: 0.0000317 seconds
2018-10-31T21:25:04.423-0700: 5.952: Total time for which application threads were stopped: 0.0000901 seconds, Stopping threads took: 0.0000325 seconds
2018-10-31T21:25:04.423-0700: 5.952: Total time for which application threads were stopped: 0.0000631 seconds, Stopping threads took: 0.0000266 seconds
2018-10-31T21:25:04.423-0700: 5.953: Total time for which application threads were stopped: 0.0000959 seconds, Stopping threads took: 0.0000467 seconds
2018-10-31T21:25:04.423-0700: 5.955: Total time for which application threads were stopped: 0.0000908 seconds, Stopping threads took: 0.0000408 seconds
2018-10-31T21:25:04.438-0700: 5.958: Total time for which application threads were stopped: 0.0001211 seconds, Stopping threads took: 0.0000605 seconds
2018-10-31T21:25:04.438-0700: 5.961: Total time for which application threads were stopped: 0.0001444 seconds, Stopping threads took: 0.0000558 seconds
2018-10-31T21:25:04.438-0700: 5.962: Total time for which application threads were stopped: 0.0001087 seconds, Stopping threads took: 0.0000503 seconds
2018-10-31T21:25:04.438-0700: 5.962: Total time for which application threads were stopped: 0.0000693 seconds, Stopping threads took: 0.0000281 seconds
2018-10-31T21:25:04.438-0700: 5.964: Total time for which application threads were stopped: 0.0001032 seconds, Stopping threads took: 0.0000532 seconds
2018-10-31T21:25:04.438-0700: 5.966: Total time for which application threads were stopped: 0.0001138 seconds, Stopping threads took: 0.0000481 seconds
2018-10-31T21:25:04.438-0700: 5.966: Total time for which application threads were stopped: 0.0000806 seconds, Stopping threads took: 0.0000387 seconds
2018-10-31T21:25:04.438-0700: 5.968: Total time for which application threads were stopped: 0.0001167 seconds, Stopping threads took: 0.0000583 seconds
2018-10-31T21:25:04.438-0700: 5.970: Total time for which application threads were stopped: 0.0001342 seconds, Stopping threads took: 0.0000729 seconds
2018-10-31T21:25:04.454-0700: 5.972: Total time for which application threads were stopped: 0.0002454 seconds, Stopping threads took: 0.0000675 seconds
2018-10-31T21:25:04.454-0700: 5.975: Total time for which application threads were stopped: 0.0001079 seconds, Stopping threads took: 0.0000438 seconds
2018-10-31T21:25:04.469-0700: 5.989: Total time for which application threads were stopped: 0.0001437 seconds, Stopping threads took: 0.0000449 seconds
2018-10-31T21:25:04.469-0700: 5.997: Total time for which application threads were stopped: 0.0001510 seconds, Stopping threads took: 0.0000645 seconds
2018-10-31T21:25:04.485-0700: 6.011: Total time for which application threads were stopped: 0.0001488 seconds, Stopping threads took: 0.0000507 seconds
2018-10-31T21:25:04.485-0700: 6.013: Total time for which application threads were stopped: 0.0000981 seconds, Stopping threads took: 0.0000376 seconds
2018-10-31T21:25:04.485-0700: 6.015: Total time for which application threads were stopped: 0.0001196 seconds, Stopping threads took: 0.0000507 seconds
2018-10-31T21:25:04.485-0700: 6.016: Total time for which application threads were stopped: 0.0002184 seconds, Stopping threads took: 0.0000379 seconds
2018-10-31T21:25:04.485-0700: 6.017: Total time for which application threads were stopped: 0.0000795 seconds, Stopping threads took: 0.0000314 seconds
2018-10-31T21:25:04.501-0700: 6.028: Total time for which application threads were stopped: 0.0001196 seconds, Stopping threads took: 0.0000430 seconds
2018-10-31T21:25:04.501-0700: 6.030: Total time for which application threads were stopped: 0.0001054 seconds, Stopping threads took: 0.0000408 seconds
2018-10-31T21:25:04.501-0700: 6.031: Total time for which application threads were stopped: 0.0000678 seconds, Stopping threads took: 0.0000266 seconds
2018-10-31T21:25:04.516-0700: 6.038: Total time for which application threads were stopped: 0.0001273 seconds, Stopping threads took: 0.0000474 seconds
2018-10-31T21:25:04.516-0700: 6.040: Total time for which application threads were stopped: 0.0000780 seconds, Stopping threads took: 0.0000339 seconds
2018-10-31T21:25:04.516-0700: 6.042: Total time for which application threads were stopped: 0.0000868 seconds, Stopping threads took: 0.0000328 seconds
2018-10-31T21:25:04.516-0700: 6.044: Total time for which application threads were stopped: 0.0000759 seconds, Stopping threads took: 0.0000314 seconds
2018-10-31T21:25:04.532-0700: 6.049: Total time for which application threads were stopped: 0.0001885 seconds, Stopping threads took: 0.0000299 seconds
2018-10-31T21:25:04.718-0700: 6.234: Total time for which application threads were stopped: 0.0007104 seconds, Stopping threads took: 0.0005226 seconds
2018-10-31T21:25:04.718-0700: 6.235: Total time for which application threads were stopped: 0.0003362 seconds, Stopping threads took: 0.0002549 seconds
2018-10-31T21:25:04.739-0700: 6.256: Total time for which application threads were stopped: 0.0002531 seconds, Stopping threads took: 0.0000748 seconds
2018-10-31T21:25:04.811-0700: 6.328: Total time for which application threads were stopped: 0.0008913 seconds, Stopping threads took: 0.0000788 seconds
2018-10-31T21:25:04.821-0700: 6.339: Total time for which application threads were stopped: 0.0002556 seconds, Stopping threads took: 0.0001112 seconds
2018-10-31T21:25:04.822-0700: 6.339: Total time for which application threads were stopped: 0.0001240 seconds, Stopping threads took: 0.0000470 seconds
2018-10-31T21:25:04.822-0700: 6.340: Total time for which application threads were stopped: 0.0001098 seconds, Stopping threads took: 0.0000543 seconds
2018-10-31T21:25:04.896-0700: 6.413: Total time for which application threads were stopped: 0.0007045 seconds, Stopping threads took: 0.0005215 seconds
2018-10-31T21:25:04.898-0700: 6.415: Total time for which application threads were stopped: 0.0003118 seconds, Stopping threads took: 0.0001360 seconds
2018-10-31T21:25:04.902-0700: 6.419: Total time for which application threads were stopped: 0.0002731 seconds, Stopping threads took: 0.0000926 seconds
2018-10-31T21:25:04.902-0700: 6.419: Total time for which application threads were stopped: 0.0001783 seconds, Stopping threads took: 0.0000653 seconds
2018-10-31T21:25:04.902-0700: 6.420: Total time for which application threads were stopped: 0.0002316 seconds, Stopping threads took: 0.0000478 seconds
2018-10-31T21:25:04.902-0700: 6.420: Total time for which application threads were stopped: 0.0001583 seconds, Stopping threads took: 0.0000598 seconds
2018-10-31T21:25:04.902-0700: 6.420: Total time for which application threads were stopped: 0.0001495 seconds, Stopping threads took: 0.0000408 seconds
2018-10-31T21:25:04.949-0700: 6.466: Total time for which application threads were stopped: 0.0003329 seconds, Stopping threads took: 0.0001470 seconds
2018-10-31T21:25:04.973-0700: 6.490: Total time for which application threads were stopped: 0.0001608 seconds, Stopping threads took: 0.0000613 seconds
2018-10-31T21:25:05.592-0700: 7.110: Total time for which application threads were stopped: 0.0003654 seconds, Stopping threads took: 0.0000635 seconds
{Heap before GC invocations=7 (full 1):
 par new generation   total 109248K, used 109248K [0x00000000e0000000, 0x00000000e8000000, 0x00000000e8000000)
  eden space 87424K, 100% used [0x00000000e0000000, 0x00000000e5560000, 0x00000000e5560000)
  from space 21824K, 100% used [0x00000000e6ab0000, 0x00000000e8000000, 0x00000000e8000000)
  to   space 21824K,   0% used [0x00000000e5560000, 0x00000000e5560000, 0x00000000e6ab0000)
 concurrent mark-sweep generation total 393216K, used 0K [0x00000000e8000000, 0x0000000100000000, 0x0000000100000000)
 Metaspace       used 39836K, capacity 40975K, committed 41196K, reserved 1085440K
  class space    used 4980K, capacity 5280K, committed 5356K, reserved 1048576K
2018-10-31T21:25:05.943-0700: 7.460: [GC (Allocation Failure) 2018-10-31T21:25:05.943-0700: 7.460: [ParNew
Desired survivor size 20112992 bytes, new threshold 8 (max 8)
- age   1:    8310136 bytes,    8310136 total
- age   2:    3115248 bytes,   11425384 total
- age   3:    1295824 bytes,   12721208 total
- age   4:     395376 bytes,   13116584 total
- age   5:     405248 bytes,   13521832 total
- age   6:    1362824 bytes,   14884656 total
- age   7:    2827000 bytes,   17711656 total
- age   8:    4588888 bytes,   22300544 total
: 109248K->21824K(109248K), 0.0253243 secs] 109248K->28914K(502464K), 0.0254079 secs] [Times: user=0.05 sys=0.02, real=0.02 secs] 
Heap after GC invocations=8 (full 1):
 par new generation   total 109248K, used 21824K [0x00000000e0000000, 0x00000000e8000000, 0x00000000e8000000)
  eden space 87424K,   0% used [0x00000000e0000000, 0x00000000e0000000, 0x00000000e5560000)
  from space 21824K, 100% used [0x00000000e5560000, 0x00000000e6ab0000, 0x00000000e6ab0000)
  to   space 21824K,   0% used [0x00000000e6ab0000, 0x00000000e6ab0000, 0x00000000e8000000)
 concurrent mark-sweep generation total 393216K, used 7090K [0x00000000e8000000, 0x0000000100000000, 0x0000000100000000)
 Metaspace       used 39836K, capacity 40975K, committed 41196K, reserved 1085440K
  class space    used 4980K, capacity 5280K, committed 5356K, reserved 1048576K
}
2018-10-31T21:25:05.968-0700: 7.486: Total time for which application threads were stopped: 0.0256766 seconds, Stopping threads took: 0.0000478 seconds
2018-10-31T21:25:05.969-0700: 7.486: Total time for which application threads were stopped: 0.0001203 seconds, Stopping threads took: 0.0000722 seconds
2018-10-31T21:25:06.366-0700: 7.883: Total time for which application threads were stopped: 0.0003092 seconds, Stopping threads took: 0.0000857 seconds
2018-10-31T21:25:06.366-0700: 7.884: Total time for which application threads were stopped: 0.0001535 seconds, Stopping threads took: 0.0000543 seconds
2018-10-31T21:25:06.366-0700: 7.884: Total time for which application threads were stopped: 0.0001357 seconds, Stopping threads took: 0.0000635 seconds
2018-10-31T21:25:06.367-0700: 7.885: Total time for which application threads were stopped: 0.0001262 seconds, Stopping threads took: 0.0000638 seconds
2018-10-31T21:25:06.367-0700: 7.885: Total time for which application threads were stopped: 0.0001098 seconds, Stopping threads took: 0.0000540 seconds
2018-10-31T21:25:06.367-0700: 7.885: Total time for which application threads were stopped: 0.0001058 seconds, Stopping threads took: 0.0000485 seconds
2018-10-31T21:25:06.367-0700: 7.885: Total time for which application threads were stopped: 0.0001065 seconds, Stopping threads took: 0.0000583 seconds
2018-10-31T21:25:06.368-0700: 7.885: Total time for which application threads were stopped: 0.0001054 seconds, Stopping threads took: 0.0000631 seconds
2018-10-31T21:25:06.368-0700: 7.885: Total time for which application threads were stopped: 0.0000857 seconds, Stopping threads took: 0.0000463 seconds
2018-10-31T21:25:06.369-0700: 7.887: Total time for which application threads were stopped: 0.0005499 seconds, Stopping threads took: 0.0003417 seconds
2018-10-31T21:25:06.370-0700: 7.887: Total time for which application threads were stopped: 0.0001532 seconds, Stopping threads took: 0.0000481 seconds
2018-10-31T21:25:06.450-0700: 7.967: Total time for which application threads were stopped: 0.0005415 seconds, Stopping threads took: 0.0002079 seconds
2018-10-31T21:25:06.450-0700: 7.968: Total time for which application threads were stopped: 0.0001634 seconds, Stopping threads took: 0.0000591 seconds
2018-10-31T21:25:06.451-0700: 7.968: Total time for which application threads were stopped: 0.0001473 seconds, Stopping threads took: 0.0000569 seconds
2018-10-31T21:25:06.451-0700: 7.968: Total time for which application threads were stopped: 0.0002228 seconds, Stopping threads took: 0.0000511 seconds
2018-10-31T21:25:06.451-0700: 7.969: Total time for which application threads were stopped: 0.0002301 seconds, Stopping threads took: 0.0000478 seconds
2018-10-31T21:25:06.453-0700: 7.970: Total time for which application threads were stopped: 0.0001448 seconds, Stopping threads took: 0.0000496 seconds
2018-10-31T21:25:06.453-0700: 7.970: Total time for which application threads were stopped: 0.0001295 seconds, Stopping threads took: 0.0000321 seconds
2018-10-31T21:25:06.453-0700: 7.971: Total time for which application threads were stopped: 0.0001670 seconds, Stopping threads took: 0.0000686 seconds
2018-10-31T21:25:06.454-0700: 7.971: Total time for which application threads were stopped: 0.0001612 seconds, Stopping threads took: 0.0000784 seconds
2018-10-31T21:25:06.454-0700: 7.971: Total time for which application threads were stopped: 0.0001338 seconds, Stopping threads took: 0.0000470 seconds
2018-10-31T21:25:06.454-0700: 7.971: Total time for which application threads were stopped: 0.0001218 seconds, Stopping threads took: 0.0000500 seconds
2018-10-31T21:25:06.454-0700: 7.972: Total time for which application threads were stopped: 0.0001787 seconds, Stopping threads took: 0.0001065 seconds
2018-10-31T21:25:06.455-0700: 7.972: Total time for which application threads were stopped: 0.0001324 seconds, Stopping threads took: 0.0000635 seconds
2018-10-31T21:25:06.491-0700: 8.008: Total time for which application threads were stopped: 0.0001714 seconds, Stopping threads took: 0.0000751 seconds
2018-10-31T21:25:06.491-0700: 8.008: Total time for which application threads were stopped: 0.0002152 seconds, Stopping threads took: 0.0001058 seconds
2018-10-31T21:25:06.491-0700: 8.008: Total time for which application threads were stopped: 0.0001178 seconds, Stopping threads took: 0.0000518 seconds
2018-10-31T21:25:06.491-0700: 8.008: Total time for which application threads were stopped: 0.0001068 seconds, Stopping threads took: 0.0000532 seconds
2018-10-31T21:25:07.301-0700: 8.818: Total time for which application threads were stopped: 0.0002163 seconds, Stopping threads took: 0.0000576 seconds
2018-10-31T21:25:07.301-0700: 8.818: Total time for which application threads were stopped: 0.0001189 seconds, Stopping threads took: 0.0000459 seconds
2018-10-31T21:25:07.302-0700: 8.819: Total time for which application threads were stopped: 0.0000839 seconds, Stopping threads took: 0.0000379 seconds
2018-10-31T21:25:07.303-0700: 8.820: Total time for which application threads were stopped: 0.0001404 seconds, Stopping threads took: 0.0000605 seconds
2018-10-31T21:25:07.303-0700: 8.820: Total time for which application threads were stopped: 0.0000828 seconds, Stopping threads took: 0.0000376 seconds
2018-10-31T21:25:07.303-0700: 8.820: Total time for which application threads were stopped: 0.0000791 seconds, Stopping threads took: 0.0000379 seconds
2018-10-31T21:25:07.304-0700: 8.821: Total time for which application threads were stopped: 0.0001010 seconds, Stopping threads took: 0.0000481 seconds
2018-10-31T21:25:07.304-0700: 8.821: Total time for which application threads were stopped: 0.0000831 seconds, Stopping threads took: 0.0000470 seconds
2018-10-31T21:25:07.304-0700: 8.821: Total time for which application threads were stopped: 0.0000791 seconds, Stopping threads took: 0.0000438 seconds
2018-10-31T21:25:07.355-0700: 8.873: Total time for which application threads were stopped: 0.0001801 seconds, Stopping threads took: 0.0000649 seconds
2018-10-31T21:25:07.355-0700: 8.873: Total time for which application threads were stopped: 0.0001572 seconds, Stopping threads took: 0.0000496 seconds
{Heap before GC invocations=8 (full 1):
 par new generation   total 109248K, used 109146K [0x00000000e0000000, 0x00000000e8000000, 0x00000000e8000000)
  eden space 87424K,  99% used [0x00000000e0000000, 0x00000000e5546968, 0x00000000e5560000)
  from space 21824K, 100% used [0x00000000e5560000, 0x00000000e6ab0000, 0x00000000e6ab0000)
  to   space 21824K,   0% used [0x00000000e6ab0000, 0x00000000e6ab0000, 0x00000000e8000000)
 concurrent mark-sweep generation total 393216K, used 7090K [0x00000000e8000000, 0x0000000100000000, 0x0000000100000000)
 Metaspace       used 40012K, capacity 41109K, committed 41452K, reserved 1085440K
  class space    used 4994K, capacity 5281K, committed 5356K, reserved 1048576K
2018-10-31T21:25:07.622-0700: 9.140: [GC (Allocation Failure) 2018-10-31T21:25:07.623-0700: 9.140: [ParNew
Desired survivor size 20112992 bytes, new threshold 8 (max 8)
- age   1:    5726688 bytes,    5726688 total
- age   2:    6770792 bytes,   12497480 total
- age   3:    2944152 bytes,   15441632 total
- age   4:    1282288 bytes,   16723920 total
- age   5:     391400 bytes,   17115320 total
- age   6:     396248 bytes,   17511568 total
- age   7:    1338144 bytes,   18849712 total
- age   8:    2805896 bytes,   21655608 total
: 109146K->21824K(109248K), 0.0214172 secs] 116236K->44665K(502464K), 0.0215281 secs] [Times: user=0.06 sys=0.00, real=0.02 secs] 
Heap after GC invocations=9 (full 1):
 par new generation   total 109248K, used 21824K [0x00000000e0000000, 0x00000000e8000000, 0x00000000e8000000)
  eden space 87424K,   0% used [0x00000000e0000000, 0x00000000e0000000, 0x00000000e5560000)
  from space 21824K, 100% used [0x00000000e6ab0000, 0x00000000e8000000, 0x00000000e8000000)
  to   space 21824K,   0% used [0x00000000e5560000, 0x00000000e5560000, 0x00000000e6ab0000)
 concurrent mark-sweep generation total 393216K, used 22841K [0x00000000e8000000, 0x0000000100000000, 0x0000000100000000)
 Metaspace       used 40012K, capacity 41109K, committed 41452K, reserved 1085440K
  class space    used 4994K, capacity 5281K, committed 5356K, reserved 1048576K
}
2018-10-31T21:25:07.641-0700: 9.162: Total time for which application threads were stopped: 0.0217699 seconds, Stopping threads took: 0.0000576 seconds
2018-10-31T21:25:08.641-0700: 10.158: Total time for which application threads were stopped: 0.0001725 seconds, Stopping threads took: 0.0000835 seconds
2018-10-31T21:25:09.155-0700: 10.672: Total time for which application threads were stopped: 0.0006765 seconds, Stopping threads took: 0.0005448 seconds
2018-10-31T21:25:09.163-0700: 10.681: Total time for which application threads were stopped: 0.0003494 seconds, Stopping threads took: 0.0001068 seconds
2018-10-31T21:25:09.164-0700: 10.681: Total time for which application threads were stopped: 0.0002031 seconds, Stopping threads took: 0.0000449 seconds
2018-10-31T21:25:09.164-0700: 10.682: Total time for which application threads were stopped: 0.0002356 seconds, Stopping threads took: 0.0000831 seconds
2018-10-31T21:25:09.165-0700: 10.682: Total time for which application threads were stopped: 0.0001904 seconds, Stopping threads took: 0.0000824 seconds
2018-10-31T21:25:09.170-0700: 10.687: Total time for which application threads were stopped: 0.0003676 seconds, Stopping threads took: 0.0001247 seconds
2018-10-31T21:25:09.170-0700: 10.687: Total time for which application threads were stopped: 0.0002319 seconds, Stopping threads took: 0.0000642 seconds
2018-10-31T21:25:09.170-0700: 10.687: Total time for which application threads were stopped: 0.0001699 seconds, Stopping threads took: 0.0000474 seconds
2018-10-31T21:25:09.170-0700: 10.688: Total time for which application threads were stopped: 0.0001758 seconds, Stopping threads took: 0.0000591 seconds
2018-10-31T21:25:09.171-0700: 10.688: Total time for which application threads were stopped: 0.0001645 seconds, Stopping threads took: 0.0000598 seconds
2018-10-31T21:25:09.171-0700: 10.688: Total time for which application threads were stopped: 0.0001696 seconds, Stopping threads took: 0.0000532 seconds
2018-10-31T21:25:09.171-0700: 10.689: Total time for which application threads were stopped: 0.0004449 seconds, Stopping threads took: 0.0003333 seconds
2018-10-31T21:25:09.183-0700: 10.700: Total time for which application threads were stopped: 0.0077362 seconds, Stopping threads took: 0.0076370 seconds
2018-10-31T21:25:09.184-0700: 10.701: Total time for which application threads were stopped: 0.0005178 seconds, Stopping threads took: 0.0003858 seconds
2018-10-31T21:25:09.186-0700: 10.703: Total time for which application threads were stopped: 0.0011954 seconds, Stopping threads took: 0.0010276 seconds
{Heap before GC invocations=9 (full 1):
 par new generation   total 109248K, used 109248K [0x00000000e0000000, 0x00000000e8000000, 0x00000000e8000000)
  eden space 87424K, 100% used [0x00000000e0000000, 0x00000000e5560000, 0x00000000e5560000)
  from space 21824K, 100% used [0x00000000e6ab0000, 0x00000000e8000000, 0x00000000e8000000)
  to   space 21824K,   0% used [0x00000000e5560000, 0x00000000e5560000, 0x00000000e6ab0000)
 concurrent mark-sweep generation total 393216K, used 22841K [0x00000000e8000000, 0x0000000100000000, 0x0000000100000000)
 Metaspace       used 40045K, capacity 41115K, committed 41452K, reserved 1085440K
  class space    used 4997K, capacity 5282K, committed 5356K, reserved 1048576K
2018-10-31T21:25:09.188-0700: 10.705: [GC (Allocation Failure) 2018-10-31T21:25:09.188-0700: 10.705: [ParNew
Desired survivor size 20112992 bytes, new threshold 8 (max 8)
- age   1:    5186008 bytes,    5186008 total
- age   2:    1978952 bytes,    7164960 total
- age   3:    6613320 bytes,   13778280 total
- age   4:    2859704 bytes,   16637984 total
- age   5:    1280768 bytes,   17918752 total
- age   6:     390144 bytes,   18308896 total
- age   7:     373632 bytes,   18682528 total
- age   8:    1335584 bytes,   20018112 total
: 109248K->21824K(109248K), 0.0228052 secs] 132089K->62465K(502464K), 0.0229066 secs] [Times: user=0.16 sys=0.01, real=0.02 secs] 
Heap after GC invocations=10 (full 1):
 par new generation   total 109248K, used 21824K [0x00000000e0000000, 0x00000000e8000000, 0x00000000e8000000)
  eden space 87424K,   0% used [0x00000000e0000000, 0x00000000e0000000, 0x00000000e5560000)
  from space 21824K, 100% used [0x00000000e5560000, 0x00000000e6ab0000, 0x00000000e6ab0000)
  to   space 21824K,   0% used [0x00000000e6ab0000, 0x00000000e6ab0000, 0x00000000e8000000)
 concurrent mark-sweep generation total 393216K, used 40641K [0x00000000e8000000, 0x0000000100000000, 0x0000000100000000)
 Metaspace       used 40045K, capacity 41115K, committed 41452K, reserved 1085440K
  class space    used 4997K, capacity 5282K, committed 5356K, reserved 1048576K
}
2018-10-31T21:25:09.211-0700: 10.728: Total time for which application threads were stopped: 0.0242832 seconds, Stopping threads took: 0.0011247 seconds
2018-10-31T21:25:09.212-0700: 10.729: Total time for which application threads were stopped: 0.0005266 seconds, Stopping threads took: 0.0000908 seconds
2018-10-31T21:25:09.212-0700: 10.729: Total time for which application threads were stopped: 0.0001451 seconds, Stopping threads took: 0.0000573 seconds
2018-10-31T21:25:09.230-0700: 10.747: Total time for which application threads were stopped: 0.0002611 seconds, Stopping threads took: 0.0000729 seconds
2018-10-31T21:25:09.230-0700: 10.747: Total time for which application threads were stopped: 0.0001637 seconds, Stopping threads took: 0.0000511 seconds
2018-10-31T21:25:10.244-0700: 11.761: Total time for which application threads were stopped: 0.0002356 seconds, Stopping threads took: 0.0000806 seconds
{Heap before GC invocations=10 (full 1):
 par new generation   total 109248K, used 109045K [0x00000000e0000000, 0x00000000e8000000, 0x00000000e8000000)
  eden space 87424K,  99% used [0x00000000e0000000, 0x00000000e552d728, 0x00000000e5560000)
  from space 21824K, 100% used [0x00000000e5560000, 0x00000000e6ab0000, 0x00000000e6ab0000)
  to   space 21824K,   0% used [0x00000000e6ab0000, 0x00000000e6ab0000, 0x00000000e8000000)
 concurrent mark-sweep generation total 393216K, used 40641K [0x00000000e8000000, 0x0000000100000000, 0x0000000100000000)
 Metaspace       used 40089K, capacity 41117K, committed 41452K, reserved 1085440K
  class space    used 5003K, capacity 5283K, committed 5356K, reserved 1048576K
2018-10-31T21:25:10.758-0700: 12.276: [GC (Allocation Failure) 2018-10-31T21:25:10.758-0700: 12.276: [ParNew
Desired survivor size 20112992 bytes, new threshold 6 (max 8)
- age   1:    8406352 bytes,    8406352 total
- age   2:    2382304 bytes,   10788656 total
- age   3:     962952 bytes,   11751608 total
- age   4:    6134488 bytes,   17886096 total
- age   5:    2048184 bytes,   19934280 total
- age   6:    1255480 bytes,   21189760 total
- age   7:     390144 bytes,   21579904 total
- age   8:     348024 bytes,   21927928 total
: 109045K->21824K(109248K), 0.0216353 secs] 149687K->80306K(502464K), 0.0217031 secs] [Times: user=0.05 sys=0.02, real=0.02 secs] 
Heap after GC invocations=11 (full 1):
 par new generation   total 109248K, used 21824K [0x00000000e0000000, 0x00000000e8000000, 0x00000000e8000000)
  eden space 87424K,   0% used [0x00000000e0000000, 0x00000000e0000000, 0x00000000e5560000)
  from space 21824K, 100% used [0x00000000e6ab0000, 0x00000000e8000000, 0x00000000e8000000)
  to   space 21824K,   0% used [0x00000000e5560000, 0x00000000e5560000, 0x00000000e6ab0000)
 concurrent mark-sweep generation total 393216K, used 58482K [0x00000000e8000000, 0x0000000100000000, 0x0000000100000000)
 Metaspace       used 40089K, capacity 41117K, committed 41452K, reserved 1085440K
  class space    used 5003K, capacity 5283K, committed 5356K, reserved 1048576K
}
2018-10-31T21:25:10.780-0700: 12.297: Total time for which application threads were stopped: 0.0218822 seconds, Stopping threads took: 0.0000244 seconds
2018-10-31T21:25:11.780-0700: 13.297: Total time for which application threads were stopped: 0.0001127 seconds, Stopping threads took: 0.0000489 seconds
{Heap before GC invocations=11 (full 1):
 par new generation   total 109248K, used 108096K [0x00000000e0000000, 0x00000000e8000000, 0x00000000e8000000)
  eden space 87424K,  98% used [0x00000000e0000000, 0x00000000e5440250, 0x00000000e5560000)
  from space 21824K, 100% used [0x00000000e6ab0000, 0x00000000e8000000, 0x00000000e8000000)
  to   space 21824K,   0% used [0x00000000e5560000, 0x00000000e5560000, 0x00000000e6ab0000)
 concurrent mark-sweep generation total 393216K, used 58482K [0x00000000e8000000, 0x0000000100000000, 0x0000000100000000)
 Metaspace       used 40133K, capacity 41277K, committed 41452K, reserved 1085440K
  class space    used 5008K, capacity 5315K, committed 5356K, reserved 1048576K
2018-10-31T21:25:12.570-0700: 14.093: [GC (Allocation Failure) 2018-10-31T21:25:12.570-0700: 14.093: [ParNew
Desired survivor size 20112992 bytes, new threshold 8 (max 8)
- age   1:    2543672 bytes,    2543672 total
- age   2:    3911152 bytes,    6454824 total
- age   3:    2136416 bytes,    8591240 total
- age   4:     951592 bytes,    9542832 total
- age   5:    6083152 bytes,   15625984 total
- age   6:    1988624 bytes,   17614608 total
: 108096K->21824K(109248K), 0.0169985 secs] 166579K->103112K(502464K), 0.0170736 secs] [Times: user=0.05 sys=0.02, real=0.02 secs] 
Heap after GC invocations=12 (full 1):
 par new generation   total 109248K, used 21824K [0x00000000e0000000, 0x00000000e8000000, 0x00000000e8000000)
  eden space 87424K,   0% used [0x00000000e0000000, 0x00000000e0000000, 0x00000000e5560000)
  from space 21824K, 100% used [0x00000000e5560000, 0x00000000e6ab0000, 0x00000000e6ab0000)
  to   space 21824K,   0% used [0x00000000e6ab0000, 0x00000000e6ab0000, 0x00000000e8000000)
 concurrent mark-sweep generation total 393216K, used 81288K [0x00000000e8000000, 0x0000000100000000, 0x0000000100000000)
 Metaspace       used 40133K, capacity 41277K, committed 41452K, reserved 1085440K
  class space    used 5008K, capacity 5315K, committed 5356K, reserved 1048576K
}
2018-10-31T21:25:12.588-0700: 14.110: Total time for which application threads were stopped: 0.0172560 seconds, Stopping threads took: 0.0000390 seconds
2018-10-31T21:25:13.588-0700: 15.105: Total time for which application threads were stopped: 0.0001688 seconds, Stopping threads took: 0.0000715 seconds
2018-10-31T21:25:13.714-0700: 15.231: Total time for which application threads were stopped: 0.0001240 seconds, Stopping threads took: 0.0000525 seconds
{Heap before GC invocations=12 (full 1):
 par new generation   total 109248K, used 109248K [0x00000000e0000000, 0x00000000e8000000, 0x00000000e8000000)
  eden space 87424K, 100% used [0x00000000e0000000, 0x00000000e5560000, 0x00000000e5560000)
  from space 21824K, 100% used [0x00000000e5560000, 0x00000000e6ab0000, 0x00000000e6ab0000)
  to   space 21824K,   0% used [0x00000000e6ab0000, 0x00000000e6ab0000, 0x00000000e8000000)
 concurrent mark-sweep generation total 393216K, used 81288K [0x00000000e8000000, 0x0000000100000000, 0x0000000100000000)
 Metaspace       used 40140K, capacity 41277K, committed 41452K, reserved 1085440K
  class space    used 5008K, capacity 5315K, committed 5356K, reserved 1048576K
2018-10-31T21:25:14.221-0700: 15.742: [GC (Allocation Failure) 2018-10-31T21:25:14.221-0700: 15.742: [ParNew
Desired survivor size 20112992 bytes, new threshold 8 (max 8)
- age   1:    4473240 bytes,    4473240 total
- age   2:    1063624 bytes,    5536864 total
- age   3:    3809328 bytes,    9346192 total
- age   4:    2123792 bytes,   11469984 total
- age   5:     937808 bytes,   12407792 total
- age   6:    5707328 bytes,   18115120 total
- age   7:    1859464 bytes,   19974584 total
: 109248K->21824K(109248K), 0.0168424 secs] 190536K->127666K(502464K), 0.0169391 secs] [Times: user=0.06 sys=0.00, real=0.02 secs] 
Heap after GC invocations=13 (full 1):
 par new generation   total 109248K, used 21824K [0x00000000e0000000, 0x00000000e8000000, 0x00000000e8000000)
  eden space 87424K,   0% used [0x00000000e0000000, 0x00000000e0000000, 0x00000000e5560000)
  from space 21824K, 100% used [0x00000000e6ab0000, 0x00000000e8000000, 0x00000000e8000000)
  to   space 21824K,   0% used [0x00000000e5560000, 0x00000000e5560000, 0x00000000e6ab0000)
 concurrent mark-sweep generation total 393216K, used 105842K [0x00000000e8000000, 0x0000000100000000, 0x0000000100000000)
 Metaspace       used 40140K, capacity 41277K, committed 41452K, reserved 1085440K
  class space    used 5008K, capacity 5315K, committed 5356K, reserved 1048576K
}
2018-10-31T21:25:14.237-0700: 15.759: Total time for which application threads were stopped: 0.0171254 seconds, Stopping threads took: 0.0000416 seconds
2018-10-31T21:25:15.237-0700: 16.754: Total time for which application threads were stopped: 0.0001149 seconds, Stopping threads took: 0.0000569 seconds
2018-10-31T21:25:15.694-0700: 17.211: Total time for which application threads were stopped: 0.0007589 seconds, Stopping threads took: 0.0000423 seconds
2018-10-31T21:25:15.715-0700: 17.232: Total time for which application threads were stopped: 0.0001495 seconds, Stopping threads took: 0.0000492 seconds
2018-10-31T21:25:15.757-0700: 17.274: Total time for which application threads were stopped: 0.0007261 seconds, Stopping threads took: 0.0000715 seconds
2018-10-31T21:25:15.766-0700: 17.286: Total time for which application threads were stopped: 0.0006265 seconds, Stopping threads took: 0.0000368 seconds
2018-10-31T21:25:15.782-0700: 17.314: Total time for which application threads were stopped: 0.0001101 seconds, Stopping threads took: 0.0000576 seconds
2018-10-31T21:25:15.797-0700: 17.315: Total time for which application threads were stopped: 0.0000970 seconds, Stopping threads took: 0.0000441 seconds
2018-10-31T21:25:15.797-0700: 17.315: Total time for which application threads were stopped: 0.0000769 seconds, Stopping threads took: 0.0000350 seconds
2018-10-31T21:25:15.797-0700: 17.316: Total time for which application threads were stopped: 0.0000941 seconds, Stopping threads took: 0.0000496 seconds
{Heap before GC invocations=13 (full 1):
 par new generation   total 109248K, used 109248K [0x00000000e0000000, 0x00000000e8000000, 0x00000000e8000000)
  eden space 87424K, 100% used [0x00000000e0000000, 0x00000000e5560000, 0x00000000e5560000)
  from space 21824K, 100% used [0x00000000e6ab0000, 0x00000000e8000000, 0x00000000e8000000)
  to   space 21824K,   0% used [0x00000000e5560000, 0x00000000e5560000, 0x00000000e6ab0000)
 concurrent mark-sweep generation total 393216K, used 105842K [0x00000000e8000000, 0x0000000100000000, 0x0000000100000000)
 Metaspace       used 41100K, capacity 42297K, committed 42604K, reserved 1087488K
  class space    used 5106K, capacity 5417K, committed 5484K, reserved 1048576K
2018-10-31T21:25:15.813-0700: 17.341: [GC (Allocation Failure) 2018-10-31T21:25:15.813-0700: 17.341: [ParNew
Desired survivor size 20112992 bytes, new threshold 8 (max 8)
- age   1:    8758064 bytes,    8758064 total
- age   2:     929896 bytes,    9687960 total
- age   3:     921408 bytes,   10609368 total
- age   4:     547040 bytes,   11156408 total
- age   5:    1074080 bytes,   12230488 total
- age   6:     936312 bytes,   13166800 total
- age   7:    5581232 bytes,   18748032 total
- age   8:    1779072 bytes,   20527104 total
: 109248K->21824K(109248K), 0.0195673 secs] 215090K->150367K(502464K), 0.0197339 secs] [Times: user=0.09 sys=0.00, real=0.02 secs] 
Heap after GC invocations=14 (full 1):
 par new generation   total 109248K, used 21824K [0x00000000e0000000, 0x00000000e8000000, 0x00000000e8000000)
  eden space 87424K,   0% used [0x00000000e0000000, 0x00000000e0000000, 0x00000000e5560000)
  from space 21824K, 100% used [0x00000000e5560000, 0x00000000e6ab0000, 0x00000000e6ab0000)
  to   space 21824K,   0% used [0x00000000e6ab0000, 0x00000000e6ab0000, 0x00000000e8000000)
 concurrent mark-sweep generation total 393216K, used 128543K [0x00000000e8000000, 0x0000000100000000, 0x0000000100000000)
 Metaspace       used 41100K, capacity 42297K, committed 42604K, reserved 1087488K
  class space    used 5106K, capacity 5417K, committed 5484K, reserved 1048576K
}
2018-10-31T21:25:15.829-0700: 17.361: Total time for which application threads were stopped: 0.0200399 seconds, Stopping threads took: 0.0000449 seconds
2018-10-31T21:25:16.048-0700: 17.566: Total time for which application threads were stopped: 0.0003315 seconds, Stopping threads took: 0.0000784 seconds
2018-10-31T21:25:16.048-0700: 17.568: Total time for which application threads were stopped: 0.0001470 seconds, Stopping threads took: 0.0000697 seconds
2018-10-31T21:25:16.048-0700: 17.568: Total time for which application threads were stopped: 0.0001061 seconds, Stopping threads took: 0.0000303 seconds
2018-10-31T21:25:16.048-0700: 17.571: Total time for which application threads were stopped: 0.0001546 seconds, Stopping threads took: 0.0000594 seconds
2018-10-31T21:25:16.253-0700: 17.775: Total time for which application threads were stopped: 0.0001856 seconds, Stopping threads took: 0.0000554 seconds
{Heap before GC invocations=14 (full 1):
 par new generation   total 109248K, used 109248K [0x00000000e0000000, 0x00000000e8000000, 0x00000000e8000000)
  eden space 87424K, 100% used [0x00000000e0000000, 0x00000000e5560000, 0x00000000e5560000)
  from space 21824K, 100% used [0x00000000e5560000, 0x00000000e6ab0000, 0x00000000e6ab0000)
  to   space 21824K,   0% used [0x00000000e6ab0000, 0x00000000e6ab0000, 0x00000000e8000000)
 concurrent mark-sweep generation total 393216K, used 128543K [0x00000000e8000000, 0x0000000100000000, 0x0000000100000000)
 Metaspace       used 41682K, capacity 42799K, committed 43116K, reserved 1087488K
  class space    used 5146K, capacity 5452K, committed 5484K, reserved 1048576K
2018-10-31T21:25:16.594-0700: 18.122: [GC (Allocation Failure) 2018-10-31T21:25:16.594-0700: 18.122: [ParNew
Desired survivor size 20112992 bytes, new threshold 8 (max 8)
- age   1:    7610904 bytes,    7610904 total
- age   2:    3961536 bytes,   11572440 total
- age   3:     759888 bytes,   12332328 total
- age   4:     747952 bytes,   13080280 total
- age   5:     480656 bytes,   13560936 total
- age   6:    1020680 bytes,   14581616 total
- age   7:     705976 bytes,   15287592 total
- age   8:    5495544 bytes,   20783136 total
: 109248K->21824K(109248K), 0.0172527 secs] 237791K->161887K(502464K), 0.0173449 secs] [Times: user=0.09 sys=0.00, real=0.01 secs] 
Heap after GC invocations=15 (full 1):
 par new generation   total 109248K, used 21824K [0x00000000e0000000, 0x00000000e8000000, 0x00000000e8000000)
  eden space 87424K,   0% used [0x00000000e0000000, 0x00000000e0000000, 0x00000000e5560000)
  from space 21824K, 100% used [0x00000000e6ab0000, 0x00000000e8000000, 0x00000000e8000000)
  to   space 21824K,   0% used [0x00000000e5560000, 0x00000000e5560000, 0x00000000e6ab0000)
 concurrent mark-sweep generation total 393216K, used 140063K [0x00000000e8000000, 0x0000000100000000, 0x0000000100000000)
 Metaspace       used 41682K, capacity 42799K, committed 43116K, reserved 1087488K
  class space    used 5146K, capacity 5452K, committed 5484K, reserved 1048576K
}
2018-10-31T21:25:16.609-0700: 18.139: Total time for which application threads were stopped: 0.0182566 seconds, Stopping threads took: 0.0006451 seconds
{Heap before GC invocations=15 (full 1):
 par new generation   total 109248K, used 109248K [0x00000000e0000000, 0x00000000e8000000, 0x00000000e8000000)
  eden space 87424K, 100% used [0x00000000e0000000, 0x00000000e5560000, 0x00000000e5560000)
  from space 21824K, 100% used [0x00000000e6ab0000, 0x00000000e8000000, 0x00000000e8000000)
  to   space 21824K,   0% used [0x00000000e5560000, 0x00000000e5560000, 0x00000000e6ab0000)
 concurrent mark-sweep generation total 393216K, used 140063K [0x00000000e8000000, 0x0000000100000000, 0x0000000100000000)
 Metaspace       used 41867K, capacity 42927K, committed 43116K, reserved 1087488K
  class space    used 5157K, capacity 5452K, committed 5484K, reserved 1048576K
2018-10-31T21:25:17.233-0700: 18.761: [GC (Allocation Failure) 2018-10-31T21:25:17.233-0700: 18.761: [ParNew
Desired survivor size 20112992 bytes, new threshold 7 (max 8)
- age   1:   11551760 bytes,   11551760 total
- age   2:    1878312 bytes,   13430072 total
- age   3:    3961536 bytes,   17391608 total
- age   4:     759888 bytes,   18151496 total
- age   5:     747952 bytes,   18899448 total
- age   6:     480656 bytes,   19380104 total
- age   7:    1020680 bytes,   20400784 total
- age   8:     705976 bytes,   21106760 total
: 109248K->21824K(109248K), 0.0136388 secs] 249311K->168819K(502464K), 0.0136989 secs] [Times: user=0.08 sys=0.00, real=0.02 secs] 
Heap after GC invocations=16 (full 1):
 par new generation   total 109248K, used 21824K [0x00000000e0000000, 0x00000000e8000000, 0x00000000e8000000)
  eden space 87424K,   0% used [0x00000000e0000000, 0x00000000e0000000, 0x00000000e5560000)
  from space 21824K, 100% used [0x00000000e5560000, 0x00000000e6ab0000, 0x00000000e6ab0000)
  to   space 21824K,   0% used [0x00000000e6ab0000, 0x00000000e6ab0000, 0x00000000e8000000)
 concurrent mark-sweep generation total 393216K, used 146995K [0x00000000e8000000, 0x0000000100000000, 0x0000000100000000)
 Metaspace       used 41867K, capacity 42927K, committed 43116K, reserved 1087488K
  class space    used 5157K, capacity 5452K, committed 5484K, reserved 1048576K
}
2018-10-31T21:25:17.249-0700: 18.775: Total time for which application threads were stopped: 0.0139743 seconds, Stopping threads took: 0.0000558 seconds
{Heap before GC invocations=16 (full 1):
 par new generation   total 109248K, used 109248K [0x00000000e0000000, 0x00000000e8000000, 0x00000000e8000000)
  eden space 87424K, 100% used [0x00000000e0000000, 0x00000000e5560000, 0x00000000e5560000)
  from space 21824K, 100% used [0x00000000e5560000, 0x00000000e6ab0000, 0x00000000e6ab0000)
  to   space 21824K,   0% used [0x00000000e6ab0000, 0x00000000e6ab0000, 0x00000000e8000000)
 concurrent mark-sweep generation total 393216K, used 146995K [0x00000000e8000000, 0x0000000100000000, 0x0000000100000000)
 Metaspace       used 41882K, capacity 42991K, committed 43116K, reserved 1087488K
  class space    used 5157K, capacity 5452K, committed 5484K, reserved 1048576K
2018-10-31T21:25:17.585-0700: 19.114: [GC (Allocation Failure) 2018-10-31T21:25:17.585-0700: 19.115: [ParNew
Desired survivor size 20112992 bytes, new threshold 8 (max 8)
- age   1:    6356056 bytes,    6356056 total
- age   2:    5295160 bytes,   11651216 total
- age   3:    1685904 bytes,   13337120 total
- age   4:    3906688 bytes,   17243808 total
- age   5:     759888 bytes,   18003696 total
- age   6:     747952 bytes,   18751648 total
- age   7:     480656 bytes,   19232304 total
: 109248K->21824K(109248K), 0.0118205 secs] 256243K->174193K(502464K), 0.0118989 secs] [Times: user=0.09 sys=0.00, real=0.01 secs] 
Heap after GC invocations=17 (full 1):
 par new generation   total 109248K, used 21824K [0x00000000e0000000, 0x00000000e8000000, 0x00000000e8000000)
  eden space 87424K,   0% used [0x00000000e0000000, 0x00000000e0000000, 0x00000000e5560000)
  from space 21824K, 100% used [0x00000000e6ab0000, 0x00000000e8000000, 0x00000000e8000000)
  to   space 21824K,   0% used [0x00000000e5560000, 0x00000000e5560000, 0x00000000e6ab0000)
 concurrent mark-sweep generation total 393216K, used 152369K [0x00000000e8000000, 0x0000000100000000, 0x0000000100000000)
 Metaspace       used 41882K, capacity 42991K, committed 43116K, reserved 1087488K
  class space    used 5157K, capacity 5452K, committed 5484K, reserved 1048576K
}
2018-10-31T21:25:17.600-0700: 19.126: Total time for which application threads were stopped: 0.0121808 seconds, Stopping threads took: 0.0000675 seconds
{Heap before GC invocations=17 (full 1):
 par new generation   total 109248K, used 109248K [0x00000000e0000000, 0x00000000e8000000, 0x00000000e8000000)
  eden space 87424K, 100% used [0x00000000e0000000, 0x00000000e5560000, 0x00000000e5560000)
  from space 21824K, 100% used [0x00000000e6ab0000, 0x00000000e8000000, 0x00000000e8000000)
  to   space 21824K,   0% used [0x00000000e5560000, 0x00000000e5560000, 0x00000000e6ab0000)
 concurrent mark-sweep generation total 393216K, used 152369K [0x00000000e8000000, 0x0000000100000000, 0x0000000100000000)
 Metaspace       used 41889K, capacity 42991K, committed 43116K, reserved 1087488K
  class space    used 5157K, capacity 5452K, committed 5484K, reserved 1048576K
2018-10-31T21:25:18.030-0700: 19.549: [GC (Allocation Failure) 2018-10-31T21:25:18.030-0700: 19.549: [ParNew
Desired survivor size 20112992 bytes, new threshold 7 (max 8)
- age   1:    7596848 bytes,    7596848 total
- age   2:    3198032 bytes,   10794880 total
- age   3:    3877672 bytes,   14672552 total
- age   4:    1640416 bytes,   16312968 total
- age   5:    2947704 bytes,   19260672 total
- age   6:     439568 bytes,   19700240 total
- age   7:     455816 bytes,   20156056 total
- age   8:     479552 bytes,   20635608 total
: 109248K->21824K(109248K), 0.0124831 secs] 261617K->179441K(502464K), 0.0125458 secs] [Times: user=0.00 sys=0.00, real=0.00 secs] 
Heap after GC invocations=18 (full 1):
 par new generation   total 109248K, used 21824K [0x00000000e0000000, 0x00000000e8000000, 0x00000000e8000000)
  eden space 87424K,   0% used [0x00000000e0000000, 0x00000000e0000000, 0x00000000e5560000)
  from space 21824K, 100% used [0x00000000e5560000, 0x00000000e6ab0000, 0x00000000e6ab0000)
  to   space 21824K,   0% used [0x00000000e6ab0000, 0x00000000e6ab0000, 0x00000000e8000000)
 concurrent mark-sweep generation total 393216K, used 157617K [0x00000000e8000000, 0x0000000100000000, 0x0000000100000000)
 Metaspace       used 41889K, capacity 42991K, committed 43116K, reserved 1087488K
  class space    used 5157K, capacity 5452K, committed 5484K, reserved 1048576K
}
2018-10-31T21:25:18.030-0700: 19.562: Total time for which application threads were stopped: 0.0127949 seconds, Stopping threads took: 0.0000649 seconds
2018-10-31T21:25:18.264-0700: 19.792: Total time for which application threads were stopped: 0.0001667 seconds, Stopping threads took: 0.0000697 seconds
{Heap before GC invocations=18 (full 1):
 par new generation   total 109248K, used 109248K [0x00000000e0000000, 0x00000000e8000000, 0x00000000e8000000)
  eden space 87424K, 100% used [0x00000000e0000000, 0x00000000e5560000, 0x00000000e5560000)
  from space 21824K, 100% used [0x00000000e5560000, 0x00000000e6ab0000, 0x00000000e6ab0000)
  to   space 21824K,   0% used [0x00000000e6ab0000, 0x00000000e6ab0000, 0x00000000e8000000)
 concurrent mark-sweep generation total 393216K, used 157617K [0x00000000e8000000, 0x0000000100000000, 0x0000000100000000)
 Metaspace       used 41895K, capacity 42991K, committed 43116K, reserved 1087488K
  class space    used 5157K, capacity 5452K, committed 5484K, reserved 1048576K
2018-10-31T21:25:18.426-0700: 19.944: [GC (Allocation Failure) 2018-10-31T21:25:18.426-0700: 19.944: [ParNew
Desired survivor size 20112992 bytes, new threshold 6 (max 8)
- age   1:    6873392 bytes,    6873392 total
- age   2:    3232216 bytes,   10105608 total
- age   3:    2263032 bytes,   12368640 total
- age   4:    3803768 bytes,   16172408 total
- age   5:    1570448 bytes,   17742856 total
- age   6:    2940240 bytes,   20683096 total
- age   7:     439568 bytes,   21122664 total
: 109248K->21824K(109248K), 0.0148673 secs] 266865K->184214K(502464K), 0.0149673 secs] [Times: user=0.03 sys=0.02, real=0.01 secs] 
Heap after GC invocations=19 (full 1):
 par new generation   total 109248K, used 21824K [0x00000000e0000000, 0x00000000e8000000, 0x00000000e8000000)
  eden space 87424K,   0% used [0x00000000e0000000, 0x00000000e0000000, 0x00000000e5560000)
  from space 21824K, 100% used [0x00000000e6ab0000, 0x00000000e8000000, 0x00000000e8000000)
  to   space 21824K,   0% used [0x00000000e5560000, 0x00000000e5560000, 0x00000000e6ab0000)
 concurrent mark-sweep generation total 393216K, used 162390K [0x00000000e8000000, 0x0000000100000000, 0x0000000100000000)
 Metaspace       used 41895K, capacity 42991K, committed 43116K, reserved 1087488K
  class space    used 5157K, capacity 5452K, committed 5484K, reserved 1048576K
}
2018-10-31T21:25:18.441-0700: 19.959: Total time for which application threads were stopped: 0.0152958 seconds, Stopping threads took: 0.0000689 seconds
{Heap before GC invocations=19 (full 1):
 par new generation   total 109248K, used 109248K [0x00000000e0000000, 0x00000000e8000000, 0x00000000e8000000)
  eden space 87424K, 100% used [0x00000000e0000000, 0x00000000e5560000, 0x00000000e5560000)
  from space 21824K, 100% used [0x00000000e6ab0000, 0x00000000e8000000, 0x00000000e8000000)
  to   space 21824K,   0% used [0x00000000e5560000, 0x00000000e5560000, 0x00000000e6ab0000)
 concurrent mark-sweep generation total 393216K, used 162390K [0x00000000e8000000, 0x0000000100000000, 0x0000000100000000)
 Metaspace       used 41896K, capacity 42991K, committed 43116K, reserved 1087488K
  class space    used 5157K, capacity 5452K, committed 5484K, reserved 1048576K
2018-10-31T21:25:18.738-0700: 20.255: [GC (Allocation Failure) 2018-10-31T21:25:18.738-0700: 20.255: [ParNew
Desired survivor size 20112992 bytes, new threshold 8 (max 8)
- age   1:    3289496 bytes,    3289496 total
- age   2:    5612912 bytes,    8902408 total
- age   3:    2748808 bytes,   11651216 total
- age   4:    2236248 bytes,   13887464 total
- age   5:    3741464 bytes,   17628928 total
- age   6:    1479416 bytes,   19108344 total
: 109248K->21824K(109248K), 0.0138051 secs] 271638K->190024K(502464K), 0.0138787 secs] [Times: user=0.00 sys=0.00, real=0.01 secs] 
Heap after GC invocations=20 (full 1):
 par new generation   total 109248K, used 21824K [0x00000000e0000000, 0x00000000e8000000, 0x00000000e8000000)
  eden space 87424K,   0% used [0x00000000e0000000, 0x00000000e0000000, 0x00000000e5560000)
  from space 21824K, 100% used [0x00000000e5560000, 0x00000000e6ab0000, 0x00000000e6ab0000)
  to   space 21824K,   0% used [0x00000000e6ab0000, 0x00000000e6ab0000, 0x00000000e8000000)
 concurrent mark-sweep generation total 393216K, used 168200K [0x00000000e8000000, 0x0000000100000000, 0x0000000100000000)
 Metaspace       used 41896K, capacity 42991K, committed 43116K, reserved 1087488K
  class space    used 5157K, capacity 5452K, committed 5484K, reserved 1048576K
}
2018-10-31T21:25:18.752-0700: 20.269: Total time for which application threads were stopped: 0.0141774 seconds, Stopping threads took: 0.0000602 seconds
2018-10-31T21:25:19.079-0700: 20.598: Total time for which application threads were stopped: 0.0002750 seconds, Stopping threads took: 0.0000788 seconds
{Heap before GC invocations=20 (full 1):
 par new generation   total 109248K, used 109248K [0x00000000e0000000, 0x00000000e8000000, 0x00000000e8000000)
  eden space 87424K, 100% used [0x00000000e0000000, 0x00000000e5560000, 0x00000000e5560000)
  from space 21824K, 100% used [0x00000000e5560000, 0x00000000e6ab0000, 0x00000000e6ab0000)
  to   space 21824K,   0% used [0x00000000e6ab0000, 0x00000000e6ab0000, 0x00000000e8000000)
 concurrent mark-sweep generation total 393216K, used 168200K [0x00000000e8000000, 0x0000000100000000, 0x0000000100000000)
 Metaspace       used 41896K, capacity 42991K, committed 43116K, reserved 1087488K
  class space    used 5157K, capacity 5452K, committed 5484K, reserved 1048576K
2018-10-31T21:25:19.126-0700: 20.653: [GC (Allocation Failure) 2018-10-31T21:25:19.126-0700: 20.653: [ParNew
Desired survivor size 20112992 bytes, new threshold 7 (max 8)
- age   1:    8204992 bytes,    8204992 total
- age   2:    2584536 bytes,   10789528 total
- age   3:    2491232 bytes,   13280760 total
- age   4:    1034704 bytes,   14315464 total
- age   5:    1482064 bytes,   15797528 total
- age   6:    3675912 bytes,   19473440 total
- age   7:    1479288 bytes,   20952728 total
: 109248K->21824K(109248K), 0.0112341 secs] 277448K->195135K(502464K), 0.0113034 secs] [Times: user=0.09 sys=0.00, real=0.02 secs] 
Heap after GC invocations=21 (full 1):
 par new generation   total 109248K, used 21824K [0x00000000e0000000, 0x00000000e8000000, 0x00000000e8000000)
  eden space 87424K,   0% used [0x00000000e0000000, 0x00000000e0000000, 0x00000000e5560000)
  from space 21824K, 100% used [0x00000000e6ab0000, 0x00000000e8000000, 0x00000000e8000000)
  to   space 21824K,   0% used [0x00000000e5560000, 0x00000000e5560000, 0x00000000e6ab0000)
 concurrent mark-sweep generation total 393216K, used 173311K [0x00000000e8000000, 0x0000000100000000, 0x0000000100000000)
 Metaspace       used 41896K, capacity 42991K, committed 43116K, reserved 1087488K
  class space    used 5157K, capacity 5452K, committed 5484K, reserved 1048576K
}
2018-10-31T21:25:19.141-0700: 20.664: Total time for which application threads were stopped: 0.0115984 seconds, Stopping threads took: 0.0000769 seconds
2018-10-31T21:25:19.422-0700: 20.947: Total time for which application threads were stopped: 0.0002232 seconds, Stopping threads took: 0.0000766 seconds
2018-10-31T21:25:19.438-0700: 20.959: Total time for which application threads were stopped: 0.0001502 seconds, Stopping threads took: 0.0000671 seconds
2018-10-31T21:25:19.438-0700: 20.962: Total time for which application threads were stopped: 0.0001342 seconds, Stopping threads took: 0.0000591 seconds
2018-10-31T21:25:19.438-0700: 20.962: Total time for which application threads were stopped: 0.0001207 seconds, Stopping threads took: 0.0000511 seconds
2018-10-31T21:25:19.438-0700: 20.962: Total time for which application threads were stopped: 0.0000930 seconds, Stopping threads took: 0.0000423 seconds
2018-10-31T21:25:19.438-0700: 20.963: Total time for which application threads were stopped: 0.0001076 seconds, Stopping threads took: 0.0000401 seconds
2018-10-31T21:25:19.438-0700: 20.963: Total time for which application threads were stopped: 0.0000864 seconds, Stopping threads took: 0.0000408 seconds
2018-10-31T21:25:19.438-0700: 20.963: Total time for which application threads were stopped: 0.0000846 seconds, Stopping threads took: 0.0000401 seconds
2018-10-31T21:25:19.438-0700: 20.963: Total time for which application threads were stopped: 0.0000919 seconds, Stopping threads took: 0.0000474 seconds
2018-10-31T21:25:19.438-0700: 20.963: Total time for which application threads were stopped: 0.0000977 seconds, Stopping threads took: 0.0000387 seconds
2018-10-31T21:25:19.438-0700: 20.963: Total time for which application threads were stopped: 0.0000955 seconds, Stopping threads took: 0.0000383 seconds
2018-10-31T21:25:19.438-0700: 20.963: Total time for which application threads were stopped: 0.0000562 seconds, Stopping threads took: 0.0000204 seconds
2018-10-31T21:25:19.438-0700: 20.964: Total time for which application threads were stopped: 0.0000937 seconds, Stopping threads took: 0.0000540 seconds
2018-10-31T21:25:19.438-0700: 20.964: Total time for which application threads were stopped: 0.0001072 seconds, Stopping threads took: 0.0000507 seconds
2018-10-31T21:25:19.438-0700: 20.964: Total time for which application threads were stopped: 0.0000835 seconds, Stopping threads took: 0.0000397 seconds
2018-10-31T21:25:19.438-0700: 20.964: Total time for which application threads were stopped: 0.0000883 seconds, Stopping threads took: 0.0000452 seconds
2018-10-31T21:25:19.438-0700: 20.964: Total time for which application threads were stopped: 0.0000850 seconds, Stopping threads took: 0.0000419 seconds
2018-10-31T21:25:19.438-0700: 20.964: Total time for which application threads were stopped: 0.0000806 seconds, Stopping threads took: 0.0000383 seconds
2018-10-31T21:25:19.438-0700: 20.964: Total time for which application threads were stopped: 0.0000813 seconds, Stopping threads took: 0.0000456 seconds
2018-10-31T21:25:19.438-0700: 20.964: Total time for which application threads were stopped: 0.0000831 seconds, Stopping threads took: 0.0000405 seconds
2018-10-31T21:25:19.438-0700: 20.965: Total time for which application threads were stopped: 0.0000806 seconds, Stopping threads took: 0.0000361 seconds
2018-10-31T21:25:19.438-0700: 20.965: Total time for which application threads were stopped: 0.0001426 seconds, Stopping threads took: 0.0000532 seconds
2018-10-31T21:25:19.438-0700: 20.965: Total time for which application threads were stopped: 0.0002939 seconds, Stopping threads took: 0.0000496 seconds
{Heap before GC invocations=21 (full 1):
 par new generation   total 109248K, used 109248K [0x00000000e0000000, 0x00000000e8000000, 0x00000000e8000000)
  eden space 87424K, 100% used [0x00000000e0000000, 0x00000000e5560000, 0x00000000e5560000)
  from space 21824K, 100% used [0x00000000e6ab0000, 0x00000000e8000000, 0x00000000e8000000)
  to   space 21824K,   0% used [0x00000000e5560000, 0x00000000e5560000, 0x00000000e6ab0000)
 concurrent mark-sweep generation total 393216K, used 173311K [0x00000000e8000000, 0x0000000100000000, 0x0000000100000000)
 Metaspace       used 41951K, capacity 43029K, committed 43116K, reserved 1087488K
  class space    used 5166K, capacity 5459K, committed 5484K, reserved 1048576K
2018-10-31T21:25:19.626-0700: 21.145: [GC (Allocation Failure) 2018-10-31T21:25:19.626-0700: 21.145: [ParNew
Desired survivor size 20112992 bytes, new threshold 7 (max 8)
- age   1:   10695728 bytes,   10695728 total
- age   2:     938096 bytes,   11633824 total
- age   3:    1836960 bytes,   13470784 total
- age   4:    1355008 bytes,   14825792 total
- age   5:     622688 bytes,   15448480 total
- age   6:    1436472 bytes,   16884952 total
- age   7:    3509768 bytes,   20394720 total
: 109248K->21824K(109248K), 0.0144757 secs] 282559K->202906K(502464K), 0.0145811 secs] [Times: user=0.09 sys=0.02, real=0.02 secs] 
Heap after GC invocations=22 (full 1):
 par new generation   total 109248K, used 21824K [0x00000000e0000000, 0x00000000e8000000, 0x00000000e8000000)
  eden space 87424K,   0% used [0x00000000e0000000, 0x00000000e0000000, 0x00000000e5560000)
  from space 21824K, 100% used [0x00000000e5560000, 0x00000000e6ab0000, 0x00000000e6ab0000)
  to   space 21824K,   0% used [0x00000000e6ab0000, 0x00000000e6ab0000, 0x00000000e8000000)
 concurrent mark-sweep generation total 393216K, used 181082K [0x00000000e8000000, 0x0000000100000000, 0x0000000100000000)
 Metaspace       used 41951K, capacity 43029K, committed 43116K, reserved 1087488K
  class space    used 5166K, capacity 5459K, committed 5484K, reserved 1048576K
}
2018-10-31T21:25:19.641-0700: 21.160: Total time for which application threads were stopped: 0.0148896 seconds, Stopping threads took: 0.0000573 seconds
2018-10-31T21:25:19.816-0700: 21.333: Total time for which application threads were stopped: 0.0001506 seconds, Stopping threads took: 0.0000598 seconds
2018-10-31T21:25:19.816-0700: 21.334: Total time for which application threads were stopped: 0.0000948 seconds, Stopping threads took: 0.0000449 seconds
2018-10-31T21:25:19.851-0700: 21.379: Total time for which application threads were stopped: 0.0001134 seconds, Stopping threads took: 0.0000390 seconds
2018-10-31T21:25:19.882-0700: 21.402: Total time for which application threads were stopped: 0.0002954 seconds, Stopping threads took: 0.0000890 seconds
2018-10-31T21:25:19.913-0700: 21.444: Total time for which application threads were stopped: 0.0002338 seconds, Stopping threads took: 0.0000602 seconds
2018-10-31T21:25:19.913-0700: 21.444: Total time for which application threads were stopped: 0.0001371 seconds, Stopping threads took: 0.0000576 seconds
{Heap before GC invocations=22 (full 1):
 par new generation   total 109248K, used 109248K [0x00000000e0000000, 0x00000000e8000000, 0x00000000e8000000)
  eden space 87424K, 100% used [0x00000000e0000000, 0x00000000e5560000, 0x00000000e5560000)
  from space 21824K, 100% used [0x00000000e5560000, 0x00000000e6ab0000, 0x00000000e6ab0000)
  to   space 21824K,   0% used [0x00000000e6ab0000, 0x00000000e6ab0000, 0x00000000e8000000)
 concurrent mark-sweep generation total 393216K, used 181082K [0x00000000e8000000, 0x0000000100000000, 0x0000000100000000)
 Metaspace       used 41993K, capacity 43205K, committed 43500K, reserved 1087488K
  class space    used 5172K, capacity 5495K, committed 5612K, reserved 1048576K
2018-10-31T21:25:20.187-0700: 21.718: [GC (Allocation Failure) 2018-10-31T21:25:20.187-0700: 21.718: [ParNew
Desired survivor size 20112992 bytes, new threshold 6 (max 8)
- age   1:   11120648 bytes,   11120648 total
- age   2:    5223368 bytes,   16344016 total
- age   3:     794504 bytes,   17138520 total
- age   4:    1741288 bytes,   18879808 total
- age   5:    1192488 bytes,   20072296 total
- age   6:     509856 bytes,   20582152 total
- age   7:    1360136 bytes,   21942288 total
: 109248K->21824K(109248K), 0.0136701 secs] 290330K->208847K(502464K), 0.0137463 secs] [Times: user=0.11 sys=0.00, real=0.01 secs] 
Heap after GC invocations=23 (full 1):
 par new generation   total 109248K, used 21824K [0x00000000e0000000, 0x00000000e8000000, 0x00000000e8000000)
  eden space 87424K,   0% used [0x00000000e0000000, 0x00000000e0000000, 0x00000000e5560000)
  from space 21824K, 100% used [0x00000000e6ab0000, 0x00000000e8000000, 0x00000000e8000000)
  to   space 21824K,   0% used [0x00000000e5560000, 0x00000000e5560000, 0x00000000e6ab0000)
 concurrent mark-sweep generation total 393216K, used 187023K [0x00000000e8000000, 0x0000000100000000, 0x0000000100000000)
 Metaspace       used 41993K, capacity 43205K, committed 43500K, reserved 1087488K
  class space    used 5172K, capacity 5495K, committed 5612K, reserved 1048576K
}
2018-10-31T21:25:20.202-0700: 21.732: Total time for which application threads were stopped: 0.0140155 seconds, Stopping threads took: 0.0000729 seconds
{Heap before GC invocations=23 (full 1):
 par new generation   total 109248K, used 109248K [0x00000000e0000000, 0x00000000e8000000, 0x00000000e8000000)
  eden space 87424K, 100% used [0x00000000e0000000, 0x00000000e5560000, 0x00000000e5560000)
  from space 21824K, 100% used [0x00000000e6ab0000, 0x00000000e8000000, 0x00000000e8000000)
  to   space 21824K,   0% used [0x00000000e5560000, 0x00000000e5560000, 0x00000000e6ab0000)
 concurrent mark-sweep generation total 393216K, used 187023K [0x00000000e8000000, 0x0000000100000000, 0x0000000100000000)
 Metaspace       used 41993K, capacity 43205K, committed 43500K, reserved 1087488K
  class space    used 5172K, capacity 5495K, committed 5612K, reserved 1048576K
2018-10-31T21:25:20.476-0700: 22.000: [GC (Allocation Failure) 2018-10-31T21:25:20.476-0700: 22.000: [ParNew
Desired survivor size 20112992 bytes, new threshold 5 (max 8)
- age   1:    6262536 bytes,    6262536 total
- age   2:    6883336 bytes,   13145872 total
- age   3:    5222048 bytes,   18367920 total
- age   4:     792960 bytes,   19160880 total
- age   5:    1733352 bytes,   20894232 total
- age   6:    1192072 bytes,   22086304 total
: 109248K->21824K(109248K), 0.0104778 secs] 296271K->211635K(502464K), 0.0105664 secs] [Times: user=0.09 sys=0.00, real=0.01 secs] 
Heap after GC invocations=24 (full 1):
 par new generation   total 109248K, used 21824K [0x00000000e0000000, 0x00000000e8000000, 0x00000000e8000000)
  eden space 87424K,   0% used [0x00000000e0000000, 0x00000000e0000000, 0x00000000e5560000)
  from space 21824K, 100% used [0x00000000e5560000, 0x00000000e6ab0000, 0x00000000e6ab0000)
  to   space 21824K,   0% used [0x00000000e6ab0000, 0x00000000e6ab0000, 0x00000000e8000000)
 concurrent mark-sweep generation total 393216K, used 189811K [0x00000000e8000000, 0x0000000100000000, 0x0000000100000000)
 Metaspace       used 41993K, capacity 43205K, committed 43500K, reserved 1087488K
  class space    used 5172K, capacity 5495K, committed 5612K, reserved 1048576K
}
2018-10-31T21:25:20.491-0700: 22.010: Total time for which application threads were stopped: 0.0109015 seconds, Stopping threads took: 0.0000740 seconds
2018-10-31T21:25:20.710-0700: 22.241: Total time for which application threads were stopped: 0.0001521 seconds, Stopping threads took: 0.0000638 seconds
{Heap before GC invocations=24 (full 1):
 par new generation   total 109248K, used 109248K [0x00000000e0000000, 0x00000000e8000000, 0x00000000e8000000)
  eden space 87424K, 100% used [0x00000000e0000000, 0x00000000e5560000, 0x00000000e5560000)
  from space 21824K, 100% used [0x00000000e5560000, 0x00000000e6ab0000, 0x00000000e6ab0000)
  to   space 21824K,   0% used [0x00000000e6ab0000, 0x00000000e6ab0000, 0x00000000e8000000)
 concurrent mark-sweep generation total 393216K, used 189811K [0x00000000e8000000, 0x0000000100000000, 0x0000000100000000)
 Metaspace       used 41996K, capacity 43205K, committed 43500K, reserved 1087488K
  class space    used 5172K, capacity 5495K, committed 5612K, reserved 1048576K
2018-10-31T21:25:20.726-0700: 22.255: [GC (Allocation Failure) 2018-10-31T21:25:20.726-0700: 22.255: [ParNew
Desired survivor size 20112992 bytes, new threshold 8 (max 8)
- age   1:    5680232 bytes,    5680232 total
- age   2:    3044520 bytes,    8724752 total
- age   3:    5285712 bytes,   14010464 total
- age   4:    5222048 bytes,   19232512 total
- age   5:     792960 bytes,   20025472 total
: 109248K->21824K(109248K), 0.0136497 secs] 299059K->217595K(502464K), 0.0137540 secs] [Times: user=0.09 sys=0.02, real=0.02 secs] 
Heap after GC invocations=25 (full 1):
 par new generation   total 109248K, used 21824K [0x00000000e0000000, 0x00000000e8000000, 0x00000000e8000000)
  eden space 87424K,   0% used [0x00000000e0000000, 0x00000000e0000000, 0x00000000e5560000)
  from space 21824K, 100% used [0x00000000e6ab0000, 0x00000000e8000000, 0x00000000e8000000)
  to   space 21824K,   0% used [0x00000000e5560000, 0x00000000e5560000, 0x00000000e6ab0000)
 concurrent mark-sweep generation total 393216K, used 195771K [0x00000000e8000000, 0x0000000100000000, 0x0000000100000000)
 Metaspace       used 41996K, capacity 43205K, committed 43500K, reserved 1087488K
  class space    used 5172K, capacity 5495K, committed 5612K, reserved 1048576K
}
2018-10-31T21:25:20.751-0700: 22.269: Total time for which application threads were stopped: 0.0141351 seconds, Stopping threads took: 0.0000682 seconds
2018-10-31T21:25:20.755-0700: 22.273: Total time for which application threads were stopped: 0.0001554 seconds, Stopping threads took: 0.0000718 seconds
2018-10-31T21:25:20.755-0700: 22.273: Total time for which application threads were stopped: 0.0000748 seconds, Stopping threads took: 0.0000303 seconds
2018-10-31T21:25:20.755-0700: 22.273: Total time for which application threads were stopped: 0.0001032 seconds, Stopping threads took: 0.0000594 seconds
2018-10-31T21:25:20.756-0700: 22.273: Total time for which application threads were stopped: 0.0001017 seconds, Stopping threads took: 0.0000543 seconds
2018-10-31T21:25:20.756-0700: 22.273: Total time for which application threads were stopped: 0.0000904 seconds, Stopping threads took: 0.0000503 seconds
2018-10-31T21:25:20.756-0700: 22.273: Total time for which application threads were stopped: 0.0001222 seconds, Stopping threads took: 0.0000562 seconds
2018-10-31T21:25:20.756-0700: 22.274: Total time for which application threads were stopped: 0.0000930 seconds, Stopping threads took: 0.0000481 seconds
2018-10-31T21:25:20.756-0700: 22.274: Total time for which application threads were stopped: 0.0000974 seconds, Stopping threads took: 0.0000536 seconds
2018-10-31T21:25:20.756-0700: 22.274: Total time for which application threads were stopped: 0.0000955 seconds, Stopping threads took: 0.0000532 seconds
2018-10-31T21:25:20.756-0700: 22.274: Total time for which application threads were stopped: 0.0001152 seconds, Stopping threads took: 0.0000769 seconds
2018-10-31T21:25:20.757-0700: 22.274: Total time for which application threads were stopped: 0.0000890 seconds, Stopping threads took: 0.0000518 seconds
2018-10-31T21:25:20.757-0700: 22.274: Total time for which application threads were stopped: 0.0001054 seconds, Stopping threads took: 0.0000496 seconds
2018-10-31T21:25:20.757-0700: 22.274: Total time for which application threads were stopped: 0.0000839 seconds, Stopping threads took: 0.0000478 seconds
2018-10-31T21:25:20.757-0700: 22.275: Total time for which application threads were stopped: 0.0000926 seconds, Stopping threads took: 0.0000463 seconds
2018-10-31T21:25:20.757-0700: 22.275: Total time for which application threads were stopped: 0.0000959 seconds, Stopping threads took: 0.0000521 seconds
2018-10-31T21:25:20.757-0700: 22.275: Total time for which application threads were stopped: 0.0000897 seconds, Stopping threads took: 0.0000449 seconds
2018-10-31T21:25:20.758-0700: 22.275: Total time for which application threads were stopped: 0.0003001 seconds, Stopping threads took: 0.0000642 seconds
2018-10-31T21:25:20.764-0700: 22.282: Total time for which application threads were stopped: 0.0002385 seconds, Stopping threads took: 0.0000613 seconds
2018-10-31T21:25:20.765-0700: 22.282: Total time for which application threads were stopped: 0.0001729 seconds, Stopping threads took: 0.0000711 seconds
2018-10-31T21:25:20.765-0700: 22.282: Total time for which application threads were stopped: 0.0002673 seconds, Stopping threads took: 0.0001524 seconds
2018-10-31T21:25:20.765-0700: 22.283: Total time for which application threads were stopped: 0.0001535 seconds, Stopping threads took: 0.0000660 seconds
2018-10-31T21:25:20.765-0700: 22.283: Total time for which application threads were stopped: 0.0001987 seconds, Stopping threads took: 0.0001404 seconds
2018-10-31T21:25:20.765-0700: 22.283: Total time for which application threads were stopped: 0.0001076 seconds, Stopping threads took: 0.0000591 seconds
2018-10-31T21:25:20.766-0700: 22.283: Total time for which application threads were stopped: 0.0000999 seconds, Stopping threads took: 0.0000631 seconds
2018-10-31T21:25:20.787-0700: 22.304: Total time for which application threads were stopped: 0.0002042 seconds, Stopping threads took: 0.0000740 seconds
2018-10-31T21:25:20.787-0700: 22.305: Total time for which application threads were stopped: 0.0001302 seconds, Stopping threads took: 0.0000434 seconds
2018-10-31T21:25:20.788-0700: 22.305: Total time for which application threads were stopped: 0.0000897 seconds, Stopping threads took: 0.0000485 seconds
{Heap before GC invocations=25 (full 1):
 par new generation   total 109248K, used 109248K [0x00000000e0000000, 0x00000000e8000000, 0x00000000e8000000)
  eden space 87424K, 100% used [0x00000000e0000000, 0x00000000e5560000, 0x00000000e5560000)
  from space 21824K, 100% used [0x00000000e6ab0000, 0x00000000e8000000, 0x00000000e8000000)
  to   space 21824K,   0% used [0x00000000e5560000, 0x00000000e5560000, 0x00000000e6ab0000)
 concurrent mark-sweep generation total 393216K, used 195771K [0x00000000e8000000, 0x0000000100000000, 0x0000000100000000)
 Metaspace       used 42096K, capacity 43287K, committed 43500K, reserved 1087488K
  class space    used 5187K, capacity 5511K, committed 5612K, reserved 1048576K
2018-10-31T21:25:21.264-0700: 22.787: [GC (Allocation Failure) 2018-10-31T21:25:21.264-0700: 22.787: [ParNew
Desired survivor size 20112992 bytes, new threshold 6 (max 8)
- age   1:    9865216 bytes,    9865216 total
- age   2:     555744 bytes,   10420960 total
- age   3:     511360 bytes,   10932320 total
- age   4:    3289208 bytes,   14221528 total
- age   5:    5221704 bytes,   19443232 total
- age   6:     792144 bytes,   20235376 total
: 109248K->21824K(109248K), 0.0118366 secs] 305019K->225714K(502464K), 0.0119120 secs] [Times: user=0.00 sys=0.00, real=0.02 secs] 
Heap after GC invocations=26 (full 1):
 par new generation   total 109248K, used 21824K [0x00000000e0000000, 0x00000000e8000000, 0x00000000e8000000)
  eden space 87424K,   0% used [0x00000000e0000000, 0x00000000e0000000, 0x00000000e5560000)
  from space 21824K, 100% used [0x00000000e5560000, 0x00000000e6ab0000, 0x00000000e6ab0000)
  to   space 21824K,   0% used [0x00000000e6ab0000, 0x00000000e6ab0000, 0x00000000e8000000)
 concurrent mark-sweep generation total 393216K, used 203890K [0x00000000e8000000, 0x0000000100000000, 0x0000000100000000)
 Metaspace       used 42096K, capacity 43287K, committed 43500K, reserved 1087488K
  class space    used 5187K, capacity 5511K, committed 5612K, reserved 1048576K
}
2018-10-31T21:25:21.280-0700: 22.799: Total time for which application threads were stopped: 0.0121392 seconds, Stopping threads took: 0.0000609 seconds
2018-10-31T21:25:21.280-0700: 22.799: [GC (CMS Initial Mark) [1 CMS-initial-mark: 203890K(393216K)] 226345K(502464K), 0.0012975 secs] [Times: user=0.00 sys=0.00, real=0.00 secs] 
2018-10-31T21:25:21.280-0700: 22.800: Total time for which application threads were stopped: 0.0014842 seconds, Stopping threads took: 0.0000919 seconds
2018-10-31T21:25:21.280-0700: 22.800: [CMS-concurrent-mark-start]
2018-10-31T21:25:21.280-0700: 22.812: [CMS-concurrent-mark: 0.012/0.012 secs] [Times: user=0.00 sys=0.00, real=0.00 secs] 
2018-10-31T21:25:21.280-0700: 22.812: [CMS-concurrent-preclean-start]
2018-10-31T21:25:21.296-0700: 22.813: [CMS-concurrent-preclean: 0.001/0.001 secs] [Times: user=0.05 sys=0.00, real=0.02 secs] 
2018-10-31T21:25:21.296-0700: 22.813: [CMS-concurrent-abortable-preclean-start]
2018-10-31T21:25:21.515-0700: 23.039: [CMS-concurrent-abortable-preclean: 0.226/0.226 secs] [Times: user=0.50 sys=0.00, real=0.22 secs] 
2018-10-31T21:25:21.515-0700: 23.040: [GC (CMS Final Remark) [YG occupancy: 69034 K (109248 K)]{Heap before GC invocations=26 (full 2):
 par new generation   total 109248K, used 69034K [0x00000000e0000000, 0x00000000e8000000, 0x00000000e8000000)
  eden space 87424K,  54% used [0x00000000e0000000, 0x00000000e2e1a8e0, 0x00000000e5560000)
  from space 21824K, 100% used [0x00000000e5560000, 0x00000000e6ab0000, 0x00000000e6ab0000)
  to   space 21824K,   0% used [0x00000000e6ab0000, 0x00000000e6ab0000, 0x00000000e8000000)
 concurrent mark-sweep generation total 393216K, used 203890K [0x00000000e8000000, 0x0000000100000000, 0x0000000100000000)
 Metaspace       used 42096K, capacity 43287K, committed 43500K, reserved 1087488K
  class space    used 5187K, capacity 5511K, committed 5612K, reserved 1048576K
2018-10-31T21:25:21.515-0700: 23.040: [GC (CMS Final Remark) 2018-10-31T21:25:21.515-0700: 23.040: [ParNew
Desired survivor size 20112992 bytes, new threshold 6 (max 8)
- age   1:    8379032 bytes,    8379032 total
- age   2:    6008368 bytes,   14387400 total
- age   3:     529008 bytes,   14916408 total
- age   4:     481160 bytes,   15397568 total
- age   5:    2264736 bytes,   17662304 total
- age   6:    4259712 bytes,   21922016 total
: 69034K->21824K(109248K), 0.0124219 secs] 272924K->233780K(502464K), 0.0125039 secs] [Times: user=0.05 sys=0.02, real=0.02 secs] 
Heap after GC invocations=27 (full 2):
 par new generation   total 109248K, used 21824K [0x00000000e0000000, 0x00000000e8000000, 0x00000000e8000000)
  eden space 87424K,   0% used [0x00000000e0000000, 0x00000000e0000000, 0x00000000e5560000)
  from space 21824K, 100% used [0x00000000e6ab0000, 0x00000000e8000000, 0x00000000e8000000)
  to   space 21824K,   0% used [0x00000000e5560000, 0x00000000e5560000, 0x00000000e6ab0000)
 concurrent mark-sweep generation total 393216K, used 211956K [0x00000000e8000000, 0x0000000100000000, 0x0000000100000000)
 Metaspace       used 42096K, capacity 43287K, committed 43500K, reserved 1087488K
  class space    used 5187K, capacity 5511K, committed 5612K, reserved 1048576K
}
2018-10-31T21:25:21.531-0700: 23.052: [Rescan (parallel) , 0.0022515 secs]2018-10-31T21:25:21.531-0700: 23.054: [weak refs processing, 0.0006032 secs]2018-10-31T21:25:21.531-0700: 23.055: [class unloading, 0.0052473 secs]2018-10-31T21:25:21.531-0700: 23.060: [scrub symbol table, 0.0059850 secs]2018-10-31T21:25:21.547-0700: 23.066: [scrub string table, 0.0004179 secs][1 CMS-remark: 211956K(393216K)] 233780K(502464K), 0.0282129 secs] [Times: user=0.06 sys=0.02, real=0.03 secs] 
2018-10-31T21:25:21.547-0700: 23.068: Total time for which application threads were stopped: 0.0283942 seconds, Stopping threads took: 0.0000791 seconds
2018-10-31T21:25:21.547-0700: 23.068: [CMS-concurrent-sweep-start]
2018-10-31T21:25:21.547-0700: 23.068: Total time for which application threads were stopped: 0.0002389 seconds, Stopping threads took: 0.0000543 seconds
2018-10-31T21:25:21.578-0700: 23.101: [CMS-concurrent-sweep: 0.033/0.033 secs] [Times: user=0.08 sys=0.00, real=0.03 secs] 
2018-10-31T21:25:21.578-0700: 23.101: [CMS-concurrent-reset-start]
2018-10-31T21:25:21.578-0700: 23.102: [CMS-concurrent-reset: 0.000/0.000 secs] [Times: user=0.00 sys=0.00, real=0.00 secs] 
{Heap before GC invocations=27 (full 2):
 par new generation   total 109248K, used 109248K [0x00000000e0000000, 0x00000000e8000000, 0x00000000e8000000)
  eden space 87424K, 100% used [0x00000000e0000000, 0x00000000e5560000, 0x00000000e5560000)
  from space 21824K, 100% used [0x00000000e6ab0000, 0x00000000e8000000, 0x00000000e8000000)
  to   space 21824K,   0% used [0x00000000e5560000, 0x00000000e5560000, 0x00000000e6ab0000)
 concurrent mark-sweep generation total 393216K, used 61372K [0x00000000e8000000, 0x0000000100000000, 0x0000000100000000)
 Metaspace       used 42103K, capacity 43287K, committed 43500K, reserved 1087488K
  class space    used 5187K, capacity 5511K, committed 5612K, reserved 1048576K
2018-10-31T21:25:22.126-0700: 23.657: [GC (Allocation Failure) 2018-10-31T21:25:22.126-0700: 23.657: [ParNew
Desired survivor size 20112992 bytes, new threshold 8 (max 8)
- age   1:   10657552 bytes,   10657552 total
- age   2:    1994440 bytes,   12651992 total
- age   3:    4246440 bytes,   16898432 total
- age   4:     514896 bytes,   17413328 total
- age   5:     426592 bytes,   17839920 total
- age   6:    2094688 bytes,   19934608 total
: 109248K->21824K(109248K), 0.0113796 secs] 170620K->91252K(502464K), 0.0114529 secs] [Times: user=0.06 sys=0.00, real=0.02 secs] 
Heap after GC invocations=28 (full 2):
 par new generation   total 109248K, used 21824K [0x00000000e0000000, 0x00000000e8000000, 0x00000000e8000000)
  eden space 87424K,   0% used [0x00000000e0000000, 0x00000000e0000000, 0x00000000e5560000)
  from space 21824K, 100% used [0x00000000e5560000, 0x00000000e6ab0000, 0x00000000e6ab0000)
  to   space 21824K,   0% used [0x00000000e6ab0000, 0x00000000e6ab0000, 0x00000000e8000000)
 concurrent mark-sweep generation total 393216K, used 69428K [0x00000000e8000000, 0x0000000100000000, 0x0000000100000000)
 Metaspace       used 42103K, capacity 43287K, committed 43500K, reserved 1087488K
  class space    used 5187K, capacity 5511K, committed 5612K, reserved 1048576K
}
2018-10-31T21:25:22.142-0700: 23.669: Total time for which application threads were stopped: 0.0116528 seconds, Stopping threads took: 0.0000394 seconds
{Heap before GC invocations=28 (full 2):
 par new generation   total 109248K, used 109248K [0x00000000e0000000, 0x00000000e8000000, 0x00000000e8000000)
  eden space 87424K, 100% used [0x00000000e0000000, 0x00000000e5560000, 0x00000000e5560000)
  from space 21824K, 100% used [0x00000000e5560000, 0x00000000e6ab0000, 0x00000000e6ab0000)
  to   space 21824K,   0% used [0x00000000e6ab0000, 0x00000000e6ab0000, 0x00000000e8000000)
 concurrent mark-sweep generation total 393216K, used 69428K [0x00000000e8000000, 0x0000000100000000, 0x0000000100000000)
 Metaspace       used 42103K, capacity 43287K, committed 43500K, reserved 1087488K
  class space    used 5187K, capacity 5511K, committed 5612K, reserved 1048576K
2018-10-31T21:25:22.656-0700: 24.184: [GC (Allocation Failure) 2018-10-31T21:25:22.656-0700: 24.184: [ParNew
Desired survivor size 20112992 bytes, new threshold 7 (max 8)
- age   1:    8962848 bytes,    8962848 total
- age   2:    3318624 bytes,   12281472 total
- age   3:    1852384 bytes,   14133856 total
- age   4:    3826696 bytes,   17960552 total
- age   5:     457200 bytes,   18417752 total
- age   6:     366280 bytes,   18784032 total
- age   7:    2018368 bytes,   20802400 total
: 109248K->21824K(109248K), 0.0128926 secs] 178676K->102385K(502464K), 0.0129535 secs] [Times: user=0.06 sys=0.00, real=0.02 secs] 
Heap after GC invocations=29 (full 2):
 par new generation   total 109248K, used 21824K [0x00000000e0000000, 0x00000000e8000000, 0x00000000e8000000)
  eden space 87424K,   0% used [0x00000000e0000000, 0x00000000e0000000, 0x00000000e5560000)
  from space 21824K, 100% used [0x00000000e6ab0000, 0x00000000e8000000, 0x00000000e8000000)
  to   space 21824K,   0% used [0x00000000e5560000, 0x00000000e5560000, 0x00000000e6ab0000)
 concurrent mark-sweep generation total 393216K, used 80561K [0x00000000e8000000, 0x0000000100000000, 0x0000000100000000)
 Metaspace       used 42103K, capacity 43287K, committed 43500K, reserved 1087488K
  class space    used 5187K, capacity 5511K, committed 5612K, reserved 1048576K
}
2018-10-31T21:25:22.672-0700: 24.197: Total time for which application threads were stopped: 0.0131971 seconds, Stopping threads took: 0.0000748 seconds
{Heap before GC invocations=29 (full 2):
 par new generation   total 109248K, used 109225K [0x00000000e0000000, 0x00000000e8000000, 0x00000000e8000000)
  eden space 87424K,  99% used [0x00000000e0000000, 0x00000000e555a548, 0x00000000e5560000)
  from space 21824K, 100% used [0x00000000e6ab0000, 0x00000000e8000000, 0x00000000e8000000)
  to   space 21824K,   0% used [0x00000000e5560000, 0x00000000e5560000, 0x00000000e6ab0000)
 concurrent mark-sweep generation total 393216K, used 80561K [0x00000000e8000000, 0x0000000100000000, 0x0000000100000000)
 Metaspace       used 42103K, capacity 43287K, committed 43500K, reserved 1087488K
  class space    used 5187K, capacity 5511K, committed 5612K, reserved 1048576K
2018-10-31T21:25:23.187-0700: 24.718: [GC (Allocation Failure) 2018-10-31T21:25:23.187-0700: 24.718: [ParNew
Desired survivor size 20112992 bytes, new threshold 5 (max 8)
- age   1:    6624952 bytes,    6624952 total
- age   2:    6034008 bytes,   12658960 total
- age   3:    1957336 bytes,   14616296 total
- age   4:    1832144 bytes,   16448440 total
- age   5:    3726608 bytes,   20175048 total
- age   6:     447640 bytes,   20622688 total
- age   7:     356552 bytes,   20979240 total
: 109225K->21824K(109248K), 0.0116440 secs] 189787K->114479K(502464K), 0.0117166 secs] [Times: user=0.06 sys=0.00, real=0.02 secs] 
Heap after GC invocations=30 (full 2):
 par new generation   total 109248K, used 21824K [0x00000000e0000000, 0x00000000e8000000, 0x00000000e8000000)
  eden space 87424K,   0% used [0x00000000e0000000, 0x00000000e0000000, 0x00000000e5560000)
  from space 21824K, 100% used [0x00000000e5560000, 0x00000000e6ab0000, 0x00000000e6ab0000)
  to   space 21824K,   0% used [0x00000000e6ab0000, 0x00000000e6ab0000, 0x00000000e8000000)
 concurrent mark-sweep generation total 393216K, used 92655K [0x00000000e8000000, 0x0000000100000000, 0x0000000100000000)
 Metaspace       used 42103K, capacity 43287K, committed 43500K, reserved 1087488K
  class space    used 5187K, capacity 5511K, committed 5612K, reserved 1048576K
}
2018-10-31T21:25:23.203-0700: 24.730: Total time for which application threads were stopped: 0.0118989 seconds, Stopping threads took: 0.0000284 seconds
{Heap before GC invocations=30 (full 2):
 par new generation   total 109248K, used 109248K [0x00000000e0000000, 0x00000000e8000000, 0x00000000e8000000)
  eden space 87424K, 100% used [0x00000000e0000000, 0x00000000e5560000, 0x00000000e5560000)
  from space 21824K, 100% used [0x00000000e5560000, 0x00000000e6ab0000, 0x00000000e6ab0000)
  to   space 21824K,   0% used [0x00000000e6ab0000, 0x00000000e6ab0000, 0x00000000e8000000)
 concurrent mark-sweep generation total 393216K, used 92655K [0x00000000e8000000, 0x0000000100000000, 0x0000000100000000)
 Metaspace       used 42104K, capacity 43287K, committed 43500K, reserved 1087488K
  class space    used 5187K, capacity 5511K, committed 5612K, reserved 1048576K
2018-10-31T21:25:23.744-0700: 25.262: [GC (Allocation Failure) 2018-10-31T21:25:23.744-0700: 25.262: [ParNew
Desired survivor size 20112992 bytes, new threshold 5 (max 8)
- age   1:   10810648 bytes,   10810648 total
- age   2:    1917360 bytes,   12728008 total
- age   3:    4056408 bytes,   16784416 total
- age   4:    1912904 bytes,   18697320 total
- age   5:    1823688 bytes,   20521008 total
: 109248K->21824K(109248K), 0.0162713 secs] 201903K->128037K(502464K), 0.0163326 secs] [Times: user=0.06 sys=0.00, real=0.02 secs] 
Heap after GC invocations=31 (full 2):
 par new generation   total 109248K, used 21824K [0x00000000e0000000, 0x00000000e8000000, 0x00000000e8000000)
  eden space 87424K,   0% used [0x00000000e0000000, 0x00000000e0000000, 0x00000000e5560000)
  from space 21824K, 100% used [0x00000000e6ab0000, 0x00000000e8000000, 0x00000000e8000000)
  to   space 21824K,   0% used [0x00000000e5560000, 0x00000000e5560000, 0x00000000e6ab0000)
 concurrent mark-sweep generation total 393216K, used 106213K [0x00000000e8000000, 0x0000000100000000, 0x0000000100000000)
 Metaspace       used 42104K, capacity 43287K, committed 43500K, reserved 1087488K
  class space    used 5187K, capacity 5511K, committed 5612K, reserved 1048576K
}
2018-10-31T21:25:23.760-0700: 25.278: Total time for which application threads were stopped: 0.0165718 seconds, Stopping threads took: 0.0000693 seconds
{Heap before GC invocations=31 (full 2):
 par new generation   total 109248K, used 109248K [0x00000000e0000000, 0x00000000e8000000, 0x00000000e8000000)
  eden space 87424K, 100% used [0x00000000e0000000, 0x00000000e5560000, 0x00000000e5560000)
  from space 21824K, 100% used [0x00000000e6ab0000, 0x00000000e8000000, 0x00000000e8000000)
  to   space 21824K,   0% used [0x00000000e5560000, 0x00000000e5560000, 0x00000000e6ab0000)
 concurrent mark-sweep generation total 393216K, used 106213K [0x00000000e8000000, 0x0000000100000000, 0x0000000100000000)
 Metaspace       used 42104K, capacity 43287K, committed 43500K, reserved 1087488K
  class space    used 5187K, capacity 5511K, committed 5612K, reserved 1048576K
2018-10-31T21:25:24.296-0700: 25.826: [GC (Allocation Failure) 2018-10-31T21:25:24.296-0700: 25.826: [ParNew
Desired survivor size 20112992 bytes, new threshold 4 (max 8)
- age   1:    9835632 bytes,    9835632 total
- age   2:    4476456 bytes,   14312088 total
- age   3:    1810104 bytes,   16122192 total
- age   4:    4053920 bytes,   20176112 total
- age   5:    1909512 bytes,   22085624 total
: 109248K->21824K(109248K), 0.0123354 secs] 215461K->139039K(502464K), 0.0124007 secs] [Times: user=0.06 sys=0.00, real=0.02 secs] 
Heap after GC invocations=32 (full 2):
 par new generation   total 109248K, used 21824K [0x00000000e0000000, 0x00000000e8000000, 0x00000000e8000000)
  eden space 87424K,   0% used [0x00000000e0000000, 0x00000000e0000000, 0x00000000e5560000)
  from space 21824K, 100% used [0x00000000e5560000, 0x00000000e6ab0000, 0x00000000e6ab0000)
  to   space 21824K,   0% used [0x00000000e6ab0000, 0x00000000e6ab0000, 0x00000000e8000000)
 concurrent mark-sweep generation total 393216K, used 117215K [0x00000000e8000000, 0x0000000100000000, 0x0000000100000000)
 Metaspace       used 42104K, capacity 43287K, committed 43500K, reserved 1087488K
  class space    used 5187K, capacity 5511K, committed 5612K, reserved 1048576K
}
2018-10-31T21:25:24.312-0700: 25.839: Total time for which application threads were stopped: 0.0126217 seconds, Stopping threads took: 0.0000733 seconds
{Heap before GC invocations=32 (full 2):
 par new generation   total 109248K, used 109248K [0x00000000e0000000, 0x00000000e8000000, 0x00000000e8000000)
  eden space 87424K, 100% used [0x00000000e0000000, 0x00000000e5560000, 0x00000000e5560000)
  from space 21824K, 100% used [0x00000000e5560000, 0x00000000e6ab0000, 0x00000000e6ab0000)
  to   space 21824K,   0% used [0x00000000e6ab0000, 0x00000000e6ab0000, 0x00000000e8000000)
 concurrent mark-sweep generation total 393216K, used 117215K [0x00000000e8000000, 0x0000000100000000, 0x0000000100000000)
 Metaspace       used 42104K, capacity 43287K, committed 43500K, reserved 1087488K
  class space    used 5187K, capacity 5511K, committed 5612K, reserved 1048576K
2018-10-31T21:25:24.852-0700: 26.383: [GC (Allocation Failure) 2018-10-31T21:25:24.852-0700: 26.383: [ParNew
Desired survivor size 20112992 bytes, new threshold 4 (max 8)
- age   1:   10479608 bytes,   10479608 total
- age   2:    3841968 bytes,   14321576 total
- age   3:    4453240 bytes,   18774816 total
- age   4:    1789040 bytes,   20563856 total
: 109248K->21824K(109248K), 0.0143725 secs] 226463K->153157K(502464K), 0.0144319 secs] [Times: user=0.06 sys=0.00, real=0.02 secs] 
Heap after GC invocations=33 (full 2):
 par new generation   total 109248K, used 21824K [0x00000000e0000000, 0x00000000e8000000, 0x00000000e8000000)
  eden space 87424K,   0% used [0x00000000e0000000, 0x00000000e0000000, 0x00000000e5560000)
  from space 21824K, 100% used [0x00000000e6ab0000, 0x00000000e8000000, 0x00000000e8000000)
  to   space 21824K,   0% used [0x00000000e5560000, 0x00000000e5560000, 0x00000000e6ab0000)
 concurrent mark-sweep generation total 393216K, used 131333K [0x00000000e8000000, 0x0000000100000000, 0x0000000100000000)
 Metaspace       used 42104K, capacity 43287K, committed 43500K, reserved 1087488K
  class space    used 5187K, capacity 5511K, committed 5612K, reserved 1048576K
}
2018-10-31T21:25:24.868-0700: 26.397: Total time for which application threads were stopped: 0.0146033 seconds, Stopping threads took: 0.0000244 seconds
{Heap before GC invocations=33 (full 2):
 par new generation   total 109248K, used 109248K [0x00000000e0000000, 0x00000000e8000000, 0x00000000e8000000)
  eden space 87424K, 100% used [0x00000000e0000000, 0x00000000e5560000, 0x00000000e5560000)
  from space 21824K, 100% used [0x00000000e6ab0000, 0x00000000e8000000, 0x00000000e8000000)
  to   space 21824K,   0% used [0x00000000e5560000, 0x00000000e5560000, 0x00000000e6ab0000)
 concurrent mark-sweep generation total 393216K, used 131333K [0x00000000e8000000, 0x0000000100000000, 0x0000000100000000)
 Metaspace       used 42104K, capacity 43287K, committed 43500K, reserved 1087488K
  class space    used 5187K, capacity 5511K, committed 5612K, reserved 1048576K
2018-10-31T21:25:25.485-0700: 27.006: [GC (Allocation Failure) 2018-10-31T21:25:25.485-0700: 27.006: [ParNew
Desired survivor size 20112992 bytes, new threshold 4 (max 8)
- age   1:    3801168 bytes,    3801168 total
- age   2:    9246392 bytes,   13047560 total
- age   3:    3624352 bytes,   16671912 total
- age   4:    4433984 bytes,   21105896 total
: 109248K->21824K(109248K), 0.0145001 secs] 240581K->167273K(502464K), 0.0145607 secs] [Times: user=0.05 sys=0.01, real=0.02 secs] 
Heap after GC invocations=34 (full 2):
 par new generation   total 109248K, used 21824K [0x00000000e0000000, 0x00000000e8000000, 0x00000000e8000000)
  eden space 87424K,   0% used [0x00000000e0000000, 0x00000000e0000000, 0x00000000e5560000)
  from space 21824K, 100% used [0x00000000e5560000, 0x00000000e6ab0000, 0x00000000e6ab0000)
  to   space 21824K,   0% used [0x00000000e6ab0000, 0x00000000e6ab0000, 0x00000000e8000000)
 concurrent mark-sweep generation total 393216K, used 145449K [0x00000000e8000000, 0x0000000100000000, 0x0000000100000000)
 Metaspace       used 42104K, capacity 43287K, committed 43500K, reserved 1087488K
  class space    used 5187K, capacity 5511K, committed 5612K, reserved 1048576K
}
2018-10-31T21:25:25.501-0700: 27.020: Total time for which application threads were stopped: 0.0147959 seconds, Stopping threads took: 0.0000616 seconds
{Heap before GC invocations=34 (full 2):
 par new generation   total 109248K, used 109248K [0x00000000e0000000, 0x00000000e8000000, 0x00000000e8000000)
  eden space 87424K, 100% used [0x00000000e0000000, 0x00000000e5560000, 0x00000000e5560000)
  from space 21824K, 100% used [0x00000000e5560000, 0x00000000e6ab0000, 0x00000000e6ab0000)
  to   space 21824K,   0% used [0x00000000e6ab0000, 0x00000000e6ab0000, 0x00000000e8000000)
 concurrent mark-sweep generation total 393216K, used 145449K [0x00000000e8000000, 0x0000000100000000, 0x0000000100000000)
 Metaspace       used 42110K, capacity 43351K, committed 43500K, reserved 1087488K
  class space    used 5187K, capacity 5511K, committed 5612K, reserved 1048576K
2018-10-31T21:25:26.063-0700: 27.595: [GC (Allocation Failure) 2018-10-31T21:25:26.063-0700: 27.595: [ParNew
Desired survivor size 20112992 bytes, new threshold 4 (max 8)
- age   1:   11436552 bytes,   11436552 total
- age   2:    2442472 bytes,   13879024 total
- age   3:    5037072 bytes,   18916096 total
- age   4:    3369144 bytes,   22285240 total
: 109248K->21824K(109248K), 0.0145432 secs] 254697K->179503K(502464K), 0.0146041 secs] [Times: user=0.01 sys=0.02, real=0.02 secs] 
Heap after GC invocations=35 (full 2):
 par new generation   total 109248K, used 21824K [0x00000000e0000000, 0x00000000e8000000, 0x00000000e8000000)
  eden space 87424K,   0% used [0x00000000e0000000, 0x00000000e0000000, 0x00000000e5560000)
  from space 21824K, 100% used [0x00000000e6ab0000, 0x00000000e8000000, 0x00000000e8000000)
  to   space 21824K,   0% used [0x00000000e5560000, 0x00000000e5560000, 0x00000000e6ab0000)
 concurrent mark-sweep generation total 393216K, used 157679K [0x00000000e8000000, 0x0000000100000000, 0x0000000100000000)
 Metaspace       used 42110K, capacity 43351K, committed 43500K, reserved 1087488K
  class space    used 5187K, capacity 5511K, committed 5612K, reserved 1048576K
}
2018-10-31T21:25:26.078-0700: 27.610: Total time for which application threads were stopped: 0.0148039 seconds, Stopping threads took: 0.0000401 seconds
{Heap before GC invocations=35 (full 2):
 par new generation   total 109248K, used 109248K [0x00000000e0000000, 0x00000000e8000000, 0x00000000e8000000)
  eden space 87424K, 100% used [0x00000000e0000000, 0x00000000e5560000, 0x00000000e5560000)
  from space 21824K, 100% used [0x00000000e6ab0000, 0x00000000e8000000, 0x00000000e8000000)
  to   space 21824K,   0% used [0x00000000e5560000, 0x00000000e5560000, 0x00000000e6ab0000)
 concurrent mark-sweep generation total 393216K, used 157679K [0x00000000e8000000, 0x0000000100000000, 0x0000000100000000)
 Metaspace       used 42110K, capacity 43351K, committed 43500K, reserved 1087488K
  class space    used 5187K, capacity 5511K, committed 5612K, reserved 1048576K
2018-10-31T21:25:26.617-0700: 28.145: [GC (Allocation Failure) 2018-10-31T21:25:26.617-0700: 28.145: [ParNew
Desired survivor size 20112992 bytes, new threshold 4 (max 8)
- age   1:    4312640 bytes,    4312640 total
- age   2:   10103232 bytes,   14415872 total
- age   3:    1911328 bytes,   16327200 total
- age   4:    4344080 bytes,   20671280 total
: 109248K->21824K(109248K), 0.0157757 secs] 266927K->197580K(502464K), 0.0158501 secs] [Times: user=0.06 sys=0.00, real=0.02 secs] 
Heap after GC invocations=36 (full 2):
 par new generation   total 109248K, used 21824K [0x00000000e0000000, 0x00000000e8000000, 0x00000000e8000000)
  eden space 87424K,   0% used [0x00000000e0000000, 0x00000000e0000000, 0x00000000e5560000)
  from space 21824K, 100% used [0x00000000e5560000, 0x00000000e6ab0000, 0x00000000e6ab0000)
  to   space 21824K,   0% used [0x00000000e6ab0000, 0x00000000e6ab0000, 0x00000000e8000000)
 concurrent mark-sweep generation total 393216K, used 175756K [0x00000000e8000000, 0x0000000100000000, 0x0000000100000000)
 Metaspace       used 42110K, capacity 43351K, committed 43500K, reserved 1087488K
  class space    used 5187K, capacity 5511K, committed 5612K, reserved 1048576K
}
2018-10-31T21:25:26.633-0700: 28.161: Total time for which application threads were stopped: 0.0160427 seconds, Stopping threads took: 0.0000274 seconds
{Heap before GC invocations=36 (full 2):
 par new generation   total 109248K, used 109248K [0x00000000e0000000, 0x00000000e8000000, 0x00000000e8000000)
  eden space 87424K, 100% used [0x00000000e0000000, 0x00000000e5560000, 0x00000000e5560000)
  from space 21824K, 100% used [0x00000000e5560000, 0x00000000e6ab0000, 0x00000000e6ab0000)
  to   space 21824K,   0% used [0x00000000e6ab0000, 0x00000000e6ab0000, 0x00000000e8000000)
 concurrent mark-sweep generation total 393216K, used 175756K [0x00000000e8000000, 0x0000000100000000, 0x0000000100000000)
 Metaspace       used 42110K, capacity 43351K, committed 43500K, reserved 1087488K
  class space    used 5187K, capacity 5511K, committed 5612K, reserved 1048576K
2018-10-31T21:25:27.233-0700: 28.766: [GC (Allocation Failure) 2018-10-31T21:25:27.233-0700: 28.766: [ParNew
Desired survivor size 20112992 bytes, new threshold 4 (max 8)
- age   1:   10355744 bytes,   10355744 total
- age   2:    3720864 bytes,   14076608 total
- age   3:    5818888 bytes,   19895496 total
- age   4:    1832968 bytes,   21728464 total
: 109248K->21824K(109248K), 0.0164504 secs] 285004K->209120K(502464K), 0.0165383 secs] [Times: user=0.08 sys=0.00, real=0.03 secs] 
Heap after GC invocations=37 (full 2):
 par new generation   total 109248K, used 21824K [0x00000000e0000000, 0x00000000e8000000, 0x00000000e8000000)
  eden space 87424K,   0% used [0x00000000e0000000, 0x00000000e0000000, 0x00000000e5560000)
  from space 21824K, 100% used [0x00000000e6ab0000, 0x00000000e8000000, 0x00000000e8000000)
  to   space 21824K,   0% used [0x00000000e5560000, 0x00000000e5560000, 0x00000000e6ab0000)
 concurrent mark-sweep generation total 393216K, used 187296K [0x00000000e8000000, 0x0000000100000000, 0x0000000100000000)
 Metaspace       used 42110K, capacity 43351K, committed 43500K, reserved 1087488K
  class space    used 5187K, capacity 5511K, committed 5612K, reserved 1048576K
}
2018-10-31T21:25:27.265-0700: 28.782: Total time for which application threads were stopped: 0.0167257 seconds, Stopping threads took: 0.0000270 seconds
{Heap before GC invocations=37 (full 2):
 par new generation   total 109248K, used 109248K [0x00000000e0000000, 0x00000000e8000000, 0x00000000e8000000)
  eden space 87424K, 100% used [0x00000000e0000000, 0x00000000e5560000, 0x00000000e5560000)
  from space 21824K, 100% used [0x00000000e6ab0000, 0x00000000e8000000, 0x00000000e8000000)
  to   space 21824K,   0% used [0x00000000e5560000, 0x00000000e5560000, 0x00000000e6ab0000)
 concurrent mark-sweep generation total 393216K, used 187296K [0x00000000e8000000, 0x0000000100000000, 0x0000000100000000)
 Metaspace       used 42110K, capacity 43351K, committed 43500K, reserved 1087488K
  class space    used 5187K, capacity 5511K, committed 5612K, reserved 1048576K
2018-10-31T21:25:28.015-0700: 29.543: [GC (Allocation Failure) 2018-10-31T21:25:28.015-0700: 29.544: [ParNew
Desired survivor size 20112992 bytes, new threshold 4 (max 8)
- age   1:    7697832 bytes,    7697832 total
- age   2:    6508408 bytes,   14206240 total
- age   3:    2938800 bytes,   17145040 total
- age   4:    5136256 bytes,   22281296 total
: 109248K->21824K(109248K), 0.0193856 secs] 296544K->225137K(502464K), 0.0195924 secs] [Times: user=0.08 sys=0.00, real=0.03 secs] 
Heap after GC invocations=38 (full 2):
 par new generation   total 109248K, used 21824K [0x00000000e0000000, 0x00000000e8000000, 0x00000000e8000000)
  eden space 87424K,   0% used [0x00000000e0000000, 0x00000000e0000000, 0x00000000e5560000)
  from space 21824K, 100% used [0x00000000e5560000, 0x00000000e6ab0000, 0x00000000e6ab0000)
  to   space 21824K,   0% used [0x00000000e6ab0000, 0x00000000e6ab0000, 0x00000000e8000000)
 concurrent mark-sweep generation total 393216K, used 203313K [0x00000000e8000000, 0x0000000100000000, 0x0000000100000000)
 Metaspace       used 42110K, capacity 43351K, committed 43500K, reserved 1087488K
  class space    used 5187K, capacity 5511K, committed 5612K, reserved 1048576K
}
2018-10-31T21:25:28.046-0700: 29.563: Total time for which application threads were stopped: 0.0199049 seconds, Stopping threads took: 0.0000532 seconds
2018-10-31T21:25:28.046-0700: 29.563: [GC (CMS Initial Mark) [1 CMS-initial-mark: 203313K(393216K)] 225929K(502464K), 0.0014302 secs] [Times: user=0.00 sys=0.00, real=0.00 secs] 
2018-10-31T21:25:28.046-0700: 29.565: Total time for which application threads were stopped: 0.0016067 seconds, Stopping threads took: 0.0000624 seconds
2018-10-31T21:25:28.046-0700: 29.565: [CMS-concurrent-mark-start]
2018-10-31T21:25:28.061-0700: 29.585: [CMS-concurrent-mark: 0.020/0.020 secs] [Times: user=0.08 sys=0.00, real=0.02 secs] 
2018-10-31T21:25:28.061-0700: 29.585: [CMS-concurrent-preclean-start]
2018-10-31T21:25:28.061-0700: 29.586: [CMS-concurrent-preclean: 0.001/0.001 secs] [Times: user=0.00 sys=0.00, real=0.00 secs] 
2018-10-31T21:25:28.061-0700: 29.586: [GC (CMS Final Remark) [YG occupancy: 23553 K (109248 K)]{Heap before GC invocations=38 (full 3):
 par new generation   total 109248K, used 23553K [0x00000000e0000000, 0x00000000e8000000, 0x00000000e8000000)
  eden space 87424K,   1% used [0x00000000e0000000, 0x00000000e01b0480, 0x00000000e5560000)
  from space 21824K, 100% used [0x00000000e5560000, 0x00000000e6ab0000, 0x00000000e6ab0000)
  to   space 21824K,   0% used [0x00000000e6ab0000, 0x00000000e6ab0000, 0x00000000e8000000)
 concurrent mark-sweep generation total 393216K, used 203313K [0x00000000e8000000, 0x0000000100000000, 0x0000000100000000)
 Metaspace       used 42110K, capacity 43351K, committed 43500K, reserved 1087488K
  class space    used 5187K, capacity 5511K, committed 5612K, reserved 1048576K
2018-10-31T21:25:28.061-0700: 29.586: [GC (CMS Final Remark) 2018-10-31T21:25:28.061-0700: 29.586: [ParNew
Desired survivor size 20112992 bytes, new threshold 8 (max 8)
- age   1:     281856 bytes,     281856 total
- age   2:    5279256 bytes,    5561112 total
- age   3:    6508408 bytes,   12069520 total
- age   4:    2938800 bytes,   15008320 total
: 23553K->21824K(109248K), 0.0104621 secs] 226867K->232531K(502464K), 0.0105117 secs] [Times: user=0.06 sys=0.00, real=0.02 secs] 
Heap after GC invocations=39 (full 3):
 par new generation   total 109248K, used 21824K [0x00000000e0000000, 0x00000000e8000000, 0x00000000e8000000)
  eden space 87424K,   0% used [0x00000000e0000000, 0x00000000e0000000, 0x00000000e5560000)
  from space 21824K, 100% used [0x00000000e6ab0000, 0x00000000e8000000, 0x00000000e8000000)
  to   space 21824K,   0% used [0x00000000e5560000, 0x00000000e5560000, 0x00000000e6ab0000)
 concurrent mark-sweep generation total 393216K, used 210707K [0x00000000e8000000, 0x0000000100000000, 0x0000000100000000)
 Metaspace       used 42110K, capacity 43351K, committed 43500K, reserved 1087488K
  class space    used 5187K, capacity 5511K, committed 5612K, reserved 1048576K
}
2018-10-31T21:25:28.077-0700: 29.597: [Rescan (parallel) , 0.0031245 secs]2018-10-31T21:25:28.077-0700: 29.600: [weak refs processing, 0.0005995 secs]2018-10-31T21:25:28.077-0700: 29.601: [class unloading, 0.0071002 secs]2018-10-31T21:25:28.077-0700: 29.608: [scrub symbol table, 0.0080498 secs]2018-10-31T21:25:28.093-0700: 29.616: [scrub string table, 0.0004806 secs][1 CMS-remark: 210707K(393216K)] 232531K(502464K), 0.0302554 secs] [Times: user=0.08 sys=0.00, real=0.03 secs] 
2018-10-31T21:25:28.093-0700: 29.616: Total time for which application threads were stopped: 0.0304013 seconds, Stopping threads took: 0.0000416 seconds
2018-10-31T21:25:28.093-0700: 29.617: [CMS-concurrent-sweep-start]
2018-10-31T21:25:28.124-0700: 29.649: [CMS-concurrent-sweep: 0.032/0.032 secs] [Times: user=0.06 sys=0.00, real=0.03 secs] 
2018-10-31T21:25:28.124-0700: 29.649: [CMS-concurrent-reset-start]
2018-10-31T21:25:28.124-0700: 29.649: [CMS-concurrent-reset: 0.001/0.001 secs] [Times: user=0.00 sys=0.00, real=0.00 secs] 
{Heap before GC invocations=39 (full 3):
 par new generation   total 109248K, used 109248K [0x00000000e0000000, 0x00000000e8000000, 0x00000000e8000000)
  eden space 87424K, 100% used [0x00000000e0000000, 0x00000000e5560000, 0x00000000e5560000)
  from space 21824K, 100% used [0x00000000e6ab0000, 0x00000000e8000000, 0x00000000e8000000)
  to   space 21824K,   0% used [0x00000000e5560000, 0x00000000e5560000, 0x00000000e6ab0000)
 concurrent mark-sweep generation total 393216K, used 116263K [0x00000000e8000000, 0x0000000100000000, 0x0000000100000000)
 Metaspace       used 42110K, capacity 43351K, committed 43500K, reserved 1087488K
  class space    used 5187K, capacity 5511K, committed 5612K, reserved 1048576K
2018-10-31T21:25:28.891-0700: 30.410: [GC (Allocation Failure) 2018-10-31T21:25:28.891-0700: 30.410: [ParNew
Desired survivor size 20112992 bytes, new threshold 5 (max 8)
- age   1:    7726360 bytes,    7726360 total
- age   2:     110032 bytes,    7836392 total
- age   3:    5087088 bytes,   12923480 total
- age   4:    6444272 bytes,   19367752 total
- age   5:    2932152 bytes,   22299904 total
: 109248K->21824K(109248K), 0.0128022 secs] 225511K->142155K(502464K), 0.0128649 secs] [Times: user=0.00 sys=0.00, real=0.00 secs] 
Heap after GC invocations=40 (full 3):
 par new generation   total 109248K, used 21824K [0x00000000e0000000, 0x00000000e8000000, 0x00000000e8000000)
  eden space 87424K,   0% used [0x00000000e0000000, 0x00000000e0000000, 0x00000000e5560000)
  from space 21824K, 100% used [0x00000000e5560000, 0x00000000e6ab0000, 0x00000000e6ab0000)
  to   space 21824K,   0% used [0x00000000e6ab0000, 0x00000000e6ab0000, 0x00000000e8000000)
 concurrent mark-sweep generation total 393216K, used 120331K [0x00000000e8000000, 0x0000000100000000, 0x0000000100000000)
 Metaspace       used 42110K, capacity 43351K, committed 43500K, reserved 1087488K
  class space    used 5187K, capacity 5511K, committed 5612K, reserved 1048576K
}
2018-10-31T21:25:28.891-0700: 30.423: Total time for which application threads were stopped: 0.0130819 seconds, Stopping threads took: 0.0000551 seconds
{Heap before GC invocations=40 (full 3):
 par new generation   total 109248K, used 109248K [0x00000000e0000000, 0x00000000e8000000, 0x00000000e8000000)
  eden space 87424K, 100% used [0x00000000e0000000, 0x00000000e5560000, 0x00000000e5560000)
  from space 21824K, 100% used [0x00000000e5560000, 0x00000000e6ab0000, 0x00000000e6ab0000)
  to   space 21824K,   0% used [0x00000000e6ab0000, 0x00000000e6ab0000, 0x00000000e8000000)
 concurrent mark-sweep generation total 393216K, used 120331K [0x00000000e8000000, 0x0000000100000000, 0x0000000100000000)
 Metaspace       used 42110K, capacity 43351K, committed 43500K, reserved 1087488K
  class space    used 5187K, capacity 5511K, committed 5612K, reserved 1048576K
2018-10-31T21:25:29.547-0700: 31.065: [GC (Allocation Failure) 2018-10-31T21:25:29.547-0700: 31.065: [ParNew
Desired survivor size 20112992 bytes, new threshold 5 (max 8)
- age   1:    8660520 bytes,    8660520 total
- age   2:    5176552 bytes,   13837072 total
- age   3:     107040 bytes,   13944112 total
- age   4:    4937384 bytes,   18881496 total
- age   5:    3409448 bytes,   22290944 total
: 109248K->21824K(109248K), 0.0170277 secs] 229579K->156902K(502464K), 0.0171371 secs] [Times: user=0.00 sys=0.00, real=0.02 secs] 
Heap after GC invocations=41 (full 3):
 par new generation   total 109248K, used 21824K [0x00000000e0000000, 0x00000000e8000000, 0x00000000e8000000)
  eden space 87424K,   0% used [0x00000000e0000000, 0x00000000e0000000, 0x00000000e5560000)
  from space 21824K, 100% used [0x00000000e6ab0000, 0x00000000e8000000, 0x00000000e8000000)
  to   space 21824K,   0% used [0x00000000e5560000, 0x00000000e5560000, 0x00000000e6ab0000)
 concurrent mark-sweep generation total 393216K, used 135078K [0x00000000e8000000, 0x0000000100000000, 0x0000000100000000)
 Metaspace       used 42110K, capacity 43351K, committed 43500K, reserved 1087488K
  class space    used 5187K, capacity 5511K, committed 5612K, reserved 1048576K
}
2018-10-31T21:25:29.563-0700: 31.082: Total time for which application threads were stopped: 0.0173581 seconds, Stopping threads took: 0.0000543 seconds
{Heap before GC invocations=41 (full 3):
 par new generation   total 109248K, used 109248K [0x00000000e0000000, 0x00000000e8000000, 0x00000000e8000000)
  eden space 87424K, 100% used [0x00000000e0000000, 0x00000000e5560000, 0x00000000e5560000)
  from space 21824K, 100% used [0x00000000e6ab0000, 0x00000000e8000000, 0x00000000e8000000)
  to   space 21824K,   0% used [0x00000000e5560000, 0x00000000e5560000, 0x00000000e6ab0000)
 concurrent mark-sweep generation total 393216K, used 135078K [0x00000000e8000000, 0x0000000100000000, 0x0000000100000000)
 Metaspace       used 42114K, capacity 43351K, committed 43500K, reserved 1087488K
  class space    used 5187K, capacity 5511K, committed 5612K, reserved 1048576K
2018-10-31T21:25:30.282-0700: 31.811: [GC (Allocation Failure) 2018-10-31T21:25:30.282-0700: 31.811: [ParNew
Desired survivor size 20112992 bytes, new threshold 5 (max 8)
- age   1:    5204552 bytes,    5204552 total
- age   2:    8626200 bytes,   13830752 total
- age   3:    3083688 bytes,   16914440 total
- age   4:       8496 bytes,   16922936 total
- age   5:    4685064 bytes,   21608000 total
: 109248K->21824K(109248K), 0.0155183 secs] 244326K->170071K(502464K), 0.0155847 secs] [Times: user=0.06 sys=0.00, real=0.02 secs] 
Heap after GC invocations=42 (full 3):
 par new generation   total 109248K, used 21824K [0x00000000e0000000, 0x00000000e8000000, 0x00000000e8000000)
  eden space 87424K,   0% used [0x00000000e0000000, 0x00000000e0000000, 0x00000000e5560000)
  from space 21824K, 100% used [0x00000000e5560000, 0x00000000e6ab0000, 0x00000000e6ab0000)
  to   space 21824K,   0% used [0x00000000e6ab0000, 0x00000000e6ab0000, 0x00000000e8000000)
 concurrent mark-sweep generation total 393216K, used 148247K [0x00000000e8000000, 0x0000000100000000, 0x0000000100000000)
 Metaspace       used 42114K, capacity 43351K, committed 43500K, reserved 1087488K
  class space    used 5187K, capacity 5511K, committed 5612K, reserved 1048576K
}
2018-10-31T21:25:30.298-0700: 31.827: Total time for which application threads were stopped: 0.0157677 seconds, Stopping threads took: 0.0000314 seconds
{Heap before GC invocations=42 (full 3):
 par new generation   total 109248K, used 109248K [0x00000000e0000000, 0x00000000e8000000, 0x00000000e8000000)
  eden space 87424K, 100% used [0x00000000e0000000, 0x00000000e5560000, 0x00000000e5560000)
  from space 21824K, 100% used [0x00000000e5560000, 0x00000000e6ab0000, 0x00000000e6ab0000)
  to   space 21824K,   0% used [0x00000000e6ab0000, 0x00000000e6ab0000, 0x00000000e8000000)
 concurrent mark-sweep generation total 393216K, used 148247K [0x00000000e8000000, 0x0000000100000000, 0x0000000100000000)
 Metaspace       used 42114K, capacity 43351K, committed 43500K, reserved 1087488K
  class space    used 5187K, capacity 5511K, committed 5612K, reserved 1048576K
2018-10-31T21:25:30.966-0700: 32.484: [GC (Allocation Failure) 2018-10-31T21:25:30.966-0700: 32.484: [ParNew
Desired survivor size 20112992 bytes, new threshold 4 (max 8)
- age   1:    5998568 bytes,    5998568 total
- age   2:    4654648 bytes,   10653216 total
- age   3:    8600840 bytes,   19254056 total
- age   4:    3063648 bytes,   22317704 total
- age   5:       8496 bytes,   22326200 total
: 109248K->21824K(109248K), 0.0156762 secs] 257495K->185956K(502464K), 0.0157969 secs] [Times: user=0.00 sys=0.00, real=0.00 secs] 
Heap after GC invocations=43 (full 3):
 par new generation   total 109248K, used 21824K [0x00000000e0000000, 0x00000000e8000000, 0x00000000e8000000)
  eden space 87424K,   0% used [0x00000000e0000000, 0x00000000e0000000, 0x00000000e5560000)
  from space 21824K, 100% used [0x00000000e6ab0000, 0x00000000e8000000, 0x00000000e8000000)
  to   space 21824K,   0% used [0x00000000e5560000, 0x00000000e5560000, 0x00000000e6ab0000)
 concurrent mark-sweep generation total 393216K, used 164132K [0x00000000e8000000, 0x0000000100000000, 0x0000000100000000)
 Metaspace       used 42114K, capacity 43351K, committed 43500K, reserved 1087488K
  class space    used 5187K, capacity 5511K, committed 5612K, reserved 1048576K
}
2018-10-31T21:25:30.967-0700: 32.499: Total time for which application threads were stopped: 0.0160332 seconds, Stopping threads took: 0.0000481 seconds
2018-10-31T21:25:31.204-0700: 32.721: Total time for which application threads were stopped: 0.0004077 seconds, Stopping threads took: 0.0002013 seconds
2018-10-31T21:25:31.204-0700: 32.721: Total time for which application threads were stopped: 0.0001834 seconds, Stopping threads took: 0.0000500 seconds
{Heap before GC invocations=43 (full 3):
 par new generation   total 109248K, used 109244K [0x00000000e0000000, 0x00000000e8000000, 0x00000000e8000000)
  eden space 87424K,  99% used [0x00000000e0000000, 0x00000000e555f280, 0x00000000e5560000)
  from space 21824K, 100% used [0x00000000e6ab0000, 0x00000000e8000000, 0x00000000e8000000)
  to   space 21824K,   0% used [0x00000000e5560000, 0x00000000e5560000, 0x00000000e6ab0000)
 concurrent mark-sweep generation total 393216K, used 164132K [0x00000000e8000000, 0x0000000100000000, 0x0000000100000000)
 Metaspace       used 42118K, capacity 43415K, committed 43756K, reserved 1087488K
  class space    used 5187K, capacity 5511K, committed 5612K, reserved 1048576K
2018-10-31T21:25:31.563-0700: 33.087: [GC (Allocation Failure) 2018-10-31T21:25:31.563-0700: 33.087: [ParNew
Desired survivor size 20112992 bytes, new threshold 4 (max 8)
- age   1:    6218440 bytes,    6218440 total
- age   2:    5274096 bytes,   11492536 total
- age   3:    2959264 bytes,   14451800 total
- age   4:    7829064 bytes,   22280864 total
: 109244K->21824K(109248K), 0.0147671 secs] 273377K->200384K(502464K), 0.0148283 secs] [Times: user=0.06 sys=0.00, real=0.02 secs] 
Heap after GC invocations=44 (full 3):
 par new generation   total 109248K, used 21824K [0x00000000e0000000, 0x00000000e8000000, 0x00000000e8000000)
  eden space 87424K,   0% used [0x00000000e0000000, 0x00000000e0000000, 0x00000000e5560000)
  from space 21824K, 100% used [0x00000000e5560000, 0x00000000e6ab0000, 0x00000000e6ab0000)
  to   space 21824K,   0% used [0x00000000e6ab0000, 0x00000000e6ab0000, 0x00000000e8000000)
 concurrent mark-sweep generation total 393216K, used 178560K [0x00000000e8000000, 0x0000000100000000, 0x0000000100000000)
 Metaspace       used 42118K, capacity 43415K, committed 43756K, reserved 1087488K
  class space    used 5187K, capacity 5511K, committed 5612K, reserved 1048576K
}
2018-10-31T21:25:31.579-0700: 33.102: Total time for which application threads were stopped: 0.0150847 seconds, Stopping threads took: 0.0000780 seconds
{Heap before GC invocations=44 (full 3):
 par new generation   total 109248K, used 109248K [0x00000000e0000000, 0x00000000e8000000, 0x00000000e8000000)
  eden space 87424K, 100% used [0x00000000e0000000, 0x00000000e5560000, 0x00000000e5560000)
  from space 21824K, 100% used [0x00000000e5560000, 0x00000000e6ab0000, 0x00000000e6ab0000)
  to   space 21824K,   0% used [0x00000000e6ab0000, 0x00000000e6ab0000, 0x00000000e8000000)
 concurrent mark-sweep generation total 393216K, used 178560K [0x00000000e8000000, 0x0000000100000000, 0x0000000100000000)
 Metaspace       used 42120K, capacity 43415K, committed 43756K, reserved 1087488K
  class space    used 5187K, capacity 5511K, committed 5612K, reserved 1048576K
2018-10-31T21:25:31.879-0700: 33.410: [GC (Allocation Failure) 2018-10-31T21:25:31.879-0700: 33.410: [ParNew
Desired survivor size 20112992 bytes, new threshold 8 (max 8)
- age   1:    7247216 bytes,    7247216 total
- age   2:    5074552 bytes,   12321768 total
- age   3:    3214440 bytes,   15536208 total
- age   4:    2958240 bytes,   18494448 total
: 109248K->21824K(109248K), 0.0115419 secs] 287808K->212976K(502464K), 0.0116083 secs] [Times: user=0.06 sys=0.00, real=0.02 secs] 
Heap after GC invocations=45 (full 3):
 par new generation   total 109248K, used 21824K [0x00000000e0000000, 0x00000000e8000000, 0x00000000e8000000)
  eden space 87424K,   0% used [0x00000000e0000000, 0x00000000e0000000, 0x00000000e5560000)
  from space 21824K, 100% used [0x00000000e6ab0000, 0x00000000e8000000, 0x00000000e8000000)
  to   space 21824K,   0% used [0x00000000e5560000, 0x00000000e5560000, 0x00000000e6ab0000)
 concurrent mark-sweep generation total 393216K, used 191152K [0x00000000e8000000, 0x0000000100000000, 0x0000000100000000)
 Metaspace       used 42120K, capacity 43415K, committed 43756K, reserved 1087488K
  class space    used 5187K, capacity 5511K, committed 5612K, reserved 1048576K
}
2018-10-31T21:25:31.894-0700: 33.422: Total time for which application threads were stopped: 0.0118376 seconds, Stopping threads took: 0.0000551 seconds
{Heap before GC invocations=45 (full 3):
 par new generation   total 109248K, used 109248K [0x00000000e0000000, 0x00000000e8000000, 0x00000000e8000000)
  eden space 87424K, 100% used [0x00000000e0000000, 0x00000000e5560000, 0x00000000e5560000)
  from space 21824K, 100% used [0x00000000e6ab0000, 0x00000000e8000000, 0x00000000e8000000)
  to   space 21824K,   0% used [0x00000000e5560000, 0x00000000e5560000, 0x00000000e6ab0000)
 concurrent mark-sweep generation total 393216K, used 191152K [0x00000000e8000000, 0x0000000100000000, 0x0000000100000000)
 Metaspace       used 42120K, capacity 43415K, committed 43756K, reserved 1087488K
  class space    used 5187K, capacity 5511K, committed 5612K, reserved 1048576K
2018-10-31T21:25:32.125-0700: 33.646: [GC (Allocation Failure) 2018-10-31T21:25:32.125-0700: 33.646: [ParNew
Desired survivor size 20112992 bytes, new threshold 5 (max 8)
- age   1:    7007664 bytes,    7007664 total
- age   2:    5153824 bytes,   12161488 total
- age   3:    4833992 bytes,   16995480 total
- age   4:    3081680 bytes,   20077160 total
- age   5:    2256712 bytes,   22333872 total
: 109248K->21824K(109248K), 0.0104249 secs] 300400K->215398K(502464K), 0.0104843 secs] [Times: user=0.00 sys=0.00, real=0.00 secs] 
Heap after GC invocations=46 (full 3):
 par new generation   total 109248K, used 21824K [0x00000000e0000000, 0x00000000e8000000, 0x00000000e8000000)
  eden space 87424K,   0% used [0x00000000e0000000, 0x00000000e0000000, 0x00000000e5560000)
  from space 21824K, 100% used [0x00000000e5560000, 0x00000000e6ab0000, 0x00000000e6ab0000)
  to   space 21824K,   0% used [0x00000000e6ab0000, 0x00000000e6ab0000, 0x00000000e8000000)
 concurrent mark-sweep generation total 393216K, used 193574K [0x00000000e8000000, 0x0000000100000000, 0x0000000100000000)
 Metaspace       used 42120K, capacity 43415K, committed 43756K, reserved 1087488K
  class space    used 5187K, capacity 5511K, committed 5612K, reserved 1048576K
}
2018-10-31T21:25:32.125-0700: 33.656: Total time for which application threads were stopped: 0.0107021 seconds, Stopping threads took: 0.0000605 seconds
{Heap before GC invocations=46 (full 3):
 par new generation   total 109248K, used 109248K [0x00000000e0000000, 0x00000000e8000000, 0x00000000e8000000)
  eden space 87424K, 100% used [0x00000000e0000000, 0x00000000e5560000, 0x00000000e5560000)
  from space 21824K, 100% used [0x00000000e5560000, 0x00000000e6ab0000, 0x00000000e6ab0000)
  to   space 21824K,   0% used [0x00000000e6ab0000, 0x00000000e6ab0000, 0x00000000e8000000)
 concurrent mark-sweep generation total 393216K, used 193574K [0x00000000e8000000, 0x0000000100000000, 0x0000000100000000)
 Metaspace       used 42120K, capacity 43415K, committed 43756K, reserved 1087488K
  class space    used 5187K, capacity 5511K, committed 5612K, reserved 1048576K
2018-10-31T21:25:32.438-0700: 33.963: [GC (Allocation Failure) 2018-10-31T21:25:32.438-0700: 33.963: [ParNew
Desired survivor size 20112992 bytes, new threshold 5 (max 8)
- age   1:    8436280 bytes,    8436280 total
- age   2:    2375608 bytes,   10811888 total
- age   3:    3318440 bytes,   14130328 total
- age   4:    5939248 bytes,   20069576 total
- age   5:    2910928 bytes,   22980504 total
: 109248K->21824K(109248K), 0.0122928 secs] 302822K->221855K(502464K), 0.0123752 secs] [Times: user=0.06 sys=0.00, real=0.02 secs] 
Heap after GC invocations=47 (full 3):
 par new generation   total 109248K, used 21824K [0x00000000e0000000, 0x00000000e8000000, 0x00000000e8000000)
  eden space 87424K,   0% used [0x00000000e0000000, 0x00000000e0000000, 0x00000000e5560000)
  from space 21824K, 100% used [0x00000000e6ab0000, 0x00000000e8000000, 0x00000000e8000000)
  to   space 21824K,   0% used [0x00000000e5560000, 0x00000000e5560000, 0x00000000e6ab0000)
 concurrent mark-sweep generation total 393216K, used 200031K [0x00000000e8000000, 0x0000000100000000, 0x0000000100000000)
 Metaspace       used 42120K, capacity 43415K, committed 43756K, reserved 1087488K
  class space    used 5187K, capacity 5511K, committed 5612K, reserved 1048576K
}
2018-10-31T21:25:32.453-0700: 33.975: Total time for which application threads were stopped: 0.0126633 seconds, Stopping threads took: 0.0000686 seconds
2018-10-31T21:25:32.453-0700: 33.975: [GC (CMS Initial Mark) [1 CMS-initial-mark: 200031K(393216K)] 223032K(502464K), 0.0018153 secs] [Times: user=0.00 sys=0.00, real=0.00 secs] 
2018-10-31T21:25:32.453-0700: 33.977: Total time for which application threads were stopped: 0.0021545 seconds, Stopping threads took: 0.0002476 seconds
2018-10-31T21:25:32.453-0700: 33.977: [CMS-concurrent-mark-start]
2018-10-31T21:25:32.469-0700: 33.999: [CMS-concurrent-mark: 0.021/0.021 secs] [Times: user=0.13 sys=0.00, real=0.02 secs] 
2018-10-31T21:25:32.469-0700: 33.999: [CMS-concurrent-preclean-start]
2018-10-31T21:25:32.469-0700: 34.000: [CMS-concurrent-preclean: 0.001/0.001 secs] [Times: user=0.00 sys=0.00, real=0.00 secs] 
2018-10-31T21:25:32.469-0700: 34.000: [CMS-concurrent-abortable-preclean-start]
{Heap before GC invocations=47 (full 4):
 par new generation   total 109248K, used 109248K [0x00000000e0000000, 0x00000000e8000000, 0x00000000e8000000)
  eden space 87424K, 100% used [0x00000000e0000000, 0x00000000e5560000, 0x00000000e5560000)
  from space 21824K, 100% used [0x00000000e6ab0000, 0x00000000e8000000, 0x00000000e8000000)
  to   space 21824K,   0% used [0x00000000e5560000, 0x00000000e5560000, 0x00000000e6ab0000)
 concurrent mark-sweep generation total 393216K, used 200031K [0x00000000e8000000, 0x0000000100000000, 0x0000000100000000)
 Metaspace       used 42120K, capacity 43415K, committed 43756K, reserved 1087488K
  class space    used 5187K, capacity 5511K, committed 5612K, reserved 1048576K
2018-10-31T21:25:32.602-0700: 34.134: [GC (Allocation Failure) 2018-10-31T21:25:32.602-0700: 34.134: [ParNew
Desired survivor size 20112992 bytes, new threshold 8 (max 8)
- age   1:    3269088 bytes,    3269088 total
- age   2:    5954120 bytes,    9223208 total
- age   3:    1390144 bytes,   10613352 total
- age   4:    3264832 bytes,   13878184 total
- age   5:    5286208 bytes,   19164392 total
: 109248K->21824K(109248K), 0.0097032 secs] 309279K->228194K(502464K), 0.0097627 secs] [Times: user=0.06 sys=0.00, real=0.02 secs] 
Heap after GC invocations=48 (full 4):
 par new generation   total 109248K, used 21824K [0x00000000e0000000, 0x00000000e8000000, 0x00000000e8000000)
  eden space 87424K,   0% used [0x00000000e0000000, 0x00000000e0000000, 0x00000000e5560000)
  from space 21824K, 100% used [0x00000000e5560000, 0x00000000e6ab0000, 0x00000000e6ab0000)
  to   space 21824K,   0% used [0x00000000e6ab0000, 0x00000000e6ab0000, 0x00000000e8000000)
 concurrent mark-sweep generation total 393216K, used 206370K [0x00000000e8000000, 0x0000000100000000, 0x0000000100000000)
 Metaspace       used 42120K, capacity 43415K, committed 43756K, reserved 1087488K
  class space    used 5187K, capacity 5511K, committed 5612K, reserved 1048576K
}
2018-10-31T21:25:32.618-0700: 34.143: Total time for which application threads were stopped: 0.0099968 seconds, Stopping threads took: 0.0000525 seconds
2018-10-31T21:25:32.841-0700: 34.358: [CMS-concurrent-abortable-preclean: 0.255/0.358 secs] [Times: user=1.13 sys=0.14, real=0.37 secs] 
2018-10-31T21:25:32.841-0700: 34.358: [GC (CMS Final Remark) [YG occupancy: 84438 K (109248 K)]{Heap before GC invocations=48 (full 4):
 par new generation   total 109248K, used 84438K [0x00000000e0000000, 0x00000000e8000000, 0x00000000e8000000)
  eden space 87424K,  71% used [0x00000000e0000000, 0x00000000e3d25928, 0x00000000e5560000)
  from space 21824K, 100% used [0x00000000e5560000, 0x00000000e6ab0000, 0x00000000e6ab0000)
  to   space 21824K,   0% used [0x00000000e6ab0000, 0x00000000e6ab0000, 0x00000000e8000000)
 concurrent mark-sweep generation total 393216K, used 206370K [0x00000000e8000000, 0x0000000100000000, 0x0000000100000000)
 Metaspace       used 42121K, capacity 43415K, committed 43756K, reserved 1087488K
  class space    used 5187K, capacity 5511K, committed 5612K, reserved 1048576K
2018-10-31T21:25:32.841-0700: 34.358: [GC (CMS Final Remark) 2018-10-31T21:25:32.841-0700: 34.358: [ParNew
Desired survivor size 20112992 bytes, new threshold 6 (max 8)
- age   1:    5226832 bytes,    5226832 total
- age   2:    3186584 bytes,    8413416 total
- age   3:    4549024 bytes,   12962440 total
- age   4:    1381072 bytes,   14343512 total
- age   5:    3233248 bytes,   17576760 total
- age   6:    4969976 bytes,   22546736 total
: 84438K->21824K(109248K), 0.0087872 secs] 290808K->229460K(502464K), 0.0088360 secs] [Times: user=0.00 sys=0.00, real=0.00 secs] 
Heap after GC invocations=49 (full 4):
 par new generation   total 109248K, used 21824K [0x00000000e0000000, 0x00000000e8000000, 0x00000000e8000000)
  eden space 87424K,   0% used [0x00000000e0000000, 0x00000000e0000000, 0x00000000e5560000)
  from space 21824K, 100% used [0x00000000e6ab0000, 0x00000000e8000000, 0x00000000e8000000)
  to   space 21824K,   0% used [0x00000000e5560000, 0x00000000e5560000, 0x00000000e6ab0000)
 concurrent mark-sweep generation total 393216K, used 207636K [0x00000000e8000000, 0x0000000100000000, 0x0000000100000000)
 Metaspace       used 42121K, capacity 43415K, committed 43756K, reserved 1087488K
  class space    used 5187K, capacity 5511K, committed 5612K, reserved 1048576K
}
2018-10-31T21:25:32.845-0700: 34.367: [Rescan (parallel) , 0.0019247 secs]2018-10-31T21:25:32.845-0700: 34.369: [weak refs processing, 0.0005908 secs]2018-10-31T21:25:32.845-0700: 34.370: [class unloading, 0.0065856 secs]2018-10-31T21:25:32.845-0700: 34.376: [scrub symbol table, 0.0076942 secs]2018-10-31T21:25:32.860-0700: 34.384: [scrub string table, 0.0005109 secs][1 CMS-remark: 207636K(393216K)] 229460K(502464K), 0.0264541 secs] [Times: user=0.02 sys=0.00, real=0.02 secs] 
2018-10-31T21:25:32.860-0700: 34.385: Total time for which application threads were stopped: 0.0266310 seconds, Stopping threads took: 0.0000602 seconds
2018-10-31T21:25:32.860-0700: 34.385: [CMS-concurrent-sweep-start]
2018-10-31T21:25:32.892-0700: 34.418: [CMS-concurrent-sweep: 0.033/0.033 secs] [Times: user=0.09 sys=0.00, real=0.03 secs] 
2018-10-31T21:25:32.892-0700: 34.418: [CMS-concurrent-reset-start]
2018-10-31T21:25:32.892-0700: 34.418: [CMS-concurrent-reset: 0.000/0.000 secs] [Times: user=0.00 sys=0.00, real=0.00 secs] 
{Heap before GC invocations=49 (full 4):
 par new generation   total 109248K, used 109248K [0x00000000e0000000, 0x00000000e8000000, 0x00000000e8000000)
  eden space 87424K, 100% used [0x00000000e0000000, 0x00000000e5560000, 0x00000000e5560000)
  from space 21824K, 100% used [0x00000000e6ab0000, 0x00000000e8000000, 0x00000000e8000000)
  to   space 21824K,   0% used [0x00000000e5560000, 0x00000000e5560000, 0x00000000e6ab0000)
 concurrent mark-sweep generation total 393216K, used 145887K [0x00000000e8000000, 0x0000000100000000, 0x0000000100000000)
 Metaspace       used 42121K, capacity 43415K, committed 43756K, reserved 1087488K
  class space    used 5187K, capacity 5511K, committed 5612K, reserved 1048576K
2018-10-31T21:25:33.187-0700: 34.704: [GC (Allocation Failure) 2018-10-31T21:25:33.187-0700: 34.705: [ParNew
Desired survivor size 20112992 bytes, new threshold 6 (max 8)
- age   1:   10884456 bytes,   10884456 total
- age   2:    3212632 bytes,   14097088 total
- age   3:     349360 bytes,   14446448 total
- age   4:    2890368 bytes,   17336816 total
- age   5:    1373528 bytes,   18710344 total
- age   6:    2899528 bytes,   21609872 total
: 109248K->21824K(109248K), 0.0098480 secs] 255135K->172716K(502464K), 0.0099089 secs] [Times: user=0.00 sys=0.00, real=0.00 secs] 
Heap after GC invocations=50 (full 4):
 par new generation   total 109248K, used 21824K [0x00000000e0000000, 0x00000000e8000000, 0x00000000e8000000)
  eden space 87424K,   0% used [0x00000000e0000000, 0x00000000e0000000, 0x00000000e5560000)
  from space 21824K, 100% used [0x00000000e5560000, 0x00000000e6ab0000, 0x00000000e6ab0000)
  to   space 21824K,   0% used [0x00000000e6ab0000, 0x00000000e6ab0000, 0x00000000e8000000)
 concurrent mark-sweep generation total 393216K, used 150892K [0x00000000e8000000, 0x0000000100000000, 0x0000000100000000)
 Metaspace       used 42121K, capacity 43415K, committed 43756K, reserved 1087488K
  class space    used 5187K, capacity 5511K, committed 5612K, reserved 1048576K
}
2018-10-31T21:25:33.187-0700: 34.714: Total time for which application threads were stopped: 0.0101521 seconds, Stopping threads took: 0.0000609 seconds
2018-10-31T21:25:33.421-0700: 34.952: Total time for which application threads were stopped: 0.0001969 seconds, Stopping threads took: 0.0000635 seconds
2018-10-31T21:25:33.421-0700: 34.953: Total time for which application threads were stopped: 0.0001178 seconds, Stopping threads took: 0.0000507 seconds
2018-10-31T21:25:33.452-0700: 34.985: Total time for which application threads were stopped: 0.0001316 seconds, Stopping threads took: 0.0000558 seconds
{Heap before GC invocations=50 (full 4):
 par new generation   total 109248K, used 109248K [0x00000000e0000000, 0x00000000e8000000, 0x00000000e8000000)
  eden space 87424K, 100% used [0x00000000e0000000, 0x00000000e5560000, 0x00000000e5560000)
  from space 21824K, 100% used [0x00000000e5560000, 0x00000000e6ab0000, 0x00000000e6ab0000)
  to   space 21824K,   0% used [0x00000000e6ab0000, 0x00000000e6ab0000, 0x00000000e8000000)
 concurrent mark-sweep generation total 393216K, used 150892K [0x00000000e8000000, 0x0000000100000000, 0x0000000100000000)
 Metaspace       used 42126K, capacity 43415K, committed 43756K, reserved 1087488K
  class space    used 5187K, capacity 5511K, committed 5612K, reserved 1048576K
2018-10-31T21:25:33.626-0700: 35.153: [GC (Allocation Failure) 2018-10-31T21:25:33.626-0700: 35.153: [ParNew
Desired survivor size 20112992 bytes, new threshold 5 (max 8)
- age   1:   11079336 bytes,   11079336 total
- age   2:    2889304 bytes,   13968640 total
- age   3:    3176016 bytes,   17144656 total
- age   4:     347216 bytes,   17491872 total
- age   5:    2885952 bytes,   20377824 total
- age   6:    1371712 bytes,   21749536 total
: 109248K->21824K(109248K), 0.0112374 secs] 260140K->179964K(502464K), 0.0113089 secs] [Times: user=0.06 sys=0.00, real=0.02 secs] 
Heap after GC invocations=51 (full 4):
 par new generation   total 109248K, used 21824K [0x00000000e0000000, 0x00000000e8000000, 0x00000000e8000000)
  eden space 87424K,   0% used [0x00000000e0000000, 0x00000000e0000000, 0x00000000e5560000)
  from space 21824K, 100% used [0x00000000e6ab0000, 0x00000000e8000000, 0x00000000e8000000)
  to   space 21824K,   0% used [0x00000000e5560000, 0x00000000e5560000, 0x00000000e6ab0000)
 concurrent mark-sweep generation total 393216K, used 158140K [0x00000000e8000000, 0x0000000100000000, 0x0000000100000000)
 Metaspace       used 42126K, capacity 43415K, committed 43756K, reserved 1087488K
  class space    used 5187K, capacity 5511K, committed 5612K, reserved 1048576K
}
2018-10-31T21:25:33.642-0700: 35.164: Total time for which application threads were stopped: 0.0115736 seconds, Stopping threads took: 0.0000700 seconds
2018-10-31T21:25:33.815-0700: 35.345: Total time for which application threads were stopped: 0.0001244 seconds, Stopping threads took: 0.0000587 seconds
2018-10-31T21:25:33.830-0700: 35.356: Total time for which application threads were stopped: 0.0002586 seconds, Stopping threads took: 0.0000923 seconds
2018-10-31T21:25:33.862-0700: 35.383: Total time for which application threads were stopped: 0.0002586 seconds, Stopping threads took: 0.0000707 seconds
2018-10-31T21:25:33.862-0700: 35.384: Total time for which application threads were stopped: 0.0001812 seconds, Stopping threads took: 0.0000580 seconds
{Heap before GC invocations=51 (full 4):
 par new generation   total 109248K, used 109248K [0x00000000e0000000, 0x00000000e8000000, 0x00000000e8000000)
  eden space 87424K, 100% used [0x00000000e0000000, 0x00000000e5560000, 0x00000000e5560000)
  from space 21824K, 100% used [0x00000000e6ab0000, 0x00000000e8000000, 0x00000000e8000000)
  to   space 21824K,   0% used [0x00000000e5560000, 0x00000000e5560000, 0x00000000e6ab0000)
 concurrent mark-sweep generation total 393216K, used 158140K [0x00000000e8000000, 0x0000000100000000, 0x0000000100000000)
 Metaspace       used 42143K, capacity 43415K, committed 43756K, reserved 1087488K
  class space    used 5187K, capacity 5511K, committed 5612K, reserved 1048576K
2018-10-31T21:25:34.016-0700: 35.536: [GC (Allocation Failure) 2018-10-31T21:25:34.016-0700: 35.536: [ParNew
Desired survivor size 20112992 bytes, new threshold 4 (max 8)
- age   1:    9643000 bytes,    9643000 total
- age   2:    6481272 bytes,   16124272 total
- age   3:    2433504 bytes,   18557776 total
- age   4:    2915080 bytes,   21472856 total
- age   5:     339488 bytes,   21812344 total
: 109248K->21824K(109248K), 0.0115926 secs] 267388K->191002K(502464K), 0.0116622 secs] [Times: user=0.00 sys=0.00, real=0.00 secs] 
Heap after GC invocations=52 (full 4):
 par new generation   total 109248K, used 21824K [0x00000000e0000000, 0x00000000e8000000, 0x00000000e8000000)
  eden space 87424K,   0% used [0x00000000e0000000, 0x00000000e0000000, 0x00000000e5560000)
  from space 21824K, 100% used [0x00000000e5560000, 0x00000000e6ab0000, 0x00000000e6ab0000)
  to   space 21824K,   0% used [0x00000000e6ab0000, 0x00000000e6ab0000, 0x00000000e8000000)
 concurrent mark-sweep generation total 393216K, used 169178K [0x00000000e8000000, 0x0000000100000000, 0x0000000100000000)
 Metaspace       used 42143K, capacity 43415K, committed 43756K, reserved 1087488K
  class space    used 5187K, capacity 5511K, committed 5612K, reserved 1048576K
}
2018-10-31T21:25:34.016-0700: 35.547: Total time for which application threads were stopped: 0.0119120 seconds, Stopping threads took: 0.0000635 seconds
{Heap before GC invocations=52 (full 4):
 par new generation   total 109248K, used 109248K [0x00000000e0000000, 0x00000000e8000000, 0x00000000e8000000)
  eden space 87424K, 100% used [0x00000000e0000000, 0x00000000e5560000, 0x00000000e5560000)
  from space 21824K, 100% used [0x00000000e5560000, 0x00000000e6ab0000, 0x00000000e6ab0000)
  to   space 21824K,   0% used [0x00000000e6ab0000, 0x00000000e6ab0000, 0x00000000e8000000)
 concurrent mark-sweep generation total 393216K, used 169178K [0x00000000e8000000, 0x0000000100000000, 0x0000000100000000)
 Metaspace       used 42143K, capacity 43415K, committed 43756K, reserved 1087488K
  class space    used 5187K, capacity 5511K, committed 5612K, reserved 1048576K
2018-10-31T21:25:34.221-0700: 35.746: [GC (Allocation Failure) 2018-10-31T21:25:34.221-0700: 35.746: [ParNew
Desired survivor size 20112992 bytes, new threshold 4 (max 8)
- age   1:    5291792 bytes,    5291792 total
- age   2:    7062848 bytes,   12354640 total
- age   3:    6479192 bytes,   18833832 total
- age   4:    2433024 bytes,   21266856 total
: 109248K->21824K(109248K), 0.0110051 secs] 278426K->196297K(502464K), 0.0110912 secs] [Times: user=0.06 sys=0.00, real=0.02 secs] 
Heap after GC invocations=53 (full 4):
 par new generation   total 109248K, used 21824K [0x00000000e0000000, 0x00000000e8000000, 0x00000000e8000000)
  eden space 87424K,   0% used [0x00000000e0000000, 0x00000000e0000000, 0x00000000e5560000)
  from space 21824K, 100% used [0x00000000e6ab0000, 0x00000000e8000000, 0x00000000e8000000)
  to   space 21824K,   0% used [0x00000000e5560000, 0x00000000e5560000, 0x00000000e6ab0000)
 concurrent mark-sweep generation total 393216K, used 174473K [0x00000000e8000000, 0x0000000100000000, 0x0000000100000000)
 Metaspace       used 42143K, capacity 43415K, committed 43756K, reserved 1087488K
  class space    used 5187K, capacity 5511K, committed 5612K, reserved 1048576K
}
2018-10-31T21:25:34.236-0700: 35.758: Total time for which application threads were stopped: 0.0113005 seconds, Stopping threads took: 0.0000489 seconds
2018-10-31T21:25:34.439-0700: 35.962: Total time for which application threads were stopped: 0.0001557 seconds, Stopping threads took: 0.0000729 seconds
2018-10-31T21:25:34.439-0700: 35.962: Total time for which application threads were stopped: 0.0000893 seconds, Stopping threads took: 0.0000449 seconds
2018-10-31T21:25:34.439-0700: 35.963: Total time for which application threads were stopped: 0.0000963 seconds, Stopping threads took: 0.0000456 seconds
2018-10-31T21:25:34.439-0700: 35.963: Total time for which application threads were stopped: 0.0000828 seconds, Stopping threads took: 0.0000474 seconds
2018-10-31T21:25:34.439-0700: 35.963: Total time for which application threads were stopped: 0.0001087 seconds, Stopping threads took: 0.0000503 seconds
2018-10-31T21:25:34.439-0700: 35.963: Total time for which application threads were stopped: 0.0000879 seconds, Stopping threads took: 0.0000489 seconds
2018-10-31T21:25:34.439-0700: 35.969: Total time for which application threads were stopped: 0.0001174 seconds, Stopping threads took: 0.0000412 seconds
2018-10-31T21:25:34.439-0700: 35.969: Total time for which application threads were stopped: 0.0000850 seconds, Stopping threads took: 0.0000310 seconds
{Heap before GC invocations=53 (full 4):
 par new generation   total 109248K, used 109248K [0x00000000e0000000, 0x00000000e8000000, 0x00000000e8000000)
  eden space 87424K, 100% used [0x00000000e0000000, 0x00000000e5560000, 0x00000000e5560000)
  from space 21824K, 100% used [0x00000000e6ab0000, 0x00000000e8000000, 0x00000000e8000000)
  to   space 21824K,   0% used [0x00000000e5560000, 0x00000000e5560000, 0x00000000e6ab0000)
 concurrent mark-sweep generation total 393216K, used 174473K [0x00000000e8000000, 0x0000000100000000, 0x0000000100000000)
 Metaspace       used 42160K, capacity 43419K, committed 43756K, reserved 1087488K
  class space    used 5187K, capacity 5511K, committed 5612K, reserved 1048576K
2018-10-31T21:25:34.491-0700: 36.008: [GC (Allocation Failure) 2018-10-31T21:25:34.491-0700: 36.008: [ParNew
Desired survivor size 20112992 bytes, new threshold 4 (max 8)
- age   1:    8187240 bytes,    8187240 total
- age   2:    2449816 bytes,   10637056 total
- age   3:    4868416 bytes,   15505472 total
- age   4:    6409568 bytes,   21915040 total
: 109248K->21824K(109248K), 0.0097189 secs] 283721K->201175K(502464K), 0.0097849 secs] [Times: user=0.00 sys=0.00, real=0.01 secs] 
Heap after GC invocations=54 (full 4):
 par new generation   total 109248K, used 21824K [0x00000000e0000000, 0x00000000e8000000, 0x00000000e8000000)
  eden space 87424K,   0% used [0x00000000e0000000, 0x00000000e0000000, 0x00000000e5560000)
  from space 21824K, 100% used [0x00000000e5560000, 0x00000000e6ab0000, 0x00000000e6ab0000)
  to   space 21824K,   0% used [0x00000000e6ab0000, 0x00000000e6ab0000, 0x00000000e8000000)
 concurrent mark-sweep generation total 393216K, used 179351K [0x00000000e8000000, 0x0000000100000000, 0x0000000100000000)
 Metaspace       used 42160K, capacity 43419K, committed 43756K, reserved 1087488K
  class space    used 5187K, capacity 5511K, committed 5612K, reserved 1048576K
}
2018-10-31T21:25:34.501-0700: 36.018: Total time for which application threads were stopped: 0.0100117 seconds, Stopping threads took: 0.0000609 seconds
{Heap before GC invocations=54 (full 4):
 par new generation   total 109248K, used 109248K [0x00000000e0000000, 0x00000000e8000000, 0x00000000e8000000)
  eden space 87424K, 100% used [0x00000000e0000000, 0x00000000e5560000, 0x00000000e5560000)
  from space 21824K, 100% used [0x00000000e5560000, 0x00000000e6ab0000, 0x00000000e6ab0000)
  to   space 21824K,   0% used [0x00000000e6ab0000, 0x00000000e6ab0000, 0x00000000e8000000)
 concurrent mark-sweep generation total 393216K, used 179351K [0x00000000e8000000, 0x0000000100000000, 0x0000000100000000)
 Metaspace       used 42160K, capacity 43419K, committed 43756K, reserved 1087488K
  class space    used 5187K, capacity 5511K, committed 5612K, reserved 1048576K
2018-10-31T21:25:34.999-0700: 36.525: [GC (Allocation Failure) 2018-10-31T21:25:34.999-0700: 36.525: [ParNew
Desired survivor size 20112992 bytes, new threshold 4 (max 8)
- age   1:   11038720 bytes,   11038720 total
- age   2:    3641944 bytes,   14680664 total
- age   3:    2410984 bytes,   17091648 total
- age   4:    4797176 bytes,   21888824 total
: 109248K->21824K(109248K), 0.0122898 secs] 288599K->212658K(502464K), 0.0123653 secs] [Times: user=0.06 sys=0.00, real=0.02 secs] 
Heap after GC invocations=55 (full 4):
 par new generation   total 109248K, used 21824K [0x00000000e0000000, 0x00000000e8000000, 0x00000000e8000000)
  eden space 87424K,   0% used [0x00000000e0000000, 0x00000000e0000000, 0x00000000e5560000)
  from space 21824K, 100% used [0x00000000e6ab0000, 0x00000000e8000000, 0x00000000e8000000)
  to   space 21824K,   0% used [0x00000000e5560000, 0x00000000e5560000, 0x00000000e6ab0000)
 concurrent mark-sweep generation total 393216K, used 190834K [0x00000000e8000000, 0x0000000100000000, 0x0000000100000000)
 Metaspace       used 42160K, capacity 43419K, committed 43756K, reserved 1087488K
  class space    used 5187K, capacity 5511K, committed 5612K, reserved 1048576K
}
2018-10-31T21:25:35.015-0700: 36.537: Total time for which application threads were stopped: 0.0125371 seconds, Stopping threads took: 0.0000292 seconds
{Heap before GC invocations=55 (full 4):
 par new generation   total 109248K, used 109248K [0x00000000e0000000, 0x00000000e8000000, 0x00000000e8000000)
  eden space 87424K, 100% used [0x00000000e0000000, 0x00000000e5560000, 0x00000000e5560000)
  from space 21824K, 100% used [0x00000000e6ab0000, 0x00000000e8000000, 0x00000000e8000000)
  to   space 21824K,   0% used [0x00000000e5560000, 0x00000000e5560000, 0x00000000e6ab0000)
 concurrent mark-sweep generation total 393216K, used 190834K [0x00000000e8000000, 0x0000000100000000, 0x0000000100000000)
 Metaspace       used 42160K, capacity 43419K, committed 43756K, reserved 1087488K
  class space    used 5187K, capacity 5511K, committed 5612K, reserved 1048576K
2018-10-31T21:25:35.515-0700: 37.032: [GC (Allocation Failure) 2018-10-31T21:25:35.515-0700: 37.032: [ParNew
Desired survivor size 20112992 bytes, new threshold 4 (max 8)
- age   1:   15042448 bytes,   15042448 total
- age   2:    2307392 bytes,   17349840 total
- age   3:    2525168 bytes,   19875008 total
- age   4:    2411240 bytes,   22286248 total
: 109248K->21824K(109248K), 0.0110605 secs] 300082K->221891K(502464K), 0.0111196 secs] [Times: user=0.00 sys=0.00, real=0.00 secs] 
Heap after GC invocations=56 (full 4):
 par new generation   total 109248K, used 21824K [0x00000000e0000000, 0x00000000e8000000, 0x00000000e8000000)
  eden space 87424K,   0% used [0x00000000e0000000, 0x00000000e0000000, 0x00000000e5560000)
  from space 21824K, 100% used [0x00000000e5560000, 0x00000000e6ab0000, 0x00000000e6ab0000)
  to   space 21824K,   0% used [0x00000000e6ab0000, 0x00000000e6ab0000, 0x00000000e8000000)
 concurrent mark-sweep generation total 393216K, used 200067K [0x00000000e8000000, 0x0000000100000000, 0x0000000100000000)
 Metaspace       used 42160K, capacity 43419K, committed 43756K, reserved 1087488K
  class space    used 5187K, capacity 5511K, committed 5612K, reserved 1048576K
}
2018-10-31T21:25:35.515-0700: 37.043: Total time for which application threads were stopped: 0.0112998 seconds, Stopping threads took: 0.0000299 seconds
2018-10-31T21:25:35.515-0700: 37.043: [GC (CMS Initial Mark) [1 CMS-initial-mark: 200067K(393216K)] 222684K(502464K), 0.0018270 secs] [Times: user=0.00 sys=0.00, real=0.00 secs] 
2018-10-31T21:25:35.515-0700: 37.045: Total time for which application threads were stopped: 0.0019543 seconds, Stopping threads took: 0.0000288 seconds
2018-10-31T21:25:35.515-0700: 37.045: [CMS-concurrent-mark-start]
2018-10-31T21:25:35.530-0700: 37.059: [CMS-concurrent-mark: 0.013/0.013 secs] [Times: user=0.08 sys=0.00, real=0.01 secs] 
2018-10-31T21:25:35.530-0700: 37.059: [CMS-concurrent-preclean-start]
2018-10-31T21:25:35.530-0700: 37.059: [CMS-concurrent-preclean: 0.001/0.001 secs] [Times: user=0.00 sys=0.00, real=0.00 secs] 
2018-10-31T21:25:35.530-0700: 37.060: [CMS-concurrent-abortable-preclean-start]
2018-10-31T21:25:35.892-0700: 37.409: [CMS-concurrent-abortable-preclean: 0.139/0.350 secs] [Times: user=0.53 sys=0.01, real=0.36 secs] 
2018-10-31T21:25:35.892-0700: 37.410: [GC (CMS Final Remark) [YG occupancy: 82014 K (109248 K)]{Heap before GC invocations=56 (full 5):
 par new generation   total 109248K, used 82014K [0x00000000e0000000, 0x00000000e8000000, 0x00000000e8000000)
  eden space 87424K,  68% used [0x00000000e0000000, 0x00000000e3ac7990, 0x00000000e5560000)
  from space 21824K, 100% used [0x00000000e5560000, 0x00000000e6ab0000, 0x00000000e6ab0000)
  to   space 21824K,   0% used [0x00000000e6ab0000, 0x00000000e6ab0000, 0x00000000e8000000)
 concurrent mark-sweep generation total 393216K, used 200067K [0x00000000e8000000, 0x0000000100000000, 0x0000000100000000)
 Metaspace       used 42161K, capacity 43419K, committed 43756K, reserved 1087488K
  class space    used 5187K, capacity 5511K, committed 5612K, reserved 1048576K
2018-10-31T21:25:35.892-0700: 37.410: [GC (CMS Final Remark) 2018-10-31T21:25:35.892-0700: 37.410: [ParNew
Desired survivor size 20112992 bytes, new threshold 8 (max 8)
- age   1:   12340728 bytes,   12340728 total
- age   2:    2520240 bytes,   14860968 total
- age   3:    2237416 bytes,   17098384 total
- age   4:    1993144 bytes,   19091528 total
: 82014K->21824K(109248K), 0.0096890 secs] 282082K->230590K(502464K), 0.0097346 secs] [Times: user=0.00 sys=0.00, real=0.00 secs] 
Heap after GC invocations=57 (full 5):
 par new generation   total 109248K, used 21824K [0x00000000e0000000, 0x00000000e8000000, 0x00000000e8000000)
  eden space 87424K,   0% used [0x00000000e0000000, 0x00000000e0000000, 0x00000000e5560000)
  from space 21824K, 100% used [0x00000000e6ab0000, 0x00000000e8000000, 0x00000000e8000000)
  to   space 21824K,   0% used [0x00000000e5560000, 0x00000000e5560000, 0x00000000e6ab0000)
 concurrent mark-sweep generation total 393216K, used 208766K [0x00000000e8000000, 0x0000000100000000, 0x0000000100000000)
 Metaspace       used 42161K, capacity 43419K, committed 43756K, reserved 1087488K
  class space    used 5187K, capacity 5511K, committed 5612K, reserved 1048576K
}
2018-10-31T21:25:35.892-0700: 37.419: [Rescan (parallel) , 0.0021023 secs]2018-10-31T21:25:35.892-0700: 37.422: [weak refs processing, 0.0011611 secs]2018-10-31T21:25:35.892-0700: 37.423: [class unloading, 0.0054351 secs]2018-10-31T21:25:35.908-0700: 37.428: [scrub symbol table, 0.0052940 secs]2018-10-31T21:25:35.908-0700: 37.433: [scrub string table, 0.0004055 secs][1 CMS-remark: 208766K(393216K)] 230590K(502464K), 0.0245983 secs] [Times: user=0.01 sys=0.00, real=0.02 secs] 
2018-10-31T21:25:35.908-0700: 37.434: Total time for which application threads were stopped: 0.0248094 seconds, Stopping threads took: 0.0001079 seconds
2018-10-31T21:25:35.908-0700: 37.434: [CMS-concurrent-sweep-start]
2018-10-31T21:25:35.939-0700: 37.467: [CMS-concurrent-sweep: 0.033/0.033 secs] [Times: user=0.06 sys=0.00, real=0.03 secs] 
2018-10-31T21:25:35.939-0700: 37.467: [CMS-concurrent-reset-start]
2018-10-31T21:25:35.939-0700: 37.467: [CMS-concurrent-reset: 0.000/0.000 secs] [Times: user=0.00 sys=0.00, real=0.00 secs] 
{Heap before GC invocations=57 (full 5):
 par new generation   total 109248K, used 109248K [0x00000000e0000000, 0x00000000e8000000, 0x00000000e8000000)
  eden space 87424K, 100% used [0x00000000e0000000, 0x00000000e5560000, 0x00000000e5560000)
  from space 21824K, 100% used [0x00000000e6ab0000, 0x00000000e8000000, 0x00000000e8000000)
  to   space 21824K,   0% used [0x00000000e5560000, 0x00000000e5560000, 0x00000000e6ab0000)
 concurrent mark-sweep generation total 393216K, used 72273K [0x00000000e8000000, 0x0000000100000000, 0x0000000100000000)
 Metaspace       used 42161K, capacity 43419K, committed 43756K, reserved 1087488K
  class space    used 5187K, capacity 5511K, committed 5612K, reserved 1048576K
2018-10-31T21:25:36.407-0700: 37.931: [GC (Allocation Failure) 2018-10-31T21:25:36.407-0700: 37.931: [ParNew
Desired survivor size 20112992 bytes, new threshold 4 (max 8)
- age   1:   13137816 bytes,   13137816 total
- age   2:    2849000 bytes,   15986816 total
- age   3:    2303024 bytes,   18289840 total
- age   4:    2117520 bytes,   20407360 total
- age   5:    1928920 bytes,   22336280 total
: 109248K->21824K(109248K), 0.0113552 secs] 181521K->98963K(502464K), 0.0114241 secs] [Times: user=0.06 sys=0.00, real=0.02 secs] 
Heap after GC invocations=58 (full 5):
 par new generation   total 109248K, used 21824K [0x00000000e0000000, 0x00000000e8000000, 0x00000000e8000000)
  eden space 87424K,   0% used [0x00000000e0000000, 0x00000000e0000000, 0x00000000e5560000)
  from space 21824K, 100% used [0x00000000e5560000, 0x00000000e6ab0000, 0x00000000e6ab0000)
  to   space 21824K,   0% used [0x00000000e6ab0000, 0x00000000e6ab0000, 0x00000000e8000000)
 concurrent mark-sweep generation total 393216K, used 77139K [0x00000000e8000000, 0x0000000100000000, 0x0000000100000000)
 Metaspace       used 42161K, capacity 43419K, committed 43756K, reserved 1087488K
  class space    used 5187K, capacity 5511K, committed 5612K, reserved 1048576K
}
2018-10-31T21:25:36.423-0700: 37.942: Total time for which application threads were stopped: 0.0116582 seconds, Stopping threads took: 0.0000704 seconds
{Heap before GC invocations=58 (full 5):
 par new generation   total 109248K, used 109248K [0x00000000e0000000, 0x00000000e8000000, 0x00000000e8000000)
  eden space 87424K, 100% used [0x00000000e0000000, 0x00000000e5560000, 0x00000000e5560000)
  from space 21824K, 100% used [0x00000000e5560000, 0x00000000e6ab0000, 0x00000000e6ab0000)
  to   space 21824K,   0% used [0x00000000e6ab0000, 0x00000000e6ab0000, 0x00000000e8000000)
 concurrent mark-sweep generation total 393216K, used 77139K [0x00000000e8000000, 0x0000000100000000, 0x0000000100000000)
 Metaspace       used 42161K, capacity 43419K, committed 43756K, reserved 1087488K
  class space    used 5187K, capacity 5511K, committed 5612K, reserved 1048576K
2018-10-31T21:25:36.951-0700: 38.482: [GC (Allocation Failure) 2018-10-31T21:25:36.951-0700: 38.482: [ParNew
Desired survivor size 20112992 bytes, new threshold 4 (max 8)
- age   1:    9610840 bytes,    9610840 total
- age   2:    6900672 bytes,   16511512 total
- age   3:    2757168 bytes,   19268680 total
- age   4:    2104712 bytes,   21373392 total
: 109248K->21824K(109248K), 0.0126301 secs] 186387K->110942K(502464K), 0.0126910 secs] [Times: user=0.06 sys=0.00, real=0.02 secs] 
Heap after GC invocations=59 (full 5):
 par new generation   total 109248K, used 21824K [0x00000000e0000000, 0x00000000e8000000, 0x00000000e8000000)
  eden space 87424K,   0% used [0x00000000e0000000, 0x00000000e0000000, 0x00000000e5560000)
  from space 21824K, 100% used [0x00000000e6ab0000, 0x00000000e8000000, 0x00000000e8000000)
  to   space 21824K,   0% used [0x00000000e5560000, 0x00000000e5560000, 0x00000000e6ab0000)
 concurrent mark-sweep generation total 393216K, used 89118K [0x00000000e8000000, 0x0000000100000000, 0x0000000100000000)
 Metaspace       used 42161K, capacity 43419K, committed 43756K, reserved 1087488K
  class space    used 5187K, capacity 5511K, committed 5612K, reserved 1048576K
}
2018-10-31T21:25:36.970-0700: 38.495: Total time for which application threads were stopped: 0.0128660 seconds, Stopping threads took: 0.0000244 seconds
{Heap before GC invocations=59 (full 5):
 par new generation   total 109248K, used 109248K [0x00000000e0000000, 0x00000000e8000000, 0x00000000e8000000)
  eden space 87424K, 100% used [0x00000000e0000000, 0x00000000e5560000, 0x00000000e5560000)
  from space 21824K, 100% used [0x00000000e6ab0000, 0x00000000e8000000, 0x00000000e8000000)
  to   space 21824K,   0% used [0x00000000e5560000, 0x00000000e5560000, 0x00000000e6ab0000)
 concurrent mark-sweep generation total 393216K, used 89118K [0x00000000e8000000, 0x0000000100000000, 0x0000000100000000)
 Metaspace       used 42161K, capacity 43419K, committed 43756K, reserved 1087488K
  class space    used 5187K, capacity 5511K, committed 5612K, reserved 1048576K
2018-10-31T21:25:37.533-0700: 39.051: [GC (Allocation Failure) 2018-10-31T21:25:37.533-0700: 39.051: [ParNew
Desired survivor size 20112992 bytes, new threshold 8 (max 8)
- age   1:    9164936 bytes,    9164936 total
- age   2:    4122216 bytes,   13287152 total
- age   3:    3963552 bytes,   17250704 total
- age   4:    2344320 bytes,   19595024 total
: 109248K->21824K(109248K), 0.0112505 secs] 198366K->119679K(502464K), 0.0113235 secs] [Times: user=0.00 sys=0.00, real=0.00 secs] 
Heap after GC invocations=60 (full 5):
 par new generation   total 109248K, used 21824K [0x00000000e0000000, 0x00000000e8000000, 0x00000000e8000000)
  eden space 87424K,   0% used [0x00000000e0000000, 0x00000000e0000000, 0x00000000e5560000)
  from space 21824K, 100% used [0x00000000e5560000, 0x00000000e6ab0000, 0x00000000e6ab0000)
  to   space 21824K,   0% used [0x00000000e6ab0000, 0x00000000e6ab0000, 0x00000000e8000000)
 concurrent mark-sweep generation total 393216K, used 97855K [0x00000000e8000000, 0x0000000100000000, 0x0000000100000000)
 Metaspace       used 42161K, capacity 43419K, committed 43756K, reserved 1087488K
  class space    used 5187K, capacity 5511K, committed 5612K, reserved 1048576K
}
2018-10-31T21:25:37.533-0700: 39.063: Total time for which application threads were stopped: 0.0115703 seconds, Stopping threads took: 0.0000416 seconds
{Heap before GC invocations=60 (full 5):
 par new generation   total 109248K, used 109248K [0x00000000e0000000, 0x00000000e8000000, 0x00000000e8000000)
  eden space 87424K, 100% used [0x00000000e0000000, 0x00000000e5560000, 0x00000000e5560000)
  from space 21824K, 100% used [0x00000000e5560000, 0x00000000e6ab0000, 0x00000000e6ab0000)
  to   space 21824K,   0% used [0x00000000e6ab0000, 0x00000000e6ab0000, 0x00000000e8000000)
 concurrent mark-sweep generation total 393216K, used 97855K [0x00000000e8000000, 0x0000000100000000, 0x0000000100000000)
 Metaspace       used 42163K, capacity 43419K, committed 43756K, reserved 1087488K
  class space    used 5187K, capacity 5511K, committed 5612K, reserved 1048576K
2018-10-31T21:25:38.079-0700: 39.602: [GC (Allocation Failure) 2018-10-31T21:25:38.079-0700: 39.602: [ParNew
Desired survivor size 20112992 bytes, new threshold 5 (max 8)
- age   1:   12697752 bytes,   12697752 total
- age   2:    1070064 bytes,   13767816 total
- age   3:    1045448 bytes,   14813264 total
- age   4:    3936488 bytes,   18749752 total
- age   5:    2330464 bytes,   21080216 total
: 109248K->21824K(109248K), 0.0100489 secs] 207103K->125824K(502464K), 0.0101295 secs] [Times: user=0.01 sys=0.00, real=0.02 secs] 
Heap after GC invocations=61 (full 5):
 par new generation   total 109248K, used 21824K [0x00000000e0000000, 0x00000000e8000000, 0x00000000e8000000)
  eden space 87424K,   0% used [0x00000000e0000000, 0x00000000e0000000, 0x00000000e5560000)
  from space 21824K, 100% used [0x00000000e6ab0000, 0x00000000e8000000, 0x00000000e8000000)
  to   space 21824K,   0% used [0x00000000e5560000, 0x00000000e5560000, 0x00000000e6ab0000)
 concurrent mark-sweep generation total 393216K, used 104000K [0x00000000e8000000, 0x0000000100000000, 0x0000000100000000)
 Metaspace       used 42163K, capacity 43419K, committed 43756K, reserved 1087488K
  class space    used 5187K, capacity 5511K, committed 5612K, reserved 1048576K
}
2018-10-31T21:25:38.095-0700: 39.613: Total time for which application threads were stopped: 0.0103341 seconds, Stopping threads took: 0.0000412 seconds
{Heap before GC invocations=61 (full 5):
 par new generation   total 109248K, used 109248K [0x00000000e0000000, 0x00000000e8000000, 0x00000000e8000000)
  eden space 87424K, 100% used [0x00000000e0000000, 0x00000000e5560000, 0x00000000e5560000)
  from space 21824K, 100% used [0x00000000e6ab0000, 0x00000000e8000000, 0x00000000e8000000)
  to   space 21824K,   0% used [0x00000000e5560000, 0x00000000e5560000, 0x00000000e6ab0000)
 concurrent mark-sweep generation total 393216K, used 104000K [0x00000000e8000000, 0x0000000100000000, 0x0000000100000000)
 Metaspace       used 42163K, capacity 43419K, committed 43756K, reserved 1087488K
  class space    used 5187K, capacity 5511K, committed 5612K, reserved 1048576K
2018-10-31T21:25:38.657-0700: 40.186: [GC (Allocation Failure) 2018-10-31T21:25:38.657-0700: 40.186: [ParNew
Desired survivor size 20112992 bytes, new threshold 8 (max 8)
- age   1:    8368608 bytes,    8368608 total
- age   2:    5751888 bytes,   14120496 total
- age   3:     994200 bytes,   15114696 total
- age   4:    1002696 bytes,   16117392 total
- age   5:    3464336 bytes,   19581728 total
: 109248K->21824K(109248K), 0.0125666 secs] 213248K->136116K(502464K), 0.0126655 secs] [Times: user=0.06 sys=0.00, real=0.02 secs] 
Heap after GC invocations=62 (full 5):
 par new generation   total 109248K, used 21824K [0x00000000e0000000, 0x00000000e8000000, 0x00000000e8000000)
  eden space 87424K,   0% used [0x00000000e0000000, 0x00000000e0000000, 0x00000000e5560000)
  from space 21824K, 100% used [0x00000000e5560000, 0x00000000e6ab0000, 0x00000000e6ab0000)
  to   space 21824K,   0% used [0x00000000e6ab0000, 0x00000000e6ab0000, 0x00000000e8000000)
 concurrent mark-sweep generation total 393216K, used 114292K [0x00000000e8000000, 0x0000000100000000, 0x0000000100000000)
 Metaspace       used 42163K, capacity 43419K, committed 43756K, reserved 1087488K
  class space    used 5187K, capacity 5511K, committed 5612K, reserved 1048576K
}
2018-10-31T21:25:38.673-0700: 40.199: Total time for which application threads were stopped: 0.0129382 seconds, Stopping threads took: 0.0000536 seconds
{Heap before GC invocations=62 (full 5):
 par new generation   total 109248K, used 109248K [0x00000000e0000000, 0x00000000e8000000, 0x00000000e8000000)
  eden space 87424K, 100% used [0x00000000e0000000, 0x00000000e5560000, 0x00000000e5560000)
  from space 21824K, 100% used [0x00000000e5560000, 0x00000000e6ab0000, 0x00000000e6ab0000)
  to   space 21824K,   0% used [0x00000000e6ab0000, 0x00000000e6ab0000, 0x00000000e8000000)
 concurrent mark-sweep generation total 393216K, used 114292K [0x00000000e8000000, 0x0000000100000000, 0x0000000100000000)
 Metaspace       used 42163K, capacity 43419K, committed 43756K, reserved 1087488K
  class space    used 5187K, capacity 5511K, committed 5612K, reserved 1048576K
2018-10-31T21:25:39.280-0700: 40.811: [GC (Allocation Failure) 2018-10-31T21:25:39.280-0700: 40.811: [ParNew
Desired survivor size 20112992 bytes, new threshold 6 (max 8)
- age   1:   12173992 bytes,   12173992 total
- age   2:    2999448 bytes,   15173440 total
- age   3:    1968776 bytes,   17142216 total
- age   4:     665616 bytes,   17807832 total
- age   5:    1002560 bytes,   18810392 total
- age   6:    2644376 bytes,   21454768 total
: 109248K->21824K(109248K), 0.0108027 secs] 223540K->147017K(502464K), 0.0108815 secs] [Times: user=0.06 sys=0.00, real=0.02 secs] 
Heap after GC invocations=63 (full 5):
 par new generation   total 109248K, used 21824K [0x00000000e0000000, 0x00000000e8000000, 0x00000000e8000000)
  eden space 87424K,   0% used [0x00000000e0000000, 0x00000000e0000000, 0x00000000e5560000)
  from space 21824K, 100% used [0x00000000e6ab0000, 0x00000000e8000000, 0x00000000e8000000)
  to   space 21824K,   0% used [0x00000000e5560000, 0x00000000e5560000, 0x00000000e6ab0000)
 concurrent mark-sweep generation total 393216K, used 125193K [0x00000000e8000000, 0x0000000100000000, 0x0000000100000000)
 Metaspace       used 42163K, capacity 43419K, committed 43756K, reserved 1087488K
  class space    used 5187K, capacity 5511K, committed 5612K, reserved 1048576K
}
2018-10-31T21:25:39.295-0700: 40.822: Total time for which application threads were stopped: 0.0110915 seconds, Stopping threads took: 0.0000463 seconds
{Heap before GC invocations=63 (full 5):
 par new generation   total 109248K, used 109248K [0x00000000e0000000, 0x00000000e8000000, 0x00000000e8000000)
  eden space 87424K, 100% used [0x00000000e0000000, 0x00000000e5560000, 0x00000000e5560000)
  from space 21824K, 100% used [0x00000000e6ab0000, 0x00000000e8000000, 0x00000000e8000000)
  to   space 21824K,   0% used [0x00000000e5560000, 0x00000000e5560000, 0x00000000e6ab0000)
 concurrent mark-sweep generation total 393216K, used 125193K [0x00000000e8000000, 0x0000000100000000, 0x0000000100000000)
 Metaspace       used 42164K, capacity 43419K, committed 43756K, reserved 1087488K
  class space    used 5187K, capacity 5511K, committed 5612K, reserved 1048576K
2018-10-31T21:25:39.938-0700: 41.462: [GC (Allocation Failure) 2018-10-31T21:25:39.938-0700: 41.462: [ParNew
Desired survivor size 20112992 bytes, new threshold 4 (max 8)
- age   1:   12990176 bytes,   12990176 total
- age   2:    3206504 bytes,   16196680 total
- age   3:    2316768 bytes,   18513448 total
- age   4:    1911904 bytes,   20425352 total
- age   5:     616984 bytes,   21042336 total
- age   6:     823336 bytes,   21865672 total
: 109248K->21824K(109248K), 0.0120309 secs] 234441K->155956K(502464K), 0.0121020 secs] [Times: user=0.08 sys=0.00, real=0.02 secs] 
Heap after GC invocations=64 (full 5):
 par new generation   total 109248K, used 21824K [0x00000000e0000000, 0x00000000e8000000, 0x00000000e8000000)
  eden space 87424K,   0% used [0x00000000e0000000, 0x00000000e0000000, 0x00000000e5560000)
  from space 21824K, 100% used [0x00000000e5560000, 0x00000000e6ab0000, 0x00000000e6ab0000)
  to   space 21824K,   0% used [0x00000000e6ab0000, 0x00000000e6ab0000, 0x00000000e8000000)
 concurrent mark-sweep generation total 393216K, used 134132K [0x00000000e8000000, 0x0000000100000000, 0x0000000100000000)
 Metaspace       used 42164K, capacity 43419K, committed 43756K, reserved 1087488K
  class space    used 5187K, capacity 5511K, committed 5612K, reserved 1048576K
}
2018-10-31T21:25:39.957-0700: 41.475: Total time for which application threads were stopped: 0.0123099 seconds, Stopping threads took: 0.0000609 seconds
{Heap before GC invocations=64 (full 5):
 par new generation   total 109248K, used 109248K [0x00000000e0000000, 0x00000000e8000000, 0x00000000e8000000)
  eden space 87424K, 100% used [0x00000000e0000000, 0x00000000e5560000, 0x00000000e5560000)
  from space 21824K, 100% used [0x00000000e5560000, 0x00000000e6ab0000, 0x00000000e6ab0000)
  to   space 21824K,   0% used [0x00000000e6ab0000, 0x00000000e6ab0000, 0x00000000e8000000)
 concurrent mark-sweep generation total 393216K, used 134132K [0x00000000e8000000, 0x0000000100000000, 0x0000000100000000)
 Metaspace       used 42164K, capacity 43419K, committed 43756K, reserved 1087488K
  class space    used 5187K, capacity 5511K, committed 5612K, reserved 1048576K
2018-10-31T21:25:40.577-0700: 42.100: [GC (Allocation Failure) 2018-10-31T21:25:40.577-0700: 42.100: [ParNew
Desired survivor size 20112992 bytes, new threshold 4 (max 8)
- age   1:    7993624 bytes,    7993624 total
- age   2:    9286056 bytes,   17279680 total
- age   3:     820656 bytes,   18100336 total
- age   4:    2311816 bytes,   20412152 total
: 109248K->21824K(109248K), 0.0135925 secs] 243380K->169522K(502464K), 0.0137390 secs] [Times: user=0.06 sys=0.00, real=0.02 secs] 
Heap after GC invocations=65 (full 5):
 par new generation   total 109248K, used 21824K [0x00000000e0000000, 0x00000000e8000000, 0x00000000e8000000)
  eden space 87424K,   0% used [0x00000000e0000000, 0x00000000e0000000, 0x00000000e5560000)
  from space 21824K, 100% used [0x00000000e6ab0000, 0x00000000e8000000, 0x00000000e8000000)
  to   space 21824K,   0% used [0x00000000e5560000, 0x00000000e5560000, 0x00000000e6ab0000)
 concurrent mark-sweep generation total 393216K, used 147698K [0x00000000e8000000, 0x0000000100000000, 0x0000000100000000)
 Metaspace       used 42164K, capacity 43419K, committed 43756K, reserved 1087488K
  class space    used 5187K, capacity 5511K, committed 5612K, reserved 1048576K
}
2018-10-31T21:25:40.593-0700: 42.114: Total time for which application threads were stopped: 0.0140023 seconds, Stopping threads took: 0.0000270 seconds
{Heap before GC invocations=65 (full 5):
 par new generation   total 109248K, used 109248K [0x00000000e0000000, 0x00000000e8000000, 0x00000000e8000000)
  eden space 87424K, 100% used [0x00000000e0000000, 0x00000000e5560000, 0x00000000e5560000)
  from space 21824K, 100% used [0x00000000e6ab0000, 0x00000000e8000000, 0x00000000e8000000)
  to   space 21824K,   0% used [0x00000000e5560000, 0x00000000e5560000, 0x00000000e6ab0000)
 concurrent mark-sweep generation total 393216K, used 147698K [0x00000000e8000000, 0x0000000100000000, 0x0000000100000000)
 Metaspace       used 42164K, capacity 43419K, committed 43756K, reserved 1087488K
  class space    used 5187K, capacity 5511K, committed 5612K, reserved 1048576K
2018-10-31T21:25:41.219-0700: 42.738: [GC (Allocation Failure) 2018-10-31T21:25:41.219-0700: 42.739: [ParNew
Desired survivor size 20112992 bytes, new threshold 4 (max 8)
- age   1:   14296328 bytes,   14296328 total
- age   2:    2813768 bytes,   17110096 total
- age   3:    2749712 bytes,   19859808 total
- age   4:     788400 bytes,   20648208 total
: 109248K->21824K(109248K), 0.0111696 secs] 256946K->180325K(502464K), 0.0112283 secs] [Times: user=0.00 sys=0.00, real=0.00 secs] 
Heap after GC invocations=66 (full 5):
 par new generation   total 109248K, used 21824K [0x00000000e0000000, 0x00000000e8000000, 0x00000000e8000000)
  eden space 87424K,   0% used [0x00000000e0000000, 0x00000000e0000000, 0x00000000e5560000)
  from space 21824K, 100% used [0x00000000e5560000, 0x00000000e6ab0000, 0x00000000e6ab0000)
  to   space 21824K,   0% used [0x00000000e6ab0000, 0x00000000e6ab0000, 0x00000000e8000000)
 concurrent mark-sweep generation total 393216K, used 158501K [0x00000000e8000000, 0x0000000100000000, 0x0000000100000000)
 Metaspace       used 42164K, capacity 43419K, committed 43756K, reserved 1087488K
  class space    used 5187K, capacity 5511K, committed 5612K, reserved 1048576K
}
2018-10-31T21:25:41.219-0700: 42.750: Total time for which application threads were stopped: 0.0115047 seconds, Stopping threads took: 0.0000821 seconds
{Heap before GC invocations=66 (full 5):
 par new generation   total 109248K, used 109248K [0x00000000e0000000, 0x00000000e8000000, 0x00000000e8000000)
  eden space 87424K, 100% used [0x00000000e0000000, 0x00000000e5560000, 0x00000000e5560000)
  from space 21824K, 100% used [0x00000000e5560000, 0x00000000e6ab0000, 0x00000000e6ab0000)
  to   space 21824K,   0% used [0x00000000e6ab0000, 0x00000000e6ab0000, 0x00000000e8000000)
 concurrent mark-sweep generation total 393216K, used 158501K [0x00000000e8000000, 0x0000000100000000, 0x0000000100000000)
 Metaspace       used 42178K, capacity 43419K, committed 43756K, reserved 1087488K
  class space    used 5187K, capacity 5511K, committed 5612K, reserved 1048576K
2018-10-31T21:25:41.843-0700: 43.374: [GC (Allocation Failure) 2018-10-31T21:25:41.843-0700: 43.374: [ParNew
Desired survivor size 20112992 bytes, new threshold 8 (max 8)
- age   1:    5384904 bytes,    5384904 total
- age   2:   10480808 bytes,   15865712 total
- age   3:     911632 bytes,   16777344 total
- age   4:    2148616 bytes,   18925960 total
: 109248K->21824K(109248K), 0.0112243 secs] 267749K->193407K(502464K), 0.0113019 secs] [Times: user=0.06 sys=0.00, real=0.02 secs] 
Heap after GC invocations=67 (full 5):
 par new generation   total 109248K, used 21824K [0x00000000e0000000, 0x00000000e8000000, 0x00000000e8000000)
  eden space 87424K,   0% used [0x00000000e0000000, 0x00000000e0000000, 0x00000000e5560000)
  from space 21824K, 100% used [0x00000000e6ab0000, 0x00000000e8000000, 0x00000000e8000000)
  to   space 21824K,   0% used [0x00000000e5560000, 0x00000000e5560000, 0x00000000e6ab0000)
 concurrent mark-sweep generation total 393216K, used 171583K [0x00000000e8000000, 0x0000000100000000, 0x0000000100000000)
 Metaspace       used 42178K, capacity 43419K, committed 43756K, reserved 1087488K
  class space    used 5187K, capacity 5511K, committed 5612K, reserved 1048576K
}
2018-10-31T21:25:41.859-0700: 43.385: Total time for which application threads were stopped: 0.0114810 seconds, Stopping threads took: 0.0000266 seconds
{Heap before GC invocations=67 (full 5):
 par new generation   total 109248K, used 109084K [0x00000000e0000000, 0x00000000e8000000, 0x00000000e8000000)
  eden space 87424K,  99% used [0x00000000e0000000, 0x00000000e5537200, 0x00000000e5560000)
  from space 21824K, 100% used [0x00000000e6ab0000, 0x00000000e8000000, 0x00000000e8000000)
  to   space 21824K,   0% used [0x00000000e5560000, 0x00000000e5560000, 0x00000000e6ab0000)
 concurrent mark-sweep generation total 393216K, used 171583K [0x00000000e8000000, 0x0000000100000000, 0x0000000100000000)
 Metaspace       used 42178K, capacity 43419K, committed 43756K, reserved 1087488K
  class space    used 5187K, capacity 5511K, committed 5612K, reserved 1048576K
2018-10-31T21:25:42.486-0700: 44.017: [GC (Allocation Failure) 2018-10-31T21:25:42.486-0700: 44.017: [ParNew
Desired survivor size 20112992 bytes, new threshold 8 (max 8)
- age   1:    4517944 bytes,    4517944 total
- age   2:    4186424 bytes,    8704368 total
- age   3:    5873096 bytes,   14577464 total
- age   4:     907816 bytes,   15485280 total
- age   5:    2147144 bytes,   17632424 total
: 109084K->21824K(109248K), 0.0116757 secs] 280667K->209413K(502464K), 0.0117363 secs] [Times: user=0.06 sys=0.00, real=0.02 secs] 
Heap after GC invocations=68 (full 5):
 par new generation   total 109248K, used 21824K [0x00000000e0000000, 0x00000000e8000000, 0x00000000e8000000)
  eden space 87424K,   0% used [0x00000000e0000000, 0x00000000e0000000, 0x00000000e5560000)
  from space 21824K, 100% used [0x00000000e5560000, 0x00000000e6ab0000, 0x00000000e6ab0000)
  to   space 21824K,   0% used [0x00000000e6ab0000, 0x00000000e6ab0000, 0x00000000e8000000)
 concurrent mark-sweep generation total 393216K, used 187589K [0x00000000e8000000, 0x0000000100000000, 0x0000000100000000)
 Metaspace       used 42178K, capacity 43419K, committed 43756K, reserved 1087488K
  class space    used 5187K, capacity 5511K, committed 5612K, reserved 1048576K
}
2018-10-31T21:25:42.502-0700: 44.029: Total time for which application threads were stopped: 0.0119270 seconds, Stopping threads took: 0.0000292 seconds
{Heap before GC invocations=68 (full 5):
 par new generation   total 109248K, used 109248K [0x00000000e0000000, 0x00000000e8000000, 0x00000000e8000000)
  eden space 87424K, 100% used [0x00000000e0000000, 0x00000000e5560000, 0x00000000e5560000)
  from space 21824K, 100% used [0x00000000e5560000, 0x00000000e6ab0000, 0x00000000e6ab0000)
  to   space 21824K,   0% used [0x00000000e6ab0000, 0x00000000e6ab0000, 0x00000000e8000000)
 concurrent mark-sweep generation total 393216K, used 187589K [0x00000000e8000000, 0x0000000100000000, 0x0000000100000000)
 Metaspace       used 42178K, capacity 43419K, committed 43756K, reserved 1087488K
  class space    used 5187K, capacity 5511K, committed 5612K, reserved 1048576K
2018-10-31T21:25:43.127-0700: 44.659: [GC (Allocation Failure) 2018-10-31T21:25:43.127-0700: 44.659: [ParNew
Desired survivor size 20112992 bytes, new threshold 6 (max 8)
- age   1:   10352608 bytes,   10352608 total
- age   2:    2136816 bytes,   12489424 total
- age   3:    3392888 bytes,   15882312 total
- age   4:    3032696 bytes,   18915008 total
- age   5:     896144 bytes,   19811152 total
- age   6:    2127296 bytes,   21938448 total
: 109248K->21824K(109248K), 0.0120623 secs] 296837K->216086K(502464K), 0.0121276 secs] [Times: user=0.06 sys=0.00, real=0.02 secs] 
Heap after GC invocations=69 (full 5):
 par new generation   total 109248K, used 21824K [0x00000000e0000000, 0x00000000e8000000, 0x00000000e8000000)
  eden space 87424K,   0% used [0x00000000e0000000, 0x00000000e0000000, 0x00000000e5560000)
  from space 21824K, 100% used [0x00000000e6ab0000, 0x00000000e8000000, 0x00000000e8000000)
  to   space 21824K,   0% used [0x00000000e5560000, 0x00000000e5560000, 0x00000000e6ab0000)
 concurrent mark-sweep generation total 393216K, used 194262K [0x00000000e8000000, 0x0000000100000000, 0x0000000100000000)
 Metaspace       used 42178K, capacity 43419K, committed 43756K, reserved 1087488K
  class space    used 5187K, capacity 5511K, committed 5612K, reserved 1048576K
}
2018-10-31T21:25:43.143-0700: 44.671: Total time for which application threads were stopped: 0.0123179 seconds, Stopping threads took: 0.0000419 seconds
{Heap before GC invocations=69 (full 5):
 par new generation   total 109248K, used 109248K [0x00000000e0000000, 0x00000000e8000000, 0x00000000e8000000)
  eden space 87424K, 100% used [0x00000000e0000000, 0x00000000e5560000, 0x00000000e5560000)
  from space 21824K, 100% used [0x00000000e6ab0000, 0x00000000e8000000, 0x00000000e8000000)
  to   space 21824K,   0% used [0x00000000e5560000, 0x00000000e5560000, 0x00000000e6ab0000)
 concurrent mark-sweep generation total 393216K, used 194262K [0x00000000e8000000, 0x0000000100000000, 0x0000000100000000)
 Metaspace       used 42179K, capacity 43419K, committed 43756K, reserved 1087488K
  class space    used 5187K, capacity 5511K, committed 5612K, reserved 1048576K
2018-10-31T21:25:43.774-0700: 45.291: [GC (Allocation Failure) 2018-10-31T21:25:43.774-0700: 45.291: [ParNew
Desired survivor size 20112992 bytes, new threshold 8 (max 8)
- age   1:    6969112 bytes,    6969112 total
- age   2:    6415640 bytes,   13384752 total
- age   3:    1330616 bytes,   14715368 total
- age   4:    1550360 bytes,   16265728 total
- age   5:    2978928 bytes,   19244656 total
- age   6:     828600 bytes,   20073256 total
: 109248K->21824K(109248K), 0.0128828 secs] 303510K->228516K(502464K), 0.0129762 secs] [Times: user=0.06 sys=0.00, real=0.01 secs] 
Heap after GC invocations=70 (full 5):
 par new generation   total 109248K, used 21824K [0x00000000e0000000, 0x00000000e8000000, 0x00000000e8000000)
  eden space 87424K,   0% used [0x00000000e0000000, 0x00000000e0000000, 0x00000000e5560000)
  from space 21824K, 100% used [0x00000000e5560000, 0x00000000e6ab0000, 0x00000000e6ab0000)
  to   space 21824K,   0% used [0x00000000e6ab0000, 0x00000000e6ab0000, 0x00000000e8000000)
 concurrent mark-sweep generation total 393216K, used 206692K [0x00000000e8000000, 0x0000000100000000, 0x0000000100000000)
 Metaspace       used 42179K, capacity 43419K, committed 43756K, reserved 1087488K
  class space    used 5187K, capacity 5511K, committed 5612K, reserved 1048576K
}
2018-10-31T21:25:43.787-0700: 45.304: Total time for which application threads were stopped: 0.0131993 seconds, Stopping threads took: 0.0000405 seconds
2018-10-31T21:25:43.788-0700: 45.304: [GC (CMS Initial Mark) [1 CMS-initial-mark: 206692K(393216K)] 228548K(502464K), 0.0026165 secs] [Times: user=0.00 sys=0.00, real=0.00 secs] 
2018-10-31T21:25:43.790-0700: 45.307: Total time for which application threads were stopped: 0.0027876 seconds, Stopping threads took: 0.0000507 seconds
2018-10-31T21:25:43.790-0700: 45.307: [CMS-concurrent-mark-start]
2018-10-31T21:25:43.808-0700: 45.325: [CMS-concurrent-mark: 0.018/0.018 secs] [Times: user=0.08 sys=0.00, real=0.02 secs] 
2018-10-31T21:25:43.808-0700: 45.326: [CMS-concurrent-preclean-start]
2018-10-31T21:25:43.809-0700: 45.327: [CMS-concurrent-preclean: 0.001/0.001 secs] [Times: user=0.00 sys=0.00, real=0.00 secs] 
2018-10-31T21:25:43.809-0700: 45.327: [CMS-concurrent-abortable-preclean-start]
2018-10-31T21:25:44.111-0700: 45.630: [CMS-concurrent-abortable-preclean: 0.303/0.303 secs] [Times: user=0.63 sys=0.00, real=0.30 secs] 
2018-10-31T21:25:44.111-0700: 45.630: [GC (CMS Final Remark) [YG occupancy: 67128 K (109248 K)]{Heap before GC invocations=70 (full 6):
 par new generation   total 109248K, used 67128K [0x00000000e0000000, 0x00000000e8000000, 0x00000000e8000000)
  eden space 87424K,  51% used [0x00000000e0000000, 0x00000000e2c3e2d0, 0x00000000e5560000)
  from space 21824K, 100% used [0x00000000e5560000, 0x00000000e6ab0000, 0x00000000e6ab0000)
  to   space 21824K,   0% used [0x00000000e6ab0000, 0x00000000e6ab0000, 0x00000000e8000000)
 concurrent mark-sweep generation total 393216K, used 206692K [0x00000000e8000000, 0x0000000100000000, 0x0000000100000000)
 Metaspace       used 42179K, capacity 43419K, committed 43756K, reserved 1087488K
  class space    used 5187K, capacity 5511K, committed 5612K, reserved 1048576K
2018-10-31T21:25:44.111-0700: 45.630: [GC (CMS Final Remark) 2018-10-31T21:25:44.111-0700: 45.630: [ParNew
Desired survivor size 20112992 bytes, new threshold 8 (max 8)
- age   1:    3495064 bytes,    3495064 total
- age   2:    4389552 bytes,    7884616 total
- age   3:    5680448 bytes,   13565064 total
- age   4:    1082824 bytes,   14647888 total
- age   5:    1508112 bytes,   16156000 total
- age   6:    2964256 bytes,   19120256 total
- age   7:     813248 bytes,   19933504 total
: 67128K->21824K(109248K), 0.0103396 secs] 273821K->235018K(502464K), 0.0103895 secs] [Times: user=0.00 sys=0.00, real=0.00 secs] 
Heap after GC invocations=71 (full 6):
 par new generation   total 109248K, used 21824K [0x00000000e0000000, 0x00000000e8000000, 0x00000000e8000000)
  eden space 87424K,   0% used [0x00000000e0000000, 0x00000000e0000000, 0x00000000e5560000)
  from space 21824K, 100% used [0x00000000e6ab0000, 0x00000000e8000000, 0x00000000e8000000)
  to   space 21824K,   0% used [0x00000000e5560000, 0x00000000e5560000, 0x00000000e6ab0000)
 concurrent mark-sweep generation total 393216K, used 213194K [0x00000000e8000000, 0x0000000100000000, 0x0000000100000000)
 Metaspace       used 42179K, capacity 43419K, committed 43756K, reserved 1087488K
  class space    used 5187K, capacity 5511K, committed 5612K, reserved 1048576K
}
2018-10-31T21:25:44.111-0700: 45.640: [Rescan (parallel) , 0.0030169 secs]2018-10-31T21:25:44.111-0700: 45.643: [weak refs processing, 0.0005594 secs]2018-10-31T21:25:44.111-0700: 45.644: [class unloading, 0.0058286 secs]2018-10-31T21:25:44.127-0700: 45.650: [scrub symbol table, 0.0052615 secs]2018-10-31T21:25:44.127-0700: 45.655: [scrub string table, 0.0004227 secs][1 CMS-remark: 213194K(393216K)] 235018K(502464K), 0.0257718 secs] [Times: user=0.02 sys=0.00, real=0.02 secs] 
2018-10-31T21:25:44.127-0700: 45.655: Total time for which application threads were stopped: 0.0259166 seconds, Stopping threads took: 0.0000449 seconds
2018-10-31T21:25:44.127-0700: 45.656: [CMS-concurrent-sweep-start]
2018-10-31T21:25:44.158-0700: 45.684: [CMS-concurrent-sweep: 0.029/0.029 secs] [Times: user=0.06 sys=0.00, real=0.03 secs] 
2018-10-31T21:25:44.158-0700: 45.684: [CMS-concurrent-reset-start]
2018-10-31T21:25:44.158-0700: 45.685: [CMS-concurrent-reset: 0.000/0.000 secs] [Times: user=0.00 sys=0.00, real=0.00 secs] 
{Heap before GC invocations=71 (full 6):
 par new generation   total 109248K, used 109248K [0x00000000e0000000, 0x00000000e8000000, 0x00000000e8000000)
  eden space 87424K, 100% used [0x00000000e0000000, 0x00000000e5560000, 0x00000000e5560000)
  from space 21824K, 100% used [0x00000000e6ab0000, 0x00000000e8000000, 0x00000000e8000000)
  to   space 21824K,   0% used [0x00000000e5560000, 0x00000000e5560000, 0x00000000e6ab0000)
 concurrent mark-sweep generation total 393216K, used 129965K [0x00000000e8000000, 0x0000000100000000, 0x0000000100000000)
 Metaspace       used 42184K, capacity 43419K, committed 43756K, reserved 1087488K
  class space    used 5188K, capacity 5511K, committed 5612K, reserved 1048576K
2018-10-31T21:25:44.885-0700: 46.415: [GC (Allocation Failure) 2018-10-31T21:25:44.885-0700: 46.415: [ParNew
Desired survivor size 20112992 bytes, new threshold 8 (max 8)
- age   1:    3471720 bytes,    3471720 total
- age   2:    1399184 bytes,    4870904 total
- age   3:    3549984 bytes,    8420888 total
- age   4:    5614440 bytes,   14035328 total
- age   5:     998488 bytes,   15033816 total
- age   6:    1437136 bytes,   16470952 total
- age   7:    2936864 bytes,   19407816 total
- age   8:     756232 bytes,   20164048 total
: 109248K->21824K(109248K), 0.0101186 secs] 239213K->154959K(502464K), 0.0102178 secs] [Times: user=0.08 sys=0.00, real=0.02 secs] 
Heap after GC invocations=72 (full 6):
 par new generation   total 109248K, used 21824K [0x00000000e0000000, 0x00000000e8000000, 0x00000000e8000000)
  eden space 87424K,   0% used [0x00000000e0000000, 0x00000000e0000000, 0x00000000e5560000)
  from space 21824K, 100% used [0x00000000e5560000, 0x00000000e6ab0000, 0x00000000e6ab0000)
  to   space 21824K,   0% used [0x00000000e6ab0000, 0x00000000e6ab0000, 0x00000000e8000000)
 concurrent mark-sweep generation total 393216K, used 133135K [0x00000000e8000000, 0x0000000100000000, 0x0000000100000000)
 Metaspace       used 42184K, capacity 43419K, committed 43756K, reserved 1087488K
  class space    used 5188K, capacity 5511K, committed 5612K, reserved 1048576K
}
2018-10-31T21:25:44.901-0700: 46.425: Total time for which application threads were stopped: 0.0104760 seconds, Stopping threads took: 0.0000376 seconds
{Heap before GC invocations=72 (full 6):
 par new generation   total 109248K, used 109248K [0x00000000e0000000, 0x00000000e8000000, 0x00000000e8000000)
  eden space 87424K, 100% used [0x00000000e0000000, 0x00000000e5560000, 0x00000000e5560000)
  from space 21824K, 100% used [0x00000000e5560000, 0x00000000e6ab0000, 0x00000000e6ab0000)
  to   space 21824K,   0% used [0x00000000e6ab0000, 0x00000000e6ab0000, 0x00000000e8000000)
 concurrent mark-sweep generation total 393216K, used 133135K [0x00000000e8000000, 0x0000000100000000, 0x0000000100000000)
 Metaspace       used 42184K, capacity 43419K, committed 43756K, reserved 1087488K
  class space    used 5188K, capacity 5511K, committed 5612K, reserved 1048576K
2018-10-31T21:25:45.282-0700: 46.803: [GC (Allocation Failure) 2018-10-31T21:25:45.282-0700: 46.804: [ParNew
Desired survivor size 20112992 bytes, new threshold 8 (max 8)
- age   1:      80328 bytes,      80328 total
- age   2:    3471320 bytes,    3551648 total
- age   3:    1399184 bytes,    4950832 total
- age   4:    3549984 bytes,    8500816 total
- age   5:    5614440 bytes,   14115256 total
- age   6:     998488 bytes,   15113744 total
- age   7:    1437136 bytes,   16550880 total
- age   8:    2936888 bytes,   19487768 total
: 109248K->21824K(109248K), 0.0077201 secs] 242383K->155717K(502464K), 0.0077796 secs] [Times: user=0.00 sys=0.00, real=0.00 secs] 
Heap after GC invocations=73 (full 6):
 par new generation   total 109248K, used 21824K [0x00000000e0000000, 0x00000000e8000000, 0x00000000e8000000)
  eden space 87424K,   0% used [0x00000000e0000000, 0x00000000e0000000, 0x00000000e5560000)
  from space 21824K, 100% used [0x00000000e6ab0000, 0x00000000e8000000, 0x00000000e8000000)
  to   space 21824K,   0% used [0x00000000e5560000, 0x00000000e5560000, 0x00000000e6ab0000)
 concurrent mark-sweep generation total 393216K, used 133893K [0x00000000e8000000, 0x0000000100000000, 0x0000000100000000)
 Metaspace       used 42184K, capacity 43419K, committed 43756K, reserved 1087488K
  class space    used 5188K, capacity 5511K, committed 5612K, reserved 1048576K
}
2018-10-31T21:25:45.282-0700: 46.811: Total time for which application threads were stopped: 0.0079816 seconds, Stopping threads took: 0.0000467 seconds
{Heap before GC invocations=73 (full 6):
 par new generation   total 109248K, used 109248K [0x00000000e0000000, 0x00000000e8000000, 0x00000000e8000000)
  eden space 87424K, 100% used [0x00000000e0000000, 0x00000000e5560000, 0x00000000e5560000)
  from space 21824K, 100% used [0x00000000e6ab0000, 0x00000000e8000000, 0x00000000e8000000)
  to   space 21824K,   0% used [0x00000000e5560000, 0x00000000e5560000, 0x00000000e6ab0000)
 concurrent mark-sweep generation total 393216K, used 133893K [0x00000000e8000000, 0x0000000100000000, 0x0000000100000000)
 Metaspace       used 42185K, capacity 43419K, committed 43756K, reserved 1087488K
  class space    used 5188K, capacity 5511K, committed 5612K, reserved 1048576K
2018-10-31T21:25:45.470-0700: 47.000: [GC (Allocation Failure) 2018-10-31T21:25:45.470-0700: 47.000: [ParNew
Desired survivor size 20112992 bytes, new threshold 8 (max 8)
- age   1:      88744 bytes,      88744 total
- age   2:        152 bytes,      88896 total
- age   3:    3428728 bytes,    3517624 total
- age   4:    1398608 bytes,    4916232 total
- age   5:    3549984 bytes,    8466216 total
- age   6:    5614440 bytes,   14080656 total
- age   7:     998488 bytes,   15079144 total
- age   8:    1437136 bytes,   16516280 total
: 109248K->21824K(109248K), 0.0082639 secs] 243141K->158640K(502464K), 0.0083226 secs] [Times: user=0.06 sys=0.00, real=0.01 secs] 
Heap after GC invocations=74 (full 6):
 par new generation   total 109248K, used 21824K [0x00000000e0000000, 0x00000000e8000000, 0x00000000e8000000)
  eden space 87424K,   0% used [0x00000000e0000000, 0x00000000e0000000, 0x00000000e5560000)
  from space 21824K, 100% used [0x00000000e5560000, 0x00000000e6ab0000, 0x00000000e6ab0000)
  to   space 21824K,   0% used [0x00000000e6ab0000, 0x00000000e6ab0000, 0x00000000e8000000)
 concurrent mark-sweep generation total 393216K, used 136816K [0x00000000e8000000, 0x0000000100000000, 0x0000000100000000)
 Metaspace       used 42185K, capacity 43419K, committed 43756K, reserved 1087488K
  class space    used 5188K, capacity 5511K, committed 5612K, reserved 1048576K
}
2018-10-31T21:25:45.485-0700: 47.008: Total time for which application threads were stopped: 0.0085191 seconds, Stopping threads took: 0.0000314 seconds
{Heap before GC invocations=74 (full 6):
 par new generation   total 109248K, used 109248K [0x00000000e0000000, 0x00000000e8000000, 0x00000000e8000000)
  eden space 87424K, 100% used [0x00000000e0000000, 0x00000000e5560000, 0x00000000e5560000)
  from space 21824K, 100% used [0x00000000e5560000, 0x00000000e6ab0000, 0x00000000e6ab0000)
  to   space 21824K,   0% used [0x00000000e6ab0000, 0x00000000e6ab0000, 0x00000000e8000000)
 concurrent mark-sweep generation total 393216K, used 136816K [0x00000000e8000000, 0x0000000100000000, 0x0000000100000000)
 Metaspace       used 42186K, capacity 43419K, committed 43756K, reserved 1087488K
  class space    used 5188K, capacity 5511K, committed 5612K, reserved 1048576K
2018-10-31T21:25:45.906-0700: 47.428: [GC (Allocation Failure) 2018-10-31T21:25:45.906-0700: 47.428: [ParNew
Desired survivor size 20112992 bytes, new threshold 8 (max 8)
- age   1:      64096 bytes,      64096 total
- age   2:      72680 bytes,     136776 total
- age   3:        152 bytes,     136928 total
- age   4:    3428728 bytes,    3565656 total
- age   5:    1398608 bytes,    4964264 total
- age   6:    3549224 bytes,    8513488 total
- age   7:    5614440 bytes,   14127928 total
- age   8:     998488 bytes,   15126416 total
: 109248K->20860K(109248K), 0.0076169 secs] 246064K->159093K(502464K), 0.0076869 secs] [Times: user=0.00 sys=0.00, real=0.00 secs] 
Heap after GC invocations=75 (full 6):
 par new generation   total 109248K, used 20860K [0x00000000e0000000, 0x00000000e8000000, 0x00000000e8000000)
  eden space 87424K,   0% used [0x00000000e0000000, 0x00000000e0000000, 0x00000000e5560000)
  from space 21824K,  95% used [0x00000000e6ab0000, 0x00000000e7f0f380, 0x00000000e8000000)
  to   space 21824K,   0% used [0x00000000e5560000, 0x00000000e5560000, 0x00000000e6ab0000)
 concurrent mark-sweep generation total 393216K, used 138232K [0x00000000e8000000, 0x0000000100000000, 0x0000000100000000)
 Metaspace       used 42186K, capacity 43419K, committed 43756K, reserved 1087488K
  class space    used 5188K, capacity 5511K, committed 5612K, reserved 1048576K
}
2018-10-31T21:25:45.906-0700: 47.436: Total time for which application threads were stopped: 0.0078689 seconds, Stopping threads took: 0.0000263 seconds
2018-10-31T21:25:46.062-0700: 47.590: Total time for which application threads were stopped: 0.0000912 seconds, Stopping threads took: 0.0000284 seconds
2018-10-31T21:25:46.093-0700: 47.620: Total time for which application threads were stopped: 0.0002334 seconds, Stopping threads took: 0.0000707 seconds
2018-10-31T21:25:46.093-0700: 47.624: Total time for which application threads were stopped: 0.0001364 seconds, Stopping threads took: 0.0000321 seconds
2018-10-31T21:25:46.109-0700: 47.631: Total time for which application threads were stopped: 0.0002527 seconds, Stopping threads took: 0.0000748 seconds
{Heap before GC invocations=75 (full 6):
 par new generation   total 109248K, used 108284K [0x00000000e0000000, 0x00000000e8000000, 0x00000000e8000000)
  eden space 87424K, 100% used [0x00000000e0000000, 0x00000000e5560000, 0x00000000e5560000)
  from space 21824K,  95% used [0x00000000e6ab0000, 0x00000000e7f0f380, 0x00000000e8000000)
  to   space 21824K,   0% used [0x00000000e5560000, 0x00000000e5560000, 0x00000000e6ab0000)
 concurrent mark-sweep generation total 393216K, used 138232K [0x00000000e8000000, 0x0000000100000000, 0x0000000100000000)
 Metaspace       used 42196K, capacity 43483K, committed 43756K, reserved 1087488K
  class space    used 5188K, capacity 5511K, committed 5612K, reserved 1048576K
2018-10-31T21:25:46.374-0700: 47.895: [GC (Allocation Failure) 2018-10-31T21:25:46.374-0700: 47.895: [ParNew
Desired survivor size 20112992 bytes, new threshold 8 (max 8)
- age   1:    9096984 bytes,    9096984 total
- age   2:       1456 bytes,    9098440 total
- age   3:      58312 bytes,    9156752 total
- age   4:        152 bytes,    9156904 total
- age   5:    2639856 bytes,   11796760 total
- age   6:    1325112 bytes,   13121872 total
- age   7:    3465936 bytes,   16587808 total
- age   8:    5526072 bytes,   22113880 total
: 108284K->21824K(109248K), 0.0104110 secs] 246517K->164348K(502464K), 0.0104738 secs] [Times: user=0.00 sys=0.00, real=0.00 secs] 
Heap after GC invocations=76 (full 6):
 par new generation   total 109248K, used 21824K [0x00000000e0000000, 0x00000000e8000000, 0x00000000e8000000)
  eden space 87424K,   0% used [0x00000000e0000000, 0x00000000e0000000, 0x00000000e5560000)
  from space 21824K, 100% used [0x00000000e5560000, 0x00000000e6ab0000, 0x00000000e6ab0000)
  to   space 21824K,   0% used [0x00000000e6ab0000, 0x00000000e6ab0000, 0x00000000e8000000)
 concurrent mark-sweep generation total 393216K, used 142524K [0x00000000e8000000, 0x0000000100000000, 0x0000000100000000)
 Metaspace       used 42196K, capacity 43483K, committed 43756K, reserved 1087488K
  class space    used 5188K, capacity 5511K, committed 5612K, reserved 1048576K
}
2018-10-31T21:25:46.374-0700: 47.905: Total time for which application threads were stopped: 0.0106678 seconds, Stopping threads took: 0.0000292 seconds
2018-10-31T21:25:46.421-0700: 47.949: Total time for which application threads were stopped: 0.0001492 seconds, Stopping threads took: 0.0000540 seconds
2018-10-31T21:25:46.437-0700: 47.963: Total time for which application threads were stopped: 0.0002111 seconds, Stopping threads took: 0.0000737 seconds
2018-10-31T21:25:46.437-0700: 47.963: Total time for which application threads were stopped: 0.0001327 seconds, Stopping threads took: 0.0000492 seconds
{Heap before GC invocations=76 (full 6):
 par new generation   total 109248K, used 109248K [0x00000000e0000000, 0x00000000e8000000, 0x00000000e8000000)
  eden space 87424K, 100% used [0x00000000e0000000, 0x00000000e5560000, 0x00000000e5560000)
  from space 21824K, 100% used [0x00000000e5560000, 0x00000000e6ab0000, 0x00000000e6ab0000)
  to   space 21824K,   0% used [0x00000000e6ab0000, 0x00000000e6ab0000, 0x00000000e8000000)
 concurrent mark-sweep generation total 393216K, used 142524K [0x00000000e8000000, 0x0000000100000000, 0x0000000100000000)
 Metaspace       used 42198K, capacity 43483K, committed 43756K, reserved 1087488K
  class space    used 5188K, capacity 5511K, committed 5612K, reserved 1048576K
2018-10-31T21:25:46.546-0700: 48.071: [GC (Allocation Failure) 2018-10-31T21:25:46.546-0700: 48.071: [ParNew
Desired survivor size 20112992 bytes, new threshold 8 (max 8)
- age   1:    7370080 bytes,    7370080 total
- age   2:    5391664 bytes,   12761744 total
- age   3:       1456 bytes,   12763200 total
- age   4:      58312 bytes,   12821512 total
- age   5:        152 bytes,   12821664 total
- age   6:    2610704 bytes,   15432368 total
- age   7:    1324944 bytes,   16757312 total
- age   8:    3465768 bytes,   20223080 total
: 109248K->21824K(109248K), 0.0097131 secs] 251772K->173063K(502464K), 0.0097732 secs] [Times: user=0.06 sys=0.00, real=0.02 secs] 
Heap after GC invocations=77 (full 6):
 par new generation   total 109248K, used 21824K [0x00000000e0000000, 0x00000000e8000000, 0x00000000e8000000)
  eden space 87424K,   0% used [0x00000000e0000000, 0x00000000e0000000, 0x00000000e5560000)
  from space 21824K, 100% used [0x00000000e6ab0000, 0x00000000e8000000, 0x00000000e8000000)
  to   space 21824K,   0% used [0x00000000e5560000, 0x00000000e5560000, 0x00000000e6ab0000)
 concurrent mark-sweep generation total 393216K, used 151239K [0x00000000e8000000, 0x0000000100000000, 0x0000000100000000)
 Metaspace       used 42198K, capacity 43483K, committed 43756K, reserved 1087488K
  class space    used 5188K, capacity 5511K, committed 5612K, reserved 1048576K
}
2018-10-31T21:25:46.562-0700: 48.081: Total time for which application threads were stopped: 0.0100022 seconds, Stopping threads took: 0.0000642 seconds
2018-10-31T21:25:46.593-0700: 48.116: Total time for which application threads were stopped: 0.0002979 seconds, Stopping threads took: 0.0001677 seconds
2018-10-31T21:25:46.593-0700: 48.116: Total time for which application threads were stopped: 0.0001021 seconds, Stopping threads took: 0.0000306 seconds
2018-10-31T21:25:46.593-0700: 48.116: Total time for which application threads were stopped: 0.0001936 seconds, Stopping threads took: 0.0000802 seconds
2018-10-31T21:25:46.593-0700: 48.116: Total time for which application threads were stopped: 0.0001014 seconds, Stopping threads took: 0.0000310 seconds
{Heap before GC invocations=77 (full 6):
 par new generation   total 109248K, used 109248K [0x00000000e0000000, 0x00000000e8000000, 0x00000000e8000000)
  eden space 87424K, 100% used [0x00000000e0000000, 0x00000000e5560000, 0x00000000e5560000)
  from space 21824K, 100% used [0x00000000e6ab0000, 0x00000000e8000000, 0x00000000e8000000)
  to   space 21824K,   0% used [0x00000000e5560000, 0x00000000e5560000, 0x00000000e6ab0000)
 concurrent mark-sweep generation total 393216K, used 151239K [0x00000000e8000000, 0x0000000100000000, 0x0000000100000000)
 Metaspace       used 42312K, capacity 43565K, committed 43756K, reserved 1087488K
  class space    used 5204K, capacity 5516K, committed 5612K, reserved 1048576K
2018-10-31T21:25:47.000-0700: 48.520: [GC (Allocation Failure) 2018-10-31T21:25:47.000-0700: 48.520: [ParNew
Desired survivor size 20112992 bytes, new threshold 7 (max 8)
- age   1:   10941768 bytes,   10941768 total
- age   2:    2524888 bytes,   13466656 total
- age   3:    4549624 bytes,   18016280 total
- age   4:       1456 bytes,   18017736 total
- age   5:      58312 bytes,   18076048 total
- age   6:        152 bytes,   18076200 total
- age   7:    2610704 bytes,   20686904 total
- age   8:    1324944 bytes,   22011848 total
: 109248K->21824K(109248K), 0.0110383 secs] 260487K->181564K(502464K), 0.0111032 secs] [Times: user=0.00 sys=0.00, real=0.00 secs] 
Heap after GC invocations=78 (full 6):
 par new generation   total 109248K, used 21824K [0x00000000e0000000, 0x00000000e8000000, 0x00000000e8000000)
  eden space 87424K,   0% used [0x00000000e0000000, 0x00000000e0000000, 0x00000000e5560000)
  from space 21824K, 100% used [0x00000000e5560000, 0x00000000e6ab0000, 0x00000000e6ab0000)
  to   space 21824K,   0% used [0x00000000e6ab0000, 0x00000000e6ab0000, 0x00000000e8000000)
 concurrent mark-sweep generation total 393216K, used 159740K [0x00000000e8000000, 0x0000000100000000, 0x0000000100000000)
 Metaspace       used 42312K, capacity 43565K, committed 43756K, reserved 1087488K
  class space    used 5204K, capacity 5516K, committed 5612K, reserved 1048576K
}
2018-10-31T21:25:47.000-0700: 48.531: Total time for which application threads were stopped: 0.0113362 seconds, Stopping threads took: 0.0000605 seconds
2018-10-31T21:25:47.437-0700: 48.959: Total time for which application threads were stopped: 0.0005539 seconds, Stopping threads took: 0.0000481 seconds
{Heap before GC invocations=78 (full 6):
 par new generation   total 109248K, used 109248K [0x00000000e0000000, 0x00000000e8000000, 0x00000000e8000000)
  eden space 87424K, 100% used [0x00000000e0000000, 0x00000000e5560000, 0x00000000e5560000)
  from space 21824K, 100% used [0x00000000e5560000, 0x00000000e6ab0000, 0x00000000e6ab0000)
  to   space 21824K,   0% used [0x00000000e6ab0000, 0x00000000e6ab0000, 0x00000000e8000000)
 concurrent mark-sweep generation total 393216K, used 159740K [0x00000000e8000000, 0x0000000100000000, 0x0000000100000000)
 Metaspace       used 42343K, capacity 43567K, committed 43756K, reserved 1087488K
  class space    used 5209K, capacity 5517K, committed 5612K, reserved 1048576K
2018-10-31T21:25:47.531-0700: 49.051: [GC (Allocation Failure) 2018-10-31T21:25:47.531-0700: 49.051: [ParNew
Desired survivor size 20112992 bytes, new threshold 8 (max 8)
- age   1:    8147320 bytes,    8147320 total
- age   2:    1759264 bytes,    9906584 total
- age   3:    2396320 bytes,   12302904 total
- age   4:    4493664 bytes,   16796568 total
- age   5:       1248 bytes,   16797816 total
- age   6:      55808 bytes,   16853624 total
- age   7:        152 bytes,   16853776 total
: 109248K->21824K(109248K), 0.0109814 secs] 268988K->195303K(502464K), 0.0110540 secs] [Times: user=0.00 sys=0.00, real=0.00 secs] 
Heap after GC invocations=79 (full 6):
 par new generation   total 109248K, used 21824K [0x00000000e0000000, 0x00000000e8000000, 0x00000000e8000000)
  eden space 87424K,   0% used [0x00000000e0000000, 0x00000000e0000000, 0x00000000e5560000)
  from space 21824K, 100% used [0x00000000e6ab0000, 0x00000000e8000000, 0x00000000e8000000)
  to   space 21824K,   0% used [0x00000000e5560000, 0x00000000e5560000, 0x00000000e6ab0000)
 concurrent mark-sweep generation total 393216K, used 173479K [0x00000000e8000000, 0x0000000100000000, 0x0000000100000000)
 Metaspace       used 42343K, capacity 43567K, committed 43756K, reserved 1087488K
  class space    used 5209K, capacity 5517K, committed 5612K, reserved 1048576K
}
2018-10-31T21:25:47.531-0700: 49.062: Total time for which application threads were stopped: 0.0113231 seconds, Stopping threads took: 0.0001039 seconds
{Heap before GC invocations=79 (full 6):
 par new generation   total 109248K, used 109248K [0x00000000e0000000, 0x00000000e8000000, 0x00000000e8000000)
  eden space 87424K, 100% used [0x00000000e0000000, 0x00000000e5560000, 0x00000000e5560000)
  from space 21824K, 100% used [0x00000000e6ab0000, 0x00000000e8000000, 0x00000000e8000000)
  to   space 21824K,   0% used [0x00000000e5560000, 0x00000000e5560000, 0x00000000e6ab0000)
 concurrent mark-sweep generation total 393216K, used 173479K [0x00000000e8000000, 0x0000000100000000, 0x0000000100000000)
 Metaspace       used 42472K, capacity 43727K, committed 44012K, reserved 1087488K
  class space    used 5222K, capacity 5549K, committed 5612K, reserved 1048576K
2018-10-31T21:25:48.125-0700: 49.646: [GC (Allocation Failure) 2018-10-31T21:25:48.125-0700: 49.646: [ParNew
Desired survivor size 20112992 bytes, new threshold 5 (max 8)
- age   1:   12685408 bytes,   12685408 total
- age   2:    1203712 bytes,   13889120 total
- age   3:    1700800 bytes,   15589920 total
- age   4:    2394904 bytes,   17984824 total
- age   5:    4320040 bytes,   22304864 total
- age   6:        336 bytes,   22305200 total
- age   7:         64 bytes,   22305264 total
- age   8:        152 bytes,   22305416 total
: 109248K->21824K(109248K), 0.0115320 secs] 282727K->199739K(502464K), 0.0116123 secs] [Times: user=0.00 sys=0.00, real=0.00 secs] 
Heap after GC invocations=80 (full 6):
 par new generation   total 109248K, used 21824K [0x00000000e0000000, 0x00000000e8000000, 0x00000000e8000000)
  eden space 87424K,   0% used [0x00000000e0000000, 0x00000000e0000000, 0x00000000e5560000)
  from space 21824K, 100% used [0x00000000e5560000, 0x00000000e6ab0000, 0x00000000e6ab0000)
  to   space 21824K,   0% used [0x00000000e6ab0000, 0x00000000e6ab0000, 0x00000000e8000000)
 concurrent mark-sweep generation total 393216K, used 177915K [0x00000000e8000000, 0x0000000100000000, 0x0000000100000000)
 Metaspace       used 42472K, capacity 43727K, committed 44012K, reserved 1087488K
  class space    used 5222K, capacity 5549K, committed 5612K, reserved 1048576K
}
2018-10-31T21:25:48.125-0700: 49.657: Total time for which application threads were stopped: 0.0118774 seconds, Stopping threads took: 0.0000496 seconds
{Heap before GC invocations=80 (full 6):
 par new generation   total 109248K, used 109248K [0x00000000e0000000, 0x00000000e8000000, 0x00000000e8000000)
  eden space 87424K, 100% used [0x00000000e0000000, 0x00000000e5560000, 0x00000000e5560000)
  from space 21824K, 100% used [0x00000000e5560000, 0x00000000e6ab0000, 0x00000000e6ab0000)
  to   space 21824K,   0% used [0x00000000e6ab0000, 0x00000000e6ab0000, 0x00000000e8000000)
 concurrent mark-sweep generation total 393216K, used 177915K [0x00000000e8000000, 0x0000000100000000, 0x0000000100000000)
 Metaspace       used 42475K, capacity 43727K, committed 44012K, reserved 1087488K
  class space    used 5222K, capacity 5549K, committed 5612K, reserved 1048576K
2018-10-31T21:25:48.598-0700: 50.115: [GC (Allocation Failure) 2018-10-31T21:25:48.598-0700: 50.115: [ParNew
Desired survivor size 20112992 bytes, new threshold 5 (max 8)
- age   1:   10696944 bytes,   10696944 total
- age   2:    5315448 bytes,   16012392 total
- age   3:    1167760 bytes,   17180152 total
- age   4:    1697112 bytes,   18877264 total
- age   5:    2393648 bytes,   21270912 total
: 109248K->21824K(109248K), 0.0098031 secs] 287163K->207110K(502464K), 0.0098804 secs] [Times: user=0.00 sys=0.00, real=0.01 secs] 
Heap after GC invocations=81 (full 6):
 par new generation   total 109248K, used 21824K [0x00000000e0000000, 0x00000000e8000000, 0x00000000e8000000)
  eden space 87424K,   0% used [0x00000000e0000000, 0x00000000e0000000, 0x00000000e5560000)
  from space 21824K, 100% used [0x00000000e6ab0000, 0x00000000e8000000, 0x00000000e8000000)
  to   space 21824K,   0% used [0x00000000e5560000, 0x00000000e5560000, 0x00000000e6ab0000)
 concurrent mark-sweep generation total 393216K, used 185286K [0x00000000e8000000, 0x0000000100000000, 0x0000000100000000)
 Metaspace       used 42475K, capacity 43727K, committed 44012K, reserved 1087488K
  class space    used 5222K, capacity 5549K, committed 5612K, reserved 1048576K
}
2018-10-31T21:25:48.608-0700: 50.125: Total time for which application threads were stopped: 0.0101926 seconds, Stopping threads took: 0.0000693 seconds
{Heap before GC invocations=81 (full 6):
 par new generation   total 109248K, used 109248K [0x00000000e0000000, 0x00000000e8000000, 0x00000000e8000000)
  eden space 87424K, 100% used [0x00000000e0000000, 0x00000000e5560000, 0x00000000e5560000)
  from space 21824K, 100% used [0x00000000e6ab0000, 0x00000000e8000000, 0x00000000e8000000)
  to   space 21824K,   0% used [0x00000000e5560000, 0x00000000e5560000, 0x00000000e6ab0000)
 concurrent mark-sweep generation total 393216K, used 185286K [0x00000000e8000000, 0x0000000100000000, 0x0000000100000000)
 Metaspace       used 42475K, capacity 43727K, committed 44012K, reserved 1087488K
  class space    used 5222K, capacity 5549K, committed 5612K, reserved 1048576K
2018-10-31T21:25:49.001-0700: 50.519: [GC (Allocation Failure) 2018-10-31T21:25:49.001-0700: 50.520: [ParNew
Desired survivor size 20112992 bytes, new threshold 8 (max 8)
- age   1:    4190416 bytes,    4190416 total
- age   2:    7647736 bytes,   11838152 total
- age   3:    3886992 bytes,   15725144 total
- age   4:    1162624 bytes,   16887768 total
- age   5:    1689960 bytes,   18577728 total
: 109248K->21824K(109248K), 0.0078751 secs] 294534K->212911K(502464K), 0.0079400 secs] [Times: user=0.00 sys=0.00, real=0.00 secs] 
Heap after GC invocations=82 (full 6):
 par new generation   total 109248K, used 21824K [0x00000000e0000000, 0x00000000e8000000, 0x00000000e8000000)
  eden space 87424K,   0% used [0x00000000e0000000, 0x00000000e0000000, 0x00000000e5560000)
  from space 21824K, 100% used [0x00000000e5560000, 0x00000000e6ab0000, 0x00000000e6ab0000)
  to   space 21824K,   0% used [0x00000000e6ab0000, 0x00000000e6ab0000, 0x00000000e8000000)
 concurrent mark-sweep generation total 393216K, used 191087K [0x00000000e8000000, 0x0000000100000000, 0x0000000100000000)
 Metaspace       used 42475K, capacity 43727K, committed 44012K, reserved 1087488K
  class space    used 5222K, capacity 5549K, committed 5612K, reserved 1048576K
}
2018-10-31T21:25:49.001-0700: 50.527: Total time for which application threads were stopped: 0.0082033 seconds, Stopping threads took: 0.0000540 seconds
{Heap before GC invocations=82 (full 6):
 par new generation   total 109248K, used 109248K [0x00000000e0000000, 0x00000000e8000000, 0x00000000e8000000)
  eden space 87424K, 100% used [0x00000000e0000000, 0x00000000e5560000, 0x00000000e5560000)
  from space 21824K, 100% used [0x00000000e5560000, 0x00000000e6ab0000, 0x00000000e6ab0000)
  to   space 21824K,   0% used [0x00000000e6ab0000, 0x00000000e6ab0000, 0x00000000e8000000)
 concurrent mark-sweep generation total 393216K, used 191087K [0x00000000e8000000, 0x0000000100000000, 0x0000000100000000)
 Metaspace       used 42475K, capacity 43727K, committed 44012K, reserved 1087488K
  class space    used 5222K, capacity 5549K, committed 5612K, reserved 1048576K
2018-10-31T21:25:49.547-0700: 51.076: [GC (Allocation Failure) 2018-10-31T21:25:49.547-0700: 51.076: [ParNew
Desired survivor size 20112992 bytes, new threshold 5 (max 8)
- age   1:   12089472 bytes,   12089472 total
- age   2:     531664 bytes,   12621136 total
- age   3:    2620384 bytes,   15241520 total
- age   4:    3886992 bytes,   19128512 total
- age   5:    1097056 bytes,   20225568 total
- age   6:    1689960 bytes,   21915528 total
: 109248K->21824K(109248K), 0.0101109 secs] 300335K->217579K(502464K), 0.0101671 secs] [Times: user=0.06 sys=0.00, real=0.02 secs] 
Heap after GC invocations=83 (full 6):
 par new generation   total 109248K, used 21824K [0x00000000e0000000, 0x00000000e8000000, 0x00000000e8000000)
  eden space 87424K,   0% used [0x00000000e0000000, 0x00000000e0000000, 0x00000000e5560000)
  from space 21824K, 100% used [0x00000000e6ab0000, 0x00000000e8000000, 0x00000000e8000000)
  to   space 21824K,   0% used [0x00000000e5560000, 0x00000000e5560000, 0x00000000e6ab0000)
 concurrent mark-sweep generation total 393216K, used 195755K [0x00000000e8000000, 0x0000000100000000, 0x0000000100000000)
 Metaspace       used 42475K, capacity 43727K, committed 44012K, reserved 1087488K
  class space    used 5222K, capacity 5549K, committed 5612K, reserved 1048576K
}
2018-10-31T21:25:49.563-0700: 51.086: Total time for which application threads were stopped: 0.0104078 seconds, Stopping threads took: 0.0000707 seconds
{Heap before GC invocations=83 (full 6):
 par new generation   total 109248K, used 109248K [0x00000000e0000000, 0x00000000e8000000, 0x00000000e8000000)
  eden space 87424K, 100% used [0x00000000e0000000, 0x00000000e5560000, 0x00000000e5560000)
  from space 21824K, 100% used [0x00000000e6ab0000, 0x00000000e8000000, 0x00000000e8000000)
  to   space 21824K,   0% used [0x00000000e5560000, 0x00000000e5560000, 0x00000000e6ab0000)
 concurrent mark-sweep generation total 393216K, used 195755K [0x00000000e8000000, 0x0000000100000000, 0x0000000100000000)
 Metaspace       used 42477K, capacity 43727K, committed 44012K, reserved 1087488K
  class space    used 5222K, capacity 5549K, committed 5612K, reserved 1048576K
2018-10-31T21:25:50.108-0700: 51.639: [GC (Allocation Failure) 2018-10-31T21:25:50.108-0700: 51.639: [ParNew
Desired survivor size 20112992 bytes, new threshold 5 (max 8)
- age   1:   11842152 bytes,   11842152 total
- age   2:    2852424 bytes,   14694576 total
- age   3:     526640 bytes,   15221216 total
- age   4:    2602576 bytes,   17823792 total
- age   5:    3752056 bytes,   21575848 total
: 109248K->21824K(109248K), 0.0116174 secs] 305003K->226747K(502464K), 0.0116797 secs] [Times: user=0.06 sys=0.00, real=0.02 secs] 
Heap after GC invocations=84 (full 6):
 par new generation   total 109248K, used 21824K [0x00000000e0000000, 0x00000000e8000000, 0x00000000e8000000)
  eden space 87424K,   0% used [0x00000000e0000000, 0x00000000e0000000, 0x00000000e5560000)
  from space 21824K, 100% used [0x00000000e5560000, 0x00000000e6ab0000, 0x00000000e6ab0000)
  to   space 21824K,   0% used [0x00000000e6ab0000, 0x00000000e6ab0000, 0x00000000e8000000)
 concurrent mark-sweep generation total 393216K, used 204923K [0x00000000e8000000, 0x0000000100000000, 0x0000000100000000)
 Metaspace       used 42477K, capacity 43727K, committed 44012K, reserved 1087488K
  class space    used 5222K, capacity 5549K, committed 5612K, reserved 1048576K
}
2018-10-31T21:25:50.124-0700: 51.651: Total time for which application threads were stopped: 0.0119259 seconds, Stopping threads took: 0.0000671 seconds
2018-10-31T21:25:50.124-0700: 51.651: [GC (CMS Initial Mark) [1 CMS-initial-mark: 204923K(393216K)] 227362K(502464K), 0.0018201 secs] [Times: user=0.00 sys=0.00, real=0.00 secs] 
2018-10-31T21:25:50.124-0700: 51.653: Total time for which application threads were stopped: 0.0020192 seconds, Stopping threads took: 0.0000704 seconds
2018-10-31T21:25:50.124-0700: 51.653: [CMS-concurrent-mark-start]
2018-10-31T21:25:50.140-0700: 51.666: [CMS-concurrent-mark: 0.012/0.012 secs] [Times: user=0.08 sys=0.02, real=0.02 secs] 
2018-10-31T21:25:50.140-0700: 51.666: [CMS-concurrent-preclean-start]
2018-10-31T21:25:50.140-0700: 51.667: [CMS-concurrent-preclean: 0.001/0.001 secs] [Times: user=0.00 sys=0.00, real=0.00 secs] 
2018-10-31T21:25:50.140-0700: 51.667: [CMS-concurrent-abortable-preclean-start]
2018-10-31T21:25:50.499-0700: 52.025: [CMS-concurrent-abortable-preclean: 0.263/0.358 secs] [Times: user=0.67 sys=0.02, real=0.36 secs] 
2018-10-31T21:25:50.499-0700: 52.025: [GC (CMS Final Remark) [YG occupancy: 74424 K (109248 K)]{Heap before GC invocations=84 (full 7):
 par new generation   total 109248K, used 74424K [0x00000000e0000000, 0x00000000e8000000, 0x00000000e8000000)
  eden space 87424K,  60% used [0x00000000e0000000, 0x00000000e335e000, 0x00000000e5560000)
  from space 21824K, 100% used [0x00000000e5560000, 0x00000000e6ab0000, 0x00000000e6ab0000)
  to   space 21824K,   0% used [0x00000000e6ab0000, 0x00000000e6ab0000, 0x00000000e8000000)
 concurrent mark-sweep generation total 393216K, used 204923K [0x00000000e8000000, 0x0000000100000000, 0x0000000100000000)
 Metaspace       used 42477K, capacity 43727K, committed 44012K, reserved 1087488K
  class space    used 5222K, capacity 5549K, committed 5612K, reserved 1048576K
2018-10-31T21:25:50.499-0700: 52.025: [GC (CMS Final Remark) 2018-10-31T21:25:50.499-0700: 52.025: [ParNew
Desired survivor size 20112992 bytes, new threshold 8 (max 8)
- age   1:    9329648 bytes,    9329648 total
- age   2:    6613520 bytes,   15943168 total
- age   3:    1650912 bytes,   17594080 total
- age   4:     363664 bytes,   17957744 total
- age   5:    1513760 bytes,   19471504 total
: 74424K->21824K(109248K), 0.0103800 secs] 279347K->236642K(502464K), 0.0104329 secs] [Times: user=0.06 sys=0.00, real=0.02 secs] 
Heap after GC invocations=85 (full 7):
 par new generation   total 109248K, used 21824K [0x00000000e0000000, 0x00000000e8000000, 0x00000000e8000000)
  eden space 87424K,   0% used [0x00000000e0000000, 0x00000000e0000000, 0x00000000e5560000)
  from space 21824K, 100% used [0x00000000e6ab0000, 0x00000000e8000000, 0x00000000e8000000)
  to   space 21824K,   0% used [0x00000000e5560000, 0x00000000e5560000, 0x00000000e6ab0000)
 concurrent mark-sweep generation total 393216K, used 214818K [0x00000000e8000000, 0x0000000100000000, 0x0000000100000000)
 Metaspace       used 42477K, capacity 43727K, committed 44012K, reserved 1087488K
  class space    used 5222K, capacity 5549K, committed 5612K, reserved 1048576K
}
2018-10-31T21:25:50.515-0700: 52.035: [Rescan (parallel) , 0.0023131 secs]2018-10-31T21:25:50.515-0700: 52.038: [weak refs processing, 0.0007042 secs]2018-10-31T21:25:50.515-0700: 52.038: [class unloading, 0.0062432 secs]2018-10-31T21:25:50.515-0700: 52.045: [scrub symbol table, 0.0060671 secs]2018-10-31T21:25:50.530-0700: 52.051: [scrub string table, 0.0004161 secs][1 CMS-remark: 214818K(393216K)] 236642K(502464K), 0.0265383 secs] [Times: user=0.08 sys=0.00, real=0.03 secs] 
2018-10-31T21:25:50.530-0700: 52.051: Total time for which application threads were stopped: 0.0266944 seconds, Stopping threads took: 0.0000481 seconds
2018-10-31T21:25:50.530-0700: 52.052: [CMS-concurrent-sweep-start]
2018-10-31T21:25:50.546-0700: 52.076: [CMS-concurrent-sweep: 0.024/0.024 secs] [Times: user=0.03 sys=0.00, real=0.02 secs] 
2018-10-31T21:25:50.546-0700: 52.076: [CMS-concurrent-reset-start]
2018-10-31T21:25:50.546-0700: 52.076: [CMS-concurrent-reset: 0.000/0.000 secs] [Times: user=0.00 sys=0.00, real=0.00 secs] 
{Heap before GC invocations=85 (full 7):
 par new generation   total 109248K, used 109248K [0x00000000e0000000, 0x00000000e8000000, 0x00000000e8000000)
  eden space 87424K, 100% used [0x00000000e0000000, 0x00000000e5560000, 0x00000000e5560000)
  from space 21824K, 100% used [0x00000000e6ab0000, 0x00000000e8000000, 0x00000000e8000000)
  to   space 21824K,   0% used [0x00000000e5560000, 0x00000000e5560000, 0x00000000e6ab0000)
 concurrent mark-sweep generation total 393216K, used 67357K [0x00000000e8000000, 0x0000000100000000, 0x0000000100000000)
 Metaspace       used 42477K, capacity 43727K, committed 44012K, reserved 1087488K
  class space    used 5222K, capacity 5549K, committed 5612K, reserved 1048576K
2018-10-31T21:25:51.080-0700: 52.598: [GC (Allocation Failure) 2018-10-31T21:25:51.080-0700: 52.598: [ParNew
Desired survivor size 20112992 bytes, new threshold 4 (max 8)
- age   1:   11794336 bytes,   11794336 total
- age   2:    5281752 bytes,   17076088 total
- age   3:    2162168 bytes,   19238256 total
- age   4:    1255952 bytes,   20494208 total
- age   5:     212416 bytes,   20706624 total
- age   6:    1242384 bytes,   21949008 total
: 109248K->21824K(109248K), 0.0127694 secs] 176605K->96377K(502464K), 0.0128343 secs] [Times: user=0.00 sys=0.00, real=0.00 secs] 
Heap after GC invocations=86 (full 7):
 par new generation   total 109248K, used 21824K [0x00000000e0000000, 0x00000000e8000000, 0x00000000e8000000)
  eden space 87424K,   0% used [0x00000000e0000000, 0x00000000e0000000, 0x00000000e5560000)
  from space 21824K, 100% used [0x00000000e5560000, 0x00000000e6ab0000, 0x00000000e6ab0000)
  to   space 21824K,   0% used [0x00000000e6ab0000, 0x00000000e6ab0000, 0x00000000e8000000)
 concurrent mark-sweep generation total 393216K, used 74553K [0x00000000e8000000, 0x0000000100000000, 0x0000000100000000)
 Metaspace       used 42477K, capacity 43727K, committed 44012K, reserved 1087488K
  class space    used 5222K, capacity 5549K, committed 5612K, reserved 1048576K
}
2018-10-31T21:25:51.080-0700: 52.610: Total time for which application threads were stopped: 0.0130958 seconds, Stopping threads took: 0.0000934 seconds
{Heap before GC invocations=86 (full 7):
 par new generation   total 109248K, used 109248K [0x00000000e0000000, 0x00000000e8000000, 0x00000000e8000000)
  eden space 87424K, 100% used [0x00000000e0000000, 0x00000000e5560000, 0x00000000e5560000)
  from space 21824K, 100% used [0x00000000e5560000, 0x00000000e6ab0000, 0x00000000e6ab0000)
  to   space 21824K,   0% used [0x00000000e6ab0000, 0x00000000e6ab0000, 0x00000000e8000000)
 concurrent mark-sweep generation total 393216K, used 74553K [0x00000000e8000000, 0x0000000100000000, 0x0000000100000000)
 Metaspace       used 42477K, capacity 43727K, committed 44012K, reserved 1087488K
  class space    used 5222K, capacity 5549K, committed 5612K, reserved 1048576K
2018-10-31T21:25:51.548-0700: 53.068: [GC (Allocation Failure) 2018-10-31T21:25:51.548-0700: 53.068: [ParNew
Desired survivor size 20112992 bytes, new threshold 4 (max 8)
- age   1:   11931208 bytes,   11931208 total
- age   2:    2864144 bytes,   14795352 total
- age   3:    4364712 bytes,   19160064 total
- age   4:    2132152 bytes,   21292216 total
: 109248K->21824K(109248K), 0.0111856 secs] 183801K->107676K(502464K), 0.0112465 secs] [Times: user=0.00 sys=0.00, real=0.00 secs] 
Heap after GC invocations=87 (full 7):
 par new generation   total 109248K, used 21824K [0x00000000e0000000, 0x00000000e8000000, 0x00000000e8000000)
  eden space 87424K,   0% used [0x00000000e0000000, 0x00000000e0000000, 0x00000000e5560000)
  from space 21824K, 100% used [0x00000000e6ab0000, 0x00000000e8000000, 0x00000000e8000000)
  to   space 21824K,   0% used [0x00000000e5560000, 0x00000000e5560000, 0x00000000e6ab0000)
 concurrent mark-sweep generation total 393216K, used 85852K [0x00000000e8000000, 0x0000000100000000, 0x0000000100000000)
 Metaspace       used 42477K, capacity 43727K, committed 44012K, reserved 1087488K
  class space    used 5222K, capacity 5549K, committed 5612K, reserved 1048576K
}
2018-10-31T21:25:51.548-0700: 53.079: Total time for which application threads were stopped: 0.0114741 seconds, Stopping threads took: 0.0000536 seconds
{Heap before GC invocations=87 (full 7):
 par new generation   total 109248K, used 109248K [0x00000000e0000000, 0x00000000e8000000, 0x00000000e8000000)
  eden space 87424K, 100% used [0x00000000e0000000, 0x00000000e5560000, 0x00000000e5560000)
  from space 21824K, 100% used [0x00000000e6ab0000, 0x00000000e8000000, 0x00000000e8000000)
  to   space 21824K,   0% used [0x00000000e5560000, 0x00000000e5560000, 0x00000000e6ab0000)
 concurrent mark-sweep generation total 393216K, used 85852K [0x00000000e8000000, 0x0000000100000000, 0x0000000100000000)
 Metaspace       used 42487K, capacity 43735K, committed 44012K, reserved 1087488K
  class space    used 5223K, capacity 5549K, committed 5612K, reserved 1048576K
2018-10-31T21:25:51.903-0700: 53.426: [GC (Allocation Failure) 2018-10-31T21:25:51.903-0700: 53.426: [ParNew
Desired survivor size 20112992 bytes, new threshold 4 (max 8)
- age   1:    5739680 bytes,    5739680 total
- age   2:    8109888 bytes,   13849568 total
- age   3:    2863824 bytes,   16713392 total
- age   4:    4364096 bytes,   21077488 total
: 109248K->21824K(109248K), 0.0093342 secs] 195100K->112387K(502464K), 0.0093958 secs] [Times: user=0.00 sys=0.00, real=0.00 secs] 
Heap after GC invocations=88 (full 7):
 par new generation   total 109248K, used 21824K [0x00000000e0000000, 0x00000000e8000000, 0x00000000e8000000)
  eden space 87424K,   0% used [0x00000000e0000000, 0x00000000e0000000, 0x00000000e5560000)
  from space 21824K, 100% used [0x00000000e5560000, 0x00000000e6ab0000, 0x00000000e6ab0000)
  to   space 21824K,   0% used [0x00000000e6ab0000, 0x00000000e6ab0000, 0x00000000e8000000)
 concurrent mark-sweep generation total 393216K, used 90563K [0x00000000e8000000, 0x0000000100000000, 0x0000000100000000)
 Metaspace       used 42487K, capacity 43735K, committed 44012K, reserved 1087488K
  class space    used 5223K, capacity 5549K, committed 5612K, reserved 1048576K
}
2018-10-31T21:25:51.903-0700: 53.435: Total time for which application threads were stopped: 0.0096266 seconds, Stopping threads took: 0.0000631 seconds
{Heap before GC invocations=88 (full 7):
 par new generation   total 109248K, used 109248K [0x00000000e0000000, 0x00000000e8000000, 0x00000000e8000000)
  eden space 87424K, 100% used [0x00000000e0000000, 0x00000000e5560000, 0x00000000e5560000)
  from space 21824K, 100% used [0x00000000e5560000, 0x00000000e6ab0000, 0x00000000e6ab0000)
  to   space 21824K,   0% used [0x00000000e6ab0000, 0x00000000e6ab0000, 0x00000000e8000000)
 concurrent mark-sweep generation total 393216K, used 90563K [0x00000000e8000000, 0x0000000100000000, 0x0000000100000000)
 Metaspace       used 42487K, capacity 43735K, committed 44012K, reserved 1087488K
  class space    used 5223K, capacity 5549K, committed 5612K, reserved 1048576K
2018-10-31T21:25:52.331-0700: 53.851: [GC (Allocation Failure) 2018-10-31T21:25:52.331-0700: 53.851: [ParNew
Desired survivor size 20112992 bytes, new threshold 8 (max 8)
- age   1:    6821872 bytes,    6821872 total
- age   2:    1445256 bytes,    8267128 total
- age   3:    6667544 bytes,   14934672 total
- age   4:    2863112 bytes,   17797784 total
: 109248K->21824K(109248K), 0.0096551 secs] 199811K->121462K(502464K), 0.0097189 secs] [Times: user=0.00 sys=0.00, real=0.00 secs] 
Heap after GC invocations=89 (full 7):
 par new generation   total 109248K, used 21824K [0x00000000e0000000, 0x00000000e8000000, 0x00000000e8000000)
  eden space 87424K,   0% used [0x00000000e0000000, 0x00000000e0000000, 0x00000000e5560000)
  from space 21824K, 100% used [0x00000000e6ab0000, 0x00000000e8000000, 0x00000000e8000000)
  to   space 21824K,   0% used [0x00000000e5560000, 0x00000000e5560000, 0x00000000e6ab0000)
 concurrent mark-sweep generation total 393216K, used 99638K [0x00000000e8000000, 0x0000000100000000, 0x0000000100000000)
 Metaspace       used 42487K, capacity 43735K, committed 44012K, reserved 1087488K
  class space    used 5223K, capacity 5549K, committed 5612K, reserved 1048576K
}
2018-10-31T21:25:52.331-0700: 53.860: Total time for which application threads were stopped: 0.0099012 seconds, Stopping threads took: 0.0000263 seconds
{Heap before GC invocations=89 (full 7):
 par new generation   total 109248K, used 109248K [0x00000000e0000000, 0x00000000e8000000, 0x00000000e8000000)
  eden space 87424K, 100% used [0x00000000e0000000, 0x00000000e5560000, 0x00000000e5560000)
  from space 21824K, 100% used [0x00000000e6ab0000, 0x00000000e8000000, 0x00000000e8000000)
  to   space 21824K,   0% used [0x00000000e5560000, 0x00000000e5560000, 0x00000000e6ab0000)
 concurrent mark-sweep generation total 393216K, used 99638K [0x00000000e8000000, 0x0000000100000000, 0x0000000100000000)
 Metaspace       used 42487K, capacity 43735K, committed 44012K, reserved 1087488K
  class space    used 5223K, capacity 5549K, committed 5612K, reserved 1048576K
2018-10-31T21:25:52.745-0700: 54.263: [GC (Allocation Failure) 2018-10-31T21:25:52.745-0700: 54.263: [ParNew
Desired survivor size 20112992 bytes, new threshold 5 (max 8)
- age   1:   14250336 bytes,   14250336 total
- age   2:    1363152 bytes,   15613488 total
- age   3:    1349712 bytes,   16963200 total
- age   4:    2414240 bytes,   19377440 total
- age   5:    2861064 bytes,   22238504 total
: 109248K->21824K(109248K), 0.0131939 secs] 208886K->126539K(502464K), 0.0132839 secs] [Times: user=0.06 sys=0.00, real=0.01 secs] 
Heap after GC invocations=90 (full 7):
 par new generation   total 109248K, used 21824K [0x00000000e0000000, 0x00000000e8000000, 0x00000000e8000000)
  eden space 87424K,   0% used [0x00000000e0000000, 0x00000000e0000000, 0x00000000e5560000)
  from space 21824K, 100% used [0x00000000e5560000, 0x00000000e6ab0000, 0x00000000e6ab0000)
  to   space 21824K,   0% used [0x00000000e6ab0000, 0x00000000e6ab0000, 0x00000000e8000000)
 concurrent mark-sweep generation total 393216K, used 104715K [0x00000000e8000000, 0x0000000100000000, 0x0000000100000000)
 Metaspace       used 42487K, capacity 43735K, committed 44012K, reserved 1087488K
  class space    used 5223K, capacity 5549K, committed 5612K, reserved 1048576K
}
2018-10-31T21:25:52.759-0700: 54.276: Total time for which application threads were stopped: 0.0138404 seconds, Stopping threads took: 0.0002772 seconds
{Heap before GC invocations=90 (full 7):
 par new generation   total 109248K, used 109248K [0x00000000e0000000, 0x00000000e8000000, 0x00000000e8000000)
  eden space 87424K, 100% used [0x00000000e0000000, 0x00000000e5560000, 0x00000000e5560000)
  from space 21824K, 100% used [0x00000000e5560000, 0x00000000e6ab0000, 0x00000000e6ab0000)
  to   space 21824K,   0% used [0x00000000e6ab0000, 0x00000000e6ab0000, 0x00000000e8000000)
 concurrent mark-sweep generation total 393216K, used 104715K [0x00000000e8000000, 0x0000000100000000, 0x0000000100000000)
 Metaspace       used 42487K, capacity 43735K, committed 44012K, reserved 1087488K
  class space    used 5223K, capacity 5549K, committed 5612K, reserved 1048576K
2018-10-31T21:25:53.127-0700: 54.659: [GC (Allocation Failure) 2018-10-31T21:25:53.127-0700: 54.659: [ParNew
Desired survivor size 20112992 bytes, new threshold 4 (max 8)
- age   1:    7925544 bytes,    7925544 total
- age   2:   10064480 bytes,   17990024 total
- age   3:    1205832 bytes,   19195856 total
- age   4:    1301456 bytes,   20497312 total
- age   5:    1825288 bytes,   22322600 total
: 109248K->21824K(109248K), 0.0116684 secs] 213963K->136086K(502464K), 0.0117443 secs] [Times: user=0.06 sys=0.00, real=0.02 secs] 
Heap after GC invocations=91 (full 7):
 par new generation   total 109248K, used 21824K [0x00000000e0000000, 0x00000000e8000000, 0x00000000e8000000)
  eden space 87424K,   0% used [0x00000000e0000000, 0x00000000e0000000, 0x00000000e5560000)
  from space 21824K, 100% used [0x00000000e6ab0000, 0x00000000e8000000, 0x00000000e8000000)
  to   space 21824K,   0% used [0x00000000e5560000, 0x00000000e5560000, 0x00000000e6ab0000)
 concurrent mark-sweep generation total 393216K, used 114262K [0x00000000e8000000, 0x0000000100000000, 0x0000000100000000)
 Metaspace       used 42487K, capacity 43735K, committed 44012K, reserved 1087488K
  class space    used 5223K, capacity 5549K, committed 5612K, reserved 1048576K
}
2018-10-31T21:25:53.143-0700: 54.671: Total time for which application threads were stopped: 0.0119299 seconds, Stopping threads took: 0.0000284 seconds
{Heap before GC invocations=91 (full 7):
 par new generation   total 109248K, used 109226K [0x00000000e0000000, 0x00000000e8000000, 0x00000000e8000000)
  eden space 87424K,  99% used [0x00000000e0000000, 0x00000000e555abd0, 0x00000000e5560000)
  from space 21824K, 100% used [0x00000000e6ab0000, 0x00000000e8000000, 0x00000000e8000000)
  to   space 21824K,   0% used [0x00000000e5560000, 0x00000000e5560000, 0x00000000e6ab0000)
 concurrent mark-sweep generation total 393216K, used 114262K [0x00000000e8000000, 0x0000000100000000, 0x0000000100000000)
 Metaspace       used 42487K, capacity 43735K, committed 44012K, reserved 1087488K
  class space    used 5223K, capacity 5549K, committed 5612K, reserved 1048576K
2018-10-31T21:25:53.502-0700: 55.023: [GC (Allocation Failure) 2018-10-31T21:25:53.502-0700: 55.023: [ParNew
Desired survivor size 20112992 bytes, new threshold 3 (max 8)
- age   1:    3215120 bytes,    3215120 total
- age   2:    7394208 bytes,   10609328 total
- age   3:    9613960 bytes,   20223288 total
- age   4:    1204448 bytes,   21427736 total
: 109226K->21824K(109248K), 0.0106831 secs] 223489K->145052K(502464K), 0.0107549 secs] [Times: user=0.00 sys=0.00, real=0.00 secs] 
Heap after GC invocations=92 (full 7):
 par new generation   total 109248K, used 21824K [0x00000000e0000000, 0x00000000e8000000, 0x00000000e8000000)
  eden space 87424K,   0% used [0x00000000e0000000, 0x00000000e0000000, 0x00000000e5560000)
  from space 21824K, 100% used [0x00000000e5560000, 0x00000000e6ab0000, 0x00000000e6ab0000)
  to   space 21824K,   0% used [0x00000000e6ab0000, 0x00000000e6ab0000, 0x00000000e8000000)
 concurrent mark-sweep generation total 393216K, used 123228K [0x00000000e8000000, 0x0000000100000000, 0x0000000100000000)
 Metaspace       used 42487K, capacity 43735K, committed 44012K, reserved 1087488K
  class space    used 5223K, capacity 5549K, committed 5612K, reserved 1048576K
}
2018-10-31T21:25:53.502-0700: 55.033: Total time for which application threads were stopped: 0.0109723 seconds, Stopping threads took: 0.0000576 seconds
{Heap before GC invocations=92 (full 7):
 par new generation   total 109248K, used 109248K [0x00000000e0000000, 0x00000000e8000000, 0x00000000e8000000)
  eden space 87424K, 100% used [0x00000000e0000000, 0x00000000e5560000, 0x00000000e5560000)
  from space 21824K, 100% used [0x00000000e5560000, 0x00000000e6ab0000, 0x00000000e6ab0000)
  to   space 21824K,   0% used [0x00000000e6ab0000, 0x00000000e6ab0000, 0x00000000e8000000)
 concurrent mark-sweep generation total 393216K, used 123228K [0x00000000e8000000, 0x0000000100000000, 0x0000000100000000)
 Metaspace       used 42488K, capacity 43735K, committed 44012K, reserved 1087488K
  class space    used 5223K, capacity 5549K, committed 5612K, reserved 1048576K
2018-10-31T21:25:53.870-0700: 55.394: [GC (Allocation Failure) 2018-10-31T21:25:53.870-0700: 55.394: [ParNew
Desired survivor size 20112992 bytes, new threshold 8 (max 8)
- age   1:    6970432 bytes,    6970432 total
- age   2:    3042328 bytes,   10012760 total
- age   3:    6608384 bytes,   16621144 total
: 109248K->21824K(109248K), 0.0122490 secs] 232476K->159255K(502464K), 0.0124007 secs] [Times: user=0.06 sys=0.00, real=0.02 secs] 
Heap after GC invocations=93 (full 7):
 par new generation   total 109248K, used 21824K [0x00000000e0000000, 0x00000000e8000000, 0x00000000e8000000)
  eden space 87424K,   0% used [0x00000000e0000000, 0x00000000e0000000, 0x00000000e5560000)
  from space 21824K, 100% used [0x00000000e6ab0000, 0x00000000e8000000, 0x00000000e8000000)
  to   space 21824K,   0% used [0x00000000e5560000, 0x00000000e5560000, 0x00000000e6ab0000)
 concurrent mark-sweep generation total 393216K, used 137431K [0x00000000e8000000, 0x0000000100000000, 0x0000000100000000)
 Metaspace       used 42488K, capacity 43735K, committed 44012K, reserved 1087488K
  class space    used 5223K, capacity 5549K, committed 5612K, reserved 1048576K
}
2018-10-31T21:25:53.886-0700: 55.407: Total time for which application threads were stopped: 0.0126180 seconds, Stopping threads took: 0.0000554 seconds
{Heap before GC invocations=93 (full 7):
 par new generation   total 109248K, used 109248K [0x00000000e0000000, 0x00000000e8000000, 0x00000000e8000000)
  eden space 87424K, 100% used [0x00000000e0000000, 0x00000000e5560000, 0x00000000e5560000)
  from space 21824K, 100% used [0x00000000e6ab0000, 0x00000000e8000000, 0x00000000e8000000)
  to   space 21824K,   0% used [0x00000000e5560000, 0x00000000e5560000, 0x00000000e6ab0000)
 concurrent mark-sweep generation total 393216K, used 137431K [0x00000000e8000000, 0x0000000100000000, 0x0000000100000000)
 Metaspace       used 42488K, capacity 43735K, committed 44012K, reserved 1087488K
  class space    used 5223K, capacity 5549K, committed 5612K, reserved 1048576K
2018-10-31T21:25:54.361-0700: 55.891: [GC (Allocation Failure) 2018-10-31T21:25:54.361-0700: 55.891: [ParNew
Desired survivor size 20112992 bytes, new threshold 4 (max 8)
- age   1:    6668400 bytes,    6668400 total
- age   2:    6201472 bytes,   12869872 total
- age   3:    2883776 bytes,   15753648 total
- age   4:    6545992 bytes,   22299640 total
: 109248K->21824K(109248K), 0.0138579 secs] 246679K->170732K(502464K), 0.0139298 secs] [Times: user=0.06 sys=0.00, real=0.02 secs] 
Heap after GC invocations=94 (full 7):
 par new generation   total 109248K, used 21824K [0x00000000e0000000, 0x00000000e8000000, 0x00000000e8000000)
  eden space 87424K,   0% used [0x00000000e0000000, 0x00000000e0000000, 0x00000000e5560000)
  from space 21824K, 100% used [0x00000000e5560000, 0x00000000e6ab0000, 0x00000000e6ab0000)
  to   space 21824K,   0% used [0x00000000e6ab0000, 0x00000000e6ab0000, 0x00000000e8000000)
 concurrent mark-sweep generation total 393216K, used 148908K [0x00000000e8000000, 0x0000000100000000, 0x0000000100000000)
 Metaspace       used 42488K, capacity 43735K, committed 44012K, reserved 1087488K
  class space    used 5223K, capacity 5549K, committed 5612K, reserved 1048576K
}
2018-10-31T21:25:54.377-0700: 55.905: Total time for which application threads were stopped: 0.0141978 seconds, Stopping threads took: 0.0000901 seconds
{Heap before GC invocations=94 (full 7):
 par new generation   total 109248K, used 109248K [0x00000000e0000000, 0x00000000e8000000, 0x00000000e8000000)
  eden space 87424K, 100% used [0x00000000e0000000, 0x00000000e5560000, 0x00000000e5560000)
  from space 21824K, 100% used [0x00000000e5560000, 0x00000000e6ab0000, 0x00000000e6ab0000)
  to   space 21824K,   0% used [0x00000000e6ab0000, 0x00000000e6ab0000, 0x00000000e8000000)
 concurrent mark-sweep generation total 393216K, used 148908K [0x00000000e8000000, 0x0000000100000000, 0x0000000100000000)
 Metaspace       used 42488K, capacity 43735K, committed 44012K, reserved 1087488K
  class space    used 5223K, capacity 5549K, committed 5612K, reserved 1048576K
2018-10-31T21:25:54.898-0700: 56.419: [GC (Allocation Failure) 2018-10-31T21:25:54.898-0700: 56.419: [ParNew
Desired survivor size 20112992 bytes, new threshold 4 (max 8)
- age   1:   10388856 bytes,   10388856 total
- age   2:    3886032 bytes,   14274888 total
- age   3:    5085496 bytes,   19360384 total
- age   4:    2518304 bytes,   21878688 total
: 109248K->21824K(109248K), 0.0129586 secs] 258156K->182027K(502464K), 0.0130706 secs] [Times: user=0.02 sys=0.00, real=0.02 secs] 
Heap after GC invocations=95 (full 7):
 par new generation   total 109248K, used 21824K [0x00000000e0000000, 0x00000000e8000000, 0x00000000e8000000)
  eden space 87424K,   0% used [0x00000000e0000000, 0x00000000e0000000, 0x00000000e5560000)
  from space 21824K, 100% used [0x00000000e6ab0000, 0x00000000e8000000, 0x00000000e8000000)
  to   space 21824K,   0% used [0x00000000e5560000, 0x00000000e5560000, 0x00000000e6ab0000)
 concurrent mark-sweep generation total 393216K, used 160203K [0x00000000e8000000, 0x0000000100000000, 0x0000000100000000)
 Metaspace       used 42488K, capacity 43735K, committed 44012K, reserved 1087488K
  class space    used 5223K, capacity 5549K, committed 5612K, reserved 1048576K
}
2018-10-31T21:25:54.914-0700: 56.432: Total time for which application threads were stopped: 0.0133131 seconds, Stopping threads took: 0.0000569 seconds
{Heap before GC invocations=95 (full 7):
 par new generation   total 109248K, used 109248K [0x00000000e0000000, 0x00000000e8000000, 0x00000000e8000000)
  eden space 87424K, 100% used [0x00000000e0000000, 0x00000000e5560000, 0x00000000e5560000)
  from space 21824K, 100% used [0x00000000e6ab0000, 0x00000000e8000000, 0x00000000e8000000)
  to   space 21824K,   0% used [0x00000000e5560000, 0x00000000e5560000, 0x00000000e6ab0000)
 concurrent mark-sweep generation total 393216K, used 160203K [0x00000000e8000000, 0x0000000100000000, 0x0000000100000000)
 Metaspace       used 42488K, capacity 43735K, committed 44012K, reserved 1087488K
  class space    used 5223K, capacity 5549K, committed 5612K, reserved 1048576K
2018-10-31T21:25:55.471-0700: 57.002: [GC (Allocation Failure) 2018-10-31T21:25:55.471-0700: 57.002: [ParNew
Desired survivor size 20112992 bytes, new threshold 4 (max 8)
- age   1:    7009376 bytes,    7009376 total
- age   2:    6429424 bytes,   13438800 total
- age   3:    3822928 bytes,   17261728 total
- age   4:    5025752 bytes,   22287480 total
: 109248K->21824K(109248K), 0.0126531 secs] 269451K->188658K(502464K), 0.0127121 secs] [Times: user=0.06 sys=0.00, real=0.02 secs] 
Heap after GC invocations=96 (full 7):
 par new generation   total 109248K, used 21824K [0x00000000e0000000, 0x00000000e8000000, 0x00000000e8000000)
  eden space 87424K,   0% used [0x00000000e0000000, 0x00000000e0000000, 0x00000000e5560000)
  from space 21824K, 100% used [0x00000000e5560000, 0x00000000e6ab0000, 0x00000000e6ab0000)
  to   space 21824K,   0% used [0x00000000e6ab0000, 0x00000000e6ab0000, 0x00000000e8000000)
 concurrent mark-sweep generation total 393216K, used 166834K [0x00000000e8000000, 0x0000000100000000, 0x0000000100000000)
 Metaspace       used 42488K, capacity 43735K, committed 44012K, reserved 1087488K
  class space    used 5223K, capacity 5549K, committed 5612K, reserved 1048576K
}
2018-10-31T21:25:55.486-0700: 57.014: Total time for which application threads were stopped: 0.0129601 seconds, Stopping threads took: 0.0000773 seconds
{Heap before GC invocations=96 (full 7):
 par new generation   total 109248K, used 109248K [0x00000000e0000000, 0x00000000e8000000, 0x00000000e8000000)
  eden space 87424K, 100% used [0x00000000e0000000, 0x00000000e5560000, 0x00000000e5560000)
  from space 21824K, 100% used [0x00000000e5560000, 0x00000000e6ab0000, 0x00000000e6ab0000)
  to   space 21824K,   0% used [0x00000000e6ab0000, 0x00000000e6ab0000, 0x00000000e8000000)
 concurrent mark-sweep generation total 393216K, used 166834K [0x00000000e8000000, 0x0000000100000000, 0x0000000100000000)
 Metaspace       used 42491K, capacity 43735K, committed 44012K, reserved 1087488K
  class space    used 5223K, capacity 5549K, committed 5612K, reserved 1048576K
2018-10-31T21:25:56.016-0700: 57.547: [GC (Allocation Failure) 2018-10-31T21:25:56.016-0700: 57.548: [ParNew
Desired survivor size 20112992 bytes, new threshold 3 (max 8)
- age   1:   12497968 bytes,   12497968 total
- age   2:    2836936 bytes,   15334904 total
- age   3:    4808408 bytes,   20143312 total
- age   4:    1618704 bytes,   21762016 total
: 109248K->21824K(109248K), 0.0143579 secs] 276082K->199439K(502464K), 0.0144684 secs] [Times: user=0.06 sys=0.00, real=0.02 secs] 
Heap after GC invocations=97 (full 7):
 par new generation   total 109248K, used 21824K [0x00000000e0000000, 0x00000000e8000000, 0x00000000e8000000)
  eden space 87424K,   0% used [0x00000000e0000000, 0x00000000e0000000, 0x00000000e5560000)
  from space 21824K, 100% used [0x00000000e6ab0000, 0x00000000e8000000, 0x00000000e8000000)
  to   space 21824K,   0% used [0x00000000e5560000, 0x00000000e5560000, 0x00000000e6ab0000)
 concurrent mark-sweep generation total 393216K, used 177615K [0x00000000e8000000, 0x0000000100000000, 0x0000000100000000)
 Metaspace       used 42491K, capacity 43735K, committed 44012K, reserved 1087488K
  class space    used 5223K, capacity 5549K, committed 5612K, reserved 1048576K
}
2018-10-31T21:25:56.032-0700: 57.562: Total time for which application threads were stopped: 0.0147503 seconds, Stopping threads took: 0.0001003 seconds
{Heap before GC invocations=97 (full 7):
 par new generation   total 109248K, used 109248K [0x00000000e0000000, 0x00000000e8000000, 0x00000000e8000000)
  eden space 87424K, 100% used [0x00000000e0000000, 0x00000000e5560000, 0x00000000e5560000)
  from space 21824K, 100% used [0x00000000e6ab0000, 0x00000000e8000000, 0x00000000e8000000)
  to   space 21824K,   0% used [0x00000000e5560000, 0x00000000e5560000, 0x00000000e6ab0000)
 concurrent mark-sweep generation total 393216K, used 177615K [0x00000000e8000000, 0x0000000100000000, 0x0000000100000000)
 Metaspace       used 42492K, capacity 43735K, committed 44012K, reserved 1087488K
  class space    used 5223K, capacity 5549K, committed 5612K, reserved 1048576K
2018-10-31T21:25:56.625-0700: 58.150: [GC (Allocation Failure) 2018-10-31T21:25:56.625-0700: 58.150: [ParNew
Desired survivor size 20112992 bytes, new threshold 8 (max 8)
- age   1:    9512848 bytes,    9512848 total
- age   2:    6436992 bytes,   15949840 total
- age   3:    2723688 bytes,   18673528 total
: 109248K->21824K(109248K), 0.0116582 secs] 286863K->211694K(502464K), 0.0117155 secs] [Times: user=0.11 sys=0.02, real=0.02 secs] 
Heap after GC invocations=98 (full 7):
 par new generation   total 109248K, used 21824K [0x00000000e0000000, 0x00000000e8000000, 0x00000000e8000000)
  eden space 87424K,   0% used [0x00000000e0000000, 0x00000000e0000000, 0x00000000e5560000)
  from space 21824K, 100% used [0x00000000e5560000, 0x00000000e6ab0000, 0x00000000e6ab0000)
  to   space 21824K,   0% used [0x00000000e6ab0000, 0x00000000e6ab0000, 0x00000000e8000000)
 concurrent mark-sweep generation total 393216K, used 189870K [0x00000000e8000000, 0x0000000100000000, 0x0000000100000000)
 Metaspace       used 42492K, capacity 43735K, committed 44012K, reserved 1087488K
  class space    used 5223K, capacity 5549K, committed 5612K, reserved 1048576K
}
2018-10-31T21:25:56.644-0700: 58.162: Total time for which application threads were stopped: 0.0119160 seconds, Stopping threads took: 0.0000412 seconds
{Heap before GC invocations=98 (full 7):
 par new generation   total 109248K, used 109248K [0x00000000e0000000, 0x00000000e8000000, 0x00000000e8000000)
  eden space 87424K, 100% used [0x00000000e0000000, 0x00000000e5560000, 0x00000000e5560000)
  from space 21824K, 100% used [0x00000000e5560000, 0x00000000e6ab0000, 0x00000000e6ab0000)
  to   space 21824K,   0% used [0x00000000e6ab0000, 0x00000000e6ab0000, 0x00000000e8000000)
 concurrent mark-sweep generation total 393216K, used 189870K [0x00000000e8000000, 0x0000000100000000, 0x0000000100000000)
 Metaspace       used 42492K, capacity 43735K, committed 44012K, reserved 1087488K
  class space    used 5223K, capacity 5549K, committed 5612K, reserved 1048576K
2018-10-31T21:25:57.047-0700: 58.565: [GC (Allocation Failure) 2018-10-31T21:25:57.047-0700: 58.565: [ParNew
Desired survivor size 20112992 bytes, new threshold 4 (max 8)
- age   1:    9913352 bytes,    9913352 total
- age   2:    3986528 bytes,   13899880 total
- age   3:    4166496 bytes,   18066376 total
- age   4:    2722600 bytes,   20788976 total
: 109248K->21824K(109248K), 0.0104278 secs] 299118K->219844K(502464K), 0.0105412 secs] [Times: user=0.00 sys=0.00, real=0.00 secs] 
Heap after GC invocations=99 (full 7):
 par new generation   total 109248K, used 21824K [0x00000000e0000000, 0x00000000e8000000, 0x00000000e8000000)
  eden space 87424K,   0% used [0x00000000e0000000, 0x00000000e0000000, 0x00000000e5560000)
  from space 21824K, 100% used [0x00000000e6ab0000, 0x00000000e8000000, 0x00000000e8000000)
  to   space 21824K,   0% used [0x00000000e5560000, 0x00000000e5560000, 0x00000000e6ab0000)
 concurrent mark-sweep generation total 393216K, used 198020K [0x00000000e8000000, 0x0000000100000000, 0x0000000100000000)
 Metaspace       used 42492K, capacity 43735K, committed 44012K, reserved 1087488K
  class space    used 5223K, capacity 5549K, committed 5612K, reserved 1048576K
}
2018-10-31T21:25:57.047-0700: 58.575: Total time for which application threads were stopped: 0.0107185 seconds, Stopping threads took: 0.0000270 seconds
2018-10-31T21:25:57.047-0700: 58.576: [GC (CMS Initial Mark) [1 CMS-initial-mark: 198020K(393216K)] 220603K(502464K), 0.0021045 secs] [Times: user=0.00 sys=0.00, real=0.00 secs] 
2018-10-31T21:25:57.047-0700: 58.578: Total time for which application threads were stopped: 0.0022103 seconds, Stopping threads took: 0.0000237 seconds
2018-10-31T21:25:57.047-0700: 58.578: [CMS-concurrent-mark-start]
2018-10-31T21:25:57.078-0700: 58.597: [CMS-concurrent-mark: 0.019/0.019 secs] [Times: user=0.17 sys=0.00, real=0.03 secs] 
2018-10-31T21:25:57.078-0700: 58.597: [CMS-concurrent-preclean-start]
2018-10-31T21:25:57.078-0700: 58.598: [CMS-concurrent-preclean: 0.001/0.001 secs] [Times: user=0.00 sys=0.00, real=0.00 secs] 
2018-10-31T21:25:57.078-0700: 58.598: [CMS-concurrent-abortable-preclean-start]
2018-10-31T21:25:57.359-0700: 58.890: [CMS-concurrent-abortable-preclean: 0.291/0.292 secs] [Times: user=0.61 sys=0.00, real=0.28 secs] 
2018-10-31T21:25:57.359-0700: 58.890: [GC (CMS Final Remark) [YG occupancy: 66561 K (109248 K)]{Heap before GC invocations=99 (full 8):
 par new generation   total 109248K, used 66561K [0x00000000e0000000, 0x00000000e8000000, 0x00000000e8000000)
  eden space 87424K,  51% used [0x00000000e0000000, 0x00000000e2bb0670, 0x00000000e5560000)
  from space 21824K, 100% used [0x00000000e6ab0000, 0x00000000e8000000, 0x00000000e8000000)
  to   space 21824K,   0% used [0x00000000e5560000, 0x00000000e5560000, 0x00000000e6ab0000)
 concurrent mark-sweep generation total 393216K, used 198020K [0x00000000e8000000, 0x0000000100000000, 0x0000000100000000)
 Metaspace       used 42493K, capacity 43735K, committed 44012K, reserved 1087488K
  class space    used 5223K, capacity 5549K, committed 5612K, reserved 1048576K
2018-10-31T21:25:57.359-0700: 58.890: [GC (CMS Final Remark) 2018-10-31T21:25:57.359-0700: 58.890: [ParNew
Desired survivor size 20112992 bytes, new threshold 4 (max 8)
- age   1:    4556912 bytes,    4556912 total
- age   2:    7892368 bytes,   12449280 total
- age   3:    4075720 bytes,   16525000 total
- age   4:    4163880 bytes,   20688880 total
: 66561K->21824K(109248K), 0.0107075 secs] 264582K->224950K(502464K), 0.0107538 secs] [Times: user=0.06 sys=0.00, real=0.02 secs] 
Heap after GC invocations=100 (full 8):
 par new generation   total 109248K, used 21824K [0x00000000e0000000, 0x00000000e8000000, 0x00000000e8000000)
  eden space 87424K,   0% used [0x00000000e0000000, 0x00000000e0000000, 0x00000000e5560000)
  from space 21824K, 100% used [0x00000000e5560000, 0x00000000e6ab0000, 0x00000000e6ab0000)
  to   space 21824K,   0% used [0x00000000e6ab0000, 0x00000000e6ab0000, 0x00000000e8000000)
 concurrent mark-sweep generation total 393216K, used 203126K [0x00000000e8000000, 0x0000000100000000, 0x0000000100000000)
 Metaspace       used 42493K, capacity 43735K, committed 44012K, reserved 1087488K
  class space    used 5223K, capacity 5549K, committed 5612K, reserved 1048576K
}
2018-10-31T21:25:57.375-0700: 58.901: [Rescan (parallel) , 0.0029097 secs]2018-10-31T21:25:57.375-0700: 58.904: [weak refs processing, 0.0008479 secs]2018-10-31T21:25:57.375-0700: 58.905: [class unloading, 0.0064624 secs]2018-10-31T21:25:57.390-0700: 58.911: [scrub symbol table, 0.0066866 secs]2018-10-31T21:25:57.390-0700: 58.918: [scrub string table, 0.0004245 secs][1 CMS-remark: 203126K(393216K)] 224950K(502464K), 0.0283712 secs] [Times: user=0.08 sys=0.00, real=0.03 secs] 
2018-10-31T21:25:57.390-0700: 58.919: Total time for which application threads were stopped: 0.0285276 seconds, Stopping threads took: 0.0000518 seconds
2018-10-31T21:25:57.390-0700: 58.919: [CMS-concurrent-sweep-start]
2018-10-31T21:25:57.437-0700: 58.967: [CMS-concurrent-sweep: 0.048/0.048 secs] [Times: user=0.11 sys=0.00, real=0.05 secs] 
2018-10-31T21:25:57.437-0700: 58.967: [CMS-concurrent-reset-start]
2018-10-31T21:25:57.437-0700: 58.967: [CMS-concurrent-reset: 0.000/0.000 secs] [Times: user=0.00 sys=0.00, real=0.00 secs] 
{Heap before GC invocations=100 (full 8):
 par new generation   total 109248K, used 109220K [0x00000000e0000000, 0x00000000e8000000, 0x00000000e8000000)
  eden space 87424K,  99% used [0x00000000e0000000, 0x00000000e5559238, 0x00000000e5560000)
  from space 21824K, 100% used [0x00000000e5560000, 0x00000000e6ab0000, 0x00000000e6ab0000)
  to   space 21824K,   0% used [0x00000000e6ab0000, 0x00000000e6ab0000, 0x00000000e8000000)
 concurrent mark-sweep generation total 393216K, used 119414K [0x00000000e8000000, 0x0000000100000000, 0x0000000100000000)
 Metaspace       used 42495K, capacity 43735K, committed 44012K, reserved 1087488K
  class space    used 5223K, capacity 5549K, committed 5612K, reserved 1048576K
2018-10-31T21:25:58.156-0700: 59.673: [GC (Allocation Failure) 2018-10-31T21:25:58.156-0700: 59.673: [ParNew
Desired survivor size 20112992 bytes, new threshold 8 (max 8)
- age   1:    6987760 bytes,    6987760 total
- age   2:    1904544 bytes,    8892304 total
- age   3:    6708384 bytes,   15600688 total
- age   4:    3770240 bytes,   19370928 total
: 109220K->21824K(109248K), 0.0107024 secs] 228635K->149180K(502464K), 0.0107728 secs] [Times: user=0.00 sys=0.00, real=0.00 secs] 
Heap after GC invocations=101 (full 8):
 par new generation   total 109248K, used 21824K [0x00000000e0000000, 0x00000000e8000000, 0x00000000e8000000)
  eden space 87424K,   0% used [0x00000000e0000000, 0x00000000e0000000, 0x00000000e5560000)
  from space 21824K, 100% used [0x00000000e6ab0000, 0x00000000e8000000, 0x00000000e8000000)
  to   space 21824K,   0% used [0x00000000e5560000, 0x00000000e5560000, 0x00000000e6ab0000)
 concurrent mark-sweep generation total 393216K, used 127356K [0x00000000e8000000, 0x0000000100000000, 0x0000000100000000)
 Metaspace       used 42495K, capacity 43735K, committed 44012K, reserved 1087488K
  class space    used 5223K, capacity 5549K, committed 5612K, reserved 1048576K
}
2018-10-31T21:25:58.156-0700: 59.684: Total time for which application threads were stopped: 0.0337847 seconds, Stopping threads took: 0.0227541 seconds
{Heap before GC invocations=101 (full 8):
 par new generation   total 109248K, used 109248K [0x00000000e0000000, 0x00000000e8000000, 0x00000000e8000000)
  eden space 87424K, 100% used [0x00000000e0000000, 0x00000000e5560000, 0x00000000e5560000)
  from space 21824K, 100% used [0x00000000e6ab0000, 0x00000000e8000000, 0x00000000e8000000)
  to   space 21824K,   0% used [0x00000000e5560000, 0x00000000e5560000, 0x00000000e6ab0000)
 concurrent mark-sweep generation total 393216K, used 127356K [0x00000000e8000000, 0x0000000100000000, 0x0000000100000000)
 Metaspace       used 42496K, capacity 43735K, committed 44012K, reserved 1087488K
  class space    used 5223K, capacity 5549K, committed 5612K, reserved 1048576K
2018-10-31T21:25:58.547-0700: 60.076: [GC (Allocation Failure) 2018-10-31T21:25:58.547-0700: 60.076: [ParNew
Desired survivor size 20112992 bytes, new threshold 8 (max 8)
- age   1:      86752 bytes,      86752 total
- age   2:    5763112 bytes,    5849864 total
- age   3:    1892352 bytes,    7742216 total
- age   4:    6707352 bytes,   14449568 total
- age   5:    3768760 bytes,   18218328 total
: 109248K->21824K(109248K), 0.0070896 secs] 236604K->150404K(502464K), 0.0071494 secs] [Times: user=0.06 sys=0.00, real=0.02 secs] 
Heap after GC invocations=102 (full 8):
 par new generation   total 109248K, used 21824K [0x00000000e0000000, 0x00000000e8000000, 0x00000000e8000000)
  eden space 87424K,   0% used [0x00000000e0000000, 0x00000000e0000000, 0x00000000e5560000)
  from space 21824K, 100% used [0x00000000e5560000, 0x00000000e6ab0000, 0x00000000e6ab0000)
  to   space 21824K,   0% used [0x00000000e6ab0000, 0x00000000e6ab0000, 0x00000000e8000000)
 concurrent mark-sweep generation total 393216K, used 128580K [0x00000000e8000000, 0x0000000100000000, 0x0000000100000000)
 Metaspace       used 42496K, capacity 43735K, committed 44012K, reserved 1087488K
  class space    used 5223K, capacity 5549K, committed 5612K, reserved 1048576K
}
2018-10-31T21:25:58.562-0700: 60.084: Total time for which application threads were stopped: 0.0073759 seconds, Stopping threads took: 0.0000383 seconds
{Heap before GC invocations=102 (full 8):
 par new generation   total 109248K, used 109248K [0x00000000e0000000, 0x00000000e8000000, 0x00000000e8000000)
  eden space 87424K, 100% used [0x00000000e0000000, 0x00000000e5560000, 0x00000000e5560000)
  from space 21824K, 100% used [0x00000000e5560000, 0x00000000e6ab0000, 0x00000000e6ab0000)
  to   space 21824K,   0% used [0x00000000e6ab0000, 0x00000000e6ab0000, 0x00000000e8000000)
 concurrent mark-sweep generation total 393216K, used 128580K [0x00000000e8000000, 0x0000000100000000, 0x0000000100000000)
 Metaspace       used 42496K, capacity 43735K, committed 44012K, reserved 1087488K
  class space    used 5223K, capacity 5549K, committed 5612K, reserved 1048576K
2018-10-31T21:25:59.015-0700: 60.545: [GC (Allocation Failure) 2018-10-31T21:25:59.015-0700: 60.545: [ParNew
Desired survivor size 20112992 bytes, new threshold 8 (max 8)
- age   1:       9056 bytes,       9056 total
- age   2:      12072 bytes,      21128 total
- age   3:    4331424 bytes,    4352552 total
- age   4:    1889504 bytes,    6242056 total
- age   5:    6702544 bytes,   12944600 total
- age   6:    3734944 bytes,   16679544 total
: 109248K->21824K(109248K), 0.0067774 secs] 237828K->151924K(502464K), 0.0068471 secs] [Times: user=0.06 sys=0.00, real=0.01 secs] 
Heap after GC invocations=103 (full 8):
 par new generation   total 109248K, used 21824K [0x00000000e0000000, 0x00000000e8000000, 0x00000000e8000000)
  eden space 87424K,   0% used [0x00000000e0000000, 0x00000000e0000000, 0x00000000e5560000)
  from space 21824K, 100% used [0x00000000e6ab0000, 0x00000000e8000000, 0x00000000e8000000)
  to   space 21824K,   0% used [0x00000000e5560000, 0x00000000e5560000, 0x00000000e6ab0000)
 concurrent mark-sweep generation total 393216K, used 130100K [0x00000000e8000000, 0x0000000100000000, 0x0000000100000000)
 Metaspace       used 42496K, capacity 43735K, committed 44012K, reserved 1087488K
  class space    used 5223K, capacity 5549K, committed 5612K, reserved 1048576K
}
2018-10-31T21:25:59.030-0700: 60.552: Total time for which application threads were stopped: 0.0070499 seconds, Stopping threads took: 0.0000419 seconds
{Heap before GC invocations=103 (full 8):
 par new generation   total 109248K, used 109248K [0x00000000e0000000, 0x00000000e8000000, 0x00000000e8000000)
  eden space 87424K, 100% used [0x00000000e0000000, 0x00000000e5560000, 0x00000000e5560000)
  from space 21824K, 100% used [0x00000000e6ab0000, 0x00000000e8000000, 0x00000000e8000000)
  to   space 21824K,   0% used [0x00000000e5560000, 0x00000000e5560000, 0x00000000e6ab0000)
 concurrent mark-sweep generation total 393216K, used 130100K [0x00000000e8000000, 0x0000000100000000, 0x0000000100000000)
 Metaspace       used 42497K, capacity 43735K, committed 44012K, reserved 1087488K
  class space    used 5223K, capacity 5549K, committed 5612K, reserved 1048576K
2018-10-31T21:25:59.155-0700: 60.686: [GC (Allocation Failure) 2018-10-31T21:25:59.155-0700: 60.686: [ParNew
Desired survivor size 20112992 bytes, new threshold 8 (max 8)
- age   1:     104936 bytes,     104936 total
- age   2:       3896 bytes,     108832 total
- age   3:      11880 bytes,     120712 total
- age   4:    4331424 bytes,    4452136 total
- age   5:    1889504 bytes,    6341640 total
- age   6:    6702544 bytes,   13044184 total
- age   7:    3734944 bytes,   16779128 total
: 109248K->18144K(109248K), 0.0073361 secs] 239348K->148245K(502464K), 0.0074047 secs] [Times: user=0.09 sys=0.00, real=0.02 secs] 
Heap after GC invocations=104 (full 8):
 par new generation   total 109248K, used 18144K [0x00000000e0000000, 0x00000000e8000000, 0x00000000e8000000)
  eden space 87424K,   0% used [0x00000000e0000000, 0x00000000e0000000, 0x00000000e5560000)
  from space 21824K,  83% used [0x00000000e5560000, 0x00000000e6718330, 0x00000000e6ab0000)
  to   space 21824K,   0% used [0x00000000e6ab0000, 0x00000000e6ab0000, 0x00000000e8000000)
 concurrent mark-sweep generation total 393216K, used 130100K [0x00000000e8000000, 0x0000000100000000, 0x0000000100000000)
 Metaspace       used 42497K, capacity 43735K, committed 44012K, reserved 1087488K
  class space    used 5223K, capacity 5549K, committed 5612K, reserved 1048576K
}
2018-10-31T21:25:59.171-0700: 60.693: Total time for which application threads were stopped: 0.0077712 seconds, Stopping threads took: 0.0000722 seconds
{Heap before GC invocations=104 (full 8):
 par new generation   total 109248K, used 105568K [0x00000000e0000000, 0x00000000e8000000, 0x00000000e8000000)
  eden space 87424K, 100% used [0x00000000e0000000, 0x00000000e5560000, 0x00000000e5560000)
  from space 21824K,  83% used [0x00000000e5560000, 0x00000000e6718330, 0x00000000e6ab0000)
  to   space 21824K,   0% used [0x00000000e6ab0000, 0x00000000e6ab0000, 0x00000000e8000000)
 concurrent mark-sweep generation total 393216K, used 130100K [0x00000000e8000000, 0x0000000100000000, 0x0000000100000000)
 Metaspace       used 42497K, capacity 43735K, committed 44012K, reserved 1087488K
  class space    used 5223K, capacity 5549K, committed 5612K, reserved 1048576K
2018-10-31T21:25:59.608-0700: 61.128: [GC (Allocation Failure) 2018-10-31T21:25:59.608-0700: 61.128: [ParNew
Desired survivor size 20112992 bytes, new threshold 8 (max 8)
- age   1:      72160 bytes,      72160 total
- age   2:      77200 bytes,     149360 total
- age   3:        208 bytes,     149568 total
- age   4:       8240 bytes,     157808 total
- age   5:    4364208 bytes,    4522016 total
- age   6:    1889504 bytes,    6411520 total
- age   7:    6702544 bytes,   13114064 total
- age   8:    3734944 bytes,   16849008 total
: 105568K->20814K(109248K), 0.0069700 secs] 235669K->150915K(502464K), 0.0070313 secs] [Times: user=0.00 sys=0.00, real=0.00 secs] 
Heap after GC invocations=105 (full 8):
 par new generation   total 109248K, used 20814K [0x00000000e0000000, 0x00000000e8000000, 0x00000000e8000000)
  eden space 87424K,   0% used [0x00000000e0000000, 0x00000000e0000000, 0x00000000e5560000)
  from space 21824K,  95% used [0x00000000e6ab0000, 0x00000000e7f03830, 0x00000000e8000000)
  to   space 21824K,   0% used [0x00000000e5560000, 0x00000000e5560000, 0x00000000e6ab0000)
 concurrent mark-sweep generation total 393216K, used 130100K [0x00000000e8000000, 0x0000000100000000, 0x0000000100000000)
 Metaspace       used 42497K, capacity 43735K, committed 44012K, reserved 1087488K
  class space    used 5223K, capacity 5549K, committed 5612K, reserved 1048576K
}
2018-10-31T21:25:59.608-0700: 61.135: Total time for which application threads were stopped: 0.0072413 seconds, Stopping threads took: 0.0000434 seconds
2018-10-31T21:25:59.783-0700: 61.300: Total time for which application threads were stopped: 0.0000977 seconds, Stopping threads took: 0.0000270 seconds
{Heap before GC invocations=105 (full 8):
 par new generation   total 109248K, used 108238K [0x00000000e0000000, 0x00000000e8000000, 0x00000000e8000000)
  eden space 87424K, 100% used [0x00000000e0000000, 0x00000000e5560000, 0x00000000e5560000)
  from space 21824K,  95% used [0x00000000e6ab0000, 0x00000000e7f03830, 0x00000000e8000000)
  to   space 21824K,   0% used [0x00000000e5560000, 0x00000000e5560000, 0x00000000e6ab0000)
 concurrent mark-sweep generation total 393216K, used 130100K [0x00000000e8000000, 0x0000000100000000, 0x0000000100000000)
 Metaspace       used 42499K, capacity 43735K, committed 44012K, reserved 1087488K
  class space    used 5223K, capacity 5549K, committed 5612K, reserved 1048576K
2018-10-31T21:26:00.030-0700: 61.547: [GC (Allocation Failure) 2018-10-31T21:26:00.030-0700: 61.547: [ParNew
Desired survivor size 20112992 bytes, new threshold 8 (max 8)
- age   1:   10795352 bytes,   10795352 total
- age   2:      12024 bytes,   10807376 total
- age   3:      58336 bytes,   10865712 total
- age   4:        208 bytes,   10865920 total
- age   5:       8104 bytes,   10874024 total
- age   6:    1787624 bytes,   12661648 total
- age   7:    1828704 bytes,   14490352 total
- age   8:    6608080 bytes,   21098432 total
: 108238K->21824K(109248K), 0.0104435 secs] 238339K->155670K(502464K), 0.0105576 secs] [Times: user=0.00 sys=0.00, real=0.00 secs] 
Heap after GC invocations=106 (full 8):
 par new generation   total 109248K, used 21824K [0x00000000e0000000, 0x00000000e8000000, 0x00000000e8000000)
  eden space 87424K,   0% used [0x00000000e0000000, 0x00000000e0000000, 0x00000000e5560000)
  from space 21824K, 100% used [0x00000000e5560000, 0x00000000e6ab0000, 0x00000000e6ab0000)
  to   space 21824K,   0% used [0x00000000e6ab0000, 0x00000000e6ab0000, 0x00000000e8000000)
 concurrent mark-sweep generation total 393216K, used 133846K [0x00000000e8000000, 0x0000000100000000, 0x0000000100000000)
 Metaspace       used 42499K, capacity 43735K, committed 44012K, reserved 1087488K
  class space    used 5223K, capacity 5549K, committed 5612K, reserved 1048576K
}
2018-10-31T21:26:00.030-0700: 61.558: Total time for which application threads were stopped: 0.0109602 seconds, Stopping threads took: 0.0000817 seconds
{Heap before GC invocations=106 (full 8):
 par new generation   total 109248K, used 109248K [0x00000000e0000000, 0x00000000e8000000, 0x00000000e8000000)
  eden space 87424K, 100% used [0x00000000e0000000, 0x00000000e5560000, 0x00000000e5560000)
  from space 21824K, 100% used [0x00000000e5560000, 0x00000000e6ab0000, 0x00000000e6ab0000)
  to   space 21824K,   0% used [0x00000000e6ab0000, 0x00000000e6ab0000, 0x00000000e8000000)
 concurrent mark-sweep generation total 393216K, used 133846K [0x00000000e8000000, 0x0000000100000000, 0x0000000100000000)
 Metaspace       used 42499K, capacity 43735K, committed 44012K, reserved 1087488K
  class space    used 5223K, capacity 5549K, committed 5612K, reserved 1048576K
2018-10-31T21:26:00.585-0700: 62.109: [GC (Allocation Failure) 2018-10-31T21:26:00.585-0700: 62.109: [ParNew
Desired survivor size 20112992 bytes, new threshold 8 (max 8)
- age   1:   14544192 bytes,   14544192 total
- age   2:    3652872 bytes,   18197064 total
- age   3:       3576 bytes,   18200640 total
- age   4:      58336 bytes,   18258976 total
- age   5:        208 bytes,   18259184 total
- age   6:       8104 bytes,   18267288 total
- age   7:     933656 bytes,   19200944 total
- age   8:    1828032 bytes,   21028976 total
: 109248K->21824K(109248K), 0.0169143 secs] 243094K->162883K(502464K), 0.0170317 secs] [Times: user=0.06 sys=0.00, real=0.02 secs] 
Heap after GC invocations=107 (full 8):
 par new generation   total 109248K, used 21824K [0x00000000e0000000, 0x00000000e8000000, 0x00000000e8000000)
  eden space 87424K,   0% used [0x00000000e0000000, 0x00000000e0000000, 0x00000000e5560000)
  from space 21824K, 100% used [0x00000000e6ab0000, 0x00000000e8000000, 0x00000000e8000000)
  to   space 21824K,   0% used [0x00000000e5560000, 0x00000000e5560000, 0x00000000e6ab0000)
 concurrent mark-sweep generation total 393216K, used 141059K [0x00000000e8000000, 0x0000000100000000, 0x0000000100000000)
 Metaspace       used 42499K, capacity 43735K, committed 44012K, reserved 1087488K
  class space    used 5223K, capacity 5549K, committed 5612K, reserved 1048576K
}
2018-10-31T21:26:00.601-0700: 62.126: Total time for which application threads were stopped: 0.0176338 seconds, Stopping threads took: 0.0002549 seconds
2018-10-31T21:26:01.096-0700: 62.620: Total time for which application threads were stopped: 0.0001780 seconds, Stopping threads took: 0.0000682 seconds
2018-10-31T21:26:01.127-0700: 62.651: Total time for which application threads were stopped: 0.0001714 seconds, Stopping threads took: 0.0000580 seconds
2018-10-31T21:26:01.127-0700: 62.652: Total time for which application threads were stopped: 0.0000872 seconds, Stopping threads took: 0.0000182 seconds
{Heap before GC invocations=107 (full 8):
 par new generation   total 109248K, used 109248K [0x00000000e0000000, 0x00000000e8000000, 0x00000000e8000000)
  eden space 87424K, 100% used [0x00000000e0000000, 0x00000000e5560000, 0x00000000e5560000)
  from space 21824K, 100% used [0x00000000e6ab0000, 0x00000000e8000000, 0x00000000e8000000)
  to   space 21824K,   0% used [0x00000000e5560000, 0x00000000e5560000, 0x00000000e6ab0000)
 concurrent mark-sweep generation total 393216K, used 141059K [0x00000000e8000000, 0x0000000100000000, 0x0000000100000000)
 Metaspace       used 42505K, capacity 43735K, committed 44012K, reserved 1087488K
  class space    used 5223K, capacity 5549K, committed 5612K, reserved 1048576K
2018-10-31T21:26:01.236-0700: 62.757: [GC (Allocation Failure) 2018-10-31T21:26:01.236-0700: 62.757: [ParNew
Desired survivor size 20112992 bytes, new threshold 3 (max 8)
- age   1:   12267832 bytes,   12267832 total
- age   2:    5736792 bytes,   18004624 total
- age   3:    3412728 bytes,   21417352 total
- age   4:       3576 bytes,   21420928 total
- age   5:      58336 bytes,   21479264 total
- age   6:        208 bytes,   21479472 total
- age   7:       8104 bytes,   21487576 total
- age   8:     835304 bytes,   22322880 total
: 109248K->21824K(109248K), 0.0186873 secs] 250307K->168229K(502464K), 0.0188073 secs] [Times: user=0.06 sys=0.00, real=0.02 secs] 
Heap after GC invocations=108 (full 8):
 par new generation   total 109248K, used 21824K [0x00000000e0000000, 0x00000000e8000000, 0x00000000e8000000)
  eden space 87424K,   0% used [0x00000000e0000000, 0x00000000e0000000, 0x00000000e5560000)
  from space 21824K, 100% used [0x00000000e5560000, 0x00000000e6ab0000, 0x00000000e6ab0000)
  to   space 21824K,   0% used [0x00000000e6ab0000, 0x00000000e6ab0000, 0x00000000e8000000)
 concurrent mark-sweep generation total 393216K, used 146405K [0x00000000e8000000, 0x0000000100000000, 0x0000000100000000)
 Metaspace       used 42505K, capacity 43735K, committed 44012K, reserved 1087488K
  class space    used 5223K, capacity 5549K, committed 5612K, reserved 1048576K
}
2018-10-31T21:26:01.252-0700: 62.776: Total time for which application threads were stopped: 0.0192503 seconds, Stopping threads took: 0.0000879 seconds
{Heap before GC invocations=108 (full 8):
 par new generation   total 109248K, used 109248K [0x00000000e0000000, 0x00000000e8000000, 0x00000000e8000000)
  eden space 87424K, 100% used [0x00000000e0000000, 0x00000000e5560000, 0x00000000e5560000)
  from space 21824K, 100% used [0x00000000e5560000, 0x00000000e6ab0000, 0x00000000e6ab0000)
  to   space 21824K,   0% used [0x00000000e6ab0000, 0x00000000e6ab0000, 0x00000000e8000000)
 concurrent mark-sweep generation total 393216K, used 146405K [0x00000000e8000000, 0x0000000100000000, 0x0000000100000000)
 Metaspace       used 42506K, capacity 43735K, committed 44012K, reserved 1087488K
  class space    used 5223K, capacity 5549K, committed 5612K, reserved 1048576K
2018-10-31T21:26:01.377-0700: 62.902: [GC (Allocation Failure) 2018-10-31T21:26:01.377-0700: 62.902: [ParNew
Desired survivor size 20112992 bytes, new threshold 8 (max 8)
- age   1:    5795896 bytes,    5795896 total
- age   2:    6980048 bytes,   12775944 total
- age   3:    5191296 bytes,   17967240 total
: 109248K->21824K(109248K), 0.0092372 secs] 255653K->175416K(502464K), 0.0093097 secs] [Times: user=0.00 sys=0.02, real=0.02 secs] 
Heap after GC invocations=109 (full 8):
 par new generation   total 109248K, used 21824K [0x00000000e0000000, 0x00000000e8000000, 0x00000000e8000000)
  eden space 87424K,   0% used [0x00000000e0000000, 0x00000000e0000000, 0x00000000e5560000)
  from space 21824K, 100% used [0x00000000e6ab0000, 0x00000000e8000000, 0x00000000e8000000)
  to   space 21824K,   0% used [0x00000000e5560000, 0x00000000e5560000, 0x00000000e6ab0000)
 concurrent mark-sweep generation total 393216K, used 153592K [0x00000000e8000000, 0x0000000100000000, 0x0000000100000000)
 Metaspace       used 42506K, capacity 43735K, committed 44012K, reserved 1087488K
  class space    used 5223K, capacity 5549K, committed 5612K, reserved 1048576K
}
2018-10-31T21:26:01.393-0700: 62.911: Total time for which application threads were stopped: 0.0095362 seconds, Stopping threads took: 0.0000562 seconds
2018-10-31T21:26:01.471-0700: 63.002: Total time for which application threads were stopped: 0.0001714 seconds, Stopping threads took: 0.0000773 seconds
2018-10-31T21:26:01.486-0700: 63.013: Total time for which application threads were stopped: 0.0001440 seconds, Stopping threads took: 0.0000430 seconds
2018-10-31T21:26:01.486-0700: 63.013: Total time for which application threads were stopped: 0.0001185 seconds, Stopping threads took: 0.0000474 seconds
{Heap before GC invocations=109 (full 8):
 par new generation   total 109248K, used 109248K [0x00000000e0000000, 0x00000000e8000000, 0x00000000e8000000)
  eden space 87424K, 100% used [0x00000000e0000000, 0x00000000e5560000, 0x00000000e5560000)
  from space 21824K, 100% used [0x00000000e6ab0000, 0x00000000e8000000, 0x00000000e8000000)
  to   space 21824K,   0% used [0x00000000e5560000, 0x00000000e5560000, 0x00000000e6ab0000)
 concurrent mark-sweep generation total 393216K, used 153592K [0x00000000e8000000, 0x0000000100000000, 0x0000000100000000)
 Metaspace       used 42530K, capacity 43799K, committed 44012K, reserved 1087488K
  class space    used 5223K, capacity 5549K, committed 5612K, reserved 1048576K
2018-10-31T21:26:01.719-0700: 63.236: [GC (Allocation Failure) 2018-10-31T21:26:01.719-0700: 63.236: [ParNew
Desired survivor size 20112992 bytes, new threshold 4 (max 8)
- age   1:    9003120 bytes,    9003120 total
- age   2:    2967192 bytes,   11970312 total
- age   3:    4103208 bytes,   16073520 total
- age   4:    5147184 bytes,   21220704 total
: 109248K->21824K(109248K), 0.0123799 secs] 262840K->177746K(502464K), 0.0125229 secs] [Times: user=0.06 sys=0.00, real=0.01 secs] 
Heap after GC invocations=110 (full 8):
 par new generation   total 109248K, used 21824K [0x00000000e0000000, 0x00000000e8000000, 0x00000000e8000000)
  eden space 87424K,   0% used [0x00000000e0000000, 0x00000000e0000000, 0x00000000e5560000)
  from space 21824K, 100% used [0x00000000e5560000, 0x00000000e6ab0000, 0x00000000e6ab0000)
  to   space 21824K,   0% used [0x00000000e6ab0000, 0x00000000e6ab0000, 0x00000000e8000000)
 concurrent mark-sweep generation total 393216K, used 155922K [0x00000000e8000000, 0x0000000100000000, 0x0000000100000000)
 Metaspace       used 42530K, capacity 43799K, committed 44012K, reserved 1087488K
  class space    used 5223K, capacity 5549K, committed 5612K, reserved 1048576K
}
2018-10-31T21:26:01.732-0700: 63.249: Total time for which application threads were stopped: 0.0128496 seconds, Stopping threads took: 0.0000762 seconds
2018-10-31T21:26:01.983-0700: 63.513: Total time for which application threads were stopped: 0.0001798 seconds, Stopping threads took: 0.0000645 seconds
2018-10-31T21:26:01.999-0700: 63.530: Total time for which application threads were stopped: 0.0002677 seconds, Stopping threads took: 0.0000459 seconds
{Heap before GC invocations=110 (full 8):
 par new generation   total 109248K, used 109248K [0x00000000e0000000, 0x00000000e8000000, 0x00000000e8000000)
  eden space 87424K, 100% used [0x00000000e0000000, 0x00000000e5560000, 0x00000000e5560000)
  from space 21824K, 100% used [0x00000000e5560000, 0x00000000e6ab0000, 0x00000000e6ab0000)
  to   space 21824K,   0% used [0x00000000e6ab0000, 0x00000000e6ab0000, 0x00000000e8000000)
 concurrent mark-sweep generation total 393216K, used 155922K [0x00000000e8000000, 0x0000000100000000, 0x0000000100000000)
 Metaspace       used 42666K, capacity 43947K, committed 44012K, reserved 1087488K
  class space    used 5241K, capacity 5567K, committed 5612K, reserved 1048576K
2018-10-31T21:26:02.077-0700: 63.605: [GC (Allocation Failure) 2018-10-31T21:26:02.077-0700: 63.605: [ParNew
Desired survivor size 20112992 bytes, new threshold 8 (max 8)
- age   1:   11722272 bytes,   11722272 total
- age   2:    2446240 bytes,   14168512 total
- age   3:    1741176 bytes,   15909688 total
- age   4:    3854840 bytes,   19764528 total
: 109248K->21824K(109248K), 0.0086442 secs] 265170K->185164K(502464K), 0.0087029 secs] [Times: user=0.06 sys=0.00, real=0.02 secs] 
Heap after GC invocations=111 (full 8):
 par new generation   total 109248K, used 21824K [0x00000000e0000000, 0x00000000e8000000, 0x00000000e8000000)
  eden space 87424K,   0% used [0x00000000e0000000, 0x00000000e0000000, 0x00000000e5560000)
  from space 21824K, 100% used [0x00000000e6ab0000, 0x00000000e8000000, 0x00000000e8000000)
  to   space 21824K,   0% used [0x00000000e5560000, 0x00000000e5560000, 0x00000000e6ab0000)
 concurrent mark-sweep generation total 393216K, used 163340K [0x00000000e8000000, 0x0000000100000000, 0x0000000100000000)
 Metaspace       used 42666K, capacity 43947K, committed 44012K, reserved 1087488K
  class space    used 5241K, capacity 5567K, committed 5612K, reserved 1048576K
}
2018-10-31T21:26:02.093-0700: 63.614: Total time for which application threads were stopped: 0.0089338 seconds, Stopping threads took: 0.0000565 seconds
2018-10-31T21:26:02.108-0700: 63.627: Total time for which application threads were stopped: 0.0005977 seconds, Stopping threads took: 0.0000686 seconds
2018-10-31T21:26:02.155-0700: 63.675: Total time for which application threads were stopped: 0.0002097 seconds, Stopping threads took: 0.0000981 seconds
2018-10-31T21:26:02.155-0700: 63.675: Total time for which application threads were stopped: 0.0001298 seconds, Stopping threads took: 0.0000642 seconds
2018-10-31T21:26:02.155-0700: 63.678: Total time for which application threads were stopped: 0.0001823 seconds, Stopping threads took: 0.0000700 seconds
{Heap before GC invocations=111 (full 8):
 par new generation   total 109248K, used 109248K [0x00000000e0000000, 0x00000000e8000000, 0x00000000e8000000)
  eden space 87424K, 100% used [0x00000000e0000000, 0x00000000e5560000, 0x00000000e5560000)
  from space 21824K, 100% used [0x00000000e6ab0000, 0x00000000e8000000, 0x00000000e8000000)
  to   space 21824K,   0% used [0x00000000e5560000, 0x00000000e5560000, 0x00000000e6ab0000)
 concurrent mark-sweep generation total 393216K, used 163340K [0x00000000e8000000, 0x0000000100000000, 0x0000000100000000)
 Metaspace       used 42866K, capacity 44203K, committed 44268K, reserved 1087488K
  class space    used 5271K, capacity 5605K, committed 5612K, reserved 1048576K
2018-10-31T21:26:02.265-0700: 63.783: [GC (Allocation Failure) 2018-10-31T21:26:02.265-0700: 63.783: [ParNew
Desired survivor size 20112992 bytes, new threshold 5 (max 8)
- age   1:    5531296 bytes,    5531296 total
- age   2:    8063624 bytes,   13594920 total
- age   3:    2017392 bytes,   15612312 total
- age   4:     913368 bytes,   16525680 total
- age   5:    3839592 bytes,   20365272 total
: 109248K->21824K(109248K), 0.0068420 secs] 272588K->188078K(502464K), 0.0069007 secs] [Times: user=0.00 sys=0.00, real=0.00 secs] 
Heap after GC invocations=112 (full 8):
 par new generation   total 109248K, used 21824K [0x00000000e0000000, 0x00000000e8000000, 0x00000000e8000000)
  eden space 87424K,   0% used [0x00000000e0000000, 0x00000000e0000000, 0x00000000e5560000)
  from space 21824K, 100% used [0x00000000e5560000, 0x00000000e6ab0000, 0x00000000e6ab0000)
  to   space 21824K,   0% used [0x00000000e6ab0000, 0x00000000e6ab0000, 0x00000000e8000000)
 concurrent mark-sweep generation total 393216K, used 166254K [0x00000000e8000000, 0x0000000100000000, 0x0000000100000000)
 Metaspace       used 42866K, capacity 44203K, committed 44268K, reserved 1087488K
  class space    used 5271K, capacity 5605K, committed 5612K, reserved 1048576K
}
2018-10-31T21:26:02.265-0700: 63.790: Total time for which application threads were stopped: 0.0071261 seconds, Stopping threads took: 0.0000594 seconds
2018-10-31T21:26:02.296-0700: 63.825: Total time for which application threads were stopped: 0.0001681 seconds, Stopping threads took: 0.0000551 seconds
2018-10-31T21:26:02.296-0700: 63.825: Total time for which application threads were stopped: 0.0000948 seconds, Stopping threads took: 0.0000321 seconds
2018-10-31T21:26:02.296-0700: 63.825: Total time for which application threads were stopped: 0.0000941 seconds, Stopping threads took: 0.0000241 seconds
2018-10-31T21:26:02.296-0700: 63.825: Total time for which application threads were stopped: 0.0001087 seconds, Stopping threads took: 0.0000376 seconds
{Heap before GC invocations=112 (full 8):
 par new generation   total 109248K, used 109248K [0x00000000e0000000, 0x00000000e8000000, 0x00000000e8000000)
  eden space 87424K, 100% used [0x00000000e0000000, 0x00000000e5560000, 0x00000000e5560000)
  from space 21824K, 100% used [0x00000000e5560000, 0x00000000e6ab0000, 0x00000000e6ab0000)
  to   space 21824K,   0% used [0x00000000e6ab0000, 0x00000000e6ab0000, 0x00000000e8000000)
 concurrent mark-sweep generation total 393216K, used 166254K [0x00000000e8000000, 0x0000000100000000, 0x0000000100000000)
 Metaspace       used 42875K, capacity 44203K, committed 44268K, reserved 1087488K
  class space    used 5271K, capacity 5605K, committed 5612K, reserved 1048576K
2018-10-31T21:26:02.655-0700: 64.177: [GC (Allocation Failure) 2018-10-31T21:26:02.655-0700: 64.177: [ParNew
Desired survivor size 20112992 bytes, new threshold 4 (max 8)
- age   1:   13316392 bytes,   13316392 total
- age   2:    1503848 bytes,   14820240 total
- age   3:    4448008 bytes,   19268248 total
- age   4:    1919440 bytes,   21187688 total
- age   5:     893856 bytes,   22081544 total
: 109248K->21824K(109248K), 0.0092259 secs] 275502K->193527K(502464K), 0.0092838 secs] [Times: user=0.00 sys=0.00, real=0.00 secs] 
Heap after GC invocations=113 (full 8):
 par new generation   total 109248K, used 21824K [0x00000000e0000000, 0x00000000e8000000, 0x00000000e8000000)
  eden space 87424K,   0% used [0x00000000e0000000, 0x00000000e0000000, 0x00000000e5560000)
  from space 21824K, 100% used [0x00000000e6ab0000, 0x00000000e8000000, 0x00000000e8000000)
  to   space 21824K,   0% used [0x00000000e5560000, 0x00000000e5560000, 0x00000000e6ab0000)
 concurrent mark-sweep generation total 393216K, used 171703K [0x00000000e8000000, 0x0000000100000000, 0x0000000100000000)
 Metaspace       used 42875K, capacity 44203K, committed 44268K, reserved 1087488K
  class space    used 5271K, capacity 5605K, committed 5612K, reserved 1048576K
}
2018-10-31T21:26:02.655-0700: 64.186: Total time for which application threads were stopped: 0.0094975 seconds, Stopping threads took: 0.0000489 seconds
{Heap before GC invocations=113 (full 8):
 par new generation   total 109248K, used 109248K [0x00000000e0000000, 0x00000000e8000000, 0x00000000e8000000)
  eden space 87424K, 100% used [0x00000000e0000000, 0x00000000e5560000, 0x00000000e5560000)
  from space 21824K, 100% used [0x00000000e6ab0000, 0x00000000e8000000, 0x00000000e8000000)
  to   space 21824K,   0% used [0x00000000e5560000, 0x00000000e5560000, 0x00000000e6ab0000)
 concurrent mark-sweep generation total 393216K, used 171703K [0x00000000e8000000, 0x0000000100000000, 0x0000000100000000)
 Metaspace       used 42875K, capacity 44203K, committed 44268K, reserved 1087488K
  class space    used 5271K, capacity 5605K, committed 5612K, reserved 1048576K
2018-10-31T21:26:03.219-0700: 64.742: [GC (Allocation Failure) 2018-10-31T21:26:03.219-0700: 64.742: [ParNew
Desired survivor size 20112992 bytes, new threshold 8 (max 8)
- age   1:    8947288 bytes,    8947288 total
- age   2:    4237624 bytes,   13184912 total
- age   3:    1371320 bytes,   14556232 total
- age   4:    3959056 bytes,   18515288 total
: 109248K->21824K(109248K), 0.0089093 secs] 280951K->204592K(502464K), 0.0089691 secs] [Times: user=0.00 sys=0.00, real=0.00 secs] 
Heap after GC invocations=114 (full 8):
 par new generation   total 109248K, used 21824K [0x00000000e0000000, 0x00000000e8000000, 0x00000000e8000000)
  eden space 87424K,   0% used [0x00000000e0000000, 0x00000000e0000000, 0x00000000e5560000)
  from space 21824K, 100% used [0x00000000e5560000, 0x00000000e6ab0000, 0x00000000e6ab0000)
  to   space 21824K,   0% used [0x00000000e6ab0000, 0x00000000e6ab0000, 0x00000000e8000000)
 concurrent mark-sweep generation total 393216K, used 182768K [0x00000000e8000000, 0x0000000100000000, 0x0000000100000000)
 Metaspace       used 42875K, capacity 44203K, committed 44268K, reserved 1087488K
  class space    used 5271K, capacity 5605K, committed 5612K, reserved 1048576K
}
2018-10-31T21:26:03.219-0700: 64.751: Total time for which application threads were stopped: 0.0092481 seconds, Stopping threads took: 0.0001192 seconds
{Heap before GC invocations=114 (full 8):
 par new generation   total 109248K, used 109248K [0x00000000e0000000, 0x00000000e8000000, 0x00000000e8000000)
  eden space 87424K, 100% used [0x00000000e0000000, 0x00000000e5560000, 0x00000000e5560000)
  from space 21824K, 100% used [0x00000000e5560000, 0x00000000e6ab0000, 0x00000000e6ab0000)
  to   space 21824K,   0% used [0x00000000e6ab0000, 0x00000000e6ab0000, 0x00000000e8000000)
 concurrent mark-sweep generation total 393216K, used 182768K [0x00000000e8000000, 0x0000000100000000, 0x0000000100000000)
 Metaspace       used 42876K, capacity 44203K, committed 44268K, reserved 1087488K
  class space    used 5271K, capacity 5605K, committed 5612K, reserved 1048576K
2018-10-31T21:26:03.800-0700: 65.317: [GC (Allocation Failure) 2018-10-31T21:26:03.800-0700: 65.317: [ParNew
Desired survivor size 20112992 bytes, new threshold 5 (max 8)
- age   1:   13186056 bytes,   13186056 total
- age   2:    1449840 bytes,   14635896 total
- age   3:    2308464 bytes,   16944360 total
- age   4:    1364120 bytes,   18308480 total
- age   5:    3954032 bytes,   22262512 total
: 109248K->21824K(109248K), 0.0089556 secs] 292016K->212261K(502464K), 0.0090216 secs] [Times: user=0.00 sys=0.00, real=0.01 secs] 
Heap after GC invocations=115 (full 8):
 par new generation   total 109248K, used 21824K [0x00000000e0000000, 0x00000000e8000000, 0x00000000e8000000)
  eden space 87424K,   0% used [0x00000000e0000000, 0x00000000e0000000, 0x00000000e5560000)
  from space 21824K, 100% used [0x00000000e6ab0000, 0x00000000e8000000, 0x00000000e8000000)
  to   space 21824K,   0% used [0x00000000e5560000, 0x00000000e5560000, 0x00000000e6ab0000)
 concurrent mark-sweep generation total 393216K, used 190437K [0x00000000e8000000, 0x0000000100000000, 0x0000000100000000)
 Metaspace       used 42876K, capacity 44203K, committed 44268K, reserved 1087488K
  class space    used 5271K, capacity 5605K, committed 5612K, reserved 1048576K
}
2018-10-31T21:26:03.805-0700: 65.327: Total time for which application threads were stopped: 0.0092401 seconds, Stopping threads took: 0.0000478 seconds
{Heap before GC invocations=115 (full 8):
 par new generation   total 109248K, used 109248K [0x00000000e0000000, 0x00000000e8000000, 0x00000000e8000000)
  eden space 87424K, 100% used [0x00000000e0000000, 0x00000000e5560000, 0x00000000e5560000)
  from space 21824K, 100% used [0x00000000e6ab0000, 0x00000000e8000000, 0x00000000e8000000)
  to   space 21824K,   0% used [0x00000000e5560000, 0x00000000e5560000, 0x00000000e6ab0000)
 concurrent mark-sweep generation total 393216K, used 190437K [0x00000000e8000000, 0x0000000100000000, 0x0000000100000000)
 Metaspace       used 42876K, capacity 44203K, committed 44268K, reserved 1087488K
  class space    used 5271K, capacity 5605K, committed 5612K, reserved 1048576K
2018-10-31T21:26:04.312-0700: 65.840: [GC (Allocation Failure) 2018-10-31T21:26:04.312-0700: 65.840: [ParNew
Desired survivor size 20112992 bytes, new threshold 8 (max 8)
- age   1:   11886432 bytes,   11886432 total
- age   2:    2390792 bytes,   14277224 total
- age   3:    1315392 bytes,   15592616 total
- age   4:    2239528 bytes,   17832144 total
- age   5:    1349144 bytes,   19181288 total
: 109248K->21824K(109248K), 0.0104541 secs] 299685K->222060K(502464K), 0.0105256 secs] [Times: user=0.06 sys=0.00, real=0.02 secs] 
Heap after GC invocations=116 (full 8):
 par new generation   total 109248K, used 21824K [0x00000000e0000000, 0x00000000e8000000, 0x00000000e8000000)
  eden space 87424K,   0% used [0x00000000e0000000, 0x00000000e0000000, 0x00000000e5560000)
  from space 21824K, 100% used [0x00000000e5560000, 0x00000000e6ab0000, 0x00000000e6ab0000)
  to   space 21824K,   0% used [0x00000000e6ab0000, 0x00000000e6ab0000, 0x00000000e8000000)
 concurrent mark-sweep generation total 393216K, used 200236K [0x00000000e8000000, 0x0000000100000000, 0x0000000100000000)
 Metaspace       used 42876K, capacity 44203K, committed 44268K, reserved 1087488K
  class space    used 5271K, capacity 5605K, committed 5612K, reserved 1048576K
}
2018-10-31T21:26:04.328-0700: 65.851: Total time for which application threads were stopped: 0.0108224 seconds, Stopping threads took: 0.0001368 seconds
2018-10-31T21:26:04.328-0700: 65.851: [GC (CMS Initial Mark) [1 CMS-initial-mark: 200236K(393216K)] 222679K(502464K), 0.0013967 secs] [Times: user=0.00 sys=0.00, real=0.00 secs] 
2018-10-31T21:26:04.328-0700: 65.852: Total time for which application threads were stopped: 0.0015750 seconds, Stopping threads took: 0.0000762 seconds
2018-10-31T21:26:04.328-0700: 65.852: [CMS-concurrent-mark-start]
2018-10-31T21:26:04.343-0700: 65.865: [CMS-concurrent-mark: 0.013/0.013 secs] [Times: user=0.09 sys=0.00, real=0.01 secs] 
2018-10-31T21:26:04.343-0700: 65.865: [CMS-concurrent-preclean-start]
2018-10-31T21:26:04.343-0700: 65.866: [CMS-concurrent-preclean: 0.001/0.001 secs] [Times: user=0.00 sys=0.00, real=0.00 secs] 
2018-10-31T21:26:04.343-0700: 65.866: [CMS-concurrent-abortable-preclean-start]
2018-10-31T21:26:04.593-0700: 66.110: [CMS-concurrent-abortable-preclean: 0.244/0.244 secs] [Times: user=0.61 sys=0.02, real=0.25 secs] 
2018-10-31T21:26:04.593-0700: 66.111: [GC (CMS Final Remark) [YG occupancy: 65635 K (109248 K)]{Heap before GC invocations=116 (full 9):
 par new generation   total 109248K, used 65635K [0x00000000e0000000, 0x00000000e8000000, 0x00000000e8000000)
  eden space 87424K,  50% used [0x00000000e0000000, 0x00000000e2ac8f80, 0x00000000e5560000)
  from space 21824K, 100% used [0x00000000e5560000, 0x00000000e6ab0000, 0x00000000e6ab0000)
  to   space 21824K,   0% used [0x00000000e6ab0000, 0x00000000e6ab0000, 0x00000000e8000000)
 concurrent mark-sweep generation total 393216K, used 200236K [0x00000000e8000000, 0x0000000100000000, 0x0000000100000000)
 Metaspace       used 42876K, capacity 44203K, committed 44268K, reserved 1087488K
  class space    used 5271K, capacity 5605K, committed 5612K, reserved 1048576K
2018-10-31T21:26:04.593-0700: 66.111: [GC (CMS Final Remark) 2018-10-31T21:26:04.593-0700: 66.111: [ParNew
Desired survivor size 20112992 bytes, new threshold 6 (max 8)
- age   1:    6604096 bytes,    6604096 total
- age   2:    7529160 bytes,   14133256 total
- age   3:    2390792 bytes,   16524048 total
- age   4:    1315392 bytes,   17839440 total
- age   5:    2239552 bytes,   20078992 total
- age   6:    1349144 bytes,   21428136 total
: 65635K->21824K(109248K), 0.0085563 secs] 265872K->223479K(502464K), 0.0086482 secs] [Times: user=0.00 sys=0.00, real=0.00 secs] 
Heap after GC invocations=117 (full 9):
 par new generation   total 109248K, used 21824K [0x00000000e0000000, 0x00000000e8000000, 0x00000000e8000000)
  eden space 87424K,   0% used [0x00000000e0000000, 0x00000000e0000000, 0x00000000e5560000)
  from space 21824K, 100% used [0x00000000e6ab0000, 0x00000000e8000000, 0x00000000e8000000)
  to   space 21824K,   0% used [0x00000000e5560000, 0x00000000e5560000, 0x00000000e6ab0000)
 concurrent mark-sweep generation total 393216K, used 201655K [0x00000000e8000000, 0x0000000100000000, 0x0000000100000000)
 Metaspace       used 42876K, capacity 44203K, committed 44268K, reserved 1087488K
  class space    used 5271K, capacity 5605K, committed 5612K, reserved 1048576K
}
2018-10-31T21:26:04.593-0700: 66.120: [Rescan (parallel) , 0.0018536 secs]2018-10-31T21:26:04.593-0700: 66.122: [weak refs processing, 0.0007647 secs]2018-10-31T21:26:04.593-0700: 66.122: [class unloading, 0.0055638 secs]2018-10-31T21:26:04.609-0700: 66.128: [scrub symbol table, 0.0051364 secs]2018-10-31T21:26:04.609-0700: 66.133: [scrub string table, 0.0004062 secs][1 CMS-remark: 201655K(393216K)] 223479K(502464K), 0.0227136 secs] [Times: user=0.02 sys=0.00, real=0.02 secs] 
2018-10-31T21:26:04.609-0700: 66.134: Total time for which application threads were stopped: 0.0232410 seconds, Stopping threads took: 0.0000627 seconds
2018-10-31T21:26:04.609-0700: 66.134: [CMS-concurrent-sweep-start]
2018-10-31T21:26:04.640-0700: 66.172: [CMS-concurrent-sweep: 0.038/0.038 secs] [Times: user=0.08 sys=0.00, real=0.03 secs] 
2018-10-31T21:26:04.640-0700: 66.172: [CMS-concurrent-reset-start]
2018-10-31T21:26:04.640-0700: 66.172: [CMS-concurrent-reset: 0.000/0.000 secs] [Times: user=0.00 sys=0.00, real=0.00 secs] 
{Heap before GC invocations=117 (full 9):
 par new generation   total 109248K, used 109248K [0x00000000e0000000, 0x00000000e8000000, 0x00000000e8000000)
  eden space 87424K, 100% used [0x00000000e0000000, 0x00000000e5560000, 0x00000000e5560000)
  from space 21824K, 100% used [0x00000000e6ab0000, 0x00000000e8000000, 0x00000000e8000000)
  to   space 21824K,   0% used [0x00000000e5560000, 0x00000000e5560000, 0x00000000e6ab0000)
 concurrent mark-sweep generation total 393216K, used 49248K [0x00000000e8000000, 0x0000000100000000, 0x0000000100000000)
 Metaspace       used 42876K, capacity 44203K, committed 44268K, reserved 1087488K
  class space    used 5271K, capacity 5605K, committed 5612K, reserved 1048576K
2018-10-31T21:26:05.155-0700: 66.679: [GC (Allocation Failure) 2018-10-31T21:26:05.155-0700: 66.679: [ParNew
Desired survivor size 20112992 bytes, new threshold 5 (max 8)
- age   1:   10533104 bytes,   10533104 total
- age   2:    4778720 bytes,   15311824 total
- age   3:    1987696 bytes,   17299520 total
- age   4:    1971200 bytes,   19270720 total
- age   5:     872352 bytes,   20143072 total
- age   6:    2068176 bytes,   22211248 total
: 109248K->21824K(109248K), 0.0120543 secs] 158496K->82322K(502464K), 0.0121115 secs] [Times: user=0.06 sys=0.00, real=0.02 secs] 
Heap after GC invocations=118 (full 9):
 par new generation   total 109248K, used 21824K [0x00000000e0000000, 0x00000000e8000000, 0x00000000e8000000)
  eden space 87424K,   0% used [0x00000000e0000000, 0x00000000e0000000, 0x00000000e5560000)
  from space 21824K, 100% used [0x00000000e5560000, 0x00000000e6ab0000, 0x00000000e6ab0000)
  to   space 21824K,   0% used [0x00000000e6ab0000, 0x00000000e6ab0000, 0x00000000e8000000)
 concurrent mark-sweep generation total 393216K, used 60498K [0x00000000e8000000, 0x0000000100000000, 0x0000000100000000)
 Metaspace       used 42876K, capacity 44203K, committed 44268K, reserved 1087488K
  class space    used 5271K, capacity 5605K, committed 5612K, reserved 1048576K
}
2018-10-31T21:26:05.171-0700: 66.692: Total time for which application threads were stopped: 0.0123398 seconds, Stopping threads took: 0.0000456 seconds
{Heap before GC invocations=118 (full 9):
 par new generation   total 109248K, used 109248K [0x00000000e0000000, 0x00000000e8000000, 0x00000000e8000000)
  eden space 87424K, 100% used [0x00000000e0000000, 0x00000000e5560000, 0x00000000e5560000)
  from space 21824K, 100% used [0x00000000e5560000, 0x00000000e6ab0000, 0x00000000e6ab0000)
  to   space 21824K,   0% used [0x00000000e6ab0000, 0x00000000e6ab0000, 0x00000000e8000000)
 concurrent mark-sweep generation total 393216K, used 60498K [0x00000000e8000000, 0x0000000100000000, 0x0000000100000000)
 Metaspace       used 42894K, capacity 44203K, committed 44268K, reserved 1087488K
  class space    used 5272K, capacity 5605K, committed 5612K, reserved 1048576K
2018-10-31T21:26:05.665-0700: 67.196: [GC (Allocation Failure) 2018-10-31T21:26:05.665-0700: 67.196: [ParNew
Desired survivor size 20112992 bytes, new threshold 5 (max 8)
- age   1:   10558168 bytes,   10558168 total
- age   2:    2320528 bytes,   12878696 total
- age   3:    4774880 bytes,   17653576 total
- age   4:    1980320 bytes,   19633896 total
- age   5:    1965472 bytes,   21599368 total
: 109248K->21824K(109248K), 0.0105540 secs] 169746K->92045K(502464K), 0.0106229 secs] [Times: user=0.08 sys=0.00, real=0.02 secs] 
Heap after GC invocations=119 (full 9):
 par new generation   total 109248K, used 21824K [0x00000000e0000000, 0x00000000e8000000, 0x00000000e8000000)
  eden space 87424K,   0% used [0x00000000e0000000, 0x00000000e0000000, 0x00000000e5560000)
  from space 21824K, 100% used [0x00000000e6ab0000, 0x00000000e8000000, 0x00000000e8000000)
  to   space 21824K,   0% used [0x00000000e5560000, 0x00000000e5560000, 0x00000000e6ab0000)
 concurrent mark-sweep generation total 393216K, used 70221K [0x00000000e8000000, 0x0000000100000000, 0x0000000100000000)
 Metaspace       used 42894K, capacity 44203K, committed 44268K, reserved 1087488K
  class space    used 5272K, capacity 5605K, committed 5612K, reserved 1048576K
}
2018-10-31T21:26:05.680-0700: 67.207: Total time for which application threads were stopped: 0.0109427 seconds, Stopping threads took: 0.0000627 seconds
{Heap before GC invocations=119 (full 9):
 par new generation   total 109248K, used 109248K [0x00000000e0000000, 0x00000000e8000000, 0x00000000e8000000)
  eden space 87424K, 100% used [0x00000000e0000000, 0x00000000e5560000, 0x00000000e5560000)
  from space 21824K, 100% used [0x00000000e6ab0000, 0x00000000e8000000, 0x00000000e8000000)
  to   space 21824K,   0% used [0x00000000e5560000, 0x00000000e5560000, 0x00000000e6ab0000)
 concurrent mark-sweep generation total 393216K, used 70221K [0x00000000e8000000, 0x0000000100000000, 0x0000000100000000)
 Metaspace       used 42897K, capacity 44203K, committed 44268K, reserved 1087488K
  class space    used 5272K, capacity 5605K, committed 5612K, reserved 1048576K
2018-10-31T21:26:05.967-0700: 67.498: [GC (Allocation Failure) 2018-10-31T21:26:05.967-0700: 67.498: [ParNew
Desired survivor size 20112992 bytes, new threshold 8 (max 8)
- age   1:    5361040 bytes,    5361040 total
- age   2:    6435024 bytes,   11796064 total
- age   3:    2198720 bytes,   13994784 total
- age   4:    3800072 bytes,   17794856 total
- age   5:    1777544 bytes,   19572400 total
: 109248K->21824K(109248K), 0.0088557 secs] 179469K->97397K(502464K), 0.0089152 secs] [Times: user=0.06 sys=0.00, real=0.02 secs] 
Heap after GC invocations=120 (full 9):
 par new generation   total 109248K, used 21824K [0x00000000e0000000, 0x00000000e8000000, 0x00000000e8000000)
  eden space 87424K,   0% used [0x00000000e0000000, 0x00000000e0000000, 0x00000000e5560000)
  from space 21824K, 100% used [0x00000000e5560000, 0x00000000e6ab0000, 0x00000000e6ab0000)
  to   space 21824K,   0% used [0x00000000e6ab0000, 0x00000000e6ab0000, 0x00000000e8000000)
 concurrent mark-sweep generation total 393216K, used 75573K [0x00000000e8000000, 0x0000000100000000, 0x0000000100000000)
 Metaspace       used 42897K, capacity 44203K, committed 44268K, reserved 1087488K
  class space    used 5272K, capacity 5605K, committed 5612K, reserved 1048576K
}
2018-10-31T21:26:05.983-0700: 67.507: Total time for which application threads were stopped: 0.0091248 seconds, Stopping threads took: 0.0000459 seconds
{Heap before GC invocations=120 (full 9):
 par new generation   total 109248K, used 109248K [0x00000000e0000000, 0x00000000e8000000, 0x00000000e8000000)
  eden space 87424K, 100% used [0x00000000e0000000, 0x00000000e5560000, 0x00000000e5560000)
  from space 21824K, 100% used [0x00000000e5560000, 0x00000000e6ab0000, 0x00000000e6ab0000)
  to   space 21824K,   0% used [0x00000000e6ab0000, 0x00000000e6ab0000, 0x00000000e8000000)
 concurrent mark-sweep generation total 393216K, used 75573K [0x00000000e8000000, 0x0000000100000000, 0x0000000100000000)
 Metaspace       used 42898K, capacity 44203K, committed 44268K, reserved 1087488K
  class space    used 5272K, capacity 5605K, committed 5612K, reserved 1048576K
2018-10-31T21:26:06.327-0700: 67.857: [GC (Allocation Failure) 2018-10-31T21:26:06.327-0700: 67.857: [ParNew
Desired survivor size 20112992 bytes, new threshold 6 (max 8)
- age   1:    8875384 bytes,    8875384 total
- age   2:    1856512 bytes,   10731896 total
- age   3:    1885472 bytes,   12617368 total
- age   4:    2192168 bytes,   14809536 total
- age   5:    3782056 bytes,   18591592 total
- age   6:    1771288 bytes,   20362880 total
: 109248K->21824K(109248K), 0.0097780 secs] 184821K->101118K(502464K), 0.0098498 secs] [Times: user=0.06 sys=0.00, real=0.02 secs] 
Heap after GC invocations=121 (full 9):
 par new generation   total 109248K, used 21824K [0x00000000e0000000, 0x00000000e8000000, 0x00000000e8000000)
  eden space 87424K,   0% used [0x00000000e0000000, 0x00000000e0000000, 0x00000000e5560000)
  from space 21824K, 100% used [0x00000000e6ab0000, 0x00000000e8000000, 0x00000000e8000000)
  to   space 21824K,   0% used [0x00000000e5560000, 0x00000000e5560000, 0x00000000e6ab0000)
 concurrent mark-sweep generation total 393216K, used 79294K [0x00000000e8000000, 0x0000000100000000, 0x0000000100000000)
 Metaspace       used 42898K, capacity 44203K, committed 44268K, reserved 1087488K
  class space    used 5272K, capacity 5605K, committed 5612K, reserved 1048576K
}
2018-10-31T21:26:06.342-0700: 67.867: Total time for which application threads were stopped: 0.0101620 seconds, Stopping threads took: 0.0001433 seconds
{Heap before GC invocations=121 (full 9):
 par new generation   total 109248K, used 109248K [0x00000000e0000000, 0x00000000e8000000, 0x00000000e8000000)
  eden space 87424K, 100% used [0x00000000e0000000, 0x00000000e5560000, 0x00000000e5560000)
  from space 21824K, 100% used [0x00000000e6ab0000, 0x00000000e8000000, 0x00000000e8000000)
  to   space 21824K,   0% used [0x00000000e5560000, 0x00000000e5560000, 0x00000000e6ab0000)
 concurrent mark-sweep generation total 393216K, used 79294K [0x00000000e8000000, 0x0000000100000000, 0x0000000100000000)
 Metaspace       used 42898K, capacity 44203K, committed 44268K, reserved 1087488K
  class space    used 5272K, capacity 5605K, committed 5612K, reserved 1048576K
2018-10-31T21:26:06.420-0700: 67.941: [GC (Allocation Failure) 2018-10-31T21:26:06.420-0700: 67.941: [ParNew
Desired survivor size 20112992 bytes, new threshold 8 (max 8)
- age   1:    2351528 bytes,    2351528 total
- age   2:    7442856 bytes,    9794384 total
- age   3:    1175464 bytes,   10969848 total
- age   4:    1881856 bytes,   12851704 total
- age   5:    2191568 bytes,   15043272 total
- age   6:    3781760 bytes,   18825032 total
: 109248K->21824K(109248K), 0.0076724 secs] 188542K->103980K(502464K), 0.0078025 secs] [Times: user=0.00 sys=0.00, real=0.00 secs] 
Heap after GC invocations=122 (full 9):
 par new generation   total 109248K, used 21824K [0x00000000e0000000, 0x00000000e8000000, 0x00000000e8000000)
  eden space 87424K,   0% used [0x00000000e0000000, 0x00000000e0000000, 0x00000000e5560000)
  from space 21824K, 100% used [0x00000000e5560000, 0x00000000e6ab0000, 0x00000000e6ab0000)
  to   space 21824K,   0% used [0x00000000e6ab0000, 0x00000000e6ab0000, 0x00000000e8000000)
 concurrent mark-sweep generation total 393216K, used 82156K [0x00000000e8000000, 0x0000000100000000, 0x0000000100000000)
 Metaspace       used 42898K, capacity 44203K, committed 44268K, reserved 1087488K
  class space    used 5272K, capacity 5605K, committed 5612K, reserved 1048576K
}
2018-10-31T21:26:06.420-0700: 67.948: Total time for which application threads were stopped: 0.0080925 seconds, Stopping threads took: 0.0000492 seconds
{Heap before GC invocations=122 (full 9):
 par new generation   total 109248K, used 109224K [0x00000000e0000000, 0x00000000e8000000, 0x00000000e8000000)
  eden space 87424K,  99% used [0x00000000e0000000, 0x00000000e555a050, 0x00000000e5560000)
  from space 21824K, 100% used [0x00000000e5560000, 0x00000000e6ab0000, 0x00000000e6ab0000)
  to   space 21824K,   0% used [0x00000000e6ab0000, 0x00000000e6ab0000, 0x00000000e8000000)
 concurrent mark-sweep generation total 393216K, used 82156K [0x00000000e8000000, 0x0000000100000000, 0x0000000100000000)
 Metaspace       used 42899K, capacity 44203K, committed 44268K, reserved 1087488K
  class space    used 5272K, capacity 5605K, committed 5612K, reserved 1048576K
2018-10-31T21:26:06.530-0700: 68.050: [GC (Allocation Failure) 2018-10-31T21:26:06.530-0700: 68.050: [ParNew
Desired survivor size 20112992 bytes, new threshold 7 (max 8)
- age   1:    5996016 bytes,    5996016 total
- age   2:    1718864 bytes,    7714880 total
- age   3:    4327096 bytes,   12041976 total
- age   4:    1175392 bytes,   13217368 total
- age   5:    1404544 bytes,   14621912 total
- age   6:    2188192 bytes,   16810104 total
- age   7:    3718056 bytes,   20528160 total
: 109224K->21824K(109248K), 0.0069226 secs] 191380K->107091K(502464K), 0.0069806 secs] [Times: user=0.00 sys=0.00, real=0.00 secs] 
Heap after GC invocations=123 (full 9):
 par new generation   total 109248K, used 21824K [0x00000000e0000000, 0x00000000e8000000, 0x00000000e8000000)
  eden space 87424K,   0% used [0x00000000e0000000, 0x00000000e0000000, 0x00000000e5560000)
  from space 21824K, 100% used [0x00000000e6ab0000, 0x00000000e8000000, 0x00000000e8000000)
  to   space 21824K,   0% used [0x00000000e5560000, 0x00000000e5560000, 0x00000000e6ab0000)
 concurrent mark-sweep generation total 393216K, used 85267K [0x00000000e8000000, 0x0000000100000000, 0x0000000100000000)
 Metaspace       used 42899K, capacity 44203K, committed 44268K, reserved 1087488K
  class space    used 5272K, capacity 5605K, committed 5612K, reserved 1048576K
}
2018-10-31T21:26:06.530-0700: 68.057: Total time for which application threads were stopped: 0.0072234 seconds, Stopping threads took: 0.0000748 seconds
{Heap before GC invocations=123 (full 9):
 par new generation   total 109248K, used 109248K [0x00000000e0000000, 0x00000000e8000000, 0x00000000e8000000)
  eden space 87424K, 100% used [0x00000000e0000000, 0x00000000e5560000, 0x00000000e5560000)
  from space 21824K, 100% used [0x00000000e6ab0000, 0x00000000e8000000, 0x00000000e8000000)
  to   space 21824K,   0% used [0x00000000e5560000, 0x00000000e5560000, 0x00000000e6ab0000)
 concurrent mark-sweep generation total 393216K, used 85267K [0x00000000e8000000, 0x0000000100000000, 0x0000000100000000)
 Metaspace       used 42899K, capacity 44203K, committed 44268K, reserved 1087488K
  class space    used 5272K, capacity 5605K, committed 5612K, reserved 1048576K
2018-10-31T21:26:06.832-0700: 68.354: [GC (Allocation Failure) 2018-10-31T21:26:06.832-0700: 68.354: [ParNew
Desired survivor size 20112992 bytes, new threshold 8 (max 8)
- age   1:    6879328 bytes,    6879328 total
- age   2:    1879768 bytes,    8759096 total
- age   3:     780016 bytes,    9539112 total
- age   4:    3710136 bytes,   13249248 total
- age   5:     768352 bytes,   14017600 total
- age   6:    1383712 bytes,   15401312 total
- age   7:    2175968 bytes,   17577280 total
: 109248K->21824K(109248K), 0.0090690 secs] 194515K->116282K(502464K), 0.0091318 secs] [Times: user=0.00 sys=0.00, real=0.00 secs] 
Heap after GC invocations=124 (full 9):
 par new generation   total 109248K, used 21824K [0x00000000e0000000, 0x00000000e8000000, 0x00000000e8000000)
  eden space 87424K,   0% used [0x00000000e0000000, 0x00000000e0000000, 0x00000000e5560000)
  from space 21824K, 100% used [0x00000000e5560000, 0x00000000e6ab0000, 0x00000000e6ab0000)
  to   space 21824K,   0% used [0x00000000e6ab0000, 0x00000000e6ab0000, 0x00000000e8000000)
 concurrent mark-sweep generation total 393216K, used 94458K [0x00000000e8000000, 0x0000000100000000, 0x0000000100000000)
 Metaspace       used 42899K, capacity 44203K, committed 44268K, reserved 1087488K
  class space    used 5272K, capacity 5605K, committed 5612K, reserved 1048576K
}
2018-10-31T21:26:06.832-0700: 68.363: Total time for which application threads were stopped: 0.0093345 seconds, Stopping threads took: 0.0000470 seconds
{Heap before GC invocations=124 (full 9):
 par new generation   total 109248K, used 109248K [0x00000000e0000000, 0x00000000e8000000, 0x00000000e8000000)
  eden space 87424K, 100% used [0x00000000e0000000, 0x00000000e5560000, 0x00000000e5560000)
  from space 21824K, 100% used [0x00000000e5560000, 0x00000000e6ab0000, 0x00000000e6ab0000)
  to   space 21824K,   0% used [0x00000000e6ab0000, 0x00000000e6ab0000, 0x00000000e8000000)
 concurrent mark-sweep generation total 393216K, used 94458K [0x00000000e8000000, 0x0000000100000000, 0x0000000100000000)
 Metaspace       used 42899K, capacity 44203K, committed 44268K, reserved 1087488K
  class space    used 5272K, capacity 5605K, committed 5612K, reserved 1048576K
2018-10-31T21:26:07.110-0700: 68.642: [GC (Allocation Failure) 2018-10-31T21:26:07.110-0700: 68.642: [ParNew
Desired survivor size 20112992 bytes, new threshold 8 (max 8)
- age   1:    6123392 bytes,    6123392 total
- age   2:    3433968 bytes,    9557360 total
- age   3:    1540208 bytes,   11097568 total
- age   4:     652880 bytes,   11750448 total
- age   5:    3649504 bytes,   15399952 total
- age   6:     755640 bytes,   16155592 total
- age   7:    1359320 bytes,   17514912 total
- age   8:    2148016 bytes,   19662928 total
: 109248K->21824K(109248K), 0.0093608 secs] 203706K->118937K(502464K), 0.0094184 secs] [Times: user=0.05 sys=0.01, real=0.02 secs] 
Heap after GC invocations=125 (full 9):
 par new generation   total 109248K, used 21824K [0x00000000e0000000, 0x00000000e8000000, 0x00000000e8000000)
  eden space 87424K,   0% used [0x00000000e0000000, 0x00000000e0000000, 0x00000000e5560000)
  from space 21824K, 100% used [0x00000000e6ab0000, 0x00000000e8000000, 0x00000000e8000000)
  to   space 21824K,   0% used [0x00000000e5560000, 0x00000000e5560000, 0x00000000e6ab0000)
 concurrent mark-sweep generation total 393216K, used 97113K [0x00000000e8000000, 0x0000000100000000, 0x0000000100000000)
 Metaspace       used 42899K, capacity 44203K, committed 44268K, reserved 1087488K
  class space    used 5272K, capacity 5605K, committed 5612K, reserved 1048576K
}
2018-10-31T21:26:07.125-0700: 68.652: Total time for which application threads were stopped: 0.0096328 seconds, Stopping threads took: 0.0000445 seconds
{Heap before GC invocations=125 (full 9):
 par new generation   total 109248K, used 109248K [0x00000000e0000000, 0x00000000e8000000, 0x00000000e8000000)
  eden space 87424K, 100% used [0x00000000e0000000, 0x00000000e5560000, 0x00000000e5560000)
  from space 21824K, 100% used [0x00000000e6ab0000, 0x00000000e8000000, 0x00000000e8000000)
  to   space 21824K,   0% used [0x00000000e5560000, 0x00000000e5560000, 0x00000000e6ab0000)
 concurrent mark-sweep generation total 393216K, used 97113K [0x00000000e8000000, 0x0000000100000000, 0x0000000100000000)
 Metaspace       used 42899K, capacity 44203K, committed 44268K, reserved 1087488K
  class space    used 5272K, capacity 5605K, committed 5612K, reserved 1048576K
2018-10-31T21:26:07.563-0700: 69.089: [GC (Allocation Failure) 2018-10-31T21:26:07.563-0700: 69.089: [ParNew
Desired survivor size 20112992 bytes, new threshold 7 (max 8)
- age   1:    9835216 bytes,    9835216 total
- age   2:    1772248 bytes,   11607464 total
- age   3:    2142696 bytes,   13750160 total
- age   4:    1537896 bytes,   15288056 total
- age   5:     652632 bytes,   15940688 total
- age   6:    3648536 bytes,   19589224 total
- age   7:     755336 bytes,   20344560 total
- age   8:    1359080 bytes,   21703640 total
: 109248K->21824K(109248K), 0.0111780 secs] 206361K->125802K(502464K), 0.0112418 secs] [Times: user=0.06 sys=0.00, real=0.02 secs] 
Heap after GC invocations=126 (full 9):
 par new generation   total 109248K, used 21824K [0x00000000e0000000, 0x00000000e8000000, 0x00000000e8000000)
  eden space 87424K,   0% used [0x00000000e0000000, 0x00000000e0000000, 0x00000000e5560000)
  from space 21824K, 100% used [0x00000000e5560000, 0x00000000e6ab0000, 0x00000000e6ab0000)
  to   space 21824K,   0% used [0x00000000e6ab0000, 0x00000000e6ab0000, 0x00000000e8000000)
 concurrent mark-sweep generation total 393216K, used 103978K [0x00000000e8000000, 0x0000000100000000, 0x0000000100000000)
 Metaspace       used 42899K, capacity 44203K, committed 44268K, reserved 1087488K
  class space    used 5272K, capacity 5605K, committed 5612K, reserved 1048576K
}
2018-10-31T21:26:07.578-0700: 69.100: Total time for which application threads were stopped: 0.0115649 seconds, Stopping threads took: 0.0001488 seconds
{Heap before GC invocations=126 (full 9):
 par new generation   total 109248K, used 109248K [0x00000000e0000000, 0x00000000e8000000, 0x00000000e8000000)
  eden space 87424K, 100% used [0x00000000e0000000, 0x00000000e5560000, 0x00000000e5560000)
  from space 21824K, 100% used [0x00000000e5560000, 0x00000000e6ab0000, 0x00000000e6ab0000)
  to   space 21824K,   0% used [0x00000000e6ab0000, 0x00000000e6ab0000, 0x00000000e8000000)
 concurrent mark-sweep generation total 393216K, used 103978K [0x00000000e8000000, 0x0000000100000000, 0x0000000100000000)
 Metaspace       used 42907K, capacity 44203K, committed 44268K, reserved 1087488K
  class space    used 5272K, capacity 5605K, committed 5612K, reserved 1048576K
2018-10-31T21:26:08.108-0700: 69.639: [GC (Allocation Failure) 2018-10-31T21:26:08.108-0700: 69.639: [ParNew
Desired survivor size 20112992 bytes, new threshold 6 (max 8)
- age   1:   10303488 bytes,   10303488 total
- age   2:    5697048 bytes,   16000536 total
- age   3:     914928 bytes,   16915464 total
- age   4:    2059264 bytes,   18974728 total
- age   5:     968464 bytes,   19943192 total
- age   6:     649264 bytes,   20592456 total
- age   7:    1721696 bytes,   22314152 total
: 109248K->21824K(109248K), 0.0149064 secs] 213226K->142502K(502464K), 0.0149691 secs] [Times: user=0.06 sys=0.00, real=0.02 secs] 
Heap after GC invocations=127 (full 9):
 par new generation   total 109248K, used 21824K [0x00000000e0000000, 0x00000000e8000000, 0x00000000e8000000)
  eden space 87424K,   0% used [0x00000000e0000000, 0x00000000e0000000, 0x00000000e5560000)
  from space 21824K, 100% used [0x00000000e6ab0000, 0x00000000e8000000, 0x00000000e8000000)
  to   space 21824K,   0% used [0x00000000e5560000, 0x00000000e5560000, 0x00000000e6ab0000)
 concurrent mark-sweep generation total 393216K, used 120678K [0x00000000e8000000, 0x0000000100000000, 0x0000000100000000)
 Metaspace       used 42907K, capacity 44203K, committed 44268K, reserved 1087488K
  class space    used 5272K, capacity 5605K, committed 5612K, reserved 1048576K
}
2018-10-31T21:26:08.124-0700: 69.654: Total time for which application threads were stopped: 0.0152273 seconds, Stopping threads took: 0.0000722 seconds
{Heap before GC invocations=127 (full 9):
 par new generation   total 109248K, used 109248K [0x00000000e0000000, 0x00000000e8000000, 0x00000000e8000000)
  eden space 87424K, 100% used [0x00000000e0000000, 0x00000000e5560000, 0x00000000e5560000)
  from space 21824K, 100% used [0x00000000e6ab0000, 0x00000000e8000000, 0x00000000e8000000)
  to   space 21824K,   0% used [0x00000000e5560000, 0x00000000e5560000, 0x00000000e6ab0000)
 concurrent mark-sweep generation total 393216K, used 120678K [0x00000000e8000000, 0x0000000100000000, 0x0000000100000000)
 Metaspace       used 42907K, capacity 44203K, committed 44268K, reserved 1087488K
  class space    used 5272K, capacity 5605K, committed 5612K, reserved 1048576K
2018-10-31T21:26:08.709-0700: 70.227: [GC (Allocation Failure) 2018-10-31T21:26:08.709-0700: 70.227: [ParNew
Desired survivor size 20112992 bytes, new threshold 5 (max 8)
- age   1:    5131448 bytes,    5131448 total
- age   2:    9607472 bytes,   14738920 total
- age   3:    4570112 bytes,   19309032 total
- age   4:     797536 bytes,   20106568 total
- age   5:    1874024 bytes,   21980592 total
- age   6:     856760 bytes,   22837352 total
: 109248K->21824K(109248K), 0.0140928 secs] 229926K->156050K(502464K), 0.0141544 secs] [Times: user=0.06 sys=0.00, real=0.01 secs] 
Heap after GC invocations=128 (full 9):
 par new generation   total 109248K, used 21824K [0x00000000e0000000, 0x00000000e8000000, 0x00000000e8000000)
  eden space 87424K,   0% used [0x00000000e0000000, 0x00000000e0000000, 0x00000000e5560000)
  from space 21824K, 100% used [0x00000000e5560000, 0x00000000e6ab0000, 0x00000000e6ab0000)
  to   space 21824K,   0% used [0x00000000e6ab0000, 0x00000000e6ab0000, 0x00000000e8000000)
 concurrent mark-sweep generation total 393216K, used 134226K [0x00000000e8000000, 0x0000000100000000, 0x0000000100000000)
 Metaspace       used 42907K, capacity 44203K, committed 44268K, reserved 1087488K
  class space    used 5272K, capacity 5605K, committed 5612K, reserved 1048576K
}
2018-10-31T21:26:08.724-0700: 70.241: Total time for which application threads were stopped: 0.0143911 seconds, Stopping threads took: 0.0000463 seconds
{Heap before GC invocations=128 (full 9):
 par new generation   total 109248K, used 109248K [0x00000000e0000000, 0x00000000e8000000, 0x00000000e8000000)
  eden space 87424K, 100% used [0x00000000e0000000, 0x00000000e5560000, 0x00000000e5560000)
  from space 21824K, 100% used [0x00000000e5560000, 0x00000000e6ab0000, 0x00000000e6ab0000)
  to   space 21824K,   0% used [0x00000000e6ab0000, 0x00000000e6ab0000, 0x00000000e8000000)
 concurrent mark-sweep generation total 393216K, used 134226K [0x00000000e8000000, 0x0000000100000000, 0x0000000100000000)
 Metaspace       used 42907K, capacity 44203K, committed 44268K, reserved 1087488K
  class space    used 5272K, capacity 5605K, committed 5612K, reserved 1048576K
2018-10-31T21:26:09.157-0700: 70.674: [GC (Allocation Failure) 2018-10-31T21:26:09.157-0700: 70.674: [ParNew
Desired survivor size 20112992 bytes, new threshold 4 (max 8)
- age   1:   13906240 bytes,   13906240 total
- age   2:    2478984 bytes,   16385224 total
- age   3:     845208 bytes,   17230432 total
- age   4:    4314512 bytes,   21544944 total
- age   5:     796664 bytes,   22341608 total
: 109248K->21824K(109248K), 0.0126326 secs] 243474K->167262K(502464K), 0.0127034 secs] [Times: user=0.00 sys=0.00, real=0.00 secs] 
Heap after GC invocations=129 (full 9):
 par new generation   total 109248K, used 21824K [0x00000000e0000000, 0x00000000e8000000, 0x00000000e8000000)
  eden space 87424K,   0% used [0x00000000e0000000, 0x00000000e0000000, 0x00000000e5560000)
  from space 21824K, 100% used [0x00000000e6ab0000, 0x00000000e8000000, 0x00000000e8000000)
  to   space 21824K,   0% used [0x00000000e5560000, 0x00000000e5560000, 0x00000000e6ab0000)
 concurrent mark-sweep generation total 393216K, used 145438K [0x00000000e8000000, 0x0000000100000000, 0x0000000100000000)
 Metaspace       used 42907K, capacity 44203K, committed 44268K, reserved 1087488K
  class space    used 5272K, capacity 5605K, committed 5612K, reserved 1048576K
}
2018-10-31T21:26:09.157-0700: 70.687: Total time for which application threads were stopped: 0.0129586 seconds, Stopping threads took: 0.0000609 seconds
{Heap before GC invocations=129 (full 9):
 par new generation   total 109248K, used 109248K [0x00000000e0000000, 0x00000000e8000000, 0x00000000e8000000)
  eden space 87424K, 100% used [0x00000000e0000000, 0x00000000e5560000, 0x00000000e5560000)
  from space 21824K, 100% used [0x00000000e6ab0000, 0x00000000e8000000, 0x00000000e8000000)
  to   space 21824K,   0% used [0x00000000e5560000, 0x00000000e5560000, 0x00000000e6ab0000)
 concurrent mark-sweep generation total 393216K, used 145438K [0x00000000e8000000, 0x0000000100000000, 0x0000000100000000)
 Metaspace       used 42907K, capacity 44203K, committed 44268K, reserved 1087488K
  class space    used 5272K, capacity 5605K, committed 5612K, reserved 1048576K
2018-10-31T21:26:09.672-0700: 71.200: [GC (Allocation Failure) 2018-10-31T21:26:09.672-0700: 71.200: [ParNew
Desired survivor size 20112992 bytes, new threshold 3 (max 8)
- age   1:    5146568 bytes,    5146568 total
- age   2:   13367352 bytes,   18513920 total
- age   3:    2422368 bytes,   20936288 total
- age   4:     759720 bytes,   21696008 total
: 109248K->21824K(109248K), 0.0137339 secs] 254686K->178966K(502464K), 0.0137956 secs] [Times: user=0.13 sys=0.00, real=0.02 secs] 
Heap after GC invocations=130 (full 9):
 par new generation   total 109248K, used 21824K [0x00000000e0000000, 0x00000000e8000000, 0x00000000e8000000)
  eden space 87424K,   0% used [0x00000000e0000000, 0x00000000e0000000, 0x00000000e5560000)
  from space 21824K, 100% used [0x00000000e5560000, 0x00000000e6ab0000, 0x00000000e6ab0000)
  to   space 21824K,   0% used [0x00000000e6ab0000, 0x00000000e6ab0000, 0x00000000e8000000)
 concurrent mark-sweep generation total 393216K, used 157142K [0x00000000e8000000, 0x0000000100000000, 0x0000000100000000)
 Metaspace       used 42907K, capacity 44203K, committed 44268K, reserved 1087488K
  class space    used 5272K, capacity 5605K, committed 5612K, reserved 1048576K
}
2018-10-31T21:26:09.696-0700: 71.213: Total time for which application threads were stopped: 0.0139987 seconds, Stopping threads took: 0.0000463 seconds
{Heap before GC invocations=130 (full 9):
 par new generation   total 109248K, used 109248K [0x00000000e0000000, 0x00000000e8000000, 0x00000000e8000000)
  eden space 87424K, 100% used [0x00000000e0000000, 0x00000000e5560000, 0x00000000e5560000)
  from space 21824K, 100% used [0x00000000e5560000, 0x00000000e6ab0000, 0x00000000e6ab0000)
  to   space 21824K,   0% used [0x00000000e6ab0000, 0x00000000e6ab0000, 0x00000000e8000000)
 concurrent mark-sweep generation total 393216K, used 157142K [0x00000000e8000000, 0x0000000100000000, 0x0000000100000000)
 Metaspace       used 42907K, capacity 44203K, committed 44268K, reserved 1087488K
  class space    used 5272K, capacity 5605K, committed 5612K, reserved 1048576K
2018-10-31T21:26:10.250-0700: 71.775: [GC (Allocation Failure) 2018-10-31T21:26:10.250-0700: 71.775: [ParNew
Desired survivor size 20112992 bytes, new threshold 3 (max 8)
- age   1:    6342776 bytes,    6342776 total
- age   2:    3343720 bytes,    9686496 total
- age   3:   12542656 bytes,   22229152 total
: 109248K->21824K(109248K), 0.0126706 secs] 266390K->188947K(502464K), 0.0127315 secs] [Times: user=0.06 sys=0.00, real=0.02 secs] 
Heap after GC invocations=131 (full 9):
 par new generation   total 109248K, used 21824K [0x00000000e0000000, 0x00000000e8000000, 0x00000000e8000000)
  eden space 87424K,   0% used [0x00000000e0000000, 0x00000000e0000000, 0x00000000e5560000)
  from space 21824K, 100% used [0x00000000e6ab0000, 0x00000000e8000000, 0x00000000e8000000)
  to   space 21824K,   0% used [0x00000000e5560000, 0x00000000e5560000, 0x00000000e6ab0000)
 concurrent mark-sweep generation total 393216K, used 167123K [0x00000000e8000000, 0x0000000100000000, 0x0000000100000000)
 Metaspace       used 42907K, capacity 44203K, committed 44268K, reserved 1087488K
  class space    used 5272K, capacity 5605K, committed 5612K, reserved 1048576K
}
2018-10-31T21:26:10.266-0700: 71.788: Total time for which application threads were stopped: 0.0130097 seconds, Stopping threads took: 0.0000762 seconds
{Heap before GC invocations=131 (full 9):
 par new generation   total 109248K, used 109248K [0x00000000e0000000, 0x00000000e8000000, 0x00000000e8000000)
  eden space 87424K, 100% used [0x00000000e0000000, 0x00000000e5560000, 0x00000000e5560000)
  from space 21824K, 100% used [0x00000000e6ab0000, 0x00000000e8000000, 0x00000000e8000000)
  to   space 21824K,   0% used [0x00000000e5560000, 0x00000000e5560000, 0x00000000e6ab0000)
 concurrent mark-sweep generation total 393216K, used 167123K [0x00000000e8000000, 0x0000000100000000, 0x0000000100000000)
 Metaspace       used 42907K, capacity 44203K, committed 44268K, reserved 1087488K
  class space    used 5272K, capacity 5605K, committed 5612K, reserved 1048576K
2018-10-31T21:26:10.762-0700: 72.278: [GC (Allocation Failure) 2018-10-31T21:26:10.762-0700: 72.279: [ParNew
Desired survivor size 20112992 bytes, new threshold 3 (max 8)
- age   1:   13423624 bytes,   13423624 total
- age   2:    4673808 bytes,   18097432 total
- age   3:    2566528 bytes,   20663960 total
: 109248K->21824K(109248K), 0.0155672 secs] 276371K->201740K(502464K), 0.0156251 secs] [Times: user=0.06 sys=0.00, real=0.01 secs] 
Heap after GC invocations=132 (full 9):
 par new generation   total 109248K, used 21824K [0x00000000e0000000, 0x00000000e8000000, 0x00000000e8000000)
  eden space 87424K,   0% used [0x00000000e0000000, 0x00000000e0000000, 0x00000000e5560000)
  from space 21824K, 100% used [0x00000000e5560000, 0x00000000e6ab0000, 0x00000000e6ab0000)
  to   space 21824K,   0% used [0x00000000e6ab0000, 0x00000000e6ab0000, 0x00000000e8000000)
 concurrent mark-sweep generation total 393216K, used 179916K [0x00000000e8000000, 0x0000000100000000, 0x0000000100000000)
 Metaspace       used 42907K, capacity 44203K, committed 44268K, reserved 1087488K
  class space    used 5272K, capacity 5605K, committed 5612K, reserved 1048576K
}
2018-10-31T21:26:10.769-0700: 72.294: Total time for which application threads were stopped: 0.0158727 seconds, Stopping threads took: 0.0000489 seconds
{Heap before GC invocations=132 (full 9):
 par new generation   total 109248K, used 109248K [0x00000000e0000000, 0x00000000e8000000, 0x00000000e8000000)
  eden space 87424K, 100% used [0x00000000e0000000, 0x00000000e5560000, 0x00000000e5560000)
  from space 21824K, 100% used [0x00000000e5560000, 0x00000000e6ab0000, 0x00000000e6ab0000)
  to   space 21824K,   0% used [0x00000000e6ab0000, 0x00000000e6ab0000, 0x00000000e8000000)
 concurrent mark-sweep generation total 393216K, used 179916K [0x00000000e8000000, 0x0000000100000000, 0x0000000100000000)
 Metaspace       used 42907K, capacity 44203K, committed 44268K, reserved 1087488K
  class space    used 5272K, capacity 5605K, committed 5612K, reserved 1048576K
2018-10-31T21:26:11.233-0700: 72.756: [GC (Allocation Failure) 2018-10-31T21:26:11.233-0700: 72.756: [ParNew
Desired survivor size 20112992 bytes, new threshold 3 (max 8)
- age   1:   10495192 bytes,   10495192 total
- age   2:    8045376 bytes,   18540568 total
- age   3:    3817112 bytes,   22357680 total
: 109248K->21824K(109248K), 0.0119332 secs] 289164K->210752K(502464K), 0.0120112 secs] [Times: user=0.05 sys=0.00, real=0.02 secs] 
Heap after GC invocations=133 (full 9):
 par new generation   total 109248K, used 21824K [0x00000000e0000000, 0x00000000e8000000, 0x00000000e8000000)
  eden space 87424K,   0% used [0x00000000e0000000, 0x00000000e0000000, 0x00000000e5560000)
  from space 21824K, 100% used [0x00000000e6ab0000, 0x00000000e8000000, 0x00000000e8000000)
  to   space 21824K,   0% used [0x00000000e5560000, 0x00000000e5560000, 0x00000000e6ab0000)
 concurrent mark-sweep generation total 393216K, used 188928K [0x00000000e8000000, 0x0000000100000000, 0x0000000100000000)
 Metaspace       used 42907K, capacity 44203K, committed 44268K, reserved 1087488K
  class space    used 5272K, capacity 5605K, committed 5612K, reserved 1048576K
}
2018-10-31T21:26:11.249-0700: 72.768: Total time for which application threads were stopped: 0.0122942 seconds, Stopping threads took: 0.0000985 seconds
{Heap before GC invocations=133 (full 9):
 par new generation   total 109248K, used 109248K [0x00000000e0000000, 0x00000000e8000000, 0x00000000e8000000)
  eden space 87424K, 100% used [0x00000000e0000000, 0x00000000e5560000, 0x00000000e5560000)
  from space 21824K, 100% used [0x00000000e6ab0000, 0x00000000e8000000, 0x00000000e8000000)
  to   space 21824K,   0% used [0x00000000e5560000, 0x00000000e5560000, 0x00000000e6ab0000)
 concurrent mark-sweep generation total 393216K, used 188928K [0x00000000e8000000, 0x0000000100000000, 0x0000000100000000)
 Metaspace       used 42908K, capacity 44203K, committed 44268K, reserved 1087488K
  class space    used 5272K, capacity 5605K, committed 5612K, reserved 1048576K
2018-10-31T21:26:11.776-0700: 73.294: [GC (Allocation Failure) 2018-10-31T21:26:11.776-0700: 73.294: [ParNew
Desired survivor size 20112992 bytes, new threshold 3 (max 8)
- age   1:    7151208 bytes,    7151208 total
- age   2:    8104408 bytes,   15255616 total
- age   3:    7070944 bytes,   22326560 total
: 109248K->21824K(109248K), 0.0129521 secs] 298176K->220644K(502464K), 0.0130101 secs] [Times: user=0.06 sys=0.00, real=0.01 secs] 
Heap after GC invocations=134 (full 9):
 par new generation   total 109248K, used 21824K [0x00000000e0000000, 0x00000000e8000000, 0x00000000e8000000)
  eden space 87424K,   0% used [0x00000000e0000000, 0x00000000e0000000, 0x00000000e5560000)
  from space 21824K, 100% used [0x00000000e5560000, 0x00000000e6ab0000, 0x00000000e6ab0000)
  to   space 21824K,   0% used [0x00000000e6ab0000, 0x00000000e6ab0000, 0x00000000e8000000)
 concurrent mark-sweep generation total 393216K, used 198820K [0x00000000e8000000, 0x0000000100000000, 0x0000000100000000)
 Metaspace       used 42908K, capacity 44203K, committed 44268K, reserved 1087488K
  class space    used 5272K, capacity 5605K, committed 5612K, reserved 1048576K
}
2018-10-31T21:26:11.790-0700: 73.307: Total time for which application threads were stopped: 0.0132267 seconds, Stopping threads took: 0.0000441 seconds
2018-10-31T21:26:11.790-0700: 73.307: [GC (CMS Initial Mark) [1 CMS-initial-mark: 198820K(393216K)] 221725K(502464K), 0.0021118 secs] [Times: user=0.00 sys=0.00, real=0.00 secs] 
2018-10-31T21:26:11.792-0700: 73.310: Total time for which application threads were stopped: 0.0022730 seconds, Stopping threads took: 0.0000583 seconds
2018-10-31T21:26:11.792-0700: 73.310: [CMS-concurrent-mark-start]
2018-10-31T21:26:11.812-0700: 73.329: [CMS-concurrent-mark: 0.020/0.020 secs] [Times: user=0.09 sys=0.00, real=0.02 secs] 
2018-10-31T21:26:11.812-0700: 73.329: [CMS-concurrent-preclean-start]
2018-10-31T21:26:11.813-0700: 73.331: [CMS-concurrent-preclean: 0.001/0.001 secs] [Times: user=0.00 sys=0.00, real=0.00 secs] 
2018-10-31T21:26:11.813-0700: 73.331: [CMS-concurrent-abortable-preclean-start]
2018-10-31T21:26:12.063-0700: 73.595: [CMS-concurrent-abortable-preclean: 0.264/0.264 secs] [Times: user=0.58 sys=0.02, real=0.25 secs] 
2018-10-31T21:26:12.078-0700: 73.595: [GC (CMS Final Remark) [YG occupancy: 68366 K (109248 K)]{Heap before GC invocations=134 (full 10):
 par new generation   total 109248K, used 68366K [0x00000000e0000000, 0x00000000e8000000, 0x00000000e8000000)
  eden space 87424K,  53% used [0x00000000e0000000, 0x00000000e2d73958, 0x00000000e5560000)
  from space 21824K, 100% used [0x00000000e5560000, 0x00000000e6ab0000, 0x00000000e6ab0000)
  to   space 21824K,   0% used [0x00000000e6ab0000, 0x00000000e6ab0000, 0x00000000e8000000)
 concurrent mark-sweep generation total 393216K, used 198820K [0x00000000e8000000, 0x0000000100000000, 0x0000000100000000)
 Metaspace       used 42908K, capacity 44203K, committed 44268K, reserved 1087488K
  class space    used 5272K, capacity 5605K, committed 5612K, reserved 1048576K
2018-10-31T21:26:12.078-0700: 73.595: [GC (CMS Final Remark) 2018-10-31T21:26:12.078-0700: 73.595: [ParNew
Desired survivor size 20112992 bytes, new threshold 8 (max 8)
- age   1:    6977400 bytes,    6977400 total
- age   2:    3948312 bytes,   10925712 total
- age   3:    8104408 bytes,   19030120 total
: 68366K->21824K(109248K), 0.0089017 secs] 267187K->228801K(502464K), 0.0089516 secs] [Times: user=0.00 sys=0.00, real=0.00 secs] 
Heap after GC invocations=135 (full 10):
 par new generation   total 109248K, used 21824K [0x00000000e0000000, 0x00000000e8000000, 0x00000000e8000000)
  eden space 87424K,   0% used [0x00000000e0000000, 0x00000000e0000000, 0x00000000e5560000)
  from space 21824K, 100% used [0x00000000e6ab0000, 0x00000000e8000000, 0x00000000e8000000)
  to   space 21824K,   0% used [0x00000000e5560000, 0x00000000e5560000, 0x00000000e6ab0000)
 concurrent mark-sweep generation total 393216K, used 206977K [0x00000000e8000000, 0x0000000100000000, 0x0000000100000000)
 Metaspace       used 42908K, capacity 44203K, committed 44268K, reserved 1087488K
  class space    used 5272K, capacity 5605K, committed 5612K, reserved 1048576K
}
2018-10-31T21:26:12.078-0700: 73.604: [Rescan (parallel) , 0.0022734 secs]2018-10-31T21:26:12.078-0700: 73.607: [weak refs processing, 0.0009875 secs]2018-10-31T21:26:12.078-0700: 73.608: [class unloading, 0.0055977 secs]2018-10-31T21:26:12.094-0700: 73.613: [scrub symbol table, 0.0053239 secs]2018-10-31T21:26:12.094-0700: 73.619: [scrub string table, 0.0004197 secs][1 CMS-remark: 206977K(393216K)] 228801K(502464K), 0.0238715 secs] [Times: user=0.01 sys=0.00, real=0.02 secs] 
2018-10-31T21:26:12.094-0700: 73.619: Total time for which application threads were stopped: 0.0241005 seconds, Stopping threads took: 0.0001087 seconds
2018-10-31T21:26:12.094-0700: 73.619: [CMS-concurrent-sweep-start]
2018-10-31T21:26:12.125-0700: 73.647: [CMS-concurrent-sweep: 0.027/0.027 secs] [Times: user=0.06 sys=0.00, real=0.03 secs] 
2018-10-31T21:26:12.125-0700: 73.647: [CMS-concurrent-reset-start]
2018-10-31T21:26:12.125-0700: 73.647: [CMS-concurrent-reset: 0.000/0.000 secs] [Times: user=0.00 sys=0.00, real=0.00 secs] 
{Heap before GC invocations=135 (full 10):
 par new generation   total 109248K, used 109248K [0x00000000e0000000, 0x00000000e8000000, 0x00000000e8000000)
  eden space 87424K, 100% used [0x00000000e0000000, 0x00000000e5560000, 0x00000000e5560000)
  from space 21824K, 100% used [0x00000000e6ab0000, 0x00000000e8000000, 0x00000000e8000000)
  to   space 21824K,   0% used [0x00000000e5560000, 0x00000000e5560000, 0x00000000e6ab0000)
 concurrent mark-sweep generation total 393216K, used 122663K [0x00000000e8000000, 0x0000000100000000, 0x0000000100000000)
 Metaspace       used 42908K, capacity 44203K, committed 44268K, reserved 1087488K
  class space    used 5272K, capacity 5605K, committed 5612K, reserved 1048576K
2018-10-31T21:26:12.609-0700: 74.136: [GC (Allocation Failure) 2018-10-31T21:26:12.609-0700: 74.136: [ParNew
Desired survivor size 20112992 bytes, new threshold 4 (max 8)
- age   1:   10895248 bytes,   10895248 total
- age   2:    2376424 bytes,   13271672 total
- age   3:    3067832 bytes,   16339504 total
- age   4:    6857592 bytes,   23197096 total
: 109248K->21824K(109248K), 0.0111098 secs] 231911K->153177K(502464K), 0.0111812 secs] [Times: user=0.06 sys=0.00, real=0.02 secs] 
Heap after GC invocations=136 (full 10):
 par new generation   total 109248K, used 21824K [0x00000000e0000000, 0x00000000e8000000, 0x00000000e8000000)
  eden space 87424K,   0% used [0x00000000e0000000, 0x00000000e0000000, 0x00000000e5560000)
  from space 21824K, 100% used [0x00000000e5560000, 0x00000000e6ab0000, 0x00000000e6ab0000)
  to   space 21824K,   0% used [0x00000000e6ab0000, 0x00000000e6ab0000, 0x00000000e8000000)
 concurrent mark-sweep generation total 393216K, used 131353K [0x00000000e8000000, 0x0000000100000000, 0x0000000100000000)
 Metaspace       used 42908K, capacity 44203K, committed 44268K, reserved 1087488K
  class space    used 5272K, capacity 5605K, committed 5612K, reserved 1048576K
}
2018-10-31T21:26:12.625-0700: 74.147: Total time for which application threads were stopped: 0.0114278 seconds, Stopping threads took: 0.0000587 seconds
2018-10-31T21:26:12.983-0700: 74.501: Total time for which application threads were stopped: 0.0001335 seconds, Stopping threads took: 0.0000605 seconds
{Heap before GC invocations=136 (full 10):
 par new generation   total 109248K, used 109228K [0x00000000e0000000, 0x00000000e8000000, 0x00000000e8000000)
  eden space 87424K,  99% used [0x00000000e0000000, 0x00000000e555b0e0, 0x00000000e5560000)
  from space 21824K, 100% used [0x00000000e5560000, 0x00000000e6ab0000, 0x00000000e6ab0000)
  to   space 21824K,   0% used [0x00000000e6ab0000, 0x00000000e6ab0000, 0x00000000e8000000)
 concurrent mark-sweep generation total 393216K, used 131353K [0x00000000e8000000, 0x0000000100000000, 0x0000000100000000)
 Metaspace       used 42910K, capacity 44267K, committed 44524K, reserved 1087488K
  class space    used 5272K, capacity 5605K, committed 5612K, reserved 1048576K
2018-10-31T21:26:13.312-0700: 74.836: [GC (Allocation Failure) 2018-10-31T21:26:13.312-0700: 74.836: [ParNew
Desired survivor size 20112992 bytes, new threshold 8 (max 8)
- age   1:    5021536 bytes,    5021536 total
- age   2:    8070128 bytes,   13091664 total
- age   3:    2342336 bytes,   15434000 total
- age   4:    3062136 bytes,   18496136 total
: 109228K->21824K(109248K), 0.0102236 secs] 240581K->164015K(502464K), 0.0102976 secs] [Times: user=0.06 sys=0.00, real=0.01 secs] 
Heap after GC invocations=137 (full 10):
 par new generation   total 109248K, used 21824K [0x00000000e0000000, 0x00000000e8000000, 0x00000000e8000000)
  eden space 87424K,   0% used [0x00000000e0000000, 0x00000000e0000000, 0x00000000e5560000)
  from space 21824K, 100% used [0x00000000e6ab0000, 0x00000000e8000000, 0x00000000e8000000)
  to   space 21824K,   0% used [0x00000000e5560000, 0x00000000e5560000, 0x00000000e6ab0000)
 concurrent mark-sweep generation total 393216K, used 142191K [0x00000000e8000000, 0x0000000100000000, 0x0000000100000000)
 Metaspace       used 42910K, capacity 44267K, committed 44524K, reserved 1087488K
  class space    used 5272K, capacity 5605K, committed 5612K, reserved 1048576K
}
2018-10-31T21:26:13.327-0700: 74.846: Total time for which application threads were stopped: 0.0105080 seconds, Stopping threads took: 0.0000284 seconds
{Heap before GC invocations=137 (full 10):
 par new generation   total 109248K, used 109248K [0x00000000e0000000, 0x00000000e8000000, 0x00000000e8000000)
  eden space 87424K, 100% used [0x00000000e0000000, 0x00000000e5560000, 0x00000000e5560000)
  from space 21824K, 100% used [0x00000000e6ab0000, 0x00000000e8000000, 0x00000000e8000000)
  to   space 21824K,   0% used [0x00000000e5560000, 0x00000000e5560000, 0x00000000e6ab0000)
 concurrent mark-sweep generation total 393216K, used 142191K [0x00000000e8000000, 0x0000000100000000, 0x0000000100000000)
 Metaspace       used 42911K, capacity 44267K, committed 44524K, reserved 1087488K
  class space    used 5272K, capacity 5605K, committed 5612K, reserved 1048576K
2018-10-31T21:26:13.609-0700: 75.140: [GC (Allocation Failure) 2018-10-31T21:26:13.609-0700: 75.140: [ParNew
Desired survivor size 20112992 bytes, new threshold 8 (max 8)
- age   1:      69336 bytes,      69336 total
- age   2:    4989840 bytes,    5059176 total
- age   3:    7326392 bytes,   12385568 total
- age   4:    2342336 bytes,   14727904 total
- age   5:    3062136 bytes,   17790040 total
: 109248K->21443K(109248K), 0.0060514 secs] 251439K->163635K(502464K), 0.0061112 secs] [Times: user=0.06 sys=0.00, real=0.02 secs] 
Heap after GC invocations=138 (full 10):
 par new generation   total 109248K, used 21443K [0x00000000e0000000, 0x00000000e8000000, 0x00000000e8000000)
  eden space 87424K,   0% used [0x00000000e0000000, 0x00000000e0000000, 0x00000000e5560000)
  from space 21824K,  98% used [0x00000000e5560000, 0x00000000e6a50f50, 0x00000000e6ab0000)
  to   space 21824K,   0% used [0x00000000e6ab0000, 0x00000000e6ab0000, 0x00000000e8000000)
 concurrent mark-sweep generation total 393216K, used 142191K [0x00000000e8000000, 0x0000000100000000, 0x0000000100000000)
 Metaspace       used 42911K, capacity 44267K, committed 44524K, reserved 1087488K
  class space    used 5272K, capacity 5605K, committed 5612K, reserved 1048576K
}
2018-10-31T21:26:13.624-0700: 75.146: Total time for which application threads were stopped: 0.0063005 seconds, Stopping threads took: 0.0000270 seconds
{Heap before GC invocations=138 (full 10):
 par new generation   total 109248K, used 108867K [0x00000000e0000000, 0x00000000e8000000, 0x00000000e8000000)
  eden space 87424K, 100% used [0x00000000e0000000, 0x00000000e5560000, 0x00000000e5560000)
  from space 21824K,  98% used [0x00000000e5560000, 0x00000000e6a50f50, 0x00000000e6ab0000)
  to   space 21824K,   0% used [0x00000000e6ab0000, 0x00000000e6ab0000, 0x00000000e8000000)
 concurrent mark-sweep generation total 393216K, used 142191K [0x00000000e8000000, 0x0000000100000000, 0x0000000100000000)
 Metaspace       used 42916K, capacity 44267K, committed 44524K, reserved 1087488K
  class space    used 5272K, capacity 5605K, committed 5612K, reserved 1048576K
2018-10-31T21:26:13.983-0700: 75.508: [GC (Allocation Failure) 2018-10-31T21:26:13.983-0700: 75.508: [ParNew
Desired survivor size 20112992 bytes, new threshold 8 (max 8)
- age   1:     104232 bytes,     104232 total
- age   2:       4208 bytes,     108440 total
- age   3:    4971008 bytes,    5079448 total
- age   4:    8070128 bytes,   13149576 total
- age   5:    2342336 bytes,   15491912 total
- age   6:    3060464 bytes,   18552376 total
: 108867K->21824K(109248K), 0.0061666 secs] 251059K->164015K(502464K), 0.0062239 secs] [Times: user=0.00 sys=0.00, real=0.00 secs] 
Heap after GC invocations=139 (full 10):
 par new generation   total 109248K, used 21824K [0x00000000e0000000, 0x00000000e8000000, 0x00000000e8000000)
  eden space 87424K,   0% used [0x00000000e0000000, 0x00000000e0000000, 0x00000000e5560000)
  from space 21824K, 100% used [0x00000000e6ab0000, 0x00000000e8000000, 0x00000000e8000000)
  to   space 21824K,   0% used [0x00000000e5560000, 0x00000000e5560000, 0x00000000e6ab0000)
 concurrent mark-sweep generation total 393216K, used 142191K [0x00000000e8000000, 0x0000000100000000, 0x0000000100000000)
 Metaspace       used 42916K, capacity 44267K, committed 44524K, reserved 1087488K
  class space    used 5272K, capacity 5605K, committed 5612K, reserved 1048576K
}
2018-10-31T21:26:13.983-0700: 75.515: Total time for which application threads were stopped: 0.0064299 seconds, Stopping threads took: 0.0000449 seconds
{Heap before GC invocations=139 (full 10):
 par new generation   total 109248K, used 109248K [0x00000000e0000000, 0x00000000e8000000, 0x00000000e8000000)
  eden space 87424K, 100% used [0x00000000e0000000, 0x00000000e5560000, 0x00000000e5560000)
  from space 21824K, 100% used [0x00000000e6ab0000, 0x00000000e8000000, 0x00000000e8000000)
  to   space 21824K,   0% used [0x00000000e5560000, 0x00000000e5560000, 0x00000000e6ab0000)
 concurrent mark-sweep generation total 393216K, used 142191K [0x00000000e8000000, 0x0000000100000000, 0x0000000100000000)
 Metaspace       used 42916K, capacity 44267K, committed 44524K, reserved 1087488K
  class space    used 5272K, capacity 5605K, committed 5612K, reserved 1048576K
2018-10-31T21:26:14.155-0700: 75.678: [GC (Allocation Failure) 2018-10-31T21:26:14.155-0700: 75.678: [ParNew
Desired survivor size 20112992 bytes, new threshold 8 (max 8)
- age   1:     120200 bytes,     120200 total
- age   2:      11320 bytes,     131520 total
- age   3:       3624 bytes,     135144 total
- age   4:    4960864 bytes,    5096008 total
- age   5:    7210272 bytes,   12306280 total
- age   6:    2342336 bytes,   14648616 total
- age   7:    3060464 bytes,   17709080 total
: 109248K->21307K(109248K), 0.0061487 secs] 251439K->163499K(502464K), 0.0062210 secs] [Times: user=0.00 sys=0.00, real=0.00 secs] 
Heap after GC invocations=140 (full 10):
 par new generation   total 109248K, used 21307K [0x00000000e0000000, 0x00000000e8000000, 0x00000000e8000000)
  eden space 87424K,   0% used [0x00000000e0000000, 0x00000000e0000000, 0x00000000e5560000)
  from space 21824K,  97% used [0x00000000e5560000, 0x00000000e6a2ed80, 0x00000000e6ab0000)
  to   space 21824K,   0% used [0x00000000e6ab0000, 0x00000000e6ab0000, 0x00000000e8000000)
 concurrent mark-sweep generation total 393216K, used 142191K [0x00000000e8000000, 0x0000000100000000, 0x0000000100000000)
 Metaspace       used 42916K, capacity 44267K, committed 44524K, reserved 1087488K
  class space    used 5272K, capacity 5605K, committed 5612K, reserved 1048576K
}
2018-10-31T21:26:14.155-0700: 75.684: Total time for which application threads were stopped: 0.0064230 seconds, Stopping threads took: 0.0000328 seconds
{Heap before GC invocations=140 (full 10):
 par new generation   total 109248K, used 108731K [0x00000000e0000000, 0x00000000e8000000, 0x00000000e8000000)
  eden space 87424K, 100% used [0x00000000e0000000, 0x00000000e5560000, 0x00000000e5560000)
  from space 21824K,  97% used [0x00000000e5560000, 0x00000000e6a2ed80, 0x00000000e6ab0000)
  to   space 21824K,   0% used [0x00000000e6ab0000, 0x00000000e6ab0000, 0x00000000e8000000)
 concurrent mark-sweep generation total 393216K, used 142191K [0x00000000e8000000, 0x0000000100000000, 0x0000000100000000)
 Metaspace       used 42916K, capacity 44267K, committed 44524K, reserved 1087488K
  class space    used 5272K, capacity 5605K, committed 5612K, reserved 1048576K
2018-10-31T21:26:14.499-0700: 76.027: [GC (Allocation Failure) 2018-10-31T21:26:14.499-0700: 76.027: [ParNew
Desired survivor size 20112992 bytes, new threshold 8 (max 8)
- age   1:      79120 bytes,      79120 total
- age   2:      34080 bytes,     113200 total
- age   3:      10976 bytes,     124176 total
- age   4:       3624 bytes,     127800 total
- age   5:    4782936 bytes,    4910736 total
- age   6:    7210296 bytes,   12121032 total
- age   7:    2342336 bytes,   14463368 total
- age   8:    3060464 bytes,   17523832 total
: 108731K->21824K(109248K), 0.0060660 secs] 250923K->164189K(502464K), 0.0061327 secs] [Times: user=0.06 sys=0.00, real=0.02 secs] 
Heap after GC invocations=141 (full 10):
 par new generation   total 109248K, used 21824K [0x00000000e0000000, 0x00000000e8000000, 0x00000000e8000000)
  eden space 87424K,   0% used [0x00000000e0000000, 0x00000000e0000000, 0x00000000e5560000)
  from space 21824K, 100% used [0x00000000e6ab0000, 0x00000000e8000000, 0x00000000e8000000)
  to   space 21824K,   0% used [0x00000000e5560000, 0x00000000e5560000, 0x00000000e6ab0000)
 concurrent mark-sweep generation total 393216K, used 142365K [0x00000000e8000000, 0x0000000100000000, 0x0000000100000000)
 Metaspace       used 42916K, capacity 44267K, committed 44524K, reserved 1087488K
  class space    used 5272K, capacity 5605K, committed 5612K, reserved 1048576K
}
2018-10-31T21:26:14.515-0700: 76.033: Total time for which application threads were stopped: 0.0063238 seconds, Stopping threads took: 0.0000292 seconds
2018-10-31T21:26:14.655-0700: 76.175: Total time for which application threads were stopped: 0.0002071 seconds, Stopping threads took: 0.0001335 seconds
{Heap before GC invocations=141 (full 10):
 par new generation   total 109248K, used 109244K [0x00000000e0000000, 0x00000000e8000000, 0x00000000e8000000)
  eden space 87424K,  99% used [0x00000000e0000000, 0x00000000e555f3d0, 0x00000000e5560000)
  from space 21824K, 100% used [0x00000000e6ab0000, 0x00000000e8000000, 0x00000000e8000000)
  to   space 21824K,   0% used [0x00000000e5560000, 0x00000000e5560000, 0x00000000e6ab0000)
 concurrent mark-sweep generation total 393216K, used 142365K [0x00000000e8000000, 0x0000000100000000, 0x0000000100000000)
 Metaspace       used 42920K, capacity 44267K, committed 44524K, reserved 1087488K
  class space    used 5272K, capacity 5605K, committed 5612K, reserved 1048576K
2018-10-31T21:26:14.895-0700: 76.418: [GC (Allocation Failure) 2018-10-31T21:26:14.895-0700: 76.418: [ParNew
Desired survivor size 20112992 bytes, new threshold 8 (max 8)
- age   1:   10138144 bytes,   10138144 total
- age   2:       7120 bytes,   10145264 total
- age   3:       3232 bytes,   10148496 total
- age   4:       9616 bytes,   10158112 total
- age   5:       1440 bytes,   10159552 total
- age   6:    2842960 bytes,   13002512 total
- age   7:    6621768 bytes,   19624280 total
- age   8:    2331968 bytes,   21956248 total
: 109244K->21824K(109248K), 0.0081027 secs] 251610K->167970K(502464K), 0.0081822 secs] [Times: user=0.00 sys=0.00, real=0.00 secs] 
Heap after GC invocations=142 (full 10):
 par new generation   total 109248K, used 21824K [0x00000000e0000000, 0x00000000e8000000, 0x00000000e8000000)
  eden space 87424K,   0% used [0x00000000e0000000, 0x00000000e0000000, 0x00000000e5560000)
  from space 21824K, 100% used [0x00000000e5560000, 0x00000000e6ab0000, 0x00000000e6ab0000)
  to   space 21824K,   0% used [0x00000000e6ab0000, 0x00000000e6ab0000, 0x00000000e8000000)
 concurrent mark-sweep generation total 393216K, used 146146K [0x00000000e8000000, 0x0000000100000000, 0x0000000100000000)
 Metaspace       used 42920K, capacity 44267K, committed 44524K, reserved 1087488K
  class space    used 5272K, capacity 5605K, committed 5612K, reserved 1048576K
}
2018-10-31T21:26:14.895-0700: 76.426: Total time for which application threads were stopped: 0.0083919 seconds, Stopping threads took: 0.0000478 seconds
{Heap before GC invocations=142 (full 10):
 par new generation   total 109248K, used 109248K [0x00000000e0000000, 0x00000000e8000000, 0x00000000e8000000)
  eden space 87424K, 100% used [0x00000000e0000000, 0x00000000e5560000, 0x00000000e5560000)
  from space 21824K, 100% used [0x00000000e5560000, 0x00000000e6ab0000, 0x00000000e6ab0000)
  to   space 21824K,   0% used [0x00000000e6ab0000, 0x00000000e6ab0000, 0x00000000e8000000)
 concurrent mark-sweep generation total 393216K, used 146146K [0x00000000e8000000, 0x0000000100000000, 0x0000000100000000)
 Metaspace       used 42920K, capacity 44267K, committed 44524K, reserved 1087488K
  class space    used 5272K, capacity 5605K, committed 5612K, reserved 1048576K
2018-10-31T21:26:15.343-0700: 76.873: [GC (Allocation Failure) 2018-10-31T21:26:15.343-0700: 76.873: [ParNew
Desired survivor size 20112992 bytes, new threshold 8 (max 8)
- age   1:    8787144 bytes,    8787144 total
- age   2:    4035208 bytes,   12822352 total
- age   3:       7120 bytes,   12829472 total
- age   4:       3232 bytes,   12832704 total
- age   5:       9616 bytes,   12842320 total
- age   6:       1440 bytes,   12843760 total
- age   7:    1424328 bytes,   14268088 total
- age   8:    7364896 bytes,   21632984 total
: 109248K->21824K(109248K), 0.0114992 secs] 255394K->178771K(502464K), 0.0115576 secs] [Times: user=0.06 sys=0.00, real=0.02 secs] 
Heap after GC invocations=143 (full 10):
 par new generation   total 109248K, used 21824K [0x00000000e0000000, 0x00000000e8000000, 0x00000000e8000000)
  eden space 87424K,   0% used [0x00000000e0000000, 0x00000000e0000000, 0x00000000e5560000)
  from space 21824K, 100% used [0x00000000e6ab0000, 0x00000000e8000000, 0x00000000e8000000)
  to   space 21824K,   0% used [0x00000000e5560000, 0x00000000e5560000, 0x00000000e6ab0000)
 concurrent mark-sweep generation total 393216K, used 156947K [0x00000000e8000000, 0x0000000100000000, 0x0000000100000000)
 Metaspace       used 42920K, capacity 44267K, committed 44524K, reserved 1087488K
  class space    used 5272K, capacity 5605K, committed 5612K, reserved 1048576K
}
2018-10-31T21:26:15.359-0700: 76.885: Total time for which application threads were stopped: 0.0117592 seconds, Stopping threads took: 0.0000430 seconds
{Heap before GC invocations=143 (full 10):
 par new generation   total 109248K, used 109248K [0x00000000e0000000, 0x00000000e8000000, 0x00000000e8000000)
  eden space 87424K, 100% used [0x00000000e0000000, 0x00000000e5560000, 0x00000000e5560000)
  from space 21824K, 100% used [0x00000000e6ab0000, 0x00000000e8000000, 0x00000000e8000000)
  to   space 21824K,   0% used [0x00000000e5560000, 0x00000000e5560000, 0x00000000e6ab0000)
 concurrent mark-sweep generation total 393216K, used 156947K [0x00000000e8000000, 0x0000000100000000, 0x0000000100000000)
 Metaspace       used 42921K, capacity 44267K, committed 44524K, reserved 1087488K
  class space    used 5272K, capacity 5605K, committed 5612K, reserved 1048576K
2018-10-31T21:26:15.815-0700: 77.333: [GC (Allocation Failure) 2018-10-31T21:26:15.815-0700: 77.333: [ParNew
Desired survivor size 20112992 bytes, new threshold 8 (max 8)
- age   1:   13621664 bytes,   13621664 total
- age   2:    1215976 bytes,   14837640 total
- age   3:    3988520 bytes,   18826160 total
- age   4:       7120 bytes,   18833280 total
- age   5:       3232 bytes,   18836512 total
- age   6:       8696 bytes,   18845208 total
- age   7:       1440 bytes,   18846648 total
- age   8:    1424328 bytes,   20270976 total
: 109248K->21824K(109248K), 0.0107724 secs] 266195K->186436K(502464K), 0.0108508 secs] [Times: user=0.06 sys=0.00, real=0.00 secs] 
Heap after GC invocations=144 (full 10):
 par new generation   total 109248K, used 21824K [0x00000000e0000000, 0x00000000e8000000, 0x00000000e8000000)
  eden space 87424K,   0% used [0x00000000e0000000, 0x00000000e0000000, 0x00000000e5560000)
  from space 21824K, 100% used [0x00000000e5560000, 0x00000000e6ab0000, 0x00000000e6ab0000)
  to   space 21824K,   0% used [0x00000000e6ab0000, 0x00000000e6ab0000, 0x00000000e8000000)
 concurrent mark-sweep generation total 393216K, used 164612K [0x00000000e8000000, 0x0000000100000000, 0x0000000100000000)
 Metaspace       used 42921K, capacity 44267K, committed 44524K, reserved 1087488K
  class space    used 5272K, capacity 5605K, committed 5612K, reserved 1048576K
}
2018-10-31T21:26:15.818-0700: 77.343: Total time for which application threads were stopped: 0.0110430 seconds, Stopping threads took: 0.0000390 seconds
2018-10-31T21:26:16.108-0700: 77.633: Total time for which application threads were stopped: 0.0002049 seconds, Stopping threads took: 0.0000569 seconds
2018-10-31T21:26:16.124-0700: 77.647: Total time for which application threads were stopped: 0.0001736 seconds, Stopping threads took: 0.0000605 seconds
2018-10-31T21:26:16.124-0700: 77.647: Total time for which application threads were stopped: 0.0001400 seconds, Stopping threads took: 0.0000624 seconds
{Heap before GC invocations=144 (full 10):
 par new generation   total 109248K, used 109248K [0x00000000e0000000, 0x00000000e8000000, 0x00000000e8000000)
  eden space 87424K, 100% used [0x00000000e0000000, 0x00000000e5560000, 0x00000000e5560000)
  from space 21824K, 100% used [0x00000000e5560000, 0x00000000e6ab0000, 0x00000000e6ab0000)
  to   space 21824K,   0% used [0x00000000e6ab0000, 0x00000000e6ab0000, 0x00000000e8000000)
 concurrent mark-sweep generation total 393216K, used 164612K [0x00000000e8000000, 0x0000000100000000, 0x0000000100000000)
 Metaspace       used 42921K, capacity 44267K, committed 44524K, reserved 1087488K
  class space    used 5272K, capacity 5605K, committed 5612K, reserved 1048576K
2018-10-31T21:26:16.202-0700: 77.722: [GC (Allocation Failure) 2018-10-31T21:26:16.202-0700: 77.722: [ParNew
Desired survivor size 20112992 bytes, new threshold 4 (max 8)
- age   1:   11694392 bytes,   11694392 total
- age   2:    5879696 bytes,   17574088 total
- age   3:    1017368 bytes,   18591456 total
- age   4:    3247104 bytes,   21838560 total
- age   5:       7120 bytes,   21845680 total
- age   6:       3232 bytes,   21848912 total
- age   7:       8696 bytes,   21857608 total
- age   8:       1440 bytes,   21859048 total
: 109248K->21824K(109248K), 0.0131078 secs] 273860K->194424K(502464K), 0.0132303 secs] [Times: user=0.00 sys=0.00, real=0.02 secs] 
Heap after GC invocations=145 (full 10):
 par new generation   total 109248K, used 21824K [0x00000000e0000000, 0x00000000e8000000, 0x00000000e8000000)
  eden space 87424K,   0% used [0x00000000e0000000, 0x00000000e0000000, 0x00000000e5560000)
  from space 21824K, 100% used [0x00000000e6ab0000, 0x00000000e8000000, 0x00000000e8000000)
  to   space 21824K,   0% used [0x00000000e5560000, 0x00000000e5560000, 0x00000000e6ab0000)
 concurrent mark-sweep generation total 393216K, used 172600K [0x00000000e8000000, 0x0000000100000000, 0x0000000100000000)
 Metaspace       used 42921K, capacity 44267K, committed 44524K, reserved 1087488K
  class space    used 5272K, capacity 5605K, committed 5612K, reserved 1048576K
}
2018-10-31T21:26:16.217-0700: 77.736: Total time for which application threads were stopped: 0.0136063 seconds, Stopping threads took: 0.0000645 seconds
{Heap before GC invocations=145 (full 10):
 par new generation   total 109248K, used 109248K [0x00000000e0000000, 0x00000000e8000000, 0x00000000e8000000)
  eden space 87424K, 100% used [0x00000000e0000000, 0x00000000e5560000, 0x00000000e5560000)
  from space 21824K, 100% used [0x00000000e6ab0000, 0x00000000e8000000, 0x00000000e8000000)
  to   space 21824K,   0% used [0x00000000e5560000, 0x00000000e5560000, 0x00000000e6ab0000)
 concurrent mark-sweep generation total 393216K, used 172600K [0x00000000e8000000, 0x0000000100000000, 0x0000000100000000)
 Metaspace       used 42921K, capacity 44267K, committed 44524K, reserved 1087488K
  class space    used 5272K, capacity 5605K, committed 5612K, reserved 1048576K
2018-10-31T21:26:16.342-0700: 77.873: [GC (Allocation Failure) 2018-10-31T21:26:16.342-0700: 77.873: [ParNew
Desired survivor size 20112992 bytes, new threshold 3 (max 8)
- age   1:    5412440 bytes,    5412440 total
- age   2:   10065488 bytes,   15477928 total
- age   3:    5513400 bytes,   20991328 total
- age   4:     988200 bytes,   21979528 total
: 109248K->21824K(109248K), 0.0094097 secs] 281848K->199830K(502464K), 0.0094665 secs] [Times: user=0.06 sys=0.00, real=0.02 secs] 
Heap after GC invocations=146 (full 10):
 par new generation   total 109248K, used 21824K [0x00000000e0000000, 0x00000000e8000000, 0x00000000e8000000)
  eden space 87424K,   0% used [0x00000000e0000000, 0x00000000e0000000, 0x00000000e5560000)
  from space 21824K, 100% used [0x00000000e5560000, 0x00000000e6ab0000, 0x00000000e6ab0000)
  to   space 21824K,   0% used [0x00000000e6ab0000, 0x00000000e6ab0000, 0x00000000e8000000)
 concurrent mark-sweep generation total 393216K, used 178006K [0x00000000e8000000, 0x0000000100000000, 0x0000000100000000)
 Metaspace       used 42921K, capacity 44267K, committed 44524K, reserved 1087488K
  class space    used 5272K, capacity 5605K, committed 5612K, reserved 1048576K
}
2018-10-31T21:26:16.358-0700: 77.882: Total time for which application threads were stopped: 0.0097546 seconds, Stopping threads took: 0.0000795 seconds
2018-10-31T21:26:16.483-0700: 78.015: Total time for which application threads were stopped: 0.0001564 seconds, Stopping threads took: 0.0000470 seconds
{Heap before GC invocations=146 (full 10):
 par new generation   total 109248K, used 109248K [0x00000000e0000000, 0x00000000e8000000, 0x00000000e8000000)
  eden space 87424K, 100% used [0x00000000e0000000, 0x00000000e5560000, 0x00000000e5560000)
  from space 21824K, 100% used [0x00000000e5560000, 0x00000000e6ab0000, 0x00000000e6ab0000)
  to   space 21824K,   0% used [0x00000000e6ab0000, 0x00000000e6ab0000, 0x00000000e8000000)
 concurrent mark-sweep generation total 393216K, used 178006K [0x00000000e8000000, 0x0000000100000000, 0x0000000100000000)
 Metaspace       used 42929K, capacity 44267K, committed 44524K, reserved 1087488K
  class space    used 5272K, capacity 5605K, committed 5612K, reserved 1048576K
2018-10-31T21:26:16.530-0700: 78.057: [GC (Allocation Failure) 2018-10-31T21:26:16.530-0700: 78.057: [ParNew
Desired survivor size 20112992 bytes, new threshold 8 (max 8)
- age   1:    6859152 bytes,    6859152 total
- age   2:    3620080 bytes,   10479232 total
- age   3:    8065344 bytes,   18544576 total
: 109248K->21824K(109248K), 0.0082628 secs] 287254K->206640K(502464K), 0.0083178 secs] [Times: user=0.06 sys=0.00, real=0.02 secs] 
Heap after GC invocations=147 (full 10):
 par new generation   total 109248K, used 21824K [0x00000000e0000000, 0x00000000e8000000, 0x00000000e8000000)
  eden space 87424K,   0% used [0x00000000e0000000, 0x00000000e0000000, 0x00000000e5560000)
  from space 21824K, 100% used [0x00000000e6ab0000, 0x00000000e8000000, 0x00000000e8000000)
  to   space 21824K,   0% used [0x00000000e5560000, 0x00000000e5560000, 0x00000000e6ab0000)
 concurrent mark-sweep generation total 393216K, used 184816K [0x00000000e8000000, 0x0000000100000000, 0x0000000100000000)
 Metaspace       used 42929K, capacity 44267K, committed 44524K, reserved 1087488K
  class space    used 5272K, capacity 5605K, committed 5612K, reserved 1048576K
}
2018-10-31T21:26:16.545-0700: 78.065: Total time for which application threads were stopped: 0.0085538 seconds, Stopping threads took: 0.0000401 seconds
2018-10-31T21:26:16.967-0700: 78.494: Total time for which application threads were stopped: 0.0002181 seconds, Stopping threads took: 0.0000766 seconds
{Heap before GC invocations=147 (full 10):
 par new generation   total 109248K, used 109248K [0x00000000e0000000, 0x00000000e8000000, 0x00000000e8000000)
  eden space 87424K, 100% used [0x00000000e0000000, 0x00000000e5560000, 0x00000000e5560000)
  from space 21824K, 100% used [0x00000000e6ab0000, 0x00000000e8000000, 0x00000000e8000000)
  to   space 21824K,   0% used [0x00000000e5560000, 0x00000000e5560000, 0x00000000e6ab0000)
 concurrent mark-sweep generation total 393216K, used 184816K [0x00000000e8000000, 0x0000000100000000, 0x0000000100000000)
 Metaspace       used 42931K, capacity 44267K, committed 44524K, reserved 1087488K
  class space    used 5272K, capacity 5605K, committed 5612K, reserved 1048576K
2018-10-31T21:26:16.983-0700: 78.506: [GC (Allocation Failure) 2018-10-31T21:26:16.983-0700: 78.507: [ParNew
Desired survivor size 20112992 bytes, new threshold 4 (max 8)
- age   1:   10721264 bytes,   10721264 total
- age   2:    1868872 bytes,   12590136 total
- age   3:    2542224 bytes,   15132360 total
- age   4:    6023792 bytes,   21156152 total
: 109248K->21824K(109248K), 0.0101492 secs] 294064K->213277K(502464K), 0.0102389 secs] [Times: user=0.02 sys=0.00, real=0.01 secs] 
Heap after GC invocations=148 (full 10):
 par new generation   total 109248K, used 21824K [0x00000000e0000000, 0x00000000e8000000, 0x00000000e8000000)
  eden space 87424K,   0% used [0x00000000e0000000, 0x00000000e0000000, 0x00000000e5560000)
  from space 21824K, 100% used [0x00000000e5560000, 0x00000000e6ab0000, 0x00000000e6ab0000)
  to   space 21824K,   0% used [0x00000000e6ab0000, 0x00000000e6ab0000, 0x00000000e8000000)
 concurrent mark-sweep generation total 393216K, used 191453K [0x00000000e8000000, 0x0000000100000000, 0x0000000100000000)
 Metaspace       used 42931K, capacity 44267K, committed 44524K, reserved 1087488K
  class space    used 5272K, capacity 5605K, committed 5612K, reserved 1048576K
}
2018-10-31T21:26:16.998-0700: 78.517: Total time for which application threads were stopped: 0.0105675 seconds, Stopping threads took: 0.0000376 seconds
2018-10-31T21:26:16.998-0700: 78.521: Total time for which application threads were stopped: 0.0002221 seconds, Stopping threads took: 0.0000791 seconds
2018-10-31T21:26:16.998-0700: 78.521: Total time for which application threads were stopped: 0.0001400 seconds, Stopping threads took: 0.0000565 seconds
{Heap before GC invocations=148 (full 10):
 par new generation   total 109248K, used 109248K [0x00000000e0000000, 0x00000000e8000000, 0x00000000e8000000)
  eden space 87424K, 100% used [0x00000000e0000000, 0x00000000e5560000, 0x00000000e5560000)
  from space 21824K, 100% used [0x00000000e5560000, 0x00000000e6ab0000, 0x00000000e6ab0000)
  to   space 21824K,   0% used [0x00000000e6ab0000, 0x00000000e6ab0000, 0x00000000e8000000)
 concurrent mark-sweep generation total 393216K, used 191453K [0x00000000e8000000, 0x0000000100000000, 0x0000000100000000)
 Metaspace       used 42931K, capacity 44267K, committed 44524K, reserved 1087488K
  class space    used 5272K, capacity 5605K, committed 5612K, reserved 1048576K
2018-10-31T21:26:17.141-0700: 78.668: [GC (Allocation Failure) 2018-10-31T21:26:17.141-0700: 78.668: [ParNew
Desired survivor size 20112992 bytes, new threshold 8 (max 8)
- age   1:    5250768 bytes,    5250768 total
- age   2:    9409712 bytes,   14660480 total
- age   3:    1868872 bytes,   16529352 total
- age   4:    2542224 bytes,   19071576 total
: 109248K->21824K(109248K), 0.0075039 secs] 300701K->220311K(502464K), 0.0076067 secs] [Times: user=0.06 sys=0.00, real=0.02 secs] 
Heap after GC invocations=149 (full 10):
 par new generation   total 109248K, used 21824K [0x00000000e0000000, 0x00000000e8000000, 0x00000000e8000000)
  eden space 87424K,   0% used [0x00000000e0000000, 0x00000000e0000000, 0x00000000e5560000)
  from space 21824K, 100% used [0x00000000e6ab0000, 0x00000000e8000000, 0x00000000e8000000)
  to   space 21824K,   0% used [0x00000000e5560000, 0x00000000e5560000, 0x00000000e6ab0000)
 concurrent mark-sweep generation total 393216K, used 198487K [0x00000000e8000000, 0x0000000100000000, 0x0000000100000000)
 Metaspace       used 42931K, capacity 44267K, committed 44524K, reserved 1087488K
  class space    used 5272K, capacity 5605K, committed 5612K, reserved 1048576K
}
2018-10-31T21:26:17.157-0700: 78.676: Total time for which application threads were stopped: 0.0078299 seconds, Stopping threads took: 0.0000616 seconds
2018-10-31T21:26:17.157-0700: 78.676: [GC (CMS Initial Mark) [1 CMS-initial-mark: 198487K(393216K)] 221215K(502464K), 0.0010696 secs] [Times: user=0.00 sys=0.00, real=0.00 secs] 
2018-10-31T21:26:17.157-0700: 78.677: Total time for which application threads were stopped: 0.0012293 seconds, Stopping threads took: 0.0000689 seconds
2018-10-31T21:26:17.157-0700: 78.677: [CMS-concurrent-mark-start]
2018-10-31T21:26:17.172-0700: 78.692: [CMS-concurrent-mark: 0.015/0.015 secs] [Times: user=0.11 sys=0.00, real=0.01 secs] 
2018-10-31T21:26:17.172-0700: 78.692: [CMS-concurrent-preclean-start]
2018-10-31T21:26:17.172-0700: 78.694: [CMS-concurrent-preclean: 0.001/0.001 secs] [Times: user=0.00 sys=0.00, real=0.00 secs] 
2018-10-31T21:26:17.172-0700: 78.694: [CMS-concurrent-abortable-preclean-start]
2018-10-31T21:26:17.266-0700: 78.787: Total time for which application threads were stopped: 0.0001677 seconds, Stopping threads took: 0.0000576 seconds
2018-10-31T21:26:17.266-0700: 78.787: Total time for which application threads were stopped: 0.0001557 seconds, Stopping threads took: 0.0000470 seconds
2018-10-31T21:26:17.266-0700: 78.788: Total time for which application threads were stopped: 0.0001054 seconds, Stopping threads took: 0.0000372 seconds
2018-10-31T21:26:17.266-0700: 78.788: Total time for which application threads were stopped: 0.0000988 seconds, Stopping threads took: 0.0000365 seconds
2018-10-31T21:26:17.266-0700: 78.790: [CMS-concurrent-abortable-preclean: 0.019/0.096 secs] [Times: user=0.20 sys=0.03, real=0.09 secs] 
2018-10-31T21:26:17.266-0700: 78.790: [GC (CMS Final Remark) [YG occupancy: 71926 K (109248 K)]{Heap before GC invocations=149 (full 11):
 par new generation   total 109248K, used 71926K [0x00000000e0000000, 0x00000000e8000000, 0x00000000e8000000)
  eden space 87424K,  57% used [0x00000000e0000000, 0x00000000e30edbe0, 0x00000000e5560000)
  from space 21824K, 100% used [0x00000000e6ab0000, 0x00000000e8000000, 0x00000000e8000000)
  to   space 21824K,   0% used [0x00000000e5560000, 0x00000000e5560000, 0x00000000e6ab0000)
 concurrent mark-sweep generation total 393216K, used 198487K [0x00000000e8000000, 0x0000000100000000, 0x0000000100000000)
 Metaspace       used 42940K, capacity 44271K, committed 44524K, reserved 1087488K
  class space    used 5272K, capacity 5605K, committed 5612K, reserved 1048576K
2018-10-31T21:26:17.266-0700: 78.790: [GC (CMS Final Remark) 2018-10-31T21:26:17.266-0700: 78.790: [ParNew
Desired survivor size 20112992 bytes, new threshold 5 (max 8)
- age   1:    4654664 bytes,    4654664 total
- age   2:    3794632 bytes,    8449296 total
- age   3:    8176872 bytes,   16626168 total
- age   4:    1810992 bytes,   18437160 total
- age   5:    2492688 bytes,   20929848 total
: 71926K->21824K(109248K), 0.0075414 secs] 270414K->220489K(502464K), 0.0076012 secs] [Times: user=0.00 sys=0.00, real=0.00 secs] 
Heap after GC invocations=150 (full 11):
 par new generation   total 109248K, used 21824K [0x00000000e0000000, 0x00000000e8000000, 0x00000000e8000000)
  eden space 87424K,   0% used [0x00000000e0000000, 0x00000000e0000000, 0x00000000e5560000)
  from space 21824K, 100% used [0x00000000e5560000, 0x00000000e6ab0000, 0x00000000e6ab0000)
  to   space 21824K,   0% used [0x00000000e6ab0000, 0x00000000e6ab0000, 0x00000000e8000000)
 concurrent mark-sweep generation total 393216K, used 198665K [0x00000000e8000000, 0x0000000100000000, 0x0000000100000000)
 Metaspace       used 42940K, capacity 44271K, committed 44524K, reserved 1087488K
  class space    used 5272K, capacity 5605K, committed 5612K, reserved 1048576K
}
2018-10-31T21:26:17.266-0700: 78.797: [Rescan (parallel) , 0.0018569 secs]2018-10-31T21:26:17.282-0700: 78.799: [weak refs processing, 0.0006396 secs]2018-10-31T21:26:17.282-0700: 78.800: [class unloading, 0.0100803 secs]2018-10-31T21:26:17.282-0700: 78.810: [scrub symbol table, 0.0073095 secs]2018-10-31T21:26:17.297-0700: 78.817: [scrub string table, 0.0005105 secs][1 CMS-remark: 198665K(393216K)] 220489K(502464K), 0.0283497 secs] [Times: user=0.08 sys=0.02, real=0.03 secs] 
2018-10-31T21:26:17.297-0700: 78.818: Total time for which application threads were stopped: 0.0285101 seconds, Stopping threads took: 0.0000397 seconds
2018-10-31T21:26:17.297-0700: 78.818: [CMS-concurrent-sweep-start]
2018-10-31T21:26:17.329-0700: 78.850: [CMS-concurrent-sweep: 0.032/0.032 secs] [Times: user=0.08 sys=0.00, real=0.03 secs] 
2018-10-31T21:26:17.329-0700: 78.850: [CMS-concurrent-reset-start]
2018-10-31T21:26:17.329-0700: 78.851: [CMS-concurrent-reset: 0.000/0.000 secs] [Times: user=0.00 sys=0.00, real=0.00 secs] 
{Heap before GC invocations=150 (full 11):
 par new generation   total 109248K, used 109248K [0x00000000e0000000, 0x00000000e8000000, 0x00000000e8000000)
  eden space 87424K, 100% used [0x00000000e0000000, 0x00000000e5560000, 0x00000000e5560000)
  from space 21824K, 100% used [0x00000000e5560000, 0x00000000e6ab0000, 0x00000000e6ab0000)
  to   space 21824K,   0% used [0x00000000e6ab0000, 0x00000000e6ab0000, 0x00000000e8000000)
 concurrent mark-sweep generation total 393216K, used 42692K [0x00000000e8000000, 0x0000000100000000, 0x0000000100000000)
 Metaspace       used 42940K, capacity 44271K, committed 44524K, reserved 1087488K
  class space    used 5272K, capacity 5605K, committed 5612K, reserved 1048576K
2018-10-31T21:26:17.713-0700: 79.231: [GC (Allocation Failure) 2018-10-31T21:26:17.713-0700: 79.231: [ParNew
Desired survivor size 20112992 bytes, new threshold 5 (max 8)
- age   1:   12049072 bytes,   12049072 total
- age   2:    1459104 bytes,   13508176 total
- age   3:    1293560 bytes,   14801736 total
- age   4:    4712368 bytes,   19514104 total
- age   5:    1570112 bytes,   21084216 total
: 109248K->21824K(109248K), 0.0108446 secs] 151940K->72117K(502464K), 0.0109606 secs] [Times: user=0.06 sys=0.00, real=0.01 secs] 
Heap after GC invocations=151 (full 11):
 par new generation   total 109248K, used 21824K [0x00000000e0000000, 0x00000000e8000000, 0x00000000e8000000)
  eden space 87424K,   0% used [0x00000000e0000000, 0x00000000e0000000, 0x00000000e5560000)
  from space 21824K, 100% used [0x00000000e6ab0000, 0x00000000e8000000, 0x00000000e8000000)
  to   space 21824K,   0% used [0x00000000e5560000, 0x00000000e5560000, 0x00000000e6ab0000)
 concurrent mark-sweep generation total 393216K, used 50293K [0x00000000e8000000, 0x0000000100000000, 0x0000000100000000)
 Metaspace       used 42940K, capacity 44271K, committed 44524K, reserved 1087488K
  class space    used 5272K, capacity 5605K, committed 5612K, reserved 1048576K
}
2018-10-31T21:26:17.724-0700: 79.242: Total time for which application threads were stopped: 0.0112779 seconds, Stopping threads took: 0.0000660 seconds
{Heap before GC invocations=151 (full 11):
 par new generation   total 109248K, used 109248K [0x00000000e0000000, 0x00000000e8000000, 0x00000000e8000000)
  eden space 87424K, 100% used [0x00000000e0000000, 0x00000000e5560000, 0x00000000e5560000)
  from space 21824K, 100% used [0x00000000e6ab0000, 0x00000000e8000000, 0x00000000e8000000)
  to   space 21824K,   0% used [0x00000000e5560000, 0x00000000e5560000, 0x00000000e6ab0000)
 concurrent mark-sweep generation total 393216K, used 50293K [0x00000000e8000000, 0x0000000100000000, 0x0000000100000000)
 Metaspace       used 42941K, capacity 44271K, committed 44524K, reserved 1087488K
  class space    used 5272K, capacity 5605K, committed 5612K, reserved 1048576K
2018-10-31T21:26:18.186-0700: 79.704: [GC (Allocation Failure) 2018-10-31T21:26:18.186-0700: 79.704: [ParNew
Desired survivor size 20112992 bytes, new threshold 8 (max 8)
- age   1:    5609240 bytes,    5609240 total
- age   2:    4337696 bytes,    9946936 total
- age   3:    1457960 bytes,   11404896 total
- age   4:    1276080 bytes,   12680976 total
- age   5:    3909416 bytes,   16590392 total
: 109248K->21824K(109248K), 0.0095023 secs] 159541K->85427K(502464K), 0.0095759 secs] [Times: user=0.00 sys=0.00, real=0.00 secs] 
Heap after GC invocations=152 (full 11):
 par new generation   total 109248K, used 21824K [0x00000000e0000000, 0x00000000e8000000, 0x00000000e8000000)
  eden space 87424K,   0% used [0x00000000e0000000, 0x00000000e0000000, 0x00000000e5560000)
  from space 21824K, 100% used [0x00000000e5560000, 0x00000000e6ab0000, 0x00000000e6ab0000)
  to   space 21824K,   0% used [0x00000000e6ab0000, 0x00000000e6ab0000, 0x00000000e8000000)
 concurrent mark-sweep generation total 393216K, used 63603K [0x00000000e8000000, 0x0000000100000000, 0x0000000100000000)
 Metaspace       used 42941K, capacity 44271K, committed 44524K, reserved 1087488K
  class space    used 5272K, capacity 5605K, committed 5612K, reserved 1048576K
}
2018-10-31T21:26:18.186-0700: 79.714: Total time for which application threads were stopped: 0.0098247 seconds, Stopping threads took: 0.0000678 seconds
{Heap before GC invocations=152 (full 11):
 par new generation   total 109248K, used 109248K [0x00000000e0000000, 0x00000000e8000000, 0x00000000e8000000)
  eden space 87424K, 100% used [0x00000000e0000000, 0x00000000e5560000, 0x00000000e5560000)
  from space 21824K, 100% used [0x00000000e5560000, 0x00000000e6ab0000, 0x00000000e6ab0000)
  to   space 21824K,   0% used [0x00000000e6ab0000, 0x00000000e6ab0000, 0x00000000e8000000)
 concurrent mark-sweep generation total 393216K, used 63603K [0x00000000e8000000, 0x0000000100000000, 0x0000000100000000)
 Metaspace       used 42941K, capacity 44271K, committed 44524K, reserved 1087488K
  class space    used 5272K, capacity 5605K, committed 5612K, reserved 1048576K
2018-10-31T21:26:18.655-0700: 80.186: [GC (Allocation Failure) 2018-10-31T21:26:18.655-0700: 80.186: [ParNew
Desired survivor size 20112992 bytes, new threshold 6 (max 8)
- age   1:    9217680 bytes,    9217680 total
- age   2:    2832976 bytes,   12050656 total
- age   3:    4172272 bytes,   16222928 total
- age   4:    1394992 bytes,   17617920 total
- age   5:    1254560 bytes,   18872480 total
- age   6:    3340904 bytes,   22213384 total
: 109248K->21824K(109248K), 0.0123486 secs] 172851K->93621K(502464K), 0.0124058 secs] [Times: user=0.06 sys=0.00, real=0.02 secs] 
Heap after GC invocations=153 (full 11):
 par new generation   total 109248K, used 21824K [0x00000000e0000000, 0x00000000e8000000, 0x00000000e8000000)
  eden space 87424K,   0% used [0x00000000e0000000, 0x00000000e0000000, 0x00000000e5560000)
  from space 21824K, 100% used [0x00000000e6ab0000, 0x00000000e8000000, 0x00000000e8000000)
  to   space 21824K,   0% used [0x00000000e5560000, 0x00000000e5560000, 0x00000000e6ab0000)
 concurrent mark-sweep generation total 393216K, used 71797K [0x00000000e8000000, 0x0000000100000000, 0x0000000100000000)
 Metaspace       used 42941K, capacity 44271K, committed 44524K, reserved 1087488K
  class space    used 5272K, capacity 5605K, committed 5612K, reserved 1048576K
}
2018-10-31T21:26:18.670-0700: 80.198: Total time for which application threads were stopped: 0.0125954 seconds, Stopping threads took: 0.0000401 seconds
{Heap before GC invocations=153 (full 11):
 par new generation   total 109248K, used 109248K [0x00000000e0000000, 0x00000000e8000000, 0x00000000e8000000)
  eden space 87424K, 100% used [0x00000000e0000000, 0x00000000e5560000, 0x00000000e5560000)
  from space 21824K, 100% used [0x00000000e6ab0000, 0x00000000e8000000, 0x00000000e8000000)
  to   space 21824K,   0% used [0x00000000e5560000, 0x00000000e5560000, 0x00000000e6ab0000)
 concurrent mark-sweep generation total 393216K, used 71797K [0x00000000e8000000, 0x0000000100000000, 0x0000000100000000)
 Metaspace       used 42941K, capacity 44271K, committed 44524K, reserved 1087488K
  class space    used 5272K, capacity 5605K, committed 5612K, reserved 1048576K
2018-10-31T21:26:19.157-0700: 80.682: [GC (Allocation Failure) 2018-10-31T21:26:19.157-0700: 80.682: [ParNew
Desired survivor size 20112992 bytes, new threshold 5 (max 8)
- age   1:    9811240 bytes,    9811240 total
- age   2:    3567512 bytes,   13378752 total
- age   3:    2370552 bytes,   15749304 total
- age   4:    3985048 bytes,   19734352 total
- age   5:    1341896 bytes,   21076248 total
- age   6:    1200088 bytes,   22276336 total
: 109248K->21824K(109248K), 0.0128715 secs] 181045K->105594K(502464K), 0.0129448 secs] [Times: user=0.06 sys=0.00, real=0.01 secs] 
Heap after GC invocations=154 (full 11):
 par new generation   total 109248K, used 21824K [0x00000000e0000000, 0x00000000e8000000, 0x00000000e8000000)
  eden space 87424K,   0% used [0x00000000e0000000, 0x00000000e0000000, 0x00000000e5560000)
  from space 21824K, 100% used [0x00000000e5560000, 0x00000000e6ab0000, 0x00000000e6ab0000)
  to   space 21824K,   0% used [0x00000000e6ab0000, 0x00000000e6ab0000, 0x00000000e8000000)
 concurrent mark-sweep generation total 393216K, used 83770K [0x00000000e8000000, 0x0000000100000000, 0x0000000100000000)
 Metaspace       used 42941K, capacity 44271K, committed 44524K, reserved 1087488K
  class space    used 5272K, capacity 5605K, committed 5612K, reserved 1048576K
}
2018-10-31T21:26:19.172-0700: 80.695: Total time for which application threads were stopped: 0.0131315 seconds, Stopping threads took: 0.0000263 seconds
{Heap before GC invocations=154 (full 11):
 par new generation   total 109248K, used 109248K [0x00000000e0000000, 0x00000000e8000000, 0x00000000e8000000)
  eden space 87424K, 100% used [0x00000000e0000000, 0x00000000e5560000, 0x00000000e5560000)
  from space 21824K, 100% used [0x00000000e5560000, 0x00000000e6ab0000, 0x00000000e6ab0000)
  to   space 21824K,   0% used [0x00000000e6ab0000, 0x00000000e6ab0000, 0x00000000e8000000)
 concurrent mark-sweep generation total 393216K, used 83770K [0x00000000e8000000, 0x0000000100000000, 0x0000000100000000)
 Metaspace       used 42941K, capacity 44271K, committed 44524K, reserved 1087488K
  class space    used 5272K, capacity 5605K, committed 5612K, reserved 1048576K
2018-10-31T21:26:19.788-0700: 81.305: [GC (Allocation Failure) 2018-10-31T21:26:19.788-0700: 81.305: [ParNew
Desired survivor size 20112992 bytes, new threshold 5 (max 8)
- age   1:    9764408 bytes,    9764408 total
- age   2:    1892152 bytes,   11656560 total
- age   3:    3075536 bytes,   14732096 total
- age   4:    2329192 bytes,   17061288 total
- age   5:    3985048 bytes,   21046336 total
: 109248K->21824K(109248K), 0.0113446 secs] 193018K->115833K(502464K), 0.0114073 secs] [Times: user=0.00 sys=0.00, real=0.01 secs] 
Heap after GC invocations=155 (full 11):
 par new generation   total 109248K, used 21824K [0x00000000e0000000, 0x00000000e8000000, 0x00000000e8000000)
  eden space 87424K,   0% used [0x00000000e0000000, 0x00000000e0000000, 0x00000000e5560000)
  from space 21824K, 100% used [0x00000000e6ab0000, 0x00000000e8000000, 0x00000000e8000000)
  to   space 21824K,   0% used [0x00000000e5560000, 0x00000000e5560000, 0x00000000e6ab0000)
 concurrent mark-sweep generation total 393216K, used 94009K [0x00000000e8000000, 0x0000000100000000, 0x0000000100000000)
 Metaspace       used 42941K, capacity 44271K, committed 44524K, reserved 1087488K
  class space    used 5272K, capacity 5605K, committed 5612K, reserved 1048576K
}
2018-10-31T21:26:19.800-0700: 81.316: Total time for which application threads were stopped: 0.0116097 seconds, Stopping threads took: 0.0000321 seconds
{Heap before GC invocations=155 (full 11):
 par new generation   total 109248K, used 109248K [0x00000000e0000000, 0x00000000e8000000, 0x00000000e8000000)
  eden space 87424K, 100% used [0x00000000e0000000, 0x00000000e5560000, 0x00000000e5560000)
  from space 21824K, 100% used [0x00000000e6ab0000, 0x00000000e8000000, 0x00000000e8000000)
  to   space 21824K,   0% used [0x00000000e5560000, 0x00000000e5560000, 0x00000000e6ab0000)
 concurrent mark-sweep generation total 393216K, used 94009K [0x00000000e8000000, 0x0000000100000000, 0x0000000100000000)
 Metaspace       used 42941K, capacity 44271K, committed 44524K, reserved 1087488K
  class space    used 5272K, capacity 5605K, committed 5612K, reserved 1048576K
2018-10-31T21:26:20.327-0700: 81.846: [GC (Allocation Failure) 2018-10-31T21:26:20.327-0700: 81.846: [ParNew
Desired survivor size 20112992 bytes, new threshold 5 (max 8)
- age   1:   14006008 bytes,   14006008 total
- age   2:    1069088 bytes,   15075096 total
- age   3:    1889936 bytes,   16965032 total
- age   4:    3009984 bytes,   19975016 total
- age   5:    2328776 bytes,   22303792 total
: 109248K->21824K(109248K), 0.0123701 secs] 203257K->123867K(502464K), 0.0124838 secs] [Times: user=0.00 sys=0.00, real=0.00 secs] 
Heap after GC invocations=156 (full 11):
 par new generation   total 109248K, used 21824K [0x00000000e0000000, 0x00000000e8000000, 0x00000000e8000000)
  eden space 87424K,   0% used [0x00000000e0000000, 0x00000000e0000000, 0x00000000e5560000)
  from space 21824K, 100% used [0x00000000e5560000, 0x00000000e6ab0000, 0x00000000e6ab0000)
  to   space 21824K,   0% used [0x00000000e6ab0000, 0x00000000e6ab0000, 0x00000000e8000000)
 concurrent mark-sweep generation total 393216K, used 102043K [0x00000000e8000000, 0x0000000100000000, 0x0000000100000000)
 Metaspace       used 42941K, capacity 44271K, committed 44524K, reserved 1087488K
  class space    used 5272K, capacity 5605K, committed 5612K, reserved 1048576K
}
2018-10-31T21:26:20.327-0700: 81.858: Total time for which application threads were stopped: 0.0127486 seconds, Stopping threads took: 0.0000569 seconds
{Heap before GC invocations=156 (full 11):
 par new generation   total 109248K, used 109248K [0x00000000e0000000, 0x00000000e8000000, 0x00000000e8000000)
  eden space 87424K, 100% used [0x00000000e0000000, 0x00000000e5560000, 0x00000000e5560000)
  from space 21824K, 100% used [0x00000000e5560000, 0x00000000e6ab0000, 0x00000000e6ab0000)
  to   space 21824K,   0% used [0x00000000e6ab0000, 0x00000000e6ab0000, 0x00000000e8000000)
 concurrent mark-sweep generation total 393216K, used 102043K [0x00000000e8000000, 0x0000000100000000, 0x0000000100000000)
 Metaspace       used 42941K, capacity 44271K, committed 44524K, reserved 1087488K
  class space    used 5272K, capacity 5605K, committed 5612K, reserved 1048576K
2018-10-31T21:26:20.860-0700: 82.385: [GC (Allocation Failure) 2018-10-31T21:26:20.860-0700: 82.385: [ParNew
Desired survivor size 20112992 bytes, new threshold 8 (max 8)
- age   1:    8280760 bytes,    8280760 total
- age   2:    4536688 bytes,   12817448 total
- age   3:     975976 bytes,   13793424 total
- age   4:    1885888 bytes,   15679312 total
- age   5:    2856280 bytes,   18535592 total
: 109248K->21824K(109248K), 0.0114959 secs] 211291K->136443K(502464K), 0.0115689 secs] [Times: user=0.06 sys=0.00, real=0.02 secs] 
Heap after GC invocations=157 (full 11):
 par new generation   total 109248K, used 21824K [0x00000000e0000000, 0x00000000e8000000, 0x00000000e8000000)
  eden space 87424K,   0% used [0x00000000e0000000, 0x00000000e0000000, 0x00000000e5560000)
  from space 21824K, 100% used [0x00000000e6ab0000, 0x00000000e8000000, 0x00000000e8000000)
  to   space 21824K,   0% used [0x00000000e5560000, 0x00000000e5560000, 0x00000000e6ab0000)
 concurrent mark-sweep generation total 393216K, used 114619K [0x00000000e8000000, 0x0000000100000000, 0x0000000100000000)
 Metaspace       used 42941K, capacity 44271K, committed 44524K, reserved 1087488K
  class space    used 5272K, capacity 5605K, committed 5612K, reserved 1048576K
}
2018-10-31T21:26:20.875-0700: 82.396: Total time for which application threads were stopped: 0.0119073 seconds, Stopping threads took: 0.0001823 seconds
{Heap before GC invocations=157 (full 11):
 par new generation   total 109248K, used 109248K [0x00000000e0000000, 0x00000000e8000000, 0x00000000e8000000)
  eden space 87424K, 100% used [0x00000000e0000000, 0x00000000e5560000, 0x00000000e5560000)
  from space 21824K, 100% used [0x00000000e6ab0000, 0x00000000e8000000, 0x00000000e8000000)
  to   space 21824K,   0% used [0x00000000e5560000, 0x00000000e5560000, 0x00000000e6ab0000)
 concurrent mark-sweep generation total 393216K, used 114619K [0x00000000e8000000, 0x0000000100000000, 0x0000000100000000)
 Metaspace       used 42941K, capacity 44271K, committed 44524K, reserved 1087488K
  class space    used 5272K, capacity 5605K, committed 5612K, reserved 1048576K
2018-10-31T21:26:21.436-0700: 82.955: [GC (Allocation Failure) 2018-10-31T21:26:21.436-0700: 82.955: [ParNew
Desired survivor size 20112992 bytes, new threshold 8 (max 8)
- age   1:    7089728 bytes,    7089728 total
- age   2:    2628328 bytes,    9718056 total
- age   3:    4488752 bytes,   14206808 total
- age   4:     953816 bytes,   15160624 total
- age   5:    1885544 bytes,   17046168 total
- age   6:    2856224 bytes,   19902392 total
: 109248K->21824K(109248K), 0.0103833 secs] 223867K->140671K(502464K), 0.0104431 secs] [Times: user=0.00 sys=0.00, real=0.00 secs] 
Heap after GC invocations=158 (full 11):
 par new generation   total 109248K, used 21824K [0x00000000e0000000, 0x00000000e8000000, 0x00000000e8000000)
  eden space 87424K,   0% used [0x00000000e0000000, 0x00000000e0000000, 0x00000000e5560000)
  from space 21824K, 100% used [0x00000000e5560000, 0x00000000e6ab0000, 0x00000000e6ab0000)
  to   space 21824K,   0% used [0x00000000e6ab0000, 0x00000000e6ab0000, 0x00000000e8000000)
 concurrent mark-sweep generation total 393216K, used 118847K [0x00000000e8000000, 0x0000000100000000, 0x0000000100000000)
 Metaspace       used 42941K, capacity 44271K, committed 44524K, reserved 1087488K
  class space    used 5272K, capacity 5605K, committed 5612K, reserved 1048576K
}
2018-10-31T21:26:21.436-0700: 82.966: Total time for which application threads were stopped: 0.0106408 seconds, Stopping threads took: 0.0000430 seconds
{Heap before GC invocations=158 (full 11):
 par new generation   total 109248K, used 109248K [0x00000000e0000000, 0x00000000e8000000, 0x00000000e8000000)
  eden space 87424K, 100% used [0x00000000e0000000, 0x00000000e5560000, 0x00000000e5560000)
  from space 21824K, 100% used [0x00000000e5560000, 0x00000000e6ab0000, 0x00000000e6ab0000)
  to   space 21824K,   0% used [0x00000000e6ab0000, 0x00000000e6ab0000, 0x00000000e8000000)
 concurrent mark-sweep generation total 393216K, used 118847K [0x00000000e8000000, 0x0000000100000000, 0x0000000100000000)
 Metaspace       used 42942K, capacity 44271K, committed 44524K, reserved 1087488K
  class space    used 5272K, capacity 5605K, committed 5612K, reserved 1048576K
2018-10-31T21:26:22.015-0700: 83.533: [GC (Allocation Failure) 2018-10-31T21:26:22.015-0700: 83.533: [ParNew
Desired survivor size 20112992 bytes, new threshold 7 (max 8)
- age   1:    5481536 bytes,    5481536 total
- age   2:    3783112 bytes,    9264648 total
- age   3:    2145344 bytes,   11409992 total
- age   4:    4421232 bytes,   15831224 total
- age   5:     766336 bytes,   16597560 total
- age   6:    1857536 bytes,   18455096 total
- age   7:    2846896 bytes,   21301992 total
: 109248K->21824K(109248K), 0.0155971 secs] 228095K->156408K(502464K), 0.0156849 secs] [Times: user=0.02 sys=0.00, real=0.02 secs] 
Heap after GC invocations=159 (full 11):
 par new generation   total 109248K, used 21824K [0x00000000e0000000, 0x00000000e8000000, 0x00000000e8000000)
  eden space 87424K,   0% used [0x00000000e0000000, 0x00000000e0000000, 0x00000000e5560000)
  from space 21824K, 100% used [0x00000000e6ab0000, 0x00000000e8000000, 0x00000000e8000000)
  to   space 21824K,   0% used [0x00000000e5560000, 0x00000000e5560000, 0x00000000e6ab0000)
 concurrent mark-sweep generation total 393216K, used 134584K [0x00000000e8000000, 0x0000000100000000, 0x0000000100000000)
 Metaspace       used 42942K, capacity 44271K, committed 44524K, reserved 1087488K
  class space    used 5272K, capacity 5605K, committed 5612K, reserved 1048576K
}
2018-10-31T21:26:22.031-0700: 83.549: Total time for which application threads were stopped: 0.0159151 seconds, Stopping threads took: 0.0000565 seconds
2018-10-31T21:26:22.296-0700: 83.823: Total time for which application threads were stopped: 0.0006207 seconds, Stopping threads took: 0.0000583 seconds
{Heap before GC invocations=159 (full 11):
 par new generation   total 109248K, used 109248K [0x00000000e0000000, 0x00000000e8000000, 0x00000000e8000000)
  eden space 87424K, 100% used [0x00000000e0000000, 0x00000000e5560000, 0x00000000e5560000)
  from space 21824K, 100% used [0x00000000e6ab0000, 0x00000000e8000000, 0x00000000e8000000)
  to   space 21824K,   0% used [0x00000000e5560000, 0x00000000e5560000, 0x00000000e6ab0000)
 concurrent mark-sweep generation total 393216K, used 134584K [0x00000000e8000000, 0x0000000100000000, 0x0000000100000000)
 Metaspace       used 43143K, capacity 44399K, committed 44524K, reserved 1087488K
  class space    used 5300K, capacity 5605K, committed 5612K, reserved 1048576K
2018-10-31T21:26:22.656-0700: 84.174: [GC (Allocation Failure) 2018-10-31T21:26:22.656-0700: 84.174: [ParNew
Desired survivor size 20112992 bytes, new threshold 7 (max 8)
- age   1:    5207704 bytes,    5207704 total
- age   2:    4201760 bytes,    9409464 total
- age   3:    3262928 bytes,   12672392 total
- age   4:    2137416 bytes,   14809808 total
- age   5:    4419976 bytes,   19229784 total
- age   6:     765136 bytes,   19994920 total
- age   7:    1857536 bytes,   21852456 total
: 109248K->21824K(109248K), 0.0123898 secs] 243832K->166493K(502464K), 0.0124543 secs] [Times: user=0.00 sys=0.00, real=0.00 secs] 
Heap after GC invocations=160 (full 11):
 par new generation   total 109248K, used 21824K [0x00000000e0000000, 0x00000000e8000000, 0x00000000e8000000)
  eden space 87424K,   0% used [0x00000000e0000000, 0x00000000e0000000, 0x00000000e5560000)
  from space 21824K, 100% used [0x00000000e5560000, 0x00000000e6ab0000, 0x00000000e6ab0000)
  to   space 21824K,   0% used [0x00000000e6ab0000, 0x00000000e6ab0000, 0x00000000e8000000)
 concurrent mark-sweep generation total 393216K, used 144669K [0x00000000e8000000, 0x0000000100000000, 0x0000000100000000)
 Metaspace       used 43143K, capacity 44399K, committed 44524K, reserved 1087488K
  class space    used 5300K, capacity 5605K, committed 5612K, reserved 1048576K
}
2018-10-31T21:26:22.656-0700: 84.187: Total time for which application threads were stopped: 0.0127154 seconds, Stopping threads took: 0.0000675 seconds
2018-10-31T21:26:22.827-0700: 84.346: Total time for which application threads were stopped: 0.0001721 seconds, Stopping threads took: 0.0000514 seconds
{Heap before GC invocations=160 (full 11):
 par new generation   total 109248K, used 109248K [0x00000000e0000000, 0x00000000e8000000, 0x00000000e8000000)
  eden space 87424K, 100% used [0x00000000e0000000, 0x00000000e5560000, 0x00000000e5560000)
  from space 21824K, 100% used [0x00000000e5560000, 0x00000000e6ab0000, 0x00000000e6ab0000)
  to   space 21824K,   0% used [0x00000000e6ab0000, 0x00000000e6ab0000, 0x00000000e8000000)
 concurrent mark-sweep generation total 393216K, used 144669K [0x00000000e8000000, 0x0000000100000000, 0x0000000100000000)
 Metaspace       used 43164K, capacity 44427K, committed 44524K, reserved 1087488K
  class space    used 5304K, capacity 5611K, committed 5612K, reserved 1048576K
2018-10-31T21:26:23.296-0700: 84.817: [GC (Allocation Failure) 2018-10-31T21:26:23.296-0700: 84.817: [ParNew
Desired survivor size 20112992 bytes, new threshold 6 (max 8)
- age   1:    6333360 bytes,    6333360 total
- age   2:    2351640 bytes,    8685000 total
- age   3:    3701768 bytes,   12386768 total
- age   4:    2877400 bytes,   15264168 total
- age   5:    1790792 bytes,   17054960 total
- age   6:    3919304 bytes,   20974264 total
- age   7:     756344 bytes,   21730608 total
: 109248K->21824K(109248K), 0.0158410 secs] 253917K->182391K(502464K), 0.0159063 secs] [Times: user=0.06 sys=0.00, real=0.02 secs] 
Heap after GC invocations=161 (full 11):
 par new generation   total 109248K, used 21824K [0x00000000e0000000, 0x00000000e8000000, 0x00000000e8000000)
  eden space 87424K,   0% used [0x00000000e0000000, 0x00000000e0000000, 0x00000000e5560000)
  from space 21824K, 100% used [0x00000000e6ab0000, 0x00000000e8000000, 0x00000000e8000000)
  to   space 21824K,   0% used [0x00000000e5560000, 0x00000000e5560000, 0x00000000e6ab0000)
 concurrent mark-sweep generation total 393216K, used 160567K [0x00000000e8000000, 0x0000000100000000, 0x0000000100000000)
 Metaspace       used 43164K, capacity 44427K, committed 44524K, reserved 1087488K
  class space    used 5304K, capacity 5611K, committed 5612K, reserved 1048576K
}
2018-10-31T21:26:23.312-0700: 84.833: Total time for which application threads were stopped: 0.0161072 seconds, Stopping threads took: 0.0000547 seconds
{Heap before GC invocations=161 (full 11):
 par new generation   total 109248K, used 109248K [0x00000000e0000000, 0x00000000e8000000, 0x00000000e8000000)
  eden space 87424K, 100% used [0x00000000e0000000, 0x00000000e5560000, 0x00000000e5560000)
  from space 21824K, 100% used [0x00000000e6ab0000, 0x00000000e8000000, 0x00000000e8000000)
  to   space 21824K,   0% used [0x00000000e5560000, 0x00000000e5560000, 0x00000000e6ab0000)
 concurrent mark-sweep generation total 393216K, used 160567K [0x00000000e8000000, 0x0000000100000000, 0x0000000100000000)
 Metaspace       used 43183K, capacity 44427K, committed 44524K, reserved 1087488K
  class space    used 5304K, capacity 5611K, committed 5612K, reserved 1048576K
2018-10-31T21:26:23.963-0700: 85.480: [GC (Allocation Failure) 2018-10-31T21:26:23.963-0700: 85.480: [ParNew
Desired survivor size 20112992 bytes, new threshold 5 (max 8)
- age   1:    7810512 bytes,    7810512 total
- age   2:    3426376 bytes,   11236888 total
- age   3:    2344752 bytes,   13581640 total
- age   4:    3698616 bytes,   17280256 total
- age   5:    2869744 bytes,   20150000 total
- age   6:    1788888 bytes,   21938888 total
: 109248K->21824K(109248K), 0.0161980 secs] 269815K->197406K(502464K), 0.0162586 secs] [Times: user=0.00 sys=0.00, real=0.01 secs] 
Heap after GC invocations=162 (full 11):
 par new generation   total 109248K, used 21824K [0x00000000e0000000, 0x00000000e8000000, 0x00000000e8000000)
  eden space 87424K,   0% used [0x00000000e0000000, 0x00000000e0000000, 0x00000000e5560000)
  from space 21824K, 100% used [0x00000000e5560000, 0x00000000e6ab0000, 0x00000000e6ab0000)
  to   space 21824K,   0% used [0x00000000e6ab0000, 0x00000000e6ab0000, 0x00000000e8000000)
 concurrent mark-sweep generation total 393216K, used 175582K [0x00000000e8000000, 0x0000000100000000, 0x0000000100000000)
 Metaspace       used 43183K, capacity 44427K, committed 44524K, reserved 1087488K
  class space    used 5304K, capacity 5611K, committed 5612K, reserved 1048576K
}
2018-10-31T21:26:23.969-0700: 85.496: Total time for which application threads were stopped: 0.0165036 seconds, Stopping threads took: 0.0000715 seconds
{Heap before GC invocations=162 (full 11):
 par new generation   total 109248K, used 109248K [0x00000000e0000000, 0x00000000e8000000, 0x00000000e8000000)
  eden space 87424K, 100% used [0x00000000e0000000, 0x00000000e5560000, 0x00000000e5560000)
  from space 21824K, 100% used [0x00000000e5560000, 0x00000000e6ab0000, 0x00000000e6ab0000)
  to   space 21824K,   0% used [0x00000000e6ab0000, 0x00000000e6ab0000, 0x00000000e8000000)
 concurrent mark-sweep generation total 393216K, used 175582K [0x00000000e8000000, 0x0000000100000000, 0x0000000100000000)
 Metaspace       used 43183K, capacity 44427K, committed 44524K, reserved 1087488K
  class space    used 5304K, capacity 5611K, committed 5612K, reserved 1048576K
2018-10-31T21:26:24.610-0700: 86.131: [GC (Allocation Failure) 2018-10-31T21:26:24.610-0700: 86.131: [ParNew
Desired survivor size 20112992 bytes, new threshold 5 (max 8)
- age   1:    6076688 bytes,    6076688 total
- age   2:    6794576 bytes,   12871264 total
- age   3:    3426472 bytes,   16297736 total
- age   4:    2302072 bytes,   18599808 total
- age   5:    3693664 bytes,   22293472 total
: 109248K->21824K(109248K), 0.0177621 secs] 284830K->208674K(502464K), 0.0178336 secs] [Times: user=0.06 sys=0.00, real=0.02 secs] 
Heap after GC invocations=163 (full 11):
 par new generation   total 109248K, used 21824K [0x00000000e0000000, 0x00000000e8000000, 0x00000000e8000000)
  eden space 87424K,   0% used [0x00000000e0000000, 0x00000000e0000000, 0x00000000e5560000)
  from space 21824K, 100% used [0x00000000e6ab0000, 0x00000000e8000000, 0x00000000e8000000)
  to   space 21824K,   0% used [0x00000000e5560000, 0x00000000e5560000, 0x00000000e6ab0000)
 concurrent mark-sweep generation total 393216K, used 186850K [0x00000000e8000000, 0x0000000100000000, 0x0000000100000000)
 Metaspace       used 43183K, capacity 44427K, committed 44524K, reserved 1087488K
  class space    used 5304K, capacity 5611K, committed 5612K, reserved 1048576K
}
2018-10-31T21:26:24.625-0700: 86.149: Total time for which application threads were stopped: 0.0180568 seconds, Stopping threads took: 0.0000485 seconds
{Heap before GC invocations=163 (full 11):
 par new generation   total 109248K, used 109248K [0x00000000e0000000, 0x00000000e8000000, 0x00000000e8000000)
  eden space 87424K, 100% used [0x00000000e0000000, 0x00000000e5560000, 0x00000000e5560000)
  from space 21824K, 100% used [0x00000000e6ab0000, 0x00000000e8000000, 0x00000000e8000000)
  to   space 21824K,   0% used [0x00000000e5560000, 0x00000000e5560000, 0x00000000e6ab0000)
 concurrent mark-sweep generation total 393216K, used 186850K [0x00000000e8000000, 0x0000000100000000, 0x0000000100000000)
 Metaspace       used 43183K, capacity 44427K, committed 44524K, reserved 1087488K
  class space    used 5304K, capacity 5611K, committed 5612K, reserved 1048576K
2018-10-31T21:26:25.454-0700: 86.983: [GC (Allocation Failure) 2018-10-31T21:26:25.454-0700: 86.983: [ParNew
Desired survivor size 20112992 bytes, new threshold 5 (max 8)
- age   1:    9884016 bytes,    9884016 total
- age   2:    1717832 bytes,   11601848 total
- age   3:    5442864 bytes,   17044712 total
- age   4:    2873304 bytes,   19918016 total
- age   5:    2250360 bytes,   22168376 total
: 109248K->21824K(109248K), 0.0165452 secs] 296098K->225248K(502464K), 0.0166389 secs] [Times: user=0.06 sys=0.00, real=0.02 secs] 
Heap after GC invocations=164 (full 11):
 par new generation   total 109248K, used 21824K [0x00000000e0000000, 0x00000000e8000000, 0x00000000e8000000)
  eden space 87424K,   0% used [0x00000000e0000000, 0x00000000e0000000, 0x00000000e5560000)
  from space 21824K, 100% used [0x00000000e5560000, 0x00000000e6ab0000, 0x00000000e6ab0000)
  to   space 21824K,   0% used [0x00000000e6ab0000, 0x00000000e6ab0000, 0x00000000e8000000)
 concurrent mark-sweep generation total 393216K, used 203424K [0x00000000e8000000, 0x0000000100000000, 0x0000000100000000)
 Metaspace       used 43183K, capacity 44427K, committed 44524K, reserved 1087488K
  class space    used 5304K, capacity 5611K, committed 5612K, reserved 1048576K
}
2018-10-31T21:26:25.470-0700: 87.000: Total time for which application threads were stopped: 0.0169117 seconds, Stopping threads took: 0.0000715 seconds
2018-10-31T21:26:25.470-0700: 87.000: [GC (CMS Initial Mark) [1 CMS-initial-mark: 203424K(393216K)] 226025K(502464K), 0.0019255 secs] [Times: user=0.00 sys=0.00, real=0.00 secs] 
2018-10-31T21:26:25.470-0700: 87.002: Total time for which application threads were stopped: 0.0022121 seconds, Stopping threads took: 0.0001156 seconds
2018-10-31T21:26:25.470-0700: 87.002: [CMS-concurrent-mark-start]
2018-10-31T21:26:25.501-0700: 87.022: [CMS-concurrent-mark: 0.020/0.020 secs] [Times: user=0.16 sys=0.00, real=0.03 secs] 
2018-10-31T21:26:25.501-0700: 87.022: [CMS-concurrent-preclean-start]
2018-10-31T21:26:25.501-0700: 87.023: [CMS-concurrent-preclean: 0.001/0.001 secs] [Times: user=0.00 sys=0.00, real=0.00 secs] 
2018-10-31T21:26:25.501-0700: 87.023: [CMS-concurrent-abortable-preclean-start]
2018-10-31T21:26:25.923-0700: 87.445: [CMS-concurrent-abortable-preclean: 0.422/0.422 secs] [Times: user=0.86 sys=0.05, real=0.42 secs] 
2018-10-31T21:26:25.923-0700: 87.445: [GC (CMS Final Remark) [YG occupancy: 68458 K (109248 K)]{Heap before GC invocations=164 (full 12):
 par new generation   total 109248K, used 68458K [0x00000000e0000000, 0x00000000e8000000, 0x00000000e8000000)
  eden space 87424K,  53% used [0x00000000e0000000, 0x00000000e2d8ab48, 0x00000000e5560000)
  from space 21824K, 100% used [0x00000000e5560000, 0x00000000e6ab0000, 0x00000000e6ab0000)
  to   space 21824K,   0% used [0x00000000e6ab0000, 0x00000000e6ab0000, 0x00000000e8000000)
 concurrent mark-sweep generation total 393216K, used 203424K [0x00000000e8000000, 0x0000000100000000, 0x0000000100000000)
 Metaspace       used 43183K, capacity 44427K, committed 44524K, reserved 1087488K
  class space    used 5304K, capacity 5611K, committed 5612K, reserved 1048576K
2018-10-31T21:26:25.923-0700: 87.445: [GC (CMS Final Remark) 2018-10-31T21:26:25.923-0700: 87.445: [ParNew
Desired survivor size 20112992 bytes, new threshold 8 (max 8)
- age   1:    5832544 bytes,    5832544 total
- age   2:    3227008 bytes,    9059552 total
- age   3:    1708408 bytes,   10767960 total
- age   4:    5441376 bytes,   16209336 total
- age   5:    2872896 bytes,   19082232 total
: 68458K->21824K(109248K), 0.0134327 secs] 271883K->238432K(502464K), 0.0135097 secs] [Times: user=0.06 sys=0.00, real=0.02 secs] 
Heap after GC invocations=165 (full 12):
 par new generation   total 109248K, used 21824K [0x00000000e0000000, 0x00000000e8000000, 0x00000000e8000000)
  eden space 87424K,   0% used [0x00000000e0000000, 0x00000000e0000000, 0x00000000e5560000)
  from space 21824K, 100% used [0x00000000e6ab0000, 0x00000000e8000000, 0x00000000e8000000)
  to   space 21824K,   0% used [0x00000000e5560000, 0x00000000e5560000, 0x00000000e6ab0000)
 concurrent mark-sweep generation total 393216K, used 216608K [0x00000000e8000000, 0x0000000100000000, 0x0000000100000000)
 Metaspace       used 43183K, capacity 44427K, committed 44524K, reserved 1087488K
  class space    used 5304K, capacity 5611K, committed 5612K, reserved 1048576K
}
2018-10-31T21:26:25.939-0700: 87.459: [Rescan (parallel) , 0.0034589 secs]2018-10-31T21:26:25.939-0700: 87.462: [weak refs processing, 0.0006710 secs]2018-10-31T21:26:25.939-0700: 87.463: [class unloading, 0.0069036 secs]2018-10-31T21:26:25.939-0700: 87.470: [scrub symbol table, 0.0074816 secs]2018-10-31T21:26:25.960-0700: 87.478: [scrub string table, 0.0004551 secs][1 CMS-remark: 216608K(393216K)] 238432K(502464K), 0.0328712 secs] [Times: user=0.09 sys=0.00, real=0.04 secs] 
2018-10-31T21:26:25.961-0700: 87.478: Total time for which application threads were stopped: 0.0330372 seconds, Stopping threads took: 0.0000438 seconds
2018-10-31T21:26:25.961-0700: 87.478: [CMS-concurrent-sweep-start]
2018-10-31T21:26:25.984-0700: 87.515: [CMS-concurrent-sweep: 0.037/0.037 secs] [Times: user=0.03 sys=0.00, real=0.02 secs] 
2018-10-31T21:26:25.984-0700: 87.515: [CMS-concurrent-reset-start]
2018-10-31T21:26:25.984-0700: 87.516: [CMS-concurrent-reset: 0.000/0.000 secs] [Times: user=0.00 sys=0.00, real=0.00 secs] 
{Heap before GC invocations=165 (full 12):
 par new generation   total 109248K, used 109248K [0x00000000e0000000, 0x00000000e8000000, 0x00000000e8000000)
  eden space 87424K, 100% used [0x00000000e0000000, 0x00000000e5560000, 0x00000000e5560000)
  from space 21824K, 100% used [0x00000000e6ab0000, 0x00000000e8000000, 0x00000000e8000000)
  to   space 21824K,   0% used [0x00000000e5560000, 0x00000000e5560000, 0x00000000e6ab0000)
 concurrent mark-sweep generation total 393216K, used 131853K [0x00000000e8000000, 0x0000000100000000, 0x0000000100000000)
 Metaspace       used 43183K, capacity 44427K, committed 44524K, reserved 1087488K
  class space    used 5304K, capacity 5611K, committed 5612K, reserved 1048576K
2018-10-31T21:26:26.672-0700: 88.198: [GC (Allocation Failure) 2018-10-31T21:26:26.672-0700: 88.198: [ParNew
Desired survivor size 20112992 bytes, new threshold 6 (max 8)
- age   1:    7907776 bytes,    7907776 total
- age   2:    1458800 bytes,    9366576 total
- age   3:    2958848 bytes,   12325424 total
- age   4:    1581128 bytes,   13906552 total
- age   5:    5066776 bytes,   18973328 total
- age   6:    2086160 bytes,   21059488 total
: 109248K->21824K(109248K), 0.0137277 secs] 241101K->159015K(502464K), 0.0137927 secs] [Times: user=0.06 sys=0.00, real=0.02 secs] 
Heap after GC invocations=166 (full 12):
 par new generation   total 109248K, used 21824K [0x00000000e0000000, 0x00000000e8000000, 0x00000000e8000000)
  eden space 87424K,   0% used [0x00000000e0000000, 0x00000000e0000000, 0x00000000e5560000)
  from space 21824K, 100% used [0x00000000e5560000, 0x00000000e6ab0000, 0x00000000e6ab0000)
  to   space 21824K,   0% used [0x00000000e6ab0000, 0x00000000e6ab0000, 0x00000000e8000000)
 concurrent mark-sweep generation total 393216K, used 137191K [0x00000000e8000000, 0x0000000100000000, 0x0000000100000000)
 Metaspace       used 43183K, capacity 44427K, committed 44524K, reserved 1087488K
  class space    used 5304K, capacity 5611K, committed 5612K, reserved 1048576K
}
2018-10-31T21:26:26.687-0700: 88.212: Total time for which application threads were stopped: 0.0140180 seconds, Stopping threads took: 0.0000620 seconds
{Heap before GC invocations=166 (full 12):
 par new generation   total 109248K, used 109248K [0x00000000e0000000, 0x00000000e8000000, 0x00000000e8000000)
  eden space 87424K, 100% used [0x00000000e0000000, 0x00000000e5560000, 0x00000000e5560000)
  from space 21824K, 100% used [0x00000000e5560000, 0x00000000e6ab0000, 0x00000000e6ab0000)
  to   space 21824K,   0% used [0x00000000e6ab0000, 0x00000000e6ab0000, 0x00000000e8000000)
 concurrent mark-sweep generation total 393216K, used 137191K [0x00000000e8000000, 0x0000000100000000, 0x0000000100000000)
 Metaspace       used 43183K, capacity 44427K, committed 44524K, reserved 1087488K
  class space    used 5304K, capacity 5611K, committed 5612K, reserved 1048576K
2018-10-31T21:26:27.390-0700: 88.917: [GC (Allocation Failure) 2018-10-31T21:26:27.390-0700: 88.917: [ParNew
Desired survivor size 20112992 bytes, new threshold 6 (max 8)
- age   1:    6200840 bytes,    6200840 total
- age   2:    3751784 bytes,    9952624 total
- age   3:    1322448 bytes,   11275072 total
- age   4:    2742088 bytes,   14017160 total
- age   5:    1434456 bytes,   15451616 total
- age   6:    4969512 bytes,   20421128 total
: 109248K->21824K(109248K), 0.0162892 secs] 246439K->173304K(502464K), 0.0163527 secs] [Times: user=0.06 sys=0.00, real=0.01 secs] 
Heap after GC invocations=167 (full 12):
 par new generation   total 109248K, used 21824K [0x00000000e0000000, 0x00000000e8000000, 0x00000000e8000000)
  eden space 87424K,   0% used [0x00000000e0000000, 0x00000000e0000000, 0x00000000e5560000)
  from space 21824K, 100% used [0x00000000e6ab0000, 0x00000000e8000000, 0x00000000e8000000)
  to   space 21824K,   0% used [0x00000000e5560000, 0x00000000e5560000, 0x00000000e6ab0000)
 concurrent mark-sweep generation total 393216K, used 151480K [0x00000000e8000000, 0x0000000100000000, 0x0000000100000000)
 Metaspace       used 43183K, capacity 44427K, committed 44524K, reserved 1087488K
  class space    used 5304K, capacity 5611K, committed 5612K, reserved 1048576K
}
2018-10-31T21:26:27.405-0700: 88.934: Total time for which application threads were stopped: 0.0166294 seconds, Stopping threads took: 0.0000598 seconds
{Heap before GC invocations=167 (full 12):
 par new generation   total 109248K, used 109248K [0x00000000e0000000, 0x00000000e8000000, 0x00000000e8000000)
  eden space 87424K, 100% used [0x00000000e0000000, 0x00000000e5560000, 0x00000000e5560000)
  from space 21824K, 100% used [0x00000000e6ab0000, 0x00000000e8000000, 0x00000000e8000000)
  to   space 21824K,   0% used [0x00000000e5560000, 0x00000000e5560000, 0x00000000e6ab0000)
 concurrent mark-sweep generation total 393216K, used 151480K [0x00000000e8000000, 0x0000000100000000, 0x0000000100000000)
 Metaspace       used 43189K, capacity 44427K, committed 44524K, reserved 1087488K
  class space    used 5304K, capacity 5611K, committed 5612K, reserved 1048576K
2018-10-31T21:26:28.018-0700: 89.537: [GC (Allocation Failure) 2018-10-31T21:26:28.018-0700: 89.537: [ParNew
Desired survivor size 20112992 bytes, new threshold 6 (max 8)
- age   1:   10249416 bytes,   10249416 total
- age   2:    2555016 bytes,   12804432 total
- age   3:    3646160 bytes,   16450592 total
- age   4:    1318384 bytes,   17768976 total
- age   5:    2151744 bytes,   19920720 total
- age   6:    1431376 bytes,   21352096 total
: 109248K->21824K(109248K), 0.0141380 secs] 260728K->185741K(502464K), 0.0142543 secs] [Times: user=0.01 sys=0.00, real=0.02 secs] 
Heap after GC invocations=168 (full 12):
 par new generation   total 109248K, used 21824K [0x00000000e0000000, 0x00000000e8000000, 0x00000000e8000000)
  eden space 87424K,   0% used [0x00000000e0000000, 0x00000000e0000000, 0x00000000e5560000)
  from space 21824K, 100% used [0x00000000e5560000, 0x00000000e6ab0000, 0x00000000e6ab0000)
  to   space 21824K,   0% used [0x00000000e6ab0000, 0x00000000e6ab0000, 0x00000000e8000000)
 concurrent mark-sweep generation total 393216K, used 163917K [0x00000000e8000000, 0x0000000100000000, 0x0000000100000000)
 Metaspace       used 43189K, capacity 44427K, committed 44524K, reserved 1087488K
  class space    used 5304K, capacity 5611K, committed 5612K, reserved 1048576K
}
2018-10-31T21:26:28.034-0700: 89.551: Total time for which application threads were stopped: 0.0146774 seconds, Stopping threads took: 0.0001203 seconds
{Heap before GC invocations=168 (full 12):
 par new generation   total 109248K, used 109248K [0x00000000e0000000, 0x00000000e8000000, 0x00000000e8000000)
  eden space 87424K, 100% used [0x00000000e0000000, 0x00000000e5560000, 0x00000000e5560000)
  from space 21824K, 100% used [0x00000000e5560000, 0x00000000e6ab0000, 0x00000000e6ab0000)
  to   space 21824K,   0% used [0x00000000e6ab0000, 0x00000000e6ab0000, 0x00000000e8000000)
 concurrent mark-sweep generation total 393216K, used 163917K [0x00000000e8000000, 0x0000000100000000, 0x0000000100000000)
 Metaspace       used 43189K, capacity 44427K, committed 44524K, reserved 1087488K
  class space    used 5304K, capacity 5611K, committed 5612K, reserved 1048576K
2018-10-31T21:26:28.780-0700: 90.306: [GC (Allocation Failure) 2018-10-31T21:26:28.780-0700: 90.306: [ParNew
Desired survivor size 20112992 bytes, new threshold 6 (max 8)
- age   1:    6507088 bytes,    6507088 total
- age   2:    5778816 bytes,   12285904 total
- age   3:    2331040 bytes,   14616944 total
- age   4:    3604912 bytes,   18221856 total
- age   5:    1308088 bytes,   19529944 total
- age   6:    2053568 bytes,   21583512 total
: 109248K->21824K(109248K), 0.0136738 secs] 273165K->193840K(502464K), 0.0137737 secs] [Times: user=0.05 sys=0.00, real=0.02 secs] 
Heap after GC invocations=169 (full 12):
 par new generation   total 109248K, used 21824K [0x00000000e0000000, 0x00000000e8000000, 0x00000000e8000000)
  eden space 87424K,   0% used [0x00000000e0000000, 0x00000000e0000000, 0x00000000e5560000)
  from space 21824K, 100% used [0x00000000e6ab0000, 0x00000000e8000000, 0x00000000e8000000)
  to   space 21824K,   0% used [0x00000000e5560000, 0x00000000e5560000, 0x00000000e6ab0000)
 concurrent mark-sweep generation total 393216K, used 172016K [0x00000000e8000000, 0x0000000100000000, 0x0000000100000000)
 Metaspace       used 43189K, capacity 44427K, committed 44524K, reserved 1087488K
  class space    used 5304K, capacity 5611K, committed 5612K, reserved 1048576K
}
2018-10-31T21:26:28.796-0700: 90.320: Total time for which application threads were stopped: 0.0140198 seconds, Stopping threads took: 0.0000496 seconds
{Heap before GC invocations=169 (full 12):
 par new generation   total 109248K, used 109248K [0x00000000e0000000, 0x00000000e8000000, 0x00000000e8000000)
  eden space 87424K, 100% used [0x00000000e0000000, 0x00000000e5560000, 0x00000000e5560000)
  from space 21824K, 100% used [0x00000000e6ab0000, 0x00000000e8000000, 0x00000000e8000000)
  to   space 21824K,   0% used [0x00000000e5560000, 0x00000000e5560000, 0x00000000e6ab0000)
 concurrent mark-sweep generation total 393216K, used 172016K [0x00000000e8000000, 0x0000000100000000, 0x0000000100000000)
 Metaspace       used 43191K, capacity 44427K, committed 44524K, reserved 1087488K
  class space    used 5304K, capacity 5611K, committed 5612K, reserved 1048576K
2018-10-31T21:26:29.702-0700: 91.220: [GC (Allocation Failure) 2018-10-31T21:26:29.702-0700: 91.220: [ParNew
Desired survivor size 20112992 bytes, new threshold 6 (max 8)
- age   1:    6145360 bytes,    6145360 total
- age   2:    2123992 bytes,    8269352 total
- age   3:    5673088 bytes,   13942440 total
- age   4:    2286248 bytes,   16228688 total
- age   5:    3563000 bytes,   19791688 total
- age   6:    1287032 bytes,   21078720 total
: 109248K->21824K(109248K), 0.0130024 secs] 281264K->199834K(502464K), 0.0130600 secs] [Times: user=0.06 sys=0.00, real=0.01 secs] 
Heap after GC invocations=170 (full 12):
 par new generation   total 109248K, used 21824K [0x00000000e0000000, 0x00000000e8000000, 0x00000000e8000000)
  eden space 87424K,   0% used [0x00000000e0000000, 0x00000000e0000000, 0x00000000e5560000)
  from space 21824K, 100% used [0x00000000e5560000, 0x00000000e6ab0000, 0x00000000e6ab0000)
  to   space 21824K,   0% used [0x00000000e6ab0000, 0x00000000e6ab0000, 0x00000000e8000000)
 concurrent mark-sweep generation total 393216K, used 178010K [0x00000000e8000000, 0x0000000100000000, 0x0000000100000000)
 Metaspace       used 43191K, capacity 44427K, committed 44524K, reserved 1087488K
  class space    used 5304K, capacity 5611K, committed 5612K, reserved 1048576K
}
2018-10-31T21:26:29.715-0700: 91.233: Total time for which application threads were stopped: 0.0132759 seconds, Stopping threads took: 0.0000295 seconds
{Heap before GC invocations=170 (full 12):
 par new generation   total 109248K, used 109248K [0x00000000e0000000, 0x00000000e8000000, 0x00000000e8000000)
  eden space 87424K, 100% used [0x00000000e0000000, 0x00000000e5560000, 0x00000000e5560000)
  from space 21824K, 100% used [0x00000000e5560000, 0x00000000e6ab0000, 0x00000000e6ab0000)
  to   space 21824K,   0% used [0x00000000e6ab0000, 0x00000000e6ab0000, 0x00000000e8000000)
 concurrent mark-sweep generation total 393216K, used 178010K [0x00000000e8000000, 0x0000000100000000, 0x0000000100000000)
 Metaspace       used 43191K, capacity 44427K, committed 44524K, reserved 1087488K
  class space    used 5304K, capacity 5611K, committed 5612K, reserved 1048576K
2018-10-31T21:26:30.094-0700: 91.611: [GC (Allocation Failure) 2018-10-31T21:26:30.094-0700: 91.612: [ParNew
Desired survivor size 20112992 bytes, new threshold 8 (max 8)
- age   1:      72008 bytes,      72008 total
- age   2:    5601168 bytes,    5673176 total
- age   3:    2123992 bytes,    7797168 total
- age   4:    5672256 bytes,   13469424 total
- age   5:    2286248 bytes,   15755672 total
- age   6:    3563000 bytes,   19318672 total
: 109248K->21824K(109248K), 0.0105803 secs] 287258K->201626K(502464K), 0.0106550 secs] [Times: user=0.00 sys=0.00, real=0.00 secs] 
Heap after GC invocations=171 (full 12):
 par new generation   total 109248K, used 21824K [0x00000000e0000000, 0x00000000e8000000, 0x00000000e8000000)
  eden space 87424K,   0% used [0x00000000e0000000, 0x00000000e0000000, 0x00000000e5560000)
  from space 21824K, 100% used [0x00000000e6ab0000, 0x00000000e8000000, 0x00000000e8000000)
  to   space 21824K,   0% used [0x00000000e5560000, 0x00000000e5560000, 0x00000000e6ab0000)
 concurrent mark-sweep generation total 393216K, used 179802K [0x00000000e8000000, 0x0000000100000000, 0x0000000100000000)
 Metaspace       used 43191K, capacity 44427K, committed 44524K, reserved 1087488K
  class space    used 5304K, capacity 5611K, committed 5612K, reserved 1048576K
}
2018-10-31T21:26:30.094-0700: 91.622: Total time for which application threads were stopped: 0.0109533 seconds, Stopping threads took: 0.0000777 seconds
{Heap before GC invocations=171 (full 12):
 par new generation   total 109248K, used 109248K [0x00000000e0000000, 0x00000000e8000000, 0x00000000e8000000)
  eden space 87424K, 100% used [0x00000000e0000000, 0x00000000e5560000, 0x00000000e5560000)
  from space 21824K, 100% used [0x00000000e6ab0000, 0x00000000e8000000, 0x00000000e8000000)
  to   space 21824K,   0% used [0x00000000e5560000, 0x00000000e5560000, 0x00000000e6ab0000)
 concurrent mark-sweep generation total 393216K, used 179802K [0x00000000e8000000, 0x0000000100000000, 0x0000000100000000)
 Metaspace       used 43191K, capacity 44427K, committed 44524K, reserved 1087488K
  class space    used 5304K, capacity 5611K, committed 5612K, reserved 1048576K
2018-10-31T21:26:30.579-0700: 92.100: [GC (Allocation Failure) 2018-10-31T21:26:30.579-0700: 92.100: [ParNew
Desired survivor size 20112992 bytes, new threshold 8 (max 8)
- age   1:      32224 bytes,      32224 total
- age   2:       3808 bytes,      36032 total
- age   3:    5580232 bytes,    5616264 total
- age   4:    2123992 bytes,    7740256 total
- age   5:    5672256 bytes,   13412512 total
- age   6:    2286248 bytes,   15698760 total
- age   7:    3563000 bytes,   19261760 total
: 109248K->21824K(109248K), 0.0103822 secs] 289050K->201626K(502464K), 0.0104946 secs] [Times: user=0.00 sys=0.00, real=0.00 secs] 
Heap after GC invocations=172 (full 12):
 par new generation   total 109248K, used 21824K [0x00000000e0000000, 0x00000000e8000000, 0x00000000e8000000)
  eden space 87424K,   0% used [0x00000000e0000000, 0x00000000e0000000, 0x00000000e5560000)
  from space 21824K, 100% used [0x00000000e5560000, 0x00000000e6ab0000, 0x00000000e6ab0000)
  to   space 21824K,   0% used [0x00000000e6ab0000, 0x00000000e6ab0000, 0x00000000e8000000)
 concurrent mark-sweep generation total 393216K, used 179802K [0x00000000e8000000, 0x0000000100000000, 0x0000000100000000)
 Metaspace       used 43191K, capacity 44427K, committed 44524K, reserved 1087488K
  class space    used 5304K, capacity 5611K, committed 5612K, reserved 1048576K
}
2018-10-31T21:26:30.579-0700: 92.111: Total time for which application threads were stopped: 0.0109081 seconds, Stopping threads took: 0.0001090 seconds
{Heap before GC invocations=172 (full 12):
 par new generation   total 109248K, used 109248K [0x00000000e0000000, 0x00000000e8000000, 0x00000000e8000000)
  eden space 87424K, 100% used [0x00000000e0000000, 0x00000000e5560000, 0x00000000e5560000)
  from space 21824K, 100% used [0x00000000e5560000, 0x00000000e6ab0000, 0x00000000e6ab0000)
  to   space 21824K,   0% used [0x00000000e6ab0000, 0x00000000e6ab0000, 0x00000000e8000000)
 concurrent mark-sweep generation total 393216K, used 179802K [0x00000000e8000000, 0x0000000100000000, 0x0000000100000000)
 Metaspace       used 43191K, capacity 44427K, committed 44524K, reserved 1087488K
  class space    used 5304K, capacity 5611K, committed 5612K, reserved 1048576K
2018-10-31T21:26:30.888-0700: 92.407: [GC (Allocation Failure) 2018-10-31T21:26:30.888-0700: 92.407: [ParNew
Desired survivor size 20112992 bytes, new threshold 8 (max 8)
- age   1:      63688 bytes,      63688 total
- age   2:       2072 bytes,      65760 total
- age   3:       3808 bytes,      69568 total
- age   4:    5580232 bytes,    5649800 total
- age   5:    2123992 bytes,    7773792 total
- age   6:    5672256 bytes,   13446048 total
- age   7:    2286248 bytes,   15732296 total
- age   8:    3563000 bytes,   19295296 total
: 109248K->21824K(109248K), 0.0092663 secs] 289050K->201626K(502464K), 0.0093590 secs] [Times: user=0.00 sys=0.00, real=0.00 secs] 
Heap after GC invocations=173 (full 12):
 par new generation   total 109248K, used 21824K [0x00000000e0000000, 0x00000000e8000000, 0x00000000e8000000)
  eden space 87424K,   0% used [0x00000000e0000000, 0x00000000e0000000, 0x00000000e5560000)
  from space 21824K, 100% used [0x00000000e6ab0000, 0x00000000e8000000, 0x00000000e8000000)
  to   space 21824K,   0% used [0x00000000e5560000, 0x00000000e5560000, 0x00000000e6ab0000)
 concurrent mark-sweep generation total 393216K, used 179802K [0x00000000e8000000, 0x0000000100000000, 0x0000000100000000)
 Metaspace       used 43191K, capacity 44427K, committed 44524K, reserved 1087488K
  class space    used 5304K, capacity 5611K, committed 5612K, reserved 1048576K
}
2018-10-31T21:26:30.888-0700: 92.416: Total time for which application threads were stopped: 0.0096449 seconds, Stopping threads took: 0.0000368 seconds
2018-10-31T21:26:31.359-0700: 92.889: Total time for which application threads were stopped: 0.0000966 seconds, Stopping threads took: 0.0000401 seconds
2018-10-31T21:26:31.406-0700: 92.923: Total time for which application threads were stopped: 0.0002582 seconds, Stopping threads took: 0.0000715 seconds
2018-10-31T21:26:31.406-0700: 92.925: Total time for which application threads were stopped: 0.0002658 seconds, Stopping threads took: 0.0001163 seconds
2018-10-31T21:26:31.406-0700: 92.933: Total time for which application threads were stopped: 0.0002203 seconds, Stopping threads took: 0.0000602 seconds
{Heap before GC invocations=173 (full 12):
 par new generation   total 109248K, used 109248K [0x00000000e0000000, 0x00000000e8000000, 0x00000000e8000000)
  eden space 87424K, 100% used [0x00000000e0000000, 0x00000000e5560000, 0x00000000e5560000)
  from space 21824K, 100% used [0x00000000e6ab0000, 0x00000000e8000000, 0x00000000e8000000)
  to   space 21824K,   0% used [0x00000000e5560000, 0x00000000e5560000, 0x00000000e6ab0000)
 concurrent mark-sweep generation total 393216K, used 179802K [0x00000000e8000000, 0x0000000100000000, 0x0000000100000000)
 Metaspace       used 43197K, capacity 44427K, committed 44524K, reserved 1087488K
  class space    used 5304K, capacity 5611K, committed 5612K, reserved 1048576K
2018-10-31T21:26:31.468-0700: 92.991: [GC (Allocation Failure) 2018-10-31T21:26:31.468-0700: 92.992: [ParNew
Desired survivor size 20112992 bytes, new threshold 8 (max 8)
- age   1:    5278048 bytes,    5278048 total
- age   2:        528 bytes,    5278576 total
- age   3:       2024 bytes,    5280600 total
- age   4:       3624 bytes,    5284224 total
- age   5:    4010592 bytes,    9294816 total
- age   6:    1969528 bytes,   11264344 total
- age   7:    5532792 bytes,   16797136 total
- age   8:    2165192 bytes,   18962328 total
: 109248K->21824K(109248K), 0.0096784 secs] 289050K->205237K(502464K), 0.0097528 secs] [Times: user=0.00 sys=0.02, real=0.02 secs] 
Heap after GC invocations=174 (full 12):
 par new generation   total 109248K, used 21824K [0x00000000e0000000, 0x00000000e8000000, 0x00000000e8000000)
  eden space 87424K,   0% used [0x00000000e0000000, 0x00000000e0000000, 0x00000000e5560000)
  from space 21824K, 100% used [0x00000000e5560000, 0x00000000e6ab0000, 0x00000000e6ab0000)
  to   space 21824K,   0% used [0x00000000e6ab0000, 0x00000000e6ab0000, 0x00000000e8000000)
 concurrent mark-sweep generation total 393216K, used 183413K [0x00000000e8000000, 0x0000000100000000, 0x0000000100000000)
 Metaspace       used 43197K, capacity 44427K, committed 44524K, reserved 1087488K
  class space    used 5304K, capacity 5611K, committed 5612K, reserved 1048576K
}
2018-10-31T21:26:31.484-0700: 93.001: Total time for which application threads were stopped: 0.0100292 seconds, Stopping threads took: 0.0000602 seconds
2018-10-31T21:26:31.739-0700: 93.257: Total time for which application threads were stopped: 0.0002782 seconds, Stopping threads took: 0.0000886 seconds
2018-10-31T21:26:31.757-0700: 93.274: Total time for which application threads were stopped: 0.0001871 seconds, Stopping threads took: 0.0000594 seconds
2018-10-31T21:26:31.757-0700: 93.274: Total time for which application threads were stopped: 0.0001240 seconds, Stopping threads took: 0.0000562 seconds
{Heap before GC invocations=174 (full 12):
 par new generation   total 109248K, used 109248K [0x00000000e0000000, 0x00000000e8000000, 0x00000000e8000000)
  eden space 87424K, 100% used [0x00000000e0000000, 0x00000000e5560000, 0x00000000e5560000)
  from space 21824K, 100% used [0x00000000e5560000, 0x00000000e6ab0000, 0x00000000e6ab0000)
  to   space 21824K,   0% used [0x00000000e6ab0000, 0x00000000e6ab0000, 0x00000000e8000000)
 concurrent mark-sweep generation total 393216K, used 183413K [0x00000000e8000000, 0x0000000100000000, 0x0000000100000000)
 Metaspace       used 43197K, capacity 44427K, committed 44524K, reserved 1087488K
  class space    used 5304K, capacity 5611K, committed 5612K, reserved 1048576K
2018-10-31T21:26:31.812-0700: 93.342: [GC (Allocation Failure) 2018-10-31T21:26:31.812-0700: 93.342: [ParNew
Desired survivor size 20112992 bytes, new threshold 8 (max 8)
- age   1:   10366472 bytes,   10366472 total
- age   2:    2646912 bytes,   13013384 total
- age   3:        528 bytes,   13013912 total
- age   4:       2024 bytes,   13015936 total
- age   5:       2824 bytes,   13018760 total
- age   6:    1023040 bytes,   14041800 total
- age   7:    1969288 bytes,   16011088 total
- age   8:    5532488 bytes,   21543576 total
: 109248K->21824K(109248K), 0.0157210 secs] 292661K->211360K(502464K), 0.0158447 secs] [Times: user=0.06 sys=0.00, real=0.02 secs] 
Heap after GC invocations=175 (full 12):
 par new generation   total 109248K, used 21824K [0x00000000e0000000, 0x00000000e8000000, 0x00000000e8000000)
  eden space 87424K,   0% used [0x00000000e0000000, 0x00000000e0000000, 0x00000000e5560000)
  from space 21824K, 100% used [0x00000000e6ab0000, 0x00000000e8000000, 0x00000000e8000000)
  to   space 21824K,   0% used [0x00000000e5560000, 0x00000000e5560000, 0x00000000e6ab0000)
 concurrent mark-sweep generation total 393216K, used 189536K [0x00000000e8000000, 0x0000000100000000, 0x0000000100000000)
 Metaspace       used 43197K, capacity 44427K, committed 44524K, reserved 1087488K
  class space    used 5304K, capacity 5611K, committed 5612K, reserved 1048576K
}
2018-10-31T21:26:31.828-0700: 93.358: Total time for which application threads were stopped: 0.0161714 seconds, Stopping threads took: 0.0000441 seconds
2018-10-31T21:26:32.002-0700: 93.519: Total time for which application threads were stopped: 0.0002596 seconds, Stopping threads took: 0.0001043 seconds
2018-10-31T21:26:32.002-0700: 93.519: Total time for which application threads were stopped: 0.0001280 seconds, Stopping threads took: 0.0000419 seconds
2018-10-31T21:26:32.002-0700: 93.519: Total time for which application threads were stopped: 0.0000766 seconds, Stopping threads took: 0.0000255 seconds
2018-10-31T21:26:32.002-0700: 93.520: Total time for which application threads were stopped: 0.0000573 seconds, Stopping threads took: 0.0000146 seconds
{Heap before GC invocations=175 (full 12):
 par new generation   total 109248K, used 109248K [0x00000000e0000000, 0x00000000e8000000, 0x00000000e8000000)
  eden space 87424K, 100% used [0x00000000e0000000, 0x00000000e5560000, 0x00000000e5560000)
  from space 21824K, 100% used [0x00000000e6ab0000, 0x00000000e8000000, 0x00000000e8000000)
  to   space 21824K,   0% used [0x00000000e5560000, 0x00000000e5560000, 0x00000000e6ab0000)
 concurrent mark-sweep generation total 393216K, used 189536K [0x00000000e8000000, 0x0000000100000000, 0x0000000100000000)
 Metaspace       used 43216K, capacity 44519K, committed 44652K, reserved 1087488K
  class space    used 5306K, capacity 5615K, committed 5740K, reserved 1048576K
2018-10-31T21:26:32.236-0700: 93.759: [GC (Allocation Failure) 2018-10-31T21:26:32.236-0700: 93.759: [ParNew
Desired survivor size 20112992 bytes, new threshold 8 (max 8)
- age   1:   11159344 bytes,   11159344 total
- age   2:    5643984 bytes,   16803328 total
- age   3:    1882168 bytes,   18685496 total
- age   4:        528 bytes,   18686024 total
- age   5:       2024 bytes,   18688048 total
- age   6:       2824 bytes,   18690872 total
- age   7:    1023040 bytes,   19713912 total
- age   8:    1969288 bytes,   21683200 total
: 109248K->21824K(109248K), 0.0137828 secs] 298784K->218455K(502464K), 0.0139283 secs] [Times: user=0.06 sys=0.00, real=0.02 secs] 
Heap after GC invocations=176 (full 12):
 par new generation   total 109248K, used 21824K [0x00000000e0000000, 0x00000000e8000000, 0x00000000e8000000)
  eden space 87424K,   0% used [0x00000000e0000000, 0x00000000e0000000, 0x00000000e5560000)
  from space 21824K, 100% used [0x00000000e5560000, 0x00000000e6ab0000, 0x00000000e6ab0000)
  to   space 21824K,   0% used [0x00000000e6ab0000, 0x00000000e6ab0000, 0x00000000e8000000)
 concurrent mark-sweep generation total 393216K, used 196631K [0x00000000e8000000, 0x0000000100000000, 0x0000000100000000)
 Metaspace       used 43216K, capacity 44519K, committed 44652K, reserved 1087488K
  class space    used 5306K, capacity 5615K, committed 5740K, reserved 1048576K
}
2018-10-31T21:26:32.252-0700: 93.773: Total time for which application threads were stopped: 0.0141613 seconds, Stopping threads took: 0.0000405 seconds
2018-10-31T21:26:32.252-0700: 93.773: [GC (CMS Initial Mark) [1 CMS-initial-mark: 196631K(393216K)] 218933K(502464K), 0.0024641 secs] [Times: user=0.00 sys=0.00, real=0.00 secs] 
2018-10-31T21:26:32.252-0700: 93.776: Total time for which application threads were stopped: 0.0026858 seconds, Stopping threads took: 0.0000886 seconds
2018-10-31T21:26:32.252-0700: 93.776: [CMS-concurrent-mark-start]
2018-10-31T21:26:32.268-0700: 93.788: [CMS-concurrent-mark: 0.012/0.012 secs] [Times: user=0.08 sys=0.00, real=0.02 secs] 
2018-10-31T21:26:32.268-0700: 93.788: [CMS-concurrent-preclean-start]
2018-10-31T21:26:32.268-0700: 93.790: [CMS-concurrent-preclean: 0.001/0.001 secs] [Times: user=0.00 sys=0.00, real=0.00 secs] 
2018-10-31T21:26:32.268-0700: 93.790: [CMS-concurrent-abortable-preclean-start]
2018-10-31T21:26:32.778-0700: 94.295: [CMS-concurrent-abortable-preclean: 0.106/0.505 secs] [Times: user=0.59 sys=0.02, real=0.51 secs] 
2018-10-31T21:26:32.778-0700: 94.295: [GC (CMS Final Remark) [YG occupancy: 96359 K (109248 K)]{Heap before GC invocations=176 (full 13):
 par new generation   total 109248K, used 96359K [0x00000000e0000000, 0x00000000e8000000, 0x00000000e8000000)
  eden space 87424K,  85% used [0x00000000e0000000, 0x00000000e48c9cf0, 0x00000000e5560000)
  from space 21824K, 100% used [0x00000000e5560000, 0x00000000e6ab0000, 0x00000000e6ab0000)
  to   space 21824K,   0% used [0x00000000e6ab0000, 0x00000000e6ab0000, 0x00000000e8000000)
 concurrent mark-sweep generation total 393216K, used 196631K [0x00000000e8000000, 0x0000000100000000, 0x0000000100000000)
 Metaspace       used 43216K, capacity 44519K, committed 44652K, reserved 1087488K
  class space    used 5306K, capacity 5615K, committed 5740K, reserved 1048576K
2018-10-31T21:26:32.778-0700: 94.295: [GC (CMS Final Remark) 2018-10-31T21:26:32.778-0700: 94.295: [ParNew
Desired survivor size 20112992 bytes, new threshold 8 (max 8)
- age   1:    9907272 bytes,    9907272 total
- age   2:    2385248 bytes,   12292520 total
- age   3:    4557656 bytes,   16850176 total
- age   4:    1849032 bytes,   18699208 total
- age   5:        528 bytes,   18699736 total
- age   6:       2024 bytes,   18701760 total
- age   7:       2744 bytes,   18704504 total
- age   8:     937800 bytes,   19642304 total
: 96359K->21824K(109248K), 0.0127008 secs] 292990K->227772K(502464K), 0.0127639 secs] [Times: user=0.00 sys=0.00, real=0.00 secs] 
Heap after GC invocations=177 (full 13):
 par new generation   total 109248K, used 21824K [0x00000000e0000000, 0x00000000e8000000, 0x00000000e8000000)
  eden space 87424K,   0% used [0x00000000e0000000, 0x00000000e0000000, 0x00000000e5560000)
  from space 21824K, 100% used [0x00000000e6ab0000, 0x00000000e8000000, 0x00000000e8000000)
  to   space 21824K,   0% used [0x00000000e5560000, 0x00000000e5560000, 0x00000000e6ab0000)
 concurrent mark-sweep generation total 393216K, used 205948K [0x00000000e8000000, 0x0000000100000000, 0x0000000100000000)
 Metaspace       used 43216K, capacity 44519K, committed 44652K, reserved 1087488K
  class space    used 5306K, capacity 5615K, committed 5740K, reserved 1048576K
}
2018-10-31T21:26:32.778-0700: 94.308: [Rescan (parallel) , 0.0025615 secs]2018-10-31T21:26:32.793-0700: 94.310: [weak refs processing, 0.0008475 secs]2018-10-31T21:26:32.793-0700: 94.311: [class unloading, 0.0065160 secs]2018-10-31T21:26:32.793-0700: 94.318: [scrub symbol table, 0.0066246 secs]2018-10-31T21:26:32.793-0700: 94.324: [scrub string table, 0.0004372 secs][1 CMS-remark: 205948K(393216K)] 227772K(502464K), 0.0301975 secs] [Times: user=0.06 sys=0.00, real=0.01 secs] 
2018-10-31T21:26:32.793-0700: 94.325: Total time for which application threads were stopped: 0.0304093 seconds, Stopping threads took: 0.0000759 seconds
2018-10-31T21:26:32.793-0700: 94.325: [CMS-concurrent-sweep-start]
2018-10-31T21:26:32.793-0700: 94.325: Total time for which application threads were stopped: 0.0002494 seconds, Stopping threads took: 0.0000449 seconds
2018-10-31T21:26:32.840-0700: 94.367: [CMS-concurrent-sweep: 0.041/0.042 secs] [Times: user=0.09 sys=0.00, real=0.05 secs] 
2018-10-31T21:26:32.840-0700: 94.367: [CMS-concurrent-reset-start]
2018-10-31T21:26:32.840-0700: 94.367: [CMS-concurrent-reset: 0.000/0.000 secs] [Times: user=0.00 sys=0.00, real=0.00 secs] 
{Heap before GC invocations=177 (full 13):
 par new generation   total 109248K, used 109248K [0x00000000e0000000, 0x00000000e8000000, 0x00000000e8000000)
  eden space 87424K, 100% used [0x00000000e0000000, 0x00000000e5560000, 0x00000000e5560000)
  from space 21824K, 100% used [0x00000000e6ab0000, 0x00000000e8000000, 0x00000000e8000000)
  to   space 21824K,   0% used [0x00000000e5560000, 0x00000000e5560000, 0x00000000e6ab0000)
 concurrent mark-sweep generation total 393216K, used 141042K [0x00000000e8000000, 0x0000000100000000, 0x0000000100000000)
 Metaspace       used 43216K, capacity 44519K, committed 44652K, reserved 1087488K
  class space    used 5306K, capacity 5615K, committed 5740K, reserved 1048576K
2018-10-31T21:26:33.390-0700: 94.915: [GC (Allocation Failure) 2018-10-31T21:26:33.390-0700: 94.915: [ParNew
Desired survivor size 20112992 bytes, new threshold 5 (max 8)
- age   1:   11607368 bytes,   11607368 total
- age   2:     926424 bytes,   12533792 total
- age   3:    2367856 bytes,   14901648 total
- age   4:    4491504 bytes,   19393152 total
- age   5:    1844472 bytes,   21237624 total
- age   7:         16 bytes,   21237640 total
- age   8:        592 bytes,   21238232 total
: 109248K->21824K(109248K), 0.0141482 secs] 250290K->168413K(502464K), 0.0142109 secs] [Times: user=0.06 sys=0.00, real=0.01 secs] 
Heap after GC invocations=178 (full 13):
 par new generation   total 109248K, used 21824K [0x00000000e0000000, 0x00000000e8000000, 0x00000000e8000000)
  eden space 87424K,   0% used [0x00000000e0000000, 0x00000000e0000000, 0x00000000e5560000)
  from space 21824K, 100% used [0x00000000e5560000, 0x00000000e6ab0000, 0x00000000e6ab0000)
  to   space 21824K,   0% used [0x00000000e6ab0000, 0x00000000e6ab0000, 0x00000000e8000000)
 concurrent mark-sweep generation total 393216K, used 146589K [0x00000000e8000000, 0x0000000100000000, 0x0000000100000000)
 Metaspace       used 43216K, capacity 44519K, committed 44652K, reserved 1087488K
  class space    used 5306K, capacity 5615K, committed 5740K, reserved 1048576K
}
2018-10-31T21:26:33.405-0700: 94.930: Total time for which application threads were stopped: 0.0144855 seconds, Stopping threads took: 0.0000923 seconds
{Heap before GC invocations=178 (full 13):
 par new generation   total 109248K, used 109248K [0x00000000e0000000, 0x00000000e8000000, 0x00000000e8000000)
  eden space 87424K, 100% used [0x00000000e0000000, 0x00000000e5560000, 0x00000000e5560000)
  from space 21824K, 100% used [0x00000000e5560000, 0x00000000e6ab0000, 0x00000000e6ab0000)
  to   space 21824K,   0% used [0x00000000e6ab0000, 0x00000000e6ab0000, 0x00000000e8000000)
 concurrent mark-sweep generation total 393216K, used 146589K [0x00000000e8000000, 0x0000000100000000, 0x0000000100000000)
 Metaspace       used 43219K, capacity 44519K, committed 44652K, reserved 1087488K
  class space    used 5306K, capacity 5615K, committed 5740K, reserved 1048576K
2018-10-31T21:26:34.031-0700: 95.562: [GC (Allocation Failure) 2018-10-31T21:26:34.031-0700: 95.562: [ParNew
Desired survivor size 20112992 bytes, new threshold 5 (max 8)
- age   1:   12784264 bytes,   12784264 total
- age   2:    2308552 bytes,   15092816 total
- age   3:     822672 bytes,   15915488 total
- age   4:     961688 bytes,   16877176 total
- age   5:    3604424 bytes,   20481600 total
: 109248K->21824K(109248K), 0.0127975 secs] 255837K->181229K(502464K), 0.0128573 secs] [Times: user=0.06 sys=0.00, real=0.02 secs] 
Heap after GC invocations=179 (full 13):
 par new generation   total 109248K, used 21824K [0x00000000e0000000, 0x00000000e8000000, 0x00000000e8000000)
  eden space 87424K,   0% used [0x00000000e0000000, 0x00000000e0000000, 0x00000000e5560000)
  from space 21824K, 100% used [0x00000000e6ab0000, 0x00000000e8000000, 0x00000000e8000000)
  to   space 21824K,   0% used [0x00000000e5560000, 0x00000000e5560000, 0x00000000e6ab0000)
 concurrent mark-sweep generation total 393216K, used 159405K [0x00000000e8000000, 0x0000000100000000, 0x0000000100000000)
 Metaspace       used 43219K, capacity 44519K, committed 44652K, reserved 1087488K
  class space    used 5306K, capacity 5615K, committed 5740K, reserved 1048576K
}
2018-10-31T21:26:34.046-0700: 95.575: Total time for which application threads were stopped: 0.0130564 seconds, Stopping threads took: 0.0000259 seconds
{Heap before GC invocations=179 (full 13):
 par new generation   total 109248K, used 109248K [0x00000000e0000000, 0x00000000e8000000, 0x00000000e8000000)
  eden space 87424K, 100% used [0x00000000e0000000, 0x00000000e5560000, 0x00000000e5560000)
  from space 21824K, 100% used [0x00000000e6ab0000, 0x00000000e8000000, 0x00000000e8000000)
  to   space 21824K,   0% used [0x00000000e5560000, 0x00000000e5560000, 0x00000000e6ab0000)
 concurrent mark-sweep generation total 393216K, used 159405K [0x00000000e8000000, 0x0000000100000000, 0x0000000100000000)
 Metaspace       used 43219K, capacity 44519K, committed 44652K, reserved 1087488K
  class space    used 5306K, capacity 5615K, committed 5740K, reserved 1048576K
2018-10-31T21:26:34.655-0700: 96.182: [GC (Allocation Failure) 2018-10-31T21:26:34.655-0700: 96.182: [ParNew
Desired survivor size 20112992 bytes, new threshold 5 (max 8)
- age   1:   13918840 bytes,   13918840 total
- age   2:    3466216 bytes,   17385056 total
- age   3:    1925600 bytes,   19310656 total
- age   4:     415240 bytes,   19725896 total
- age   5:     542104 bytes,   20268000 total
: 109248K->21824K(109248K), 0.0104296 secs] 268653K->189812K(502464K), 0.0104884 secs] [Times: user=0.06 sys=0.00, real=0.02 secs] 
Heap after GC invocations=180 (full 13):
 par new generation   total 109248K, used 21824K [0x00000000e0000000, 0x00000000e8000000, 0x00000000e8000000)
  eden space 87424K,   0% used [0x00000000e0000000, 0x00000000e0000000, 0x00000000e5560000)
  from space 21824K, 100% used [0x00000000e5560000, 0x00000000e6ab0000, 0x00000000e6ab0000)
  to   space 21824K,   0% used [0x00000000e6ab0000, 0x00000000e6ab0000, 0x00000000e8000000)
 concurrent mark-sweep generation total 393216K, used 167988K [0x00000000e8000000, 0x0000000100000000, 0x0000000100000000)
 Metaspace       used 43219K, capacity 44519K, committed 44652K, reserved 1087488K
  class space    used 5306K, capacity 5615K, committed 5740K, reserved 1048576K
}
2018-10-31T21:26:34.671-0700: 96.193: Total time for which application threads were stopped: 0.0106718 seconds, Stopping threads took: 0.0000397 seconds
{Heap before GC invocations=180 (full 13):
 par new generation   total 109248K, used 109248K [0x00000000e0000000, 0x00000000e8000000, 0x00000000e8000000)
  eden space 87424K, 100% used [0x00000000e0000000, 0x00000000e5560000, 0x00000000e5560000)
  from space 21824K, 100% used [0x00000000e5560000, 0x00000000e6ab0000, 0x00000000e6ab0000)
  to   space 21824K,   0% used [0x00000000e6ab0000, 0x00000000e6ab0000, 0x00000000e8000000)
 concurrent mark-sweep generation total 393216K, used 167988K [0x00000000e8000000, 0x0000000100000000, 0x0000000100000000)
 Metaspace       used 43219K, capacity 44519K, committed 44652K, reserved 1087488K
  class space    used 5306K, capacity 5615K, committed 5740K, reserved 1048576K
2018-10-31T21:26:35.205-0700: 96.729: [GC (Allocation Failure) 2018-10-31T21:26:35.205-0700: 96.729: [ParNew
Desired survivor size 20112992 bytes, new threshold 8 (max 8)
- age   1:    9238432 bytes,    9238432 total
- age   2:    5319944 bytes,   14558376 total
- age   3:    3184856 bytes,   17743232 total
- age   4:    1614960 bytes,   19358192 total
- age   5:     296432 bytes,   19654624 total
: 109248K->21824K(109248K), 0.0114642 secs] 277236K->197819K(502464K), 0.0115215 secs] [Times: user=0.06 sys=0.00, real=0.02 secs] 
Heap after GC invocations=181 (full 13):
 par new generation   total 109248K, used 21824K [0x00000000e0000000, 0x00000000e8000000, 0x00000000e8000000)
  eden space 87424K,   0% used [0x00000000e0000000, 0x00000000e0000000, 0x00000000e5560000)
  from space 21824K, 100% used [0x00000000e6ab0000, 0x00000000e8000000, 0x00000000e8000000)
  to   space 21824K,   0% used [0x00000000e5560000, 0x00000000e5560000, 0x00000000e6ab0000)
 concurrent mark-sweep generation total 393216K, used 175995K [0x00000000e8000000, 0x0000000100000000, 0x0000000100000000)
 Metaspace       used 43219K, capacity 44519K, committed 44652K, reserved 1087488K
  class space    used 5306K, capacity 5615K, committed 5740K, reserved 1048576K
}
2018-10-31T21:26:35.221-0700: 96.740: Total time for which application threads were stopped: 0.0117075 seconds, Stopping threads took: 0.0000401 seconds
{Heap before GC invocations=181 (full 13):
 par new generation   total 109248K, used 109248K [0x00000000e0000000, 0x00000000e8000000, 0x00000000e8000000)
  eden space 87424K, 100% used [0x00000000e0000000, 0x00000000e5560000, 0x00000000e5560000)
  from space 21824K, 100% used [0x00000000e6ab0000, 0x00000000e8000000, 0x00000000e8000000)
  to   space 21824K,   0% used [0x00000000e5560000, 0x00000000e5560000, 0x00000000e6ab0000)
 concurrent mark-sweep generation total 393216K, used 175995K [0x00000000e8000000, 0x0000000100000000, 0x0000000100000000)
 Metaspace       used 43221K, capacity 44519K, committed 44652K, reserved 1087488K
  class space    used 5306K, capacity 5615K, committed 5740K, reserved 1048576K
2018-10-31T21:26:35.825-0700: 97.342: [GC (Allocation Failure) 2018-10-31T21:26:35.825-0700: 97.342: [ParNew
Desired survivor size 20112992 bytes, new threshold 5 (max 8)
- age   1:    9078136 bytes,    9078136 total
- age   2:    4695296 bytes,   13773432 total
- age   3:    2587832 bytes,   16361264 total
- age   4:    3151168 bytes,   19512432 total
- age   5:    1607592 bytes,   21120024 total
- age   6:     296304 bytes,   21416328 total
: 109248K->21824K(109248K), 0.0103545 secs] 285243K->205492K(502464K), 0.0104264 secs] [Times: user=0.00 sys=0.00, real=0.00 secs] 
Heap after GC invocations=182 (full 13):
 par new generation   total 109248K, used 21824K [0x00000000e0000000, 0x00000000e8000000, 0x00000000e8000000)
  eden space 87424K,   0% used [0x00000000e0000000, 0x00000000e0000000, 0x00000000e5560000)
  from space 21824K, 100% used [0x00000000e5560000, 0x00000000e6ab0000, 0x00000000e6ab0000)
  to   space 21824K,   0% used [0x00000000e6ab0000, 0x00000000e6ab0000, 0x00000000e8000000)
 concurrent mark-sweep generation total 393216K, used 183668K [0x00000000e8000000, 0x0000000100000000, 0x0000000100000000)
 Metaspace       used 43221K, capacity 44519K, committed 44652K, reserved 1087488K
  class space    used 5306K, capacity 5615K, committed 5740K, reserved 1048576K
}
2018-10-31T21:26:35.827-0700: 97.353: Total time for which application threads were stopped: 0.0106470 seconds, Stopping threads took: 0.0000507 seconds
{Heap before GC invocations=182 (full 13):
 par new generation   total 109248K, used 109248K [0x00000000e0000000, 0x00000000e8000000, 0x00000000e8000000)
  eden space 87424K, 100% used [0x00000000e0000000, 0x00000000e5560000, 0x00000000e5560000)
  from space 21824K, 100% used [0x00000000e5560000, 0x00000000e6ab0000, 0x00000000e6ab0000)
  to   space 21824K,   0% used [0x00000000e6ab0000, 0x00000000e6ab0000, 0x00000000e8000000)
 concurrent mark-sweep generation total 393216K, used 183668K [0x00000000e8000000, 0x0000000100000000, 0x0000000100000000)
 Metaspace       used 43221K, capacity 44519K, committed 44652K, reserved 1087488K
  class space    used 5306K, capacity 5615K, committed 5740K, reserved 1048576K
2018-10-31T21:26:36.439-0700: 97.959: [GC (Allocation Failure) 2018-10-31T21:26:36.439-0700: 97.959: [ParNew
Desired survivor size 20112992 bytes, new threshold 8 (max 8)
- age   1:   10648936 bytes,   10648936 total
- age   2:    1832984 bytes,   12481920 total
- age   3:    1880072 bytes,   14361992 total
- age   4:    1725496 bytes,   16087488 total
- age   5:    2987752 bytes,   19075240 total
: 109248K->21824K(109248K), 0.0124565 secs] 292916K->218153K(502464K), 0.0125108 secs] [Times: user=0.00 sys=0.00, real=0.00 secs] 
Heap after GC invocations=183 (full 13):
 par new generation   total 109248K, used 21824K [0x00000000e0000000, 0x00000000e8000000, 0x00000000e8000000)
  eden space 87424K,   0% used [0x00000000e0000000, 0x00000000e0000000, 0x00000000e5560000)
  from space 21824K, 100% used [0x00000000e6ab0000, 0x00000000e8000000, 0x00000000e8000000)
  to   space 21824K,   0% used [0x00000000e5560000, 0x00000000e5560000, 0x00000000e6ab0000)
 concurrent mark-sweep generation total 393216K, used 196329K [0x00000000e8000000, 0x0000000100000000, 0x0000000100000000)
 Metaspace       used 43221K, capacity 44519K, committed 44652K, reserved 1087488K
  class space    used 5306K, capacity 5615K, committed 5740K, reserved 1048576K
}
2018-10-31T21:26:36.439-0700: 97.971: Total time for which application threads were stopped: 0.0127417 seconds, Stopping threads took: 0.0000682 seconds
{Heap before GC invocations=183 (full 13):
 par new generation   total 109248K, used 109248K [0x00000000e0000000, 0x00000000e8000000, 0x00000000e8000000)
  eden space 87424K, 100% used [0x00000000e0000000, 0x00000000e5560000, 0x00000000e5560000)
  from space 21824K, 100% used [0x00000000e6ab0000, 0x00000000e8000000, 0x00000000e8000000)
  to   space 21824K,   0% used [0x00000000e5560000, 0x00000000e5560000, 0x00000000e6ab0000)
 concurrent mark-sweep generation total 393216K, used 196329K [0x00000000e8000000, 0x0000000100000000, 0x0000000100000000)
 Metaspace       used 43221K, capacity 44519K, committed 44652K, reserved 1087488K
  class space    used 5306K, capacity 5615K, committed 5740K, reserved 1048576K
2018-10-31T21:26:37.001-0700: 98.530: [GC (Allocation Failure) 2018-10-31T21:26:37.001-0700: 98.530: [ParNew
Desired survivor size 20112992 bytes, new threshold 6 (max 8)
- age   1:   11546120 bytes,   11546120 total
- age   2:    1769512 bytes,   13315632 total
- age   3:    1775128 bytes,   15090760 total
- age   4:    1822336 bytes,   16913096 total
- age   5:    1632312 bytes,   18545408 total
- age   6:    2964064 bytes,   21509472 total
: 109248K->21824K(109248K), 0.0122585 secs] 305577K->227007K(502464K), 0.0123161 secs] [Times: user=0.06 sys=0.00, real=0.02 secs] 
Heap after GC invocations=184 (full 13):
 par new generation   total 109248K, used 21824K [0x00000000e0000000, 0x00000000e8000000, 0x00000000e8000000)
  eden space 87424K,   0% used [0x00000000e0000000, 0x00000000e0000000, 0x00000000e5560000)
  from space 21824K, 100% used [0x00000000e5560000, 0x00000000e6ab0000, 0x00000000e6ab0000)
  to   space 21824K,   0% used [0x00000000e6ab0000, 0x00000000e6ab0000, 0x00000000e8000000)
 concurrent mark-sweep generation total 393216K, used 205183K [0x00000000e8000000, 0x0000000100000000, 0x0000000100000000)
 Metaspace       used 43221K, capacity 44519K, committed 44652K, reserved 1087488K
  class space    used 5306K, capacity 5615K, committed 5740K, reserved 1048576K
}
2018-10-31T21:26:37.017-0700: 98.542: Total time for which application threads were stopped: 0.0125801 seconds, Stopping threads took: 0.0000645 seconds
2018-10-31T21:26:37.017-0700: 98.542: [GC (CMS Initial Mark) [1 CMS-initial-mark: 205183K(393216K)] 227970K(502464K), 0.0017121 secs] [Times: user=0.00 sys=0.00, real=0.00 secs] 
2018-10-31T21:26:37.017-0700: 98.544: Total time for which application threads were stopped: 0.0018369 seconds, Stopping threads took: 0.0000387 seconds
2018-10-31T21:26:37.017-0700: 98.544: [CMS-concurrent-mark-start]
2018-10-31T21:26:37.032-0700: 98.560: [CMS-concurrent-mark: 0.016/0.016 secs] [Times: user=0.08 sys=0.00, real=0.02 secs] 
2018-10-31T21:26:37.032-0700: 98.560: [CMS-concurrent-preclean-start]
2018-10-31T21:26:37.032-0700: 98.562: [CMS-concurrent-preclean: 0.002/0.002 secs] [Times: user=0.00 sys=0.00, real=0.00 secs] 
2018-10-31T21:26:37.032-0700: 98.562: [GC (CMS Final Remark) [YG occupancy: 23564 K (109248 K)]{Heap before GC invocations=184 (full 14):
 par new generation   total 109248K, used 23564K [0x00000000e0000000, 0x00000000e8000000, 0x00000000e8000000)
  eden space 87424K,   1% used [0x00000000e0000000, 0x00000000e01b3068, 0x00000000e5560000)
  from space 21824K, 100% used [0x00000000e5560000, 0x00000000e6ab0000, 0x00000000e6ab0000)
  to   space 21824K,   0% used [0x00000000e6ab0000, 0x00000000e6ab0000, 0x00000000e8000000)
 concurrent mark-sweep generation total 393216K, used 205183K [0x00000000e8000000, 0x0000000100000000, 0x0000000100000000)
 Metaspace       used 43221K, capacity 44519K, committed 44652K, reserved 1087488K
  class space    used 5306K, capacity 5615K, committed 5740K, reserved 1048576K
2018-10-31T21:26:37.032-0700: 98.562: [GC (CMS Final Remark) 2018-10-31T21:26:37.032-0700: 98.562: [ParNew
Desired survivor size 20112992 bytes, new threshold 8 (max 8)
- age   1:     138448 bytes,     138448 total
- age   2:   10787976 bytes,   10926424 total
- age   3:    1760480 bytes,   12686904 total
- age   4:    1767888 bytes,   14454792 total
- age   5:    1814312 bytes,   16269104 total
- age   6:    1629464 bytes,   17898568 total
: 23564K->21824K(109248K), 0.0088907 secs] 228747K->230740K(502464K), 0.0089465 secs] [Times: user=0.06 sys=0.00, real=0.02 secs] 
Heap after GC invocations=185 (full 14):
 par new generation   total 109248K, used 21824K [0x00000000e0000000, 0x00000000e8000000, 0x00000000e8000000)
  eden space 87424K,   0% used [0x00000000e0000000, 0x00000000e0000000, 0x00000000e5560000)
  from space 21824K, 100% used [0x00000000e6ab0000, 0x00000000e8000000, 0x00000000e8000000)
  to   space 21824K,   0% used [0x00000000e5560000, 0x00000000e5560000, 0x00000000e6ab0000)
 concurrent mark-sweep generation total 393216K, used 208916K [0x00000000e8000000, 0x0000000100000000, 0x0000000100000000)
 Metaspace       used 43221K, capacity 44519K, committed 44652K, reserved 1087488K
  class space    used 5306K, capacity 5615K, committed 5740K, reserved 1048576K
}
2018-10-31T21:26:37.048-0700: 98.571: [Rescan (parallel) , 0.0025104 secs]2018-10-31T21:26:37.048-0700: 98.573: [weak refs processing, 0.0009073 secs]2018-10-31T21:26:37.048-0700: 98.574: [class unloading, 0.0069390 secs]2018-10-31T21:26:37.064-0700: 98.581: [scrub symbol table, 0.0054726 secs]2018-10-31T21:26:37.064-0700: 98.587: [scrub string table, 0.0004197 secs][1 CMS-remark: 208916K(393216K)] 230740K(502464K), 0.0256708 secs] [Times: user=0.08 sys=0.00, real=0.03 secs] 
2018-10-31T21:26:37.064-0700: 98.588: Total time for which application threads were stopped: 0.0259075 seconds, Stopping threads took: 0.0001309 seconds
2018-10-31T21:26:37.064-0700: 98.588: [CMS-concurrent-sweep-start]
2018-10-31T21:26:37.079-0700: 98.609: [CMS-concurrent-sweep: 0.021/0.021 secs] [Times: user=0.02 sys=0.02, real=0.02 secs] 
2018-10-31T21:26:37.079-0700: 98.609: [CMS-concurrent-reset-start]
2018-10-31T21:26:37.079-0700: 98.609: [CMS-concurrent-reset: 0.000/0.000 secs] [Times: user=0.00 sys=0.00, real=0.00 secs] 
{Heap before GC invocations=185 (full 14):
 par new generation   total 109248K, used 109248K [0x00000000e0000000, 0x00000000e8000000, 0x00000000e8000000)
  eden space 87424K, 100% used [0x00000000e0000000, 0x00000000e5560000, 0x00000000e5560000)
  from space 21824K, 100% used [0x00000000e6ab0000, 0x00000000e8000000, 0x00000000e8000000)
  to   space 21824K,   0% used [0x00000000e5560000, 0x00000000e5560000, 0x00000000e6ab0000)
 concurrent mark-sweep generation total 393216K, used 87477K [0x00000000e8000000, 0x0000000100000000, 0x0000000100000000)
 Metaspace       used 43221K, capacity 44519K, committed 44652K, reserved 1087488K
  class space    used 5306K, capacity 5615K, committed 5740K, reserved 1048576K
2018-10-31T21:26:37.737-0700: 99.254: [GC (Allocation Failure) 2018-10-31T21:26:37.737-0700: 99.254: [ParNew
Desired survivor size 20112992 bytes, new threshold 6 (max 8)
- age   1:    8255848 bytes,    8255848 total
- age   2:      39720 bytes,    8295568 total
- age   3:    7531424 bytes,   15826992 total
- age   4:    1343880 bytes,   17170872 total
- age   5:    1753776 bytes,   18924648 total
- age   6:    1753640 bytes,   20678288 total
- age   7:    1595448 bytes,   22273736 total
: 109248K->21824K(109248K), 0.0161495 secs] 196725K->115686K(502464K), 0.0162170 secs] [Times: user=0.06 sys=0.00, real=0.02 secs] 
Heap after GC invocations=186 (full 14):
 par new generation   total 109248K, used 21824K [0x00000000e0000000, 0x00000000e8000000, 0x00000000e8000000)
  eden space 87424K,   0% used [0x00000000e0000000, 0x00000000e0000000, 0x00000000e5560000)
  from space 21824K, 100% used [0x00000000e5560000, 0x00000000e6ab0000, 0x00000000e6ab0000)
  to   space 21824K,   0% used [0x00000000e6ab0000, 0x00000000e6ab0000, 0x00000000e8000000)
 concurrent mark-sweep generation total 393216K, used 93862K [0x00000000e8000000, 0x0000000100000000, 0x0000000100000000)
 Metaspace       used 43221K, capacity 44519K, committed 44652K, reserved 1087488K
  class space    used 5306K, capacity 5615K, committed 5740K, reserved 1048576K
}
2018-10-31T21:26:37.753-0700: 99.270: Total time for which application threads were stopped: 0.0165251 seconds, Stopping threads took: 0.0000416 seconds
{Heap before GC invocations=186 (full 14):
 par new generation   total 109248K, used 109248K [0x00000000e0000000, 0x00000000e8000000, 0x00000000e8000000)
  eden space 87424K, 100% used [0x00000000e0000000, 0x00000000e5560000, 0x00000000e5560000)
  from space 21824K, 100% used [0x00000000e5560000, 0x00000000e6ab0000, 0x00000000e6ab0000)
  to   space 21824K,   0% used [0x00000000e6ab0000, 0x00000000e6ab0000, 0x00000000e8000000)
 concurrent mark-sweep generation total 393216K, used 93862K [0x00000000e8000000, 0x0000000100000000, 0x0000000100000000)
 Metaspace       used 43221K, capacity 44519K, committed 44652K, reserved 1087488K
  class space    used 5306K, capacity 5615K, committed 5740K, reserved 1048576K
2018-10-31T21:26:38.345-0700: 99.872: [GC (Allocation Failure) 2018-10-31T21:26:38.345-0700: 99.872: [ParNew
Desired survivor size 20112992 bytes, new threshold 5 (max 8)
- age   1:   10802280 bytes,   10802280 total
- age   2:    5484056 bytes,   16286336 total
- age   3:      39720 bytes,   16326056 total
- age   4:    2869976 bytes,   19196032 total
- age   5:    1343760 bytes,   20539792 total
- age   6:    1753432 bytes,   22293224 total
: 109248K->21824K(109248K), 0.0129977 secs] 203110K->129105K(502464K), 0.0130611 secs] [Times: user=0.06 sys=0.00, real=0.02 secs] 
Heap after GC invocations=187 (full 14):
 par new generation   total 109248K, used 21824K [0x00000000e0000000, 0x00000000e8000000, 0x00000000e8000000)
  eden space 87424K,   0% used [0x00000000e0000000, 0x00000000e0000000, 0x00000000e5560000)
  from space 21824K, 100% used [0x00000000e6ab0000, 0x00000000e8000000, 0x00000000e8000000)
  to   space 21824K,   0% used [0x00000000e5560000, 0x00000000e5560000, 0x00000000e6ab0000)
 concurrent mark-sweep generation total 393216K, used 107281K [0x00000000e8000000, 0x0000000100000000, 0x0000000100000000)
 Metaspace       used 43221K, capacity 44519K, committed 44652K, reserved 1087488K
  class space    used 5306K, capacity 5615K, committed 5740K, reserved 1048576K
}
2018-10-31T21:26:38.361-0700: 99.885: Total time for which application threads were stopped: 0.0133029 seconds, Stopping threads took: 0.0000733 seconds
{Heap before GC invocations=187 (full 14):
 par new generation   total 109248K, used 109248K [0x00000000e0000000, 0x00000000e8000000, 0x00000000e8000000)
  eden space 87424K, 100% used [0x00000000e0000000, 0x00000000e5560000, 0x00000000e5560000)
  from space 21824K, 100% used [0x00000000e6ab0000, 0x00000000e8000000, 0x00000000e8000000)
  to   space 21824K,   0% used [0x00000000e5560000, 0x00000000e5560000, 0x00000000e6ab0000)
 concurrent mark-sweep generation total 393216K, used 107281K [0x00000000e8000000, 0x0000000100000000, 0x0000000100000000)
 Metaspace       used 43221K, capacity 44519K, committed 44652K, reserved 1087488K
  class space    used 5306K, capacity 5615K, committed 5740K, reserved 1048576K
2018-10-31T21:26:39.001-0700: 100.526: [GC (Allocation Failure) 2018-10-31T21:26:39.001-0700: 100.526: [ParNew
Desired survivor size 20112992 bytes, new threshold 5 (max 8)
- age   1:    4713232 bytes,    4713232 total
- age   2:    9426880 bytes,   14140112 total
- age   3:    5429488 bytes,   19569600 total
- age   4:      39232 bytes,   19608832 total
- age   5:    2709792 bytes,   22318624 total
: 109248K->21824K(109248K), 0.0130057 secs] 216529K->140430K(502464K), 0.0130640 secs] [Times: user=0.06 sys=0.00, real=0.02 secs] 
Heap after GC invocations=188 (full 14):
 par new generation   total 109248K, used 21824K [0x00000000e0000000, 0x00000000e8000000, 0x00000000e8000000)
  eden space 87424K,   0% used [0x00000000e0000000, 0x00000000e0000000, 0x00000000e5560000)
  from space 21824K, 100% used [0x00000000e5560000, 0x00000000e6ab0000, 0x00000000e6ab0000)
  to   space 21824K,   0% used [0x00000000e6ab0000, 0x00000000e6ab0000, 0x00000000e8000000)
 concurrent mark-sweep generation total 393216K, used 118606K [0x00000000e8000000, 0x0000000100000000, 0x0000000100000000)
 Metaspace       used 43221K, capacity 44519K, committed 44652K, reserved 1087488K
  class space    used 5306K, capacity 5615K, committed 5740K, reserved 1048576K
}
2018-10-31T21:26:39.017-0700: 100.540: Total time for which application threads were stopped: 0.0132537 seconds, Stopping threads took: 0.0000390 seconds
{Heap before GC invocations=188 (full 14):
 par new generation   total 109248K, used 109248K [0x00000000e0000000, 0x00000000e8000000, 0x00000000e8000000)
  eden space 87424K, 100% used [0x00000000e0000000, 0x00000000e5560000, 0x00000000e5560000)
  from space 21824K, 100% used [0x00000000e5560000, 0x00000000e6ab0000, 0x00000000e6ab0000)
  to   space 21824K,   0% used [0x00000000e6ab0000, 0x00000000e6ab0000, 0x00000000e8000000)
 concurrent mark-sweep generation total 393216K, used 118606K [0x00000000e8000000, 0x0000000100000000, 0x0000000100000000)
 Metaspace       used 43221K, capacity 44519K, committed 44652K, reserved 1087488K
  class space    used 5306K, capacity 5615K, committed 5740K, reserved 1048576K
2018-10-31T21:26:39.641-0700: 101.168: [GC (Allocation Failure) 2018-10-31T21:26:39.641-0700: 101.168: [ParNew
Desired survivor size 20112992 bytes, new threshold 4 (max 8)
- age   1:   10144248 bytes,   10144248 total
- age   2:    2866344 bytes,   13010592 total
- age   3:    5307952 bytes,   18318544 total
- age   4:    3960544 bytes,   22279088 total
- age   5:       5536 bytes,   22284624 total
: 109248K->21824K(109248K), 0.0136326 secs] 227854K->154188K(502464K), 0.0136949 secs] [Times: user=0.06 sys=0.00, real=0.02 secs] 
Heap after GC invocations=189 (full 14):
 par new generation   total 109248K, used 21824K [0x00000000e0000000, 0x00000000e8000000, 0x00000000e8000000)
  eden space 87424K,   0% used [0x00000000e0000000, 0x00000000e0000000, 0x00000000e5560000)
  from space 21824K, 100% used [0x00000000e6ab0000, 0x00000000e8000000, 0x00000000e8000000)
  to   space 21824K,   0% used [0x00000000e5560000, 0x00000000e5560000, 0x00000000e6ab0000)
 concurrent mark-sweep generation total 393216K, used 132364K [0x00000000e8000000, 0x0000000100000000, 0x0000000100000000)
 Metaspace       used 43221K, capacity 44519K, committed 44652K, reserved 1087488K
  class space    used 5306K, capacity 5615K, committed 5740K, reserved 1048576K
}
2018-10-31T21:26:39.657-0700: 101.182: Total time for which application threads were stopped: 0.0138740 seconds, Stopping threads took: 0.0000274 seconds
{Heap before GC invocations=189 (full 14):
 par new generation   total 109248K, used 109248K [0x00000000e0000000, 0x00000000e8000000, 0x00000000e8000000)
  eden space 87424K, 100% used [0x00000000e0000000, 0x00000000e5560000, 0x00000000e5560000)
  from space 21824K, 100% used [0x00000000e6ab0000, 0x00000000e8000000, 0x00000000e8000000)
  to   space 21824K,   0% used [0x00000000e5560000, 0x00000000e5560000, 0x00000000e6ab0000)
 concurrent mark-sweep generation total 393216K, used 132364K [0x00000000e8000000, 0x0000000100000000, 0x0000000100000000)
 Metaspace       used 43228K, capacity 44519K, committed 44652K, reserved 1087488K
  class space    used 5306K, capacity 5615K, committed 5740K, reserved 1048576K
2018-10-31T21:26:40.268-0700: 101.795: [GC (Allocation Failure) 2018-10-31T21:26:40.268-0700: 101.795: [ParNew
Desired survivor size 20112992 bytes, new threshold 4 (max 8)
- age   1:    9641288 bytes,    9641288 total
- age   2:    6758888 bytes,   16400176 total
- age   3:    2177384 bytes,   18577560 total
- age   4:    3448128 bytes,   22025688 total
: 109248K->21824K(109248K), 0.0122997 secs] 241612K->167695K(502464K), 0.0123733 secs] [Times: user=0.06 sys=0.00, real=0.02 secs] 
Heap after GC invocations=190 (full 14):
 par new generation   total 109248K, used 21824K [0x00000000e0000000, 0x00000000e8000000, 0x00000000e8000000)
  eden space 87424K,   0% used [0x00000000e0000000, 0x00000000e0000000, 0x00000000e5560000)
  from space 21824K, 100% used [0x00000000e5560000, 0x00000000e6ab0000, 0x00000000e6ab0000)
  to   space 21824K,   0% used [0x00000000e6ab0000, 0x00000000e6ab0000, 0x00000000e8000000)
 concurrent mark-sweep generation total 393216K, used 145871K [0x00000000e8000000, 0x0000000100000000, 0x0000000100000000)
 Metaspace       used 43228K, capacity 44519K, committed 44652K, reserved 1087488K
  class space    used 5306K, capacity 5615K, committed 5740K, reserved 1048576K
}
2018-10-31T21:26:40.284-0700: 101.807: Total time for which application threads were stopped: 0.0125808 seconds, Stopping threads took: 0.0000514 seconds
{Heap before GC invocations=190 (full 14):
 par new generation   total 109248K, used 109248K [0x00000000e0000000, 0x00000000e8000000, 0x00000000e8000000)
  eden space 87424K, 100% used [0x00000000e0000000, 0x00000000e5560000, 0x00000000e5560000)
  from space 21824K, 100% used [0x00000000e5560000, 0x00000000e6ab0000, 0x00000000e6ab0000)
  to   space 21824K,   0% used [0x00000000e6ab0000, 0x00000000e6ab0000, 0x00000000e8000000)
 concurrent mark-sweep generation total 393216K, used 145871K [0x00000000e8000000, 0x0000000100000000, 0x0000000100000000)
 Metaspace       used 43228K, capacity 44519K, committed 44652K, reserved 1087488K
  class space    used 5306K, capacity 5615K, committed 5740K, reserved 1048576K
2018-10-31T21:26:40.895-0700: 102.414: [GC (Allocation Failure) 2018-10-31T21:26:40.895-0700: 102.414: [ParNew
Desired survivor size 20112992 bytes, new threshold 4 (max 8)
- age   1:    9435808 bytes,    9435808 total
- age   2:    6490136 bytes,   15925944 total
- age   3:    3406704 bytes,   19332648 total
- age   4:    2138504 bytes,   21471152 total
: 109248K->21824K(109248K), 0.0123048 secs] 255119K->182251K(502464K), 0.0123817 secs] [Times: user=0.00 sys=0.00, real=0.00 secs] 
Heap after GC invocations=191 (full 14):
 par new generation   total 109248K, used 21824K [0x00000000e0000000, 0x00000000e8000000, 0x00000000e8000000)
  eden space 87424K,   0% used [0x00000000e0000000, 0x00000000e0000000, 0x00000000e5560000)
  from space 21824K, 100% used [0x00000000e6ab0000, 0x00000000e8000000, 0x00000000e8000000)
  to   space 21824K,   0% used [0x00000000e5560000, 0x00000000e5560000, 0x00000000e6ab0000)
 concurrent mark-sweep generation total 393216K, used 160427K [0x00000000e8000000, 0x0000000100000000, 0x0000000100000000)
 Metaspace       used 43228K, capacity 44519K, committed 44652K, reserved 1087488K
  class space    used 5306K, capacity 5615K, committed 5740K, reserved 1048576K
}
2018-10-31T21:26:40.895-0700: 102.426: Total time for which application threads were stopped: 0.0125652 seconds, Stopping threads took: 0.0000394 seconds
{Heap before GC invocations=191 (full 14):
 par new generation   total 109248K, used 109248K [0x00000000e0000000, 0x00000000e8000000, 0x00000000e8000000)
  eden space 87424K, 100% used [0x00000000e0000000, 0x00000000e5560000, 0x00000000e5560000)
  from space 21824K, 100% used [0x00000000e6ab0000, 0x00000000e8000000, 0x00000000e8000000)
  to   space 21824K,   0% used [0x00000000e5560000, 0x00000000e5560000, 0x00000000e6ab0000)
 concurrent mark-sweep generation total 393216K, used 160427K [0x00000000e8000000, 0x0000000100000000, 0x0000000100000000)
 Metaspace       used 43228K, capacity 44519K, committed 44652K, reserved 1087488K
  class space    used 5306K, capacity 5615K, committed 5740K, reserved 1048576K
2018-10-31T21:26:41.516-0700: 103.039: [GC (Allocation Failure) 2018-10-31T21:26:41.516-0700: 103.039: [ParNew
Desired survivor size 20112992 bytes, new threshold 8 (max 8)
- age   1:    5611456 bytes,    5611456 total
- age   2:    4701872 bytes,   10313328 total
- age   3:    6230416 bytes,   16543744 total
- age   4:    2759896 bytes,   19303640 total
: 109248K->21824K(109248K), 0.0131122 secs] 269675K->194176K(502464K), 0.0131658 secs] [Times: user=0.06 sys=0.00, real=0.02 secs] 
Heap after GC invocations=192 (full 14):
 par new generation   total 109248K, used 21824K [0x00000000e0000000, 0x00000000e8000000, 0x00000000e8000000)
  eden space 87424K,   0% used [0x00000000e0000000, 0x00000000e0000000, 0x00000000e5560000)
  from space 21824K, 100% used [0x00000000e5560000, 0x00000000e6ab0000, 0x00000000e6ab0000)
  to   space 21824K,   0% used [0x00000000e6ab0000, 0x00000000e6ab0000, 0x00000000e8000000)
 concurrent mark-sweep generation total 393216K, used 172352K [0x00000000e8000000, 0x0000000100000000, 0x0000000100000000)
 Metaspace       used 43228K, capacity 44519K, committed 44652K, reserved 1087488K
  class space    used 5306K, capacity 5615K, committed 5740K, reserved 1048576K
}
2018-10-31T21:26:41.532-0700: 103.052: Total time for which application threads were stopped: 0.0134353 seconds, Stopping threads took: 0.0000729 seconds
{Heap before GC invocations=192 (full 14):
 par new generation   total 109248K, used 109248K [0x00000000e0000000, 0x00000000e8000000, 0x00000000e8000000)
  eden space 87424K, 100% used [0x00000000e0000000, 0x00000000e5560000, 0x00000000e5560000)
  from space 21824K, 100% used [0x00000000e5560000, 0x00000000e6ab0000, 0x00000000e6ab0000)
  to   space 21824K,   0% used [0x00000000e6ab0000, 0x00000000e6ab0000, 0x00000000e8000000)
 concurrent mark-sweep generation total 393216K, used 172352K [0x00000000e8000000, 0x0000000100000000, 0x0000000100000000)
 Metaspace       used 43228K, capacity 44519K, committed 44652K, reserved 1087488K
  class space    used 5306K, capacity 5615K, committed 5740K, reserved 1048576K
2018-10-31T21:26:42.125-0700: 103.647: [GC (Allocation Failure) 2018-10-31T21:26:42.125-0700: 103.647: [ParNew
Desired survivor size 20112992 bytes, new threshold 5 (max 8)
- age   1:   10038256 bytes,   10038256 total
- age   2:    3425456 bytes,   13463712 total
- age   3:    3842992 bytes,   17306704 total
- age   4:    1641032 bytes,   18947736 total
- age   5:    2759520 bytes,   21707256 total
: 109248K->21824K(109248K), 0.0120244 secs] 281600K->203018K(502464K), 0.0120918 secs] [Times: user=0.00 sys=0.00, real=0.02 secs] 
Heap after GC invocations=193 (full 14):
 par new generation   total 109248K, used 21824K [0x00000000e0000000, 0x00000000e8000000, 0x00000000e8000000)
  eden space 87424K,   0% used [0x00000000e0000000, 0x00000000e0000000, 0x00000000e5560000)
  from space 21824K, 100% used [0x00000000e6ab0000, 0x00000000e8000000, 0x00000000e8000000)
  to   space 21824K,   0% used [0x00000000e5560000, 0x00000000e5560000, 0x00000000e6ab0000)
 concurrent mark-sweep generation total 393216K, used 181194K [0x00000000e8000000, 0x0000000100000000, 0x0000000100000000)
 Metaspace       used 43228K, capacity 44519K, committed 44652K, reserved 1087488K
  class space    used 5306K, capacity 5615K, committed 5740K, reserved 1048576K
}
2018-10-31T21:26:42.141-0700: 103.659: Total time for which application threads were stopped: 0.0122745 seconds, Stopping threads took: 0.0000263 seconds
{Heap before GC invocations=193 (full 14):
 par new generation   total 109248K, used 109247K [0x00000000e0000000, 0x00000000e8000000, 0x00000000e8000000)
  eden space 87424K,  99% used [0x00000000e0000000, 0x00000000e555fd68, 0x00000000e5560000)
  from space 21824K, 100% used [0x00000000e6ab0000, 0x00000000e8000000, 0x00000000e8000000)
  to   space 21824K,   0% used [0x00000000e5560000, 0x00000000e5560000, 0x00000000e6ab0000)
 concurrent mark-sweep generation total 393216K, used 181194K [0x00000000e8000000, 0x0000000100000000, 0x0000000100000000)
 Metaspace       used 43228K, capacity 44519K, committed 44652K, reserved 1087488K
  class space    used 5306K, capacity 5615K, committed 5740K, reserved 1048576K
2018-10-31T21:26:42.914-0700: 104.435: [GC (Allocation Failure) 2018-10-31T21:26:42.914-0700: 104.435: [ParNew
Desired survivor size 20112992 bytes, new threshold 5 (max 8)
- age   1:    5801456 bytes,    5801456 total
- age   2:    8047056 bytes,   13848512 total
- age   3:    3067456 bytes,   16915968 total
- age   4:    2573560 bytes,   19489528 total
- age   5:    1573512 bytes,   21063040 total
: 109247K->21824K(109248K), 0.0116229 secs] 290442K->211870K(502464K), 0.0116812 secs] [Times: user=0.00 sys=0.00, real=0.00 secs] 
Heap after GC invocations=194 (full 14):
 par new generation   total 109248K, used 21824K [0x00000000e0000000, 0x00000000e8000000, 0x00000000e8000000)
  eden space 87424K,   0% used [0x00000000e0000000, 0x00000000e0000000, 0x00000000e5560000)
  from space 21824K, 100% used [0x00000000e5560000, 0x00000000e6ab0000, 0x00000000e6ab0000)
  to   space 21824K,   0% used [0x00000000e6ab0000, 0x00000000e6ab0000, 0x00000000e8000000)
 concurrent mark-sweep generation total 393216K, used 190046K [0x00000000e8000000, 0x0000000100000000, 0x0000000100000000)
 Metaspace       used 43228K, capacity 44519K, committed 44652K, reserved 1087488K
  class space    used 5306K, capacity 5615K, committed 5740K, reserved 1048576K
}
2018-10-31T21:26:42.914-0700: 104.446: Total time for which application threads were stopped: 0.0118675 seconds, Stopping threads took: 0.0000266 seconds
{Heap before GC invocations=194 (full 14):
 par new generation   total 109248K, used 109248K [0x00000000e0000000, 0x00000000e8000000, 0x00000000e8000000)
  eden space 87424K, 100% used [0x00000000e0000000, 0x00000000e5560000, 0x00000000e5560000)
  from space 21824K, 100% used [0x00000000e5560000, 0x00000000e6ab0000, 0x00000000e6ab0000)
  to   space 21824K,   0% used [0x00000000e6ab0000, 0x00000000e6ab0000, 0x00000000e8000000)
 concurrent mark-sweep generation total 393216K, used 190046K [0x00000000e8000000, 0x0000000100000000, 0x0000000100000000)
 Metaspace       used 43228K, capacity 44519K, committed 44652K, reserved 1087488K
  class space    used 5306K, capacity 5615K, committed 5740K, reserved 1048576K
2018-10-31T21:26:43.235-0700: 104.756: [GC (Allocation Failure) 2018-10-31T21:26:43.235-0700: 104.756: [ParNew
Desired survivor size 20112992 bytes, new threshold 8 (max 8)
- age   1:      85400 bytes,      85400 total
- age   2:    4988720 bytes,    5074120 total
- age   3:    8046904 bytes,   13121024 total
- age   4:    3066816 bytes,   16187840 total
- age   5:    2573264 bytes,   18761104 total
: 109248K->21824K(109248K), 0.0085228 secs] 299294K->214202K(502464K), 0.0086059 secs] [Times: user=0.00 sys=0.00, real=0.00 secs] 
Heap after GC invocations=195 (full 14):
 par new generation   total 109248K, used 21824K [0x00000000e0000000, 0x00000000e8000000, 0x00000000e8000000)
  eden space 87424K,   0% used [0x00000000e0000000, 0x00000000e0000000, 0x00000000e5560000)
  from space 21824K, 100% used [0x00000000e6ab0000, 0x00000000e8000000, 0x00000000e8000000)
  to   space 21824K,   0% used [0x00000000e5560000, 0x00000000e5560000, 0x00000000e6ab0000)
 concurrent mark-sweep generation total 393216K, used 192378K [0x00000000e8000000, 0x0000000100000000, 0x0000000100000000)
 Metaspace       used 43228K, capacity 44519K, committed 44652K, reserved 1087488K
  class space    used 5306K, capacity 5615K, committed 5740K, reserved 1048576K
}
2018-10-31T21:26:43.235-0700: 104.764: Total time for which application threads were stopped: 0.0087857 seconds, Stopping threads took: 0.0000252 seconds
{Heap before GC invocations=195 (full 14):
 par new generation   total 109248K, used 109248K [0x00000000e0000000, 0x00000000e8000000, 0x00000000e8000000)
  eden space 87424K, 100% used [0x00000000e0000000, 0x00000000e5560000, 0x00000000e5560000)
  from space 21824K, 100% used [0x00000000e6ab0000, 0x00000000e8000000, 0x00000000e8000000)
  to   space 21824K,   0% used [0x00000000e5560000, 0x00000000e5560000, 0x00000000e6ab0000)
 concurrent mark-sweep generation total 393216K, used 192378K [0x00000000e8000000, 0x0000000100000000, 0x0000000100000000)
 Metaspace       used 43228K, capacity 44519K, committed 44652K, reserved 1087488K
  class space    used 5306K, capacity 5615K, committed 5740K, reserved 1048576K
2018-10-31T21:26:43.563-0700: 105.094: [GC (Allocation Failure) 2018-10-31T21:26:43.563-0700: 105.094: [ParNew
Desired survivor size 20112992 bytes, new threshold 8 (max 8)
- age   1:      37752 bytes,      37752 total
- age   2:       2136 bytes,      39888 total
- age   3:    3699200 bytes,    3739088 total
- age   4:    8029216 bytes,   11768304 total
- age   5:    3047256 bytes,   14815560 total
- age   6:    2530992 bytes,   17346552 total
: 109248K->21824K(109248K), 0.0083200 secs] 301626K->215519K(502464K), 0.0083948 secs] [Times: user=0.06 sys=0.00, real=0.02 secs] 
Heap after GC invocations=196 (full 14):
 par new generation   total 109248K, used 21824K [0x00000000e0000000, 0x00000000e8000000, 0x00000000e8000000)
  eden space 87424K,   0% used [0x00000000e0000000, 0x00000000e0000000, 0x00000000e5560000)
  from space 21824K, 100% used [0x00000000e5560000, 0x00000000e6ab0000, 0x00000000e6ab0000)
  to   space 21824K,   0% used [0x00000000e6ab0000, 0x00000000e6ab0000, 0x00000000e8000000)
 concurrent mark-sweep generation total 393216K, used 193695K [0x00000000e8000000, 0x0000000100000000, 0x0000000100000000)
 Metaspace       used 43228K, capacity 44519K, committed 44652K, reserved 1087488K
  class space    used 5306K, capacity 5615K, committed 5740K, reserved 1048576K
}
2018-10-31T21:26:43.579-0700: 105.103: Total time for which application threads were stopped: 0.0086985 seconds, Stopping threads took: 0.0000419 seconds
{Heap before GC invocations=196 (full 14):
 par new generation   total 109248K, used 109248K [0x00000000e0000000, 0x00000000e8000000, 0x00000000e8000000)
  eden space 87424K, 100% used [0x00000000e0000000, 0x00000000e5560000, 0x00000000e5560000)
  from space 21824K, 100% used [0x00000000e5560000, 0x00000000e6ab0000, 0x00000000e6ab0000)
  to   space 21824K,   0% used [0x00000000e6ab0000, 0x00000000e6ab0000, 0x00000000e8000000)
 concurrent mark-sweep generation total 393216K, used 193695K [0x00000000e8000000, 0x0000000100000000, 0x0000000100000000)
 Metaspace       used 43228K, capacity 44519K, committed 44652K, reserved 1087488K
  class space    used 5306K, capacity 5615K, committed 5740K, reserved 1048576K
2018-10-31T21:26:43.840-0700: 105.361: [GC (Allocation Failure) 2018-10-31T21:26:43.840-0700: 105.361: [ParNew
Desired survivor size 20112992 bytes, new threshold 8 (max 8)
- age   1:      63440 bytes,      63440 total
- age   2:       2080 bytes,      65520 total
- age   3:       2136 bytes,      67656 total
- age   4:    3699200 bytes,    3766856 total
- age   5:    8028384 bytes,   11795240 total
- age   6:    3047256 bytes,   14842496 total
- age   7:    2531016 bytes,   17373512 total
: 109248K->21824K(109248K), 0.0073759 secs] 302943K->215519K(502464K), 0.0074670 secs] [Times: user=0.00 sys=0.00, real=0.00 secs] 
Heap after GC invocations=197 (full 14):
 par new generation   total 109248K, used 21824K [0x00000000e0000000, 0x00000000e8000000, 0x00000000e8000000)
  eden space 87424K,   0% used [0x00000000e0000000, 0x00000000e0000000, 0x00000000e5560000)
  from space 21824K, 100% used [0x00000000e6ab0000, 0x00000000e8000000, 0x00000000e8000000)
  to   space 21824K,   0% used [0x00000000e5560000, 0x00000000e5560000, 0x00000000e6ab0000)
 concurrent mark-sweep generation total 393216K, used 193695K [0x00000000e8000000, 0x0000000100000000, 0x0000000100000000)
 Metaspace       used 43228K, capacity 44519K, committed 44652K, reserved 1087488K
  class space    used 5306K, capacity 5615K, committed 5740K, reserved 1048576K
}
2018-10-31T21:26:43.840-0700: 105.369: Total time for which application threads were stopped: 0.0077723 seconds, Stopping threads took: 0.0000252 seconds
2018-10-31T21:26:44.202-0700: 105.733: Total time for which application threads were stopped: 0.0000857 seconds, Stopping threads took: 0.0000226 seconds
{Heap before GC invocations=197 (full 14):
 par new generation   total 109248K, used 109248K [0x00000000e0000000, 0x00000000e8000000, 0x00000000e8000000)
  eden space 87424K, 100% used [0x00000000e0000000, 0x00000000e5560000, 0x00000000e5560000)
  from space 21824K, 100% used [0x00000000e6ab0000, 0x00000000e8000000, 0x00000000e8000000)
  to   space 21824K,   0% used [0x00000000e5560000, 0x00000000e5560000, 0x00000000e6ab0000)
 concurrent mark-sweep generation total 393216K, used 193695K [0x00000000e8000000, 0x0000000100000000, 0x0000000100000000)
 Metaspace       used 43230K, capacity 44519K, committed 44652K, reserved 1087488K
  class space    used 5306K, capacity 5615K, committed 5740K, reserved 1048576K
2018-10-31T21:26:44.311-0700: 105.837: [GC (Allocation Failure) 2018-10-31T21:26:44.311-0700: 105.837: [ParNew
Desired survivor size 20112992 bytes, new threshold 8 (max 8)
- age   1:    5169064 bytes,    5169064 total
- age   2:       1656 bytes,    5170720 total
- age   5:    2437360 bytes,    7608080 total
- age   6:    6541920 bytes,   14150000 total
- age   7:    3047176 bytes,   17197176 total
- age   8:    2530992 bytes,   19728168 total
: 109248K->21824K(109248K), 0.0079874 secs] 302943K->216846K(502464K), 0.0080443 secs] [Times: user=0.00 sys=0.00, real=0.02 secs] 
Heap after GC invocations=198 (full 14):
 par new generation   total 109248K, used 21824K [0x00000000e0000000, 0x00000000e8000000, 0x00000000e8000000)
  eden space 87424K,   0% used [0x00000000e0000000, 0x00000000e0000000, 0x00000000e5560000)
  from space 21824K, 100% used [0x00000000e5560000, 0x00000000e6ab0000, 0x00000000e6ab0000)
  to   space 21824K,   0% used [0x00000000e6ab0000, 0x00000000e6ab0000, 0x00000000e8000000)
 concurrent mark-sweep generation total 393216K, used 195022K [0x00000000e8000000, 0x0000000100000000, 0x0000000100000000)
 Metaspace       used 43230K, capacity 44519K, committed 44652K, reserved 1087488K
  class space    used 5306K, capacity 5615K, committed 5740K, reserved 1048576K
}
2018-10-31T21:26:44.327-0700: 105.845: Total time for which application threads were stopped: 0.0082959 seconds, Stopping threads took: 0.0000649 seconds
{Heap before GC invocations=198 (full 14):
 par new generation   total 109248K, used 109248K [0x00000000e0000000, 0x00000000e8000000, 0x00000000e8000000)
  eden space 87424K, 100% used [0x00000000e0000000, 0x00000000e5560000, 0x00000000e5560000)
  from space 21824K, 100% used [0x00000000e5560000, 0x00000000e6ab0000, 0x00000000e6ab0000)
  to   space 21824K,   0% used [0x00000000e6ab0000, 0x00000000e6ab0000, 0x00000000e8000000)
 concurrent mark-sweep generation total 393216K, used 195022K [0x00000000e8000000, 0x0000000100000000, 0x0000000100000000)
 Metaspace       used 43230K, capacity 44519K, committed 44652K, reserved 1087488K
  class space    used 5306K, capacity 5615K, committed 5740K, reserved 1048576K
2018-10-31T21:26:44.807-0700: 106.326: [GC (Allocation Failure) 2018-10-31T21:26:44.807-0700: 106.326: [ParNew
Desired survivor size 20112992 bytes, new threshold 8 (max 8)
- age   1:    8456384 bytes,    8456384 total
- age   2:    1770096 bytes,   10226480 total
- age   3:       1568 bytes,   10228048 total
- age   6:    2392640 bytes,   12620688 total
- age   7:    6541624 bytes,   19162312 total
- age   8:    2995680 bytes,   22157992 total
: 109248K->21824K(109248K), 0.0139021 secs] 304270K->226940K(502464K), 0.0139761 secs] [Times: user=0.02 sys=0.00, real=0.02 secs] 
Heap after GC invocations=199 (full 14):
 par new generation   total 109248K, used 21824K [0x00000000e0000000, 0x00000000e8000000, 0x00000000e8000000)
  eden space 87424K,   0% used [0x00000000e0000000, 0x00000000e0000000, 0x00000000e5560000)
  from space 21824K, 100% used [0x00000000e6ab0000, 0x00000000e8000000, 0x00000000e8000000)
  to   space 21824K,   0% used [0x00000000e5560000, 0x00000000e5560000, 0x00000000e6ab0000)
 concurrent mark-sweep generation total 393216K, used 205116K [0x00000000e8000000, 0x0000000100000000, 0x0000000100000000)
 Metaspace       used 43230K, capacity 44519K, committed 44652K, reserved 1087488K
  class space    used 5306K, capacity 5615K, committed 5740K, reserved 1048576K
}
2018-10-31T21:26:44.823-0700: 106.340: Total time for which application threads were stopped: 0.0142496 seconds, Stopping threads took: 0.0001149 seconds
2018-10-31T21:26:44.823-0700: 106.340: [GC (CMS Initial Mark) [1 CMS-initial-mark: 205116K(393216K)] 227528K(502464K), 0.0021920 secs] [Times: user=0.00 sys=0.00, real=0.00 secs] 
2018-10-31T21:26:44.823-0700: 106.342: Total time for which application threads were stopped: 0.0023594 seconds, Stopping threads took: 0.0000514 seconds
2018-10-31T21:26:44.823-0700: 106.342: [CMS-concurrent-mark-start]
2018-10-31T21:26:44.838-0700: 106.359: [CMS-concurrent-mark: 0.017/0.017 secs] [Times: user=0.08 sys=0.00, real=0.02 secs] 
2018-10-31T21:26:44.838-0700: 106.359: [CMS-concurrent-preclean-start]
2018-10-31T21:26:44.838-0700: 106.360: [CMS-concurrent-preclean: 0.001/0.001 secs] [Times: user=0.00 sys=0.00, real=0.00 secs] 
2018-10-31T21:26:44.838-0700: 106.360: [CMS-concurrent-abortable-preclean-start]
2018-10-31T21:26:45.047-0700: 106.573: [CMS-concurrent-abortable-preclean: 0.098/0.213 secs] [Times: user=0.31 sys=0.00, real=0.21 secs] 
2018-10-31T21:26:45.047-0700: 106.573: [GC (CMS Final Remark) [YG occupancy: 66911 K (109248 K)]{Heap before GC invocations=199 (full 15):
 par new generation   total 109248K, used 66911K [0x00000000e0000000, 0x00000000e8000000, 0x00000000e8000000)
  eden space 87424K,  51% used [0x00000000e0000000, 0x00000000e2c07fc8, 0x00000000e5560000)
  from space 21824K, 100% used [0x00000000e6ab0000, 0x00000000e8000000, 0x00000000e8000000)
  to   space 21824K,   0% used [0x00000000e5560000, 0x00000000e5560000, 0x00000000e6ab0000)
 concurrent mark-sweep generation total 393216K, used 205116K [0x00000000e8000000, 0x0000000100000000, 0x0000000100000000)
 Metaspace       used 43230K, capacity 44519K, committed 44652K, reserved 1087488K
  class space    used 5306K, capacity 5615K, committed 5740K, reserved 1048576K
2018-10-31T21:26:45.047-0700: 106.573: [GC (CMS Final Remark) 2018-10-31T21:26:45.047-0700: 106.573: [ParNew
Desired survivor size 20112992 bytes, new threshold 8 (max 8)
- age   1:    7301688 bytes,    7301688 total
- age   2:    3742192 bytes,   11043880 total
- age   3:    1664304 bytes,   12708184 total
- age   4:       1568 bytes,   12709752 total
- age   7:    2380592 bytes,   15090344 total
- age   8:    6540936 bytes,   21631280 total
: 66911K->21824K(109248K), 0.0126370 secs] 272028K->234275K(502464K), 0.0126902 secs] [Times: user=0.06 sys=0.00, real=0.02 secs] 
Heap after GC invocations=200 (full 15):
 par new generation   total 109248K, used 21824K [0x00000000e0000000, 0x00000000e8000000, 0x00000000e8000000)
  eden space 87424K,   0% used [0x00000000e0000000, 0x00000000e0000000, 0x00000000e5560000)
  from space 21824K, 100% used [0x00000000e5560000, 0x00000000e6ab0000, 0x00000000e6ab0000)
  to   space 21824K,   0% used [0x00000000e6ab0000, 0x00000000e6ab0000, 0x00000000e8000000)
 concurrent mark-sweep generation total 393216K, used 212451K [0x00000000e8000000, 0x0000000100000000, 0x0000000100000000)
 Metaspace       used 43230K, capacity 44519K, committed 44652K, reserved 1087488K
  class space    used 5306K, capacity 5615K, committed 5740K, reserved 1048576K
}
2018-10-31T21:26:45.062-0700: 106.586: [Rescan (parallel) , 0.0025863 secs]2018-10-31T21:26:45.062-0700: 106.589: [weak refs processing, 0.0018084 secs]2018-10-31T21:26:45.062-0700: 106.590: [class unloading, 0.0073245 secs]2018-10-31T21:26:45.078-0700: 106.598: [scrub symbol table, 0.0053793 secs]2018-10-31T21:26:45.078-0700: 106.603: [scrub string table, 0.0004124 secs][1 CMS-remark: 212451K(393216K)] 234275K(502464K), 0.0307456 secs] [Times: user=0.08 sys=0.00, real=0.03 secs] 
2018-10-31T21:26:45.078-0700: 106.604: Total time for which application threads were stopped: 0.0308871 seconds, Stopping threads took: 0.0000350 seconds
2018-10-31T21:26:45.078-0700: 106.604: [CMS-concurrent-sweep-start]
2018-10-31T21:26:45.109-0700: 106.631: [CMS-concurrent-sweep: 0.027/0.027 secs] [Times: user=0.06 sys=0.00, real=0.03 secs] 
2018-10-31T21:26:45.109-0700: 106.631: [CMS-concurrent-reset-start]
2018-10-31T21:26:45.109-0700: 106.631: [CMS-concurrent-reset: 0.000/0.000 secs] [Times: user=0.00 sys=0.00, real=0.00 secs] 
{Heap before GC invocations=200 (full 15):
 par new generation   total 109248K, used 109248K [0x00000000e0000000, 0x00000000e8000000, 0x00000000e8000000)
  eden space 87424K, 100% used [0x00000000e0000000, 0x00000000e5560000, 0x00000000e5560000)
  from space 21824K, 100% used [0x00000000e5560000, 0x00000000e6ab0000, 0x00000000e6ab0000)
  to   space 21824K,   0% used [0x00000000e6ab0000, 0x00000000e6ab0000, 0x00000000e8000000)
 concurrent mark-sweep generation total 393216K, used 134084K [0x00000000e8000000, 0x0000000100000000, 0x0000000100000000)
 Metaspace       used 43230K, capacity 44519K, committed 44652K, reserved 1087488K
  class space    used 5306K, capacity 5615K, committed 5740K, reserved 1048576K
2018-10-31T21:26:45.578-0700: 107.106: [GC (Allocation Failure) 2018-10-31T21:26:45.578-0700: 107.106: [ParNew
Desired survivor size 20112992 bytes, new threshold 8 (max 8)
- age   1:    9373728 bytes,    9373728 total
- age   2:    2840976 bytes,   12214704 total
- age   3:    3273824 bytes,   15488528 total
- age   4:    1656728 bytes,   17145256 total
- age   5:       1552 bytes,   17146808 total
- age   8:    1236016 bytes,   18382824 total
: 109248K->21824K(109248K), 0.0107072 secs] 243332K->163804K(502464K), 0.0107805 secs] [Times: user=0.06 sys=0.00, real=0.01 secs] 
Heap after GC invocations=201 (full 15):
 par new generation   total 109248K, used 21824K [0x00000000e0000000, 0x00000000e8000000, 0x00000000e8000000)
  eden space 87424K,   0% used [0x00000000e0000000, 0x00000000e0000000, 0x00000000e5560000)
  from space 21824K, 100% used [0x00000000e6ab0000, 0x00000000e8000000, 0x00000000e8000000)
  to   space 21824K,   0% used [0x00000000e5560000, 0x00000000e5560000, 0x00000000e6ab0000)
 concurrent mark-sweep generation total 393216K, used 141980K [0x00000000e8000000, 0x0000000100000000, 0x0000000100000000)
 Metaspace       used 43230K, capacity 44519K, committed 44652K, reserved 1087488K
  class space    used 5306K, capacity 5615K, committed 5740K, reserved 1048576K
}
2018-10-31T21:26:45.593-0700: 107.117: Total time for which application threads were stopped: 0.0109949 seconds, Stopping threads took: 0.0000594 seconds
{Heap before GC invocations=201 (full 15):
 par new generation   total 109248K, used 109248K [0x00000000e0000000, 0x00000000e8000000, 0x00000000e8000000)
  eden space 87424K, 100% used [0x00000000e0000000, 0x00000000e5560000, 0x00000000e5560000)
  from space 21824K, 100% used [0x00000000e6ab0000, 0x00000000e8000000, 0x00000000e8000000)
  to   space 21824K,   0% used [0x00000000e5560000, 0x00000000e5560000, 0x00000000e6ab0000)
 concurrent mark-sweep generation total 393216K, used 141980K [0x00000000e8000000, 0x0000000100000000, 0x0000000100000000)
 Metaspace       used 43231K, capacity 44519K, committed 44652K, reserved 1087488K
  class space    used 5306K, capacity 5615K, committed 5740K, reserved 1048576K
2018-10-31T21:26:46.094-0700: 107.624: [GC (Allocation Failure) 2018-10-31T21:26:46.094-0700: 107.624: [ParNew
Desired survivor size 20112992 bytes, new threshold 8 (max 8)
- age   1:   10523912 bytes,   10523912 total
- age   2:     746592 bytes,   11270504 total
- age   3:    2276160 bytes,   13546664 total
- age   4:    3192904 bytes,   16739568 total
- age   5:    1653048 bytes,   18392616 total
- age   6:        664 bytes,   18393280 total
: 109248K->21824K(109248K), 0.0119408 secs] 251228K->173751K(502464K), 0.0120043 secs] [Times: user=0.06 sys=0.00, real=0.01 secs] 
Heap after GC invocations=202 (full 15):
 par new generation   total 109248K, used 21824K [0x00000000e0000000, 0x00000000e8000000, 0x00000000e8000000)
  eden space 87424K,   0% used [0x00000000e0000000, 0x00000000e0000000, 0x00000000e5560000)
  from space 21824K, 100% used [0x00000000e5560000, 0x00000000e6ab0000, 0x00000000e6ab0000)
  to   space 21824K,   0% used [0x00000000e6ab0000, 0x00000000e6ab0000, 0x00000000e8000000)
 concurrent mark-sweep generation total 393216K, used 151927K [0x00000000e8000000, 0x0000000100000000, 0x0000000100000000)
 Metaspace       used 43231K, capacity 44519K, committed 44652K, reserved 1087488K
  class space    used 5306K, capacity 5615K, committed 5740K, reserved 1048576K
}
2018-10-31T21:26:46.109-0700: 107.636: Total time for which application threads were stopped: 0.0121910 seconds, Stopping threads took: 0.0000379 seconds
2018-10-31T21:26:46.406-0700: 107.932: Total time for which application threads were stopped: 0.0001991 seconds, Stopping threads took: 0.0000656 seconds
2018-10-31T21:26:46.422-0700: 107.946: Total time for which application threads were stopped: 0.0002060 seconds, Stopping threads took: 0.0000755 seconds
2018-10-31T21:26:46.422-0700: 107.946: Total time for which application threads were stopped: 0.0001123 seconds, Stopping threads took: 0.0000383 seconds
{Heap before GC invocations=202 (full 15):
 par new generation   total 109248K, used 109248K [0x00000000e0000000, 0x00000000e8000000, 0x00000000e8000000)
  eden space 87424K, 100% used [0x00000000e0000000, 0x00000000e5560000, 0x00000000e5560000)
  from space 21824K, 100% used [0x00000000e5560000, 0x00000000e6ab0000, 0x00000000e6ab0000)
  to   space 21824K,   0% used [0x00000000e6ab0000, 0x00000000e6ab0000, 0x00000000e8000000)
 concurrent mark-sweep generation total 393216K, used 151927K [0x00000000e8000000, 0x0000000100000000, 0x0000000100000000)
 Metaspace       used 43232K, capacity 44519K, committed 44652K, reserved 1087488K
  class space    used 5306K, capacity 5615K, committed 5740K, reserved 1048576K
2018-10-31T21:26:46.515-0700: 108.038: [GC (Allocation Failure) 2018-10-31T21:26:46.515-0700: 108.038: [ParNew
Desired survivor size 20112992 bytes, new threshold 5 (max 8)
- age   1:   10868312 bytes,   10868312 total
- age   2:    3834456 bytes,   14702768 total
- age   3:     662136 bytes,   15364904 total
- age   4:    2240640 bytes,   17605544 total
- age   5:    3127512 bytes,   20733056 total
- age   6:    1574104 bytes,   22307160 total
- age   7:        664 bytes,   22307824 total
: 109248K->21824K(109248K), 0.0116819 secs] 261175K->182332K(502464K), 0.0118103 secs] [Times: user=0.02 sys=0.00, real=0.02 secs] 
Heap after GC invocations=203 (full 15):
 par new generation   total 109248K, used 21824K [0x00000000e0000000, 0x00000000e8000000, 0x00000000e8000000)
  eden space 87424K,   0% used [0x00000000e0000000, 0x00000000e0000000, 0x00000000e5560000)
  from space 21824K, 100% used [0x00000000e6ab0000, 0x00000000e8000000, 0x00000000e8000000)
  to   space 21824K,   0% used [0x00000000e5560000, 0x00000000e5560000, 0x00000000e6ab0000)
 concurrent mark-sweep generation total 393216K, used 160508K [0x00000000e8000000, 0x0000000100000000, 0x0000000100000000)
 Metaspace       used 43232K, capacity 44519K, committed 44652K, reserved 1087488K
  class space    used 5306K, capacity 5615K, committed 5740K, reserved 1048576K
}
2018-10-31T21:26:46.531-0700: 108.050: Total time for which application threads were stopped: 0.0120539 seconds, Stopping threads took: 0.0000791 seconds
{Heap before GC invocations=203 (full 15):
 par new generation   total 109248K, used 109248K [0x00000000e0000000, 0x00000000e8000000, 0x00000000e8000000)
  eden space 87424K, 100% used [0x00000000e0000000, 0x00000000e5560000, 0x00000000e5560000)
  from space 21824K, 100% used [0x00000000e6ab0000, 0x00000000e8000000, 0x00000000e8000000)
  to   space 21824K,   0% used [0x00000000e5560000, 0x00000000e5560000, 0x00000000e6ab0000)
 concurrent mark-sweep generation total 393216K, used 160508K [0x00000000e8000000, 0x0000000100000000, 0x0000000100000000)
 Metaspace       used 43232K, capacity 44519K, committed 44652K, reserved 1087488K
  class space    used 5306K, capacity 5615K, committed 5740K, reserved 1048576K
2018-10-31T21:26:46.703-0700: 108.220: [GC (Allocation Failure) 2018-10-31T21:26:46.703-0700: 108.220: [ParNew
Desired survivor size 20112992 bytes, new threshold 5 (max 8)
- age   1:    5086400 bytes,    5086400 total
- age   2:   10691560 bytes,   15777960 total
- age   3:    3697320 bytes,   19475280 total
- age   4:     576784 bytes,   20052064 total
- age   5:    2224584 bytes,   22276648 total
: 109248K->21824K(109248K), 0.0096201 secs] 269756K->189605K(502464K), 0.0096788 secs] [Times: user=0.00 sys=0.00, real=0.00 secs] 
Heap after GC invocations=204 (full 15):
 par new generation   total 109248K, used 21824K [0x00000000e0000000, 0x00000000e8000000, 0x00000000e8000000)
  eden space 87424K,   0% used [0x00000000e0000000, 0x00000000e0000000, 0x00000000e5560000)
  from space 21824K, 100% used [0x00000000e5560000, 0x00000000e6ab0000, 0x00000000e6ab0000)
  to   space 21824K,   0% used [0x00000000e6ab0000, 0x00000000e6ab0000, 0x00000000e8000000)
 concurrent mark-sweep generation total 393216K, used 167781K [0x00000000e8000000, 0x0000000100000000, 0x0000000100000000)
 Metaspace       used 43232K, capacity 44519K, committed 44652K, reserved 1087488K
  class space    used 5306K, capacity 5615K, committed 5740K, reserved 1048576K
}
2018-10-31T21:26:46.703-0700: 108.230: Total time for which application threads were stopped: 0.0099140 seconds, Stopping threads took: 0.0000580 seconds
{Heap before GC invocations=204 (full 15):
 par new generation   total 109248K, used 109248K [0x00000000e0000000, 0x00000000e8000000, 0x00000000e8000000)
  eden space 87424K, 100% used [0x00000000e0000000, 0x00000000e5560000, 0x00000000e5560000)
  from space 21824K, 100% used [0x00000000e5560000, 0x00000000e6ab0000, 0x00000000e6ab0000)
  to   space 21824K,   0% used [0x00000000e6ab0000, 0x00000000e6ab0000, 0x00000000e8000000)
 concurrent mark-sweep generation total 393216K, used 167781K [0x00000000e8000000, 0x0000000100000000, 0x0000000100000000)
 Metaspace       used 43232K, capacity 44519K, committed 44652K, reserved 1087488K
  class space    used 5306K, capacity 5615K, committed 5740K, reserved 1048576K
2018-10-31T21:26:46.856-0700: 108.381: [GC (Allocation Failure) 2018-10-31T21:26:46.856-0700: 108.381: [ParNew
Desired survivor size 20112992 bytes, new threshold 4 (max 8)
- age   1:    4107928 bytes,    4107928 total
- age   2:    2317696 bytes,    6425624 total
- age   3:   10510512 bytes,   16936136 total
- age   4:    3442248 bytes,   20378384 total
- age   5:     457720 bytes,   20836104 total
: 109248K->21824K(109248K), 0.0098571 secs] 277029K->195921K(502464K), 0.0099519 secs] [Times: user=0.06 sys=0.00, real=0.02 secs] 
Heap after GC invocations=205 (full 15):
 par new generation   total 109248K, used 21824K [0x00000000e0000000, 0x00000000e8000000, 0x00000000e8000000)
  eden space 87424K,   0% used [0x00000000e0000000, 0x00000000e0000000, 0x00000000e5560000)
  from space 21824K, 100% used [0x00000000e6ab0000, 0x00000000e8000000, 0x00000000e8000000)
  to   space 21824K,   0% used [0x00000000e5560000, 0x00000000e5560000, 0x00000000e6ab0000)
 concurrent mark-sweep generation total 393216K, used 174097K [0x00000000e8000000, 0x0000000100000000, 0x0000000100000000)
 Metaspace       used 43232K, capacity 44519K, committed 44652K, reserved 1087488K
  class space    used 5306K, capacity 5615K, committed 5740K, reserved 1048576K
}
2018-10-31T21:26:46.872-0700: 108.391: Total time for which application threads were stopped: 0.0102043 seconds, Stopping threads took: 0.0000543 seconds
2018-10-31T21:26:46.935-0700: 108.456: Total time for which application threads were stopped: 0.0002122 seconds, Stopping threads took: 0.0000952 seconds
2018-10-31T21:26:46.935-0700: 108.459: Total time for which application threads were stopped: 0.0001605 seconds, Stopping threads took: 0.0000394 seconds
2018-10-31T21:26:46.935-0700: 108.459: Total time for which application threads were stopped: 0.0001331 seconds, Stopping threads took: 0.0000354 seconds
{Heap before GC invocations=205 (full 15):
 par new generation   total 109248K, used 109248K [0x00000000e0000000, 0x00000000e8000000, 0x00000000e8000000)
  eden space 87424K, 100% used [0x00000000e0000000, 0x00000000e5560000, 0x00000000e5560000)
  from space 21824K, 100% used [0x00000000e6ab0000, 0x00000000e8000000, 0x00000000e8000000)
  to   space 21824K,   0% used [0x00000000e5560000, 0x00000000e5560000, 0x00000000e6ab0000)
 concurrent mark-sweep generation total 393216K, used 174097K [0x00000000e8000000, 0x0000000100000000, 0x0000000100000000)
 Metaspace       used 43236K, capacity 44519K, committed 44652K, reserved 1087488K
  class space    used 5306K, capacity 5615K, committed 5740K, reserved 1048576K
2018-10-31T21:26:47.252-0700: 108.780: [GC (Allocation Failure) 2018-10-31T21:26:47.252-0700: 108.780: [ParNew
Desired survivor size 20112992 bytes, new threshold 4 (max 8)
- age   1:    9604656 bytes,    9604656 total
- age   2:     556152 bytes,   10160808 total
- age   3:    1324912 bytes,   11485720 total
- age   4:    9134016 bytes,   20619736 total
: 109248K->21824K(109248K), 0.0124682 secs] 283345K->206242K(502464K), 0.0125280 secs] [Times: user=0.06 sys=0.00, real=0.02 secs] 
Heap after GC invocations=206 (full 15):
 par new generation   total 109248K, used 21824K [0x00000000e0000000, 0x00000000e8000000, 0x00000000e8000000)
  eden space 87424K,   0% used [0x00000000e0000000, 0x00000000e0000000, 0x00000000e5560000)
  from space 21824K, 100% used [0x00000000e5560000, 0x00000000e6ab0000, 0x00000000e6ab0000)
  to   space 21824K,   0% used [0x00000000e6ab0000, 0x00000000e6ab0000, 0x00000000e8000000)
 concurrent mark-sweep generation total 393216K, used 184418K [0x00000000e8000000, 0x0000000100000000, 0x0000000100000000)
 Metaspace       used 43236K, capacity 44519K, committed 44652K, reserved 1087488K
  class space    used 5306K, capacity 5615K, committed 5740K, reserved 1048576K
}
2018-10-31T21:26:47.268-0700: 108.792: Total time for which application threads were stopped: 0.0127749 seconds, Stopping threads took: 0.0000908 seconds
2018-10-31T21:26:47.283-0700: 108.810: Total time for which application threads were stopped: 0.0001291 seconds, Stopping threads took: 0.0000434 seconds
2018-10-31T21:26:47.283-0700: 108.815: Total time for which application threads were stopped: 0.0002586 seconds, Stopping threads took: 0.0001575 seconds
2018-10-31T21:26:47.299-0700: 108.831: Total time for which application threads were stopped: 0.0002483 seconds, Stopping threads took: 0.0000821 seconds
2018-10-31T21:26:47.314-0700: 108.832: Total time for which application threads were stopped: 0.0002206 seconds, Stopping threads took: 0.0000514 seconds
{Heap before GC invocations=206 (full 15):
 par new generation   total 109248K, used 109248K [0x00000000e0000000, 0x00000000e8000000, 0x00000000e8000000)
  eden space 87424K, 100% used [0x00000000e0000000, 0x00000000e5560000, 0x00000000e5560000)
  from space 21824K, 100% used [0x00000000e5560000, 0x00000000e6ab0000, 0x00000000e6ab0000)
  to   space 21824K,   0% used [0x00000000e6ab0000, 0x00000000e6ab0000, 0x00000000e8000000)
 concurrent mark-sweep generation total 393216K, used 184418K [0x00000000e8000000, 0x0000000100000000, 0x0000000100000000)
 Metaspace       used 43275K, capacity 44519K, committed 44652K, reserved 1087488K
  class space    used 5308K, capacity 5615K, committed 5740K, reserved 1048576K
2018-10-31T21:26:47.486-0700: 109.009: [GC (Allocation Failure) 2018-10-31T21:26:47.486-0700: 109.009: [ParNew
Desired survivor size 20112992 bytes, new threshold 8 (max 8)
- age   1:    6422152 bytes,    6422152 total
- age   2:    8408496 bytes,   14830648 total
- age   3:     535056 bytes,   15365704 total
- age   4:    1297304 bytes,   16663008 total
: 109248K->21824K(109248K), 0.0088758 secs] 293666K->217777K(502464K), 0.0089312 secs] [Times: user=0.00 sys=0.00, real=0.00 secs] 
Heap after GC invocations=207 (full 15):
 par new generation   total 109248K, used 21824K [0x00000000e0000000, 0x00000000e8000000, 0x00000000e8000000)
  eden space 87424K,   0% used [0x00000000e0000000, 0x00000000e0000000, 0x00000000e5560000)
  from space 21824K, 100% used [0x00000000e6ab0000, 0x00000000e8000000, 0x00000000e8000000)
  to   space 21824K,   0% used [0x00000000e5560000, 0x00000000e5560000, 0x00000000e6ab0000)
 concurrent mark-sweep generation total 393216K, used 195953K [0x00000000e8000000, 0x0000000100000000, 0x0000000100000000)
 Metaspace       used 43275K, capacity 44519K, committed 44652K, reserved 1087488K
  class space    used 5308K, capacity 5615K, committed 5740K, reserved 1048576K
}
2018-10-31T21:26:47.486-0700: 109.018: Total time for which application threads were stopped: 0.0091642 seconds, Stopping threads took: 0.0000554 seconds
{Heap before GC invocations=207 (full 15):
 par new generation   total 109248K, used 109248K [0x00000000e0000000, 0x00000000e8000000, 0x00000000e8000000)
  eden space 87424K, 100% used [0x00000000e0000000, 0x00000000e5560000, 0x00000000e5560000)
  from space 21824K, 100% used [0x00000000e6ab0000, 0x00000000e8000000, 0x00000000e8000000)
  to   space 21824K,   0% used [0x00000000e5560000, 0x00000000e5560000, 0x00000000e6ab0000)
 concurrent mark-sweep generation total 393216K, used 195953K [0x00000000e8000000, 0x0000000100000000, 0x0000000100000000)
 Metaspace       used 43278K, capacity 44519K, committed 44652K, reserved 1087488K
  class space    used 5308K, capacity 5615K, committed 5740K, reserved 1048576K
2018-10-31T21:26:47.596-0700: 109.119: [GC (Allocation Failure) 2018-10-31T21:26:47.596-0700: 109.119: [ParNew
Desired survivor size 20112992 bytes, new threshold 8 (max 8)
- age   1:    4224168 bytes,    4224168 total
- age   2:    5260376 bytes,    9484544 total
- age   3:    8278296 bytes,   17762840 total
- age   4:     491792 bytes,   18254632 total
- age   5:    1238200 bytes,   19492832 total
: 109248K->21824K(109248K), 0.0065619 secs] 305201K->218244K(502464K), 0.0066254 secs] [Times: user=0.00 sys=0.00, real=0.00 secs] 
Heap after GC invocations=208 (full 15):
 par new generation   total 109248K, used 21824K [0x00000000e0000000, 0x00000000e8000000, 0x00000000e8000000)
  eden space 87424K,   0% used [0x00000000e0000000, 0x00000000e0000000, 0x00000000e5560000)
  from space 21824K, 100% used [0x00000000e5560000, 0x00000000e6ab0000, 0x00000000e6ab0000)
  to   space 21824K,   0% used [0x00000000e6ab0000, 0x00000000e6ab0000, 0x00000000e8000000)
 concurrent mark-sweep generation total 393216K, used 196420K [0x00000000e8000000, 0x0000000100000000, 0x0000000100000000)
 Metaspace       used 43278K, capacity 44519K, committed 44652K, reserved 1087488K
  class space    used 5308K, capacity 5615K, committed 5740K, reserved 1048576K
}
2018-10-31T21:26:47.596-0700: 109.125: Total time for which application threads were stopped: 0.0068642 seconds, Stopping threads took: 0.0000620 seconds
2018-10-31T21:26:47.627-0700: 109.144: Total time for which application threads were stopped: 0.0002225 seconds, Stopping threads took: 0.0000653 seconds
2018-10-31T21:26:47.627-0700: 109.144: Total time for which application threads were stopped: 0.0001408 seconds, Stopping threads took: 0.0000521 seconds
2018-10-31T21:26:47.627-0700: 109.144: Total time for which application threads were stopped: 0.0001160 seconds, Stopping threads took: 0.0000474 seconds
2018-10-31T21:26:47.627-0700: 109.144: Total time for which application threads were stopped: 0.0000952 seconds, Stopping threads took: 0.0000346 seconds
{Heap before GC invocations=208 (full 15):
 par new generation   total 109248K, used 109248K [0x00000000e0000000, 0x00000000e8000000, 0x00000000e8000000)
  eden space 87424K, 100% used [0x00000000e0000000, 0x00000000e5560000, 0x00000000e5560000)
  from space 21824K, 100% used [0x00000000e5560000, 0x00000000e6ab0000, 0x00000000e6ab0000)
  to   space 21824K,   0% used [0x00000000e6ab0000, 0x00000000e6ab0000, 0x00000000e8000000)
 concurrent mark-sweep generation total 393216K, used 196420K [0x00000000e8000000, 0x0000000100000000, 0x0000000100000000)
 Metaspace       used 43284K, capacity 44527K, committed 44652K, reserved 1087488K
  class space    used 5308K, capacity 5615K, committed 5740K, reserved 1048576K
2018-10-31T21:26:47.917-0700: 109.448: [GC (Allocation Failure) 2018-10-31T21:26:47.917-0700: 109.448: [ParNew
Desired survivor size 20112992 bytes, new threshold 4 (max 8)
- age   1:    8064800 bytes,    8064800 total
- age   2:    1421680 bytes,    9486480 total
- age   3:    2770520 bytes,   12257000 total
- age   4:    8260864 bytes,   20517864 total
- age   5:     491792 bytes,   21009656 total
- age   6:    1238200 bytes,   22247856 total
: 109248K->21824K(109248K), 0.0118103 secs] 305668K->223489K(502464K), 0.0118694 secs] [Times: user=0.06 sys=0.00, real=0.01 secs] 
Heap after GC invocations=209 (full 15):
 par new generation   total 109248K, used 21824K [0x00000000e0000000, 0x00000000e8000000, 0x00000000e8000000)
  eden space 87424K,   0% used [0x00000000e0000000, 0x00000000e0000000, 0x00000000e5560000)
  from space 21824K, 100% used [0x00000000e6ab0000, 0x00000000e8000000, 0x00000000e8000000)
  to   space 21824K,   0% used [0x00000000e5560000, 0x00000000e5560000, 0x00000000e6ab0000)
 concurrent mark-sweep generation total 393216K, used 201665K [0x00000000e8000000, 0x0000000100000000, 0x0000000100000000)
 Metaspace       used 43284K, capacity 44527K, committed 44652K, reserved 1087488K
  class space    used 5308K, capacity 5615K, committed 5740K, reserved 1048576K
}
2018-10-31T21:26:47.932-0700: 109.460: Total time for which application threads were stopped: 0.0120998 seconds, Stopping threads took: 0.0000580 seconds
2018-10-31T21:26:47.932-0700: 109.460: [GC (CMS Initial Mark) [1 CMS-initial-mark: 201665K(393216K)] 223941K(502464K), 0.0018580 secs] [Times: user=0.00 sys=0.00, real=0.00 secs] 
2018-10-31T21:26:47.932-0700: 109.462: Total time for which application threads were stopped: 0.0020075 seconds, Stopping threads took: 0.0000653 seconds
2018-10-31T21:26:47.932-0700: 109.462: [CMS-concurrent-mark-start]
2018-10-31T21:26:47.948-0700: 109.476: [CMS-concurrent-mark: 0.014/0.014 secs] [Times: user=0.09 sys=0.00, real=0.02 secs] 
2018-10-31T21:26:47.948-0700: 109.476: [CMS-concurrent-preclean-start]
2018-10-31T21:26:47.948-0700: 109.478: [CMS-concurrent-preclean: 0.001/0.001 secs] [Times: user=0.00 sys=0.00, real=0.00 secs] 
2018-10-31T21:26:47.948-0700: 109.478: [CMS-concurrent-abortable-preclean-start]
2018-10-31T21:26:48.127-0700: 109.658: [CMS-concurrent-abortable-preclean: 0.082/0.180 secs] [Times: user=0.28 sys=0.02, real=0.18 secs] 
2018-10-31T21:26:48.127-0700: 109.658: [GC (CMS Final Remark) [YG occupancy: 86517 K (109248 K)]{Heap before GC invocations=209 (full 16):
 par new generation   total 109248K, used 86517K [0x00000000e0000000, 0x00000000e8000000, 0x00000000e8000000)
  eden space 87424K,  73% used [0x00000000e0000000, 0x00000000e3f2d600, 0x00000000e5560000)
  from space 21824K, 100% used [0x00000000e6ab0000, 0x00000000e8000000, 0x00000000e8000000)
  to   space 21824K,   0% used [0x00000000e5560000, 0x00000000e5560000, 0x00000000e6ab0000)
 concurrent mark-sweep generation total 393216K, used 201665K [0x00000000e8000000, 0x0000000100000000, 0x0000000100000000)
 Metaspace       used 43284K, capacity 44527K, committed 44652K, reserved 1087488K
  class space    used 5308K, capacity 5615K, committed 5740K, reserved 1048576K
2018-10-31T21:26:48.127-0700: 109.658: [GC (CMS Final Remark) 2018-10-31T21:26:48.127-0700: 109.658: [ParNew
Desired survivor size 20112992 bytes, new threshold 8 (max 8)
- age   1:    8195752 bytes,    8195752 total
- age   2:    5313720 bytes,   13509472 total
- age   3:     880104 bytes,   14389576 total
- age   4:    2678168 bytes,   17067744 total
: 86517K->21824K(109248K), 0.0119883 secs] 288183K->234969K(502464K), 0.0120645 secs] [Times: user=0.06 sys=0.00, real=0.02 secs] 
Heap after GC invocations=210 (full 16):
 par new generation   total 109248K, used 21824K [0x00000000e0000000, 0x00000000e8000000, 0x00000000e8000000)
  eden space 87424K,   0% used [0x00000000e0000000, 0x00000000e0000000, 0x00000000e5560000)
  from space 21824K, 100% used [0x00000000e5560000, 0x00000000e6ab0000, 0x00000000e6ab0000)
  to   space 21824K,   0% used [0x00000000e6ab0000, 0x00000000e6ab0000, 0x00000000e8000000)
 concurrent mark-sweep generation total 393216K, used 213145K [0x00000000e8000000, 0x0000000100000000, 0x0000000100000000)
 Metaspace       used 43284K, capacity 44527K, committed 44652K, reserved 1087488K
  class space    used 5308K, capacity 5615K, committed 5740K, reserved 1048576K
}
2018-10-31T21:26:48.143-0700: 109.670: [Rescan (parallel) , 0.0025323 secs]2018-10-31T21:26:48.143-0700: 109.672: [weak refs processing, 0.0013985 secs]2018-10-31T21:26:48.143-0700: 109.674: [class unloading, 0.0058559 secs]2018-10-31T21:26:48.159-0700: 109.680: [scrub symbol table, 0.0057483 secs]2018-10-31T21:26:48.159-0700: 109.686: [scrub string table, 0.0004117 secs][1 CMS-remark: 213145K(393216K)] 234969K(502464K), 0.0285393 secs] [Times: user=0.08 sys=0.00, real=0.03 secs] 
2018-10-31T21:26:48.159-0700: 109.686: Total time for which application threads were stopped: 0.0287286 seconds, Stopping threads took: 0.0000416 seconds
2018-10-31T21:26:48.159-0700: 109.686: [CMS-concurrent-sweep-start]
2018-10-31T21:26:48.190-0700: 109.716: [CMS-concurrent-sweep: 0.029/0.029 secs] [Times: user=0.08 sys=0.00, real=0.03 secs] 
2018-10-31T21:26:48.190-0700: 109.716: [CMS-concurrent-reset-start]
2018-10-31T21:26:48.190-0700: 109.716: [CMS-concurrent-reset: 0.000/0.000 secs] [Times: user=0.00 sys=0.00, real=0.00 secs] 
{Heap before GC invocations=210 (full 16):
 par new generation   total 109248K, used 109248K [0x00000000e0000000, 0x00000000e8000000, 0x00000000e8000000)
  eden space 87424K, 100% used [0x00000000e0000000, 0x00000000e5560000, 0x00000000e5560000)
  from space 21824K, 100% used [0x00000000e5560000, 0x00000000e6ab0000, 0x00000000e6ab0000)
  to   space 21824K,   0% used [0x00000000e6ab0000, 0x00000000e6ab0000, 0x00000000e8000000)
 concurrent mark-sweep generation total 393216K, used 93209K [0x00000000e8000000, 0x0000000100000000, 0x0000000100000000)
 Metaspace       used 43284K, capacity 44527K, committed 44652K, reserved 1087488K
  class space    used 5308K, capacity 5615K, committed 5740K, reserved 1048576K
2018-10-31T21:26:48.518-0700: 110.035: [GC (Allocation Failure) 2018-10-31T21:26:48.518-0700: 110.035: [ParNew
Desired survivor size 20112992 bytes, new threshold 5 (max 8)
- age   1:   11178960 bytes,   11178960 total
- age   2:    2383216 bytes,   13562176 total
- age   3:    5229552 bytes,   18791728 total
- age   4:     876144 bytes,   19667872 total
- age   5:    2589624 bytes,   22257496 total
: 109248K->21824K(109248K), 0.0098265 secs] 202457K->117904K(502464K), 0.0098826 secs] [Times: user=0.00 sys=0.00, real=0.00 secs] 
Heap after GC invocations=211 (full 16):
 par new generation   total 109248K, used 21824K [0x00000000e0000000, 0x00000000e8000000, 0x00000000e8000000)
  eden space 87424K,   0% used [0x00000000e0000000, 0x00000000e0000000, 0x00000000e5560000)
  from space 21824K, 100% used [0x00000000e6ab0000, 0x00000000e8000000, 0x00000000e8000000)
  to   space 21824K,   0% used [0x00000000e5560000, 0x00000000e5560000, 0x00000000e6ab0000)
 concurrent mark-sweep generation total 393216K, used 96080K [0x00000000e8000000, 0x0000000100000000, 0x0000000100000000)
 Metaspace       used 43284K, capacity 44527K, committed 44652K, reserved 1087488K
  class space    used 5308K, capacity 5615K, committed 5740K, reserved 1048576K
}
2018-10-31T21:26:48.518-0700: 110.045: Total time for which application threads were stopped: 0.0100967 seconds, Stopping threads took: 0.0000445 seconds
{Heap before GC invocations=211 (full 16):
 par new generation   total 109248K, used 109104K [0x00000000e0000000, 0x00000000e8000000, 0x00000000e8000000)
  eden space 87424K,  99% used [0x00000000e0000000, 0x00000000e553c2f0, 0x00000000e5560000)
  from space 21824K, 100% used [0x00000000e6ab0000, 0x00000000e8000000, 0x00000000e8000000)
  to   space 21824K,   0% used [0x00000000e5560000, 0x00000000e5560000, 0x00000000e6ab0000)
 concurrent mark-sweep generation total 393216K, used 96080K [0x00000000e8000000, 0x0000000100000000, 0x0000000100000000)
 Metaspace       used 43284K, capacity 44527K, committed 44652K, reserved 1087488K
  class space    used 5308K, capacity 5615K, committed 5740K, reserved 1048576K
2018-10-31T21:26:48.874-0700: 110.407: [GC (Allocation Failure) 2018-10-31T21:26:48.874-0700: 110.407: [ParNew
Desired survivor size 20112992 bytes, new threshold 4 (max 8)
- age   1:   10284360 bytes,   10284360 total
- age   2:    3055192 bytes,   13339552 total
- age   3:    2289704 bytes,   15629256 total
- age   4:    4971176 bytes,   20600432 total
- age   5:     872680 bytes,   21473112 total
: 109104K->21824K(109248K), 0.0106255 secs] 205184K->125834K(502464K), 0.0106845 secs] [Times: user=0.05 sys=0.00, real=0.02 secs] 
Heap after GC invocations=212 (full 16):
 par new generation   total 109248K, used 21824K [0x00000000e0000000, 0x00000000e8000000, 0x00000000e8000000)
  eden space 87424K,   0% used [0x00000000e0000000, 0x00000000e0000000, 0x00000000e5560000)
  from space 21824K, 100% used [0x00000000e5560000, 0x00000000e6ab0000, 0x00000000e6ab0000)
  to   space 21824K,   0% used [0x00000000e6ab0000, 0x00000000e6ab0000, 0x00000000e8000000)
 concurrent mark-sweep generation total 393216K, used 104010K [0x00000000e8000000, 0x0000000100000000, 0x0000000100000000)
 Metaspace       used 43284K, capacity 44527K, committed 44652K, reserved 1087488K
  class space    used 5308K, capacity 5615K, committed 5740K, reserved 1048576K
}
2018-10-31T21:26:48.890-0700: 110.417: Total time for which application threads were stopped: 0.0108953 seconds, Stopping threads took: 0.0000266 seconds
{Heap before GC invocations=212 (full 16):
 par new generation   total 109248K, used 109248K [0x00000000e0000000, 0x00000000e8000000, 0x00000000e8000000)
  eden space 87424K, 100% used [0x00000000e0000000, 0x00000000e5560000, 0x00000000e5560000)
  from space 21824K, 100% used [0x00000000e5560000, 0x00000000e6ab0000, 0x00000000e6ab0000)
  to   space 21824K,   0% used [0x00000000e6ab0000, 0x00000000e6ab0000, 0x00000000e8000000)
 concurrent mark-sweep generation total 393216K, used 104010K [0x00000000e8000000, 0x0000000100000000, 0x0000000100000000)
 Metaspace       used 43284K, capacity 44527K, committed 44652K, reserved 1087488K
  class space    used 5308K, capacity 5615K, committed 5740K, reserved 1048576K
2018-10-31T21:26:49.253-0700: 110.784: [GC (Allocation Failure) 2018-10-31T21:26:49.253-0700: 110.784: [ParNew
Desired survivor size 20112992 bytes, new threshold 4 (max 8)
- age   1:   12621528 bytes,   12621528 total
- age   2:    2944320 bytes,   15565848 total
- age   3:    2804056 bytes,   18369904 total
- age   4:    2289704 bytes,   20659608 total
: 109248K->21824K(109248K), 0.0124631 secs] 213258K->135519K(502464K), 0.0125221 secs] [Times: user=0.06 sys=0.00, real=0.01 secs] 
Heap after GC invocations=213 (full 16):
 par new generation   total 109248K, used 21824K [0x00000000e0000000, 0x00000000e8000000, 0x00000000e8000000)
  eden space 87424K,   0% used [0x00000000e0000000, 0x00000000e0000000, 0x00000000e5560000)
  from space 21824K, 100% used [0x00000000e6ab0000, 0x00000000e8000000, 0x00000000e8000000)
  to   space 21824K,   0% used [0x00000000e5560000, 0x00000000e5560000, 0x00000000e6ab0000)
 concurrent mark-sweep generation total 393216K, used 113695K [0x00000000e8000000, 0x0000000100000000, 0x0000000100000000)
 Metaspace       used 43284K, capacity 44527K, committed 44652K, reserved 1087488K
  class space    used 5308K, capacity 5615K, committed 5740K, reserved 1048576K
}
2018-10-31T21:26:49.268-0700: 110.796: Total time for which application threads were stopped: 0.0127873 seconds, Stopping threads took: 0.0000602 seconds
{Heap before GC invocations=213 (full 16):
 par new generation   total 109248K, used 109248K [0x00000000e0000000, 0x00000000e8000000, 0x00000000e8000000)
  eden space 87424K, 100% used [0x00000000e0000000, 0x00000000e5560000, 0x00000000e5560000)
  from space 21824K, 100% used [0x00000000e6ab0000, 0x00000000e8000000, 0x00000000e8000000)
  to   space 21824K,   0% used [0x00000000e5560000, 0x00000000e5560000, 0x00000000e6ab0000)
 concurrent mark-sweep generation total 393216K, used 113695K [0x00000000e8000000, 0x0000000100000000, 0x0000000100000000)
 Metaspace       used 43290K, capacity 44527K, committed 44652K, reserved 1087488K
  class space    used 5308K, capacity 5615K, committed 5740K, reserved 1048576K
2018-10-31T21:26:49.424-0700: 110.948: [GC (Allocation Failure) 2018-10-31T21:26:49.424-0700: 110.948: [ParNew
Desired survivor size 20112992 bytes, new threshold 4 (max 8)
- age   1:    8563976 bytes,    8563976 total
- age   2:    6083904 bytes,   14647880 total
- age   3:    2942792 bytes,   17590672 total
- age   4:    2804056 bytes,   20394728 total
: 109248K->21824K(109248K), 0.0089451 secs] 222943K->139355K(502464K), 0.0090246 secs] [Times: user=0.00 sys=0.02, real=0.02 secs] 
Heap after GC invocations=214 (full 16):
 par new generation   total 109248K, used 21824K [0x00000000e0000000, 0x00000000e8000000, 0x00000000e8000000)
  eden space 87424K,   0% used [0x00000000e0000000, 0x00000000e0000000, 0x00000000e5560000)
  from space 21824K, 100% used [0x00000000e5560000, 0x00000000e6ab0000, 0x00000000e6ab0000)
  to   space 21824K,   0% used [0x00000000e6ab0000, 0x00000000e6ab0000, 0x00000000e8000000)
 concurrent mark-sweep generation total 393216K, used 117531K [0x00000000e8000000, 0x0000000100000000, 0x0000000100000000)
 Metaspace       used 43290K, capacity 44527K, committed 44652K, reserved 1087488K
  class space    used 5308K, capacity 5615K, committed 5740K, reserved 1048576K
}
2018-10-31T21:26:49.440-0700: 110.957: Total time for which application threads were stopped: 0.0092787 seconds, Stopping threads took: 0.0000492 seconds
{Heap before GC invocations=214 (full 16):
 par new generation   total 109248K, used 109248K [0x00000000e0000000, 0x00000000e8000000, 0x00000000e8000000)
  eden space 87424K, 100% used [0x00000000e0000000, 0x00000000e5560000, 0x00000000e5560000)
  from space 21824K, 100% used [0x00000000e5560000, 0x00000000e6ab0000, 0x00000000e6ab0000)
  to   space 21824K,   0% used [0x00000000e6ab0000, 0x00000000e6ab0000, 0x00000000e8000000)
 concurrent mark-sweep generation total 393216K, used 117531K [0x00000000e8000000, 0x0000000100000000, 0x0000000100000000)
 Metaspace       used 43290K, capacity 44527K, committed 44652K, reserved 1087488K
  class space    used 5308K, capacity 5615K, committed 5740K, reserved 1048576K
2018-10-31T21:26:49.815-0700: 111.333: [GC (Allocation Failure) 2018-10-31T21:26:49.815-0700: 111.333: [ParNew
Desired survivor size 20112992 bytes, new threshold 4 (max 8)
- age   1:    7036160 bytes,    7036160 total
- age   2:    7224920 bytes,   14261080 total
- age   3:    3456272 bytes,   17717352 total
- age   4:    2942792 bytes,   20660144 total
: 109248K->21824K(109248K), 0.0092058 secs] 226779K->143170K(502464K), 0.0092725 secs] [Times: user=0.08 sys=0.00, real=0.01 secs] 
Heap after GC invocations=215 (full 16):
 par new generation   total 109248K, used 21824K [0x00000000e0000000, 0x00000000e8000000, 0x00000000e8000000)
  eden space 87424K,   0% used [0x00000000e0000000, 0x00000000e0000000, 0x00000000e5560000)
  from space 21824K, 100% used [0x00000000e6ab0000, 0x00000000e8000000, 0x00000000e8000000)
  to   space 21824K,   0% used [0x00000000e5560000, 0x00000000e5560000, 0x00000000e6ab0000)
 concurrent mark-sweep generation total 393216K, used 121346K [0x00000000e8000000, 0x0000000100000000, 0x0000000100000000)
 Metaspace       used 43290K, capacity 44527K, committed 44652K, reserved 1087488K
  class space    used 5308K, capacity 5615K, committed 5740K, reserved 1048576K
}
2018-10-31T21:26:49.823-0700: 111.342: Total time for which application threads were stopped: 0.0095723 seconds, Stopping threads took: 0.0001043 seconds
{Heap before GC invocations=215 (full 16):
 par new generation   total 109248K, used 109248K [0x00000000e0000000, 0x00000000e8000000, 0x00000000e8000000)
  eden space 87424K, 100% used [0x00000000e0000000, 0x00000000e5560000, 0x00000000e5560000)
  from space 21824K, 100% used [0x00000000e6ab0000, 0x00000000e8000000, 0x00000000e8000000)
  to   space 21824K,   0% used [0x00000000e5560000, 0x00000000e5560000, 0x00000000e6ab0000)
 concurrent mark-sweep generation total 393216K, used 121346K [0x00000000e8000000, 0x0000000100000000, 0x0000000100000000)
 Metaspace       used 43290K, capacity 44527K, committed 44652K, reserved 1087488K
  class space    used 5308K, capacity 5615K, committed 5740K, reserved 1048576K
2018-10-31T21:26:50.173-0700: 111.695: [GC (Allocation Failure) 2018-10-31T21:26:50.173-0700: 111.695: [ParNew
Desired survivor size 20112992 bytes, new threshold 8 (max 8)
- age   1:   12394560 bytes,   12394560 total
- age   2:    2126760 bytes,   14521320 total
- age   3:    1350712 bytes,   15872032 total
- age   4:    3401768 bytes,   19273800 total
: 109248K->21824K(109248K), 0.0099264 secs] 230594K->149937K(502464K), 0.0099851 secs] [Times: user=0.00 sys=0.02, real=0.02 secs] 
Heap after GC invocations=216 (full 16):
 par new generation   total 109248K, used 21824K [0x00000000e0000000, 0x00000000e8000000, 0x00000000e8000000)
  eden space 87424K,   0% used [0x00000000e0000000, 0x00000000e0000000, 0x00000000e5560000)
  from space 21824K, 100% used [0x00000000e5560000, 0x00000000e6ab0000, 0x00000000e6ab0000)
  to   space 21824K,   0% used [0x00000000e6ab0000, 0x00000000e6ab0000, 0x00000000e8000000)
 concurrent mark-sweep generation total 393216K, used 128113K [0x00000000e8000000, 0x0000000100000000, 0x0000000100000000)
 Metaspace       used 43290K, capacity 44527K, committed 44652K, reserved 1087488K
  class space    used 5308K, capacity 5615K, committed 5740K, reserved 1048576K
}
2018-10-31T21:26:50.189-0700: 111.706: Total time for which application threads were stopped: 0.0103534 seconds, Stopping threads took: 0.0001236 seconds
{Heap before GC invocations=216 (full 16):
 par new generation   total 109248K, used 109248K [0x00000000e0000000, 0x00000000e8000000, 0x00000000e8000000)
  eden space 87424K, 100% used [0x00000000e0000000, 0x00000000e5560000, 0x00000000e5560000)
  from space 21824K, 100% used [0x00000000e5560000, 0x00000000e6ab0000, 0x00000000e6ab0000)
  to   space 21824K,   0% used [0x00000000e6ab0000, 0x00000000e6ab0000, 0x00000000e8000000)
 concurrent mark-sweep generation total 393216K, used 128113K [0x00000000e8000000, 0x0000000100000000, 0x0000000100000000)
 Metaspace       used 43290K, capacity 44527K, committed 44652K, reserved 1087488K
  class space    used 5308K, capacity 5615K, committed 5740K, reserved 1048576K
2018-10-31T21:26:50.563-0700: 112.085: [GC (Allocation Failure) 2018-10-31T21:26:50.563-0700: 112.085: [ParNew
Desired survivor size 20112992 bytes, new threshold 5 (max 8)
- age   1:   10797944 bytes,   10797944 total
- age   2:    4567728 bytes,   15365672 total
- age   3:    2122272 bytes,   17487944 total
- age   4:    1348272 bytes,   18836216 total
- age   5:    3397512 bytes,   22233728 total
: 109248K->21824K(109248K), 0.0080542 secs] 237361K->155279K(502464K), 0.0081129 secs] [Times: user=0.00 sys=0.00, real=0.00 secs] 
Heap after GC invocations=217 (full 16):
 par new generation   total 109248K, used 21824K [0x00000000e0000000, 0x00000000e8000000, 0x00000000e8000000)
  eden space 87424K,   0% used [0x00000000e0000000, 0x00000000e0000000, 0x00000000e5560000)
  from space 21824K, 100% used [0x00000000e6ab0000, 0x00000000e8000000, 0x00000000e8000000)
  to   space 21824K,   0% used [0x00000000e5560000, 0x00000000e5560000, 0x00000000e6ab0000)
 concurrent mark-sweep generation total 393216K, used 133455K [0x00000000e8000000, 0x0000000100000000, 0x0000000100000000)
 Metaspace       used 43290K, capacity 44527K, committed 44652K, reserved 1087488K
  class space    used 5308K, capacity 5615K, committed 5740K, reserved 1048576K
}
2018-10-31T21:26:50.563-0700: 112.093: Total time for which application threads were stopped: 0.0083364 seconds, Stopping threads took: 0.0000419 seconds
2018-10-31T21:26:50.892-0700: 112.424: Total time for which application threads were stopped: 0.0001853 seconds, Stopping threads took: 0.0000828 seconds
{Heap before GC invocations=217 (full 16):
 par new generation   total 109248K, used 109248K [0x00000000e0000000, 0x00000000e8000000, 0x00000000e8000000)
  eden space 87424K, 100% used [0x00000000e0000000, 0x00000000e5560000, 0x00000000e5560000)
  from space 21824K, 100% used [0x00000000e6ab0000, 0x00000000e8000000, 0x00000000e8000000)
  to   space 21824K,   0% used [0x00000000e5560000, 0x00000000e5560000, 0x00000000e6ab0000)
 concurrent mark-sweep generation total 393216K, used 133455K [0x00000000e8000000, 0x0000000100000000, 0x0000000100000000)
 Metaspace       used 43296K, capacity 44533K, committed 44908K, reserved 1089536K
  class space    used 5309K, capacity 5616K, committed 5740K, reserved 1048576K
2018-10-31T21:26:51.095-0700: 112.619: [GC (Allocation Failure) 2018-10-31T21:26:51.095-0700: 112.619: [ParNew
Desired survivor size 20112992 bytes, new threshold 5 (max 8)
- age   1:    6368976 bytes,    6368976 total
- age   2:    6962128 bytes,   13331104 total
- age   3:    4567696 bytes,   17898800 total
- age   4:    1924544 bytes,   19823344 total
- age   5:    1347840 bytes,   21171184 total
: 109248K->21824K(109248K), 0.0089534 secs] 242703K->164314K(502464K), 0.0090049 secs] [Times: user=0.02 sys=0.00, real=0.01 secs] 
Heap after GC invocations=218 (full 16):
 par new generation   total 109248K, used 21824K [0x00000000e0000000, 0x00000000e8000000, 0x00000000e8000000)
  eden space 87424K,   0% used [0x00000000e0000000, 0x00000000e0000000, 0x00000000e5560000)
  from space 21824K, 100% used [0x00000000e5560000, 0x00000000e6ab0000, 0x00000000e6ab0000)
  to   space 21824K,   0% used [0x00000000e6ab0000, 0x00000000e6ab0000, 0x00000000e8000000)
 concurrent mark-sweep generation total 393216K, used 142490K [0x00000000e8000000, 0x0000000100000000, 0x0000000100000000)
 Metaspace       used 43296K, capacity 44533K, committed 44908K, reserved 1089536K
  class space    used 5309K, capacity 5616K, committed 5740K, reserved 1048576K
}
2018-10-31T21:26:51.110-0700: 112.628: Total time for which application threads were stopped: 0.0092182 seconds, Stopping threads took: 0.0000463 seconds
{Heap before GC invocations=218 (full 16):
 par new generation   total 109248K, used 109248K [0x00000000e0000000, 0x00000000e8000000, 0x00000000e8000000)
  eden space 87424K, 100% used [0x00000000e0000000, 0x00000000e5560000, 0x00000000e5560000)
  from space 21824K, 100% used [0x00000000e5560000, 0x00000000e6ab0000, 0x00000000e6ab0000)
  to   space 21824K,   0% used [0x00000000e6ab0000, 0x00000000e6ab0000, 0x00000000e8000000)
 concurrent mark-sweep generation total 393216K, used 142490K [0x00000000e8000000, 0x0000000100000000, 0x0000000100000000)
 Metaspace       used 43296K, capacity 44533K, committed 44908K, reserved 1089536K
  class space    used 5309K, capacity 5616K, committed 5740K, reserved 1048576K
2018-10-31T21:26:51.657-0700: 113.189: [GC (Allocation Failure) 2018-10-31T21:26:51.657-0700: 113.189: [ParNew
Desired survivor size 20112992 bytes, new threshold 4 (max 8)
- age   1:   13986592 bytes,   13986592 total
- age   2:    1632664 bytes,   15619256 total
- age   3:     545344 bytes,   16164600 total
- age   4:    4235000 bytes,   20399600 total
- age   5:    1918728 bytes,   22318328 total
: 109248K->21824K(109248K), 0.0088615 secs] 251738K->172089K(502464K), 0.0089221 secs] [Times: user=0.06 sys=0.00, real=0.02 secs] 
Heap after GC invocations=219 (full 16):
 par new generation   total 109248K, used 21824K [0x00000000e0000000, 0x00000000e8000000, 0x00000000e8000000)
  eden space 87424K,   0% used [0x00000000e0000000, 0x00000000e0000000, 0x00000000e5560000)
  from space 21824K, 100% used [0x00000000e6ab0000, 0x00000000e8000000, 0x00000000e8000000)
  to   space 21824K,   0% used [0x00000000e5560000, 0x00000000e5560000, 0x00000000e6ab0000)
 concurrent mark-sweep generation total 393216K, used 150265K [0x00000000e8000000, 0x0000000100000000, 0x0000000100000000)
 Metaspace       used 43296K, capacity 44533K, committed 44908K, reserved 1089536K
  class space    used 5309K, capacity 5616K, committed 5740K, reserved 1048576K
}
2018-10-31T21:26:51.673-0700: 113.198: Total time for which application threads were stopped: 0.0091278 seconds, Stopping threads took: 0.0000383 seconds
{Heap before GC invocations=219 (full 16):
 par new generation   total 109248K, used 109248K [0x00000000e0000000, 0x00000000e8000000, 0x00000000e8000000)
  eden space 87424K, 100% used [0x00000000e0000000, 0x00000000e5560000, 0x00000000e5560000)
  from space 21824K, 100% used [0x00000000e6ab0000, 0x00000000e8000000, 0x00000000e8000000)
  to   space 21824K,   0% used [0x00000000e5560000, 0x00000000e5560000, 0x00000000e6ab0000)
 concurrent mark-sweep generation total 393216K, used 150265K [0x00000000e8000000, 0x0000000100000000, 0x0000000100000000)
 Metaspace       used 43296K, capacity 44533K, committed 44908K, reserved 1089536K
  class space    used 5309K, capacity 5616K, committed 5740K, reserved 1048576K
2018-10-31T21:26:52.218-0700: 113.739: [GC (Allocation Failure) 2018-10-31T21:26:52.218-0700: 113.739: [ParNew
Desired survivor size 20112992 bytes, new threshold 4 (max 8)
- age   1:   16120808 bytes,   16120808 total
- age   2:    2326904 bytes,   18447712 total
- age   3:    1633712 bytes,   20081424 total
- age   4:     546416 bytes,   20627840 total
: 109248K->21824K(109248K), 0.0103305 secs] 259513K->181243K(502464K), 0.0103965 secs] [Times: user=0.00 sys=0.00, real=0.00 secs] 
Heap after GC invocations=220 (full 16):
 par new generation   total 109248K, used 21824K [0x00000000e0000000, 0x00000000e8000000, 0x00000000e8000000)
  eden space 87424K,   0% used [0x00000000e0000000, 0x00000000e0000000, 0x00000000e5560000)
  from space 21824K, 100% used [0x00000000e5560000, 0x00000000e6ab0000, 0x00000000e6ab0000)
  to   space 21824K,   0% used [0x00000000e6ab0000, 0x00000000e6ab0000, 0x00000000e8000000)
 concurrent mark-sweep generation total 393216K, used 159419K [0x00000000e8000000, 0x0000000100000000, 0x0000000100000000)
 Metaspace       used 43296K, capacity 44533K, committed 44908K, reserved 1089536K
  class space    used 5309K, capacity 5616K, committed 5740K, reserved 1048576K
}
2018-10-31T21:26:52.218-0700: 113.749: Total time for which application threads were stopped: 0.0105792 seconds, Stopping threads took: 0.0000394 seconds
{Heap before GC invocations=220 (full 16):
 par new generation   total 109248K, used 109248K [0x00000000e0000000, 0x00000000e8000000, 0x00000000e8000000)
  eden space 87424K, 100% used [0x00000000e0000000, 0x00000000e5560000, 0x00000000e5560000)
  from space 21824K, 100% used [0x00000000e5560000, 0x00000000e6ab0000, 0x00000000e6ab0000)
  to   space 21824K,   0% used [0x00000000e6ab0000, 0x00000000e6ab0000, 0x00000000e8000000)
 concurrent mark-sweep generation total 393216K, used 159419K [0x00000000e8000000, 0x0000000100000000, 0x0000000100000000)
 Metaspace       used 43298K, capacity 44537K, committed 44908K, reserved 1089536K
  class space    used 5309K, capacity 5616K, committed 5740K, reserved 1048576K
2018-10-31T21:26:52.834-0700: 114.354: [GC (Allocation Failure) 2018-10-31T21:26:52.834-0700: 114.354: [ParNew
Desired survivor size 20112992 bytes, new threshold 3 (max 8)
- age   1:    6463168 bytes,    6463168 total
- age   2:   12211624 bytes,   18674792 total
- age   3:    2283088 bytes,   20957880 total
- age   4:    1340144 bytes,   22298024 total
: 109248K->21824K(109248K), 0.0091066 secs] 268667K->188067K(502464K), 0.0091668 secs] [Times: user=0.00 sys=0.00, real=0.00 secs] 
Heap after GC invocations=221 (full 16):
 par new generation   total 109248K, used 21824K [0x00000000e0000000, 0x00000000e8000000, 0x00000000e8000000)
  eden space 87424K,   0% used [0x00000000e0000000, 0x00000000e0000000, 0x00000000e5560000)
  from space 21824K, 100% used [0x00000000e6ab0000, 0x00000000e8000000, 0x00000000e8000000)
  to   space 21824K,   0% used [0x00000000e5560000, 0x00000000e5560000, 0x00000000e6ab0000)
 concurrent mark-sweep generation total 393216K, used 166243K [0x00000000e8000000, 0x0000000100000000, 0x0000000100000000)
 Metaspace       used 43298K, capacity 44537K, committed 44908K, reserved 1089536K
  class space    used 5309K, capacity 5616K, committed 5740K, reserved 1048576K
}
2018-10-31T21:26:52.834-0700: 114.363: Total time for which application threads were stopped: 0.0094348 seconds, Stopping threads took: 0.0000996 seconds
{Heap before GC invocations=221 (full 16):
 par new generation   total 109248K, used 109248K [0x00000000e0000000, 0x00000000e8000000, 0x00000000e8000000)
  eden space 87424K, 100% used [0x00000000e0000000, 0x00000000e5560000, 0x00000000e5560000)
  from space 21824K, 100% used [0x00000000e6ab0000, 0x00000000e8000000, 0x00000000e8000000)
  to   space 21824K,   0% used [0x00000000e5560000, 0x00000000e5560000, 0x00000000e6ab0000)
 concurrent mark-sweep generation total 393216K, used 166243K [0x00000000e8000000, 0x0000000100000000, 0x0000000100000000)
 Metaspace       used 43298K, capacity 44537K, committed 44908K, reserved 1089536K
  class space    used 5309K, capacity 5616K, committed 5740K, reserved 1048576K
2018-10-31T21:26:53.391-0700: 114.916: [GC (Allocation Failure) 2018-10-31T21:26:53.391-0700: 114.916: [ParNew
Desired survivor size 20112992 bytes, new threshold 8 (max 8)
- age   1:    9636704 bytes,    9636704 total
- age   2:    1814888 bytes,   11451592 total
- age   3:    8528088 bytes,   19979680 total
: 109248K->21824K(109248K), 0.0104760 secs] 275491K->200915K(502464K), 0.0105325 secs] [Times: user=0.06 sys=0.00, real=0.02 secs] 
Heap after GC invocations=222 (full 16):
 par new generation   total 109248K, used 21824K [0x00000000e0000000, 0x00000000e8000000, 0x00000000e8000000)
  eden space 87424K,   0% used [0x00000000e0000000, 0x00000000e0000000, 0x00000000e5560000)
  from space 21824K, 100% used [0x00000000e5560000, 0x00000000e6ab0000, 0x00000000e6ab0000)
  to   space 21824K,   0% used [0x00000000e6ab0000, 0x00000000e6ab0000, 0x00000000e8000000)
 concurrent mark-sweep generation total 393216K, used 179091K [0x00000000e8000000, 0x0000000100000000, 0x0000000100000000)
 Metaspace       used 43298K, capacity 44537K, committed 44908K, reserved 1089536K
  class space    used 5309K, capacity 5616K, committed 5740K, reserved 1048576K
}
2018-10-31T21:26:53.407-0700: 114.926: Total time for which application threads were stopped: 0.0107910 seconds, Stopping threads took: 0.0000835 seconds
{Heap before GC invocations=222 (full 16):
 par new generation   total 109248K, used 109248K [0x00000000e0000000, 0x00000000e8000000, 0x00000000e8000000)
  eden space 87424K, 100% used [0x00000000e0000000, 0x00000000e5560000, 0x00000000e5560000)
  from space 21824K, 100% used [0x00000000e5560000, 0x00000000e6ab0000, 0x00000000e6ab0000)
  to   space 21824K,   0% used [0x00000000e6ab0000, 0x00000000e6ab0000, 0x00000000e8000000)
 concurrent mark-sweep generation total 393216K, used 179091K [0x00000000e8000000, 0x0000000100000000, 0x0000000100000000)
 Metaspace       used 43299K, capacity 44537K, committed 44908K, reserved 1089536K
  class space    used 5309K, capacity 5616K, committed 5740K, reserved 1048576K
2018-10-31T21:26:53.999-0700: 115.525: [GC (Allocation Failure) 2018-10-31T21:26:53.999-0700: 115.525: [ParNew
Desired survivor size 20112992 bytes, new threshold 4 (max 8)
- age   1:    7494320 bytes,    7494320 total
- age   2:    9163984 bytes,   16658304 total
- age   3:    1212144 bytes,   17870448 total
- age   4:    4425408 bytes,   22295856 total
: 109248K->21824K(109248K), 0.0097229 secs] 288339K->211332K(502464K), 0.0097834 secs] [Times: user=0.06 sys=0.00, real=0.01 secs] 
Heap after GC invocations=223 (full 16):
 par new generation   total 109248K, used 21824K [0x00000000e0000000, 0x00000000e8000000, 0x00000000e8000000)
  eden space 87424K,   0% used [0x00000000e0000000, 0x00000000e0000000, 0x00000000e5560000)
  from space 21824K, 100% used [0x00000000e6ab0000, 0x00000000e8000000, 0x00000000e8000000)
  to   space 21824K,   0% used [0x00000000e5560000, 0x00000000e5560000, 0x00000000e6ab0000)
 concurrent mark-sweep generation total 393216K, used 189508K [0x00000000e8000000, 0x0000000100000000, 0x0000000100000000)
 Metaspace       used 43299K, capacity 44537K, committed 44908K, reserved 1089536K
  class space    used 5309K, capacity 5616K, committed 5740K, reserved 1048576K
}
2018-10-31T21:26:54.014-0700: 115.535: Total time for which application threads were stopped: 0.0100183 seconds, Stopping threads took: 0.0000580 seconds
{Heap before GC invocations=223 (full 16):
 par new generation   total 109248K, used 109248K [0x00000000e0000000, 0x00000000e8000000, 0x00000000e8000000)
  eden space 87424K, 100% used [0x00000000e0000000, 0x00000000e5560000, 0x00000000e5560000)
  from space 21824K, 100% used [0x00000000e6ab0000, 0x00000000e8000000, 0x00000000e8000000)
  to   space 21824K,   0% used [0x00000000e5560000, 0x00000000e5560000, 0x00000000e6ab0000)
 concurrent mark-sweep generation total 393216K, used 189508K [0x00000000e8000000, 0x0000000100000000, 0x0000000100000000)
 Metaspace       used 43302K, capacity 44601K, committed 44908K, reserved 1089536K
  class space    used 5309K, capacity 5616K, committed 5740K, reserved 1048576K
2018-10-31T21:26:54.499-0700: 116.022: [GC (Allocation Failure) 2018-10-31T21:26:54.499-0700: 116.022: [ParNew
Desired survivor size 20112992 bytes, new threshold 3 (max 8)
- age   1:   12441000 bytes,   12441000 total
- age   2:    3237472 bytes,   15678472 total
- age   3:    5400312 bytes,   21078784 total
- age   4:    1212112 bytes,   22290896 total
: 109248K->21824K(109248K), 0.0110613 secs] 298756K->223600K(502464K), 0.0111145 secs] [Times: user=0.06 sys=0.00, real=0.01 secs] 
Heap after GC invocations=224 (full 16):
 par new generation   total 109248K, used 21824K [0x00000000e0000000, 0x00000000e8000000, 0x00000000e8000000)
  eden space 87424K,   0% used [0x00000000e0000000, 0x00000000e0000000, 0x00000000e5560000)
  from space 21824K, 100% used [0x00000000e5560000, 0x00000000e6ab0000, 0x00000000e6ab0000)
  to   space 21824K,   0% used [0x00000000e6ab0000, 0x00000000e6ab0000, 0x00000000e8000000)
 concurrent mark-sweep generation total 393216K, used 201776K [0x00000000e8000000, 0x0000000100000000, 0x0000000100000000)
 Metaspace       used 43302K, capacity 44601K, committed 44908K, reserved 1089536K
  class space    used 5309K, capacity 5616K, committed 5740K, reserved 1048576K
}
2018-10-31T21:26:54.514-0700: 116.033: Total time for which application threads were stopped: 0.0112946 seconds, Stopping threads took: 0.0000295 seconds
2018-10-31T21:26:54.514-0700: 116.034: [GC (CMS Initial Mark) [1 CMS-initial-mark: 201776K(393216K)] 224407K(502464K), 0.0010572 secs] [Times: user=0.00 sys=0.00, real=0.00 secs] 
2018-10-31T21:26:54.514-0700: 116.035: Total time for which application threads were stopped: 0.0011680 seconds, Stopping threads took: 0.0000222 seconds
2018-10-31T21:26:54.514-0700: 116.035: [CMS-concurrent-mark-start]
2018-10-31T21:26:54.530-0700: 116.049: [CMS-concurrent-mark: 0.015/0.015 secs] [Times: user=0.08 sys=0.00, real=0.02 secs] 
2018-10-31T21:26:54.530-0700: 116.050: [CMS-concurrent-preclean-start]
2018-10-31T21:26:54.530-0700: 116.051: [CMS-concurrent-preclean: 0.001/0.001 secs] [Times: user=0.00 sys=0.00, real=0.00 secs] 
2018-10-31T21:26:54.530-0700: 116.051: [CMS-concurrent-abortable-preclean-start]
2018-10-31T21:26:54.804-0700: 116.335: [CMS-concurrent-abortable-preclean: 0.284/0.284 secs] [Times: user=0.58 sys=0.05, real=0.27 secs] 
2018-10-31T21:26:54.804-0700: 116.335: [GC (CMS Final Remark) [YG occupancy: 66427 K (109248 K)]{Heap before GC invocations=224 (full 17):
 par new generation   total 109248K, used 66427K [0x00000000e0000000, 0x00000000e8000000, 0x00000000e8000000)
  eden space 87424K,  51% used [0x00000000e0000000, 0x00000000e2b8edb8, 0x00000000e5560000)
  from space 21824K, 100% used [0x00000000e5560000, 0x00000000e6ab0000, 0x00000000e6ab0000)
  to   space 21824K,   0% used [0x00000000e6ab0000, 0x00000000e6ab0000, 0x00000000e8000000)
 concurrent mark-sweep generation total 393216K, used 201776K [0x00000000e8000000, 0x0000000100000000, 0x0000000100000000)
 Metaspace       used 43302K, capacity 44601K, committed 44908K, reserved 1089536K
  class space    used 5309K, capacity 5616K, committed 5740K, reserved 1048576K
2018-10-31T21:26:54.804-0700: 116.335: [GC (CMS Final Remark) 2018-10-31T21:26:54.804-0700: 116.335: [ParNew
Desired survivor size 20112992 bytes, new threshold 3 (max 8)
- age   1:    7168280 bytes,    7168280 total
- age   2:    9839664 bytes,   17007944 total
- age   3:    3223296 bytes,   20231240 total
: 66427K->21824K(109248K), 0.0109464 secs] 268203K->233700K(502464K), 0.0110066 secs] [Times: user=0.06 sys=0.00, real=0.02 secs] 
Heap after GC invocations=225 (full 17):
 par new generation   total 109248K, used 21824K [0x00000000e0000000, 0x00000000e8000000, 0x00000000e8000000)
  eden space 87424K,   0% used [0x00000000e0000000, 0x00000000e0000000, 0x00000000e5560000)
  from space 21824K, 100% used [0x00000000e6ab0000, 0x00000000e8000000, 0x00000000e8000000)
  to   space 21824K,   0% used [0x00000000e5560000, 0x00000000e5560000, 0x00000000e6ab0000)
 concurrent mark-sweep generation total 393216K, used 211876K [0x00000000e8000000, 0x0000000100000000, 0x0000000100000000)
 Metaspace       used 43302K, capacity 44601K, committed 44908K, reserved 1089536K
  class space    used 5309K, capacity 5616K, committed 5740K, reserved 1048576K
}
2018-10-31T21:26:54.820-0700: 116.346: [Rescan (parallel) , 0.0024823 secs]2018-10-31T21:26:54.820-0700: 116.349: [weak refs processing, 0.0009390 secs]2018-10-31T21:26:54.820-0700: 116.350: [class unloading, 0.0100533 secs]2018-10-31T21:26:54.835-0700: 116.360: [scrub symbol table, 0.0053837 secs]2018-10-31T21:26:54.835-0700: 116.365: [scrub string table, 0.0004551 secs][1 CMS-remark: 211876K(393216K)] 233700K(502464K), 0.0306270 secs] [Times: user=0.08 sys=0.00, real=0.03 secs] 
2018-10-31T21:26:54.835-0700: 116.366: Total time for which application threads were stopped: 0.0308094 seconds, Stopping threads took: 0.0000645 seconds
2018-10-31T21:26:54.835-0700: 116.366: [CMS-concurrent-sweep-start]
2018-10-31T21:26:54.866-0700: 116.391: [CMS-concurrent-sweep: 0.026/0.026 secs] [Times: user=0.06 sys=0.00, real=0.03 secs] 
2018-10-31T21:26:54.866-0700: 116.392: [CMS-concurrent-reset-start]
2018-10-31T21:26:54.866-0700: 116.392: [CMS-concurrent-reset: 0.000/0.000 secs] [Times: user=0.00 sys=0.00, real=0.00 secs] 
{Heap before GC invocations=225 (full 17):
 par new generation   total 109248K, used 108731K [0x00000000e0000000, 0x00000000e8000000, 0x00000000e8000000)
  eden space 87424K,  99% used [0x00000000e0000000, 0x00000000e54dede0, 0x00000000e5560000)
  from space 21824K, 100% used [0x00000000e6ab0000, 0x00000000e8000000, 0x00000000e8000000)
  to   space 21824K,   0% used [0x00000000e5560000, 0x00000000e5560000, 0x00000000e6ab0000)
 concurrent mark-sweep generation total 393216K, used 117161K [0x00000000e8000000, 0x0000000100000000, 0x0000000100000000)
 Metaspace       used 43303K, capacity 44665K, committed 44908K, reserved 1089536K
  class space    used 5309K, capacity 5616K, committed 5740K, reserved 1048576K
2018-10-31T21:26:55.456-0700: 116.978: [GC (Allocation Failure) 2018-10-31T21:26:55.456-0700: 116.978: [ParNew
Desired survivor size 20112992 bytes, new threshold 3 (max 8)
- age   1:   10792376 bytes,   10792376 total
- age   2:    1565744 bytes,   12358120 total
- age   3:    9744936 bytes,   22103056 total
: 108731K->21824K(109248K), 0.0103038 secs] 225892K->147523K(502464K), 0.0103731 secs] [Times: user=0.02 sys=0.00, real=0.02 secs] 
Heap after GC invocations=226 (full 17):
 par new generation   total 109248K, used 21824K [0x00000000e0000000, 0x00000000e8000000, 0x00000000e8000000)
  eden space 87424K,   0% used [0x00000000e0000000, 0x00000000e0000000, 0x00000000e5560000)
  from space 21824K, 100% used [0x00000000e5560000, 0x00000000e6ab0000, 0x00000000e6ab0000)
  to   space 21824K,   0% used [0x00000000e6ab0000, 0x00000000e6ab0000, 0x00000000e8000000)
 concurrent mark-sweep generation total 393216K, used 125699K [0x00000000e8000000, 0x0000000100000000, 0x0000000100000000)
 Metaspace       used 43303K, capacity 44665K, committed 44908K, reserved 1089536K
  class space    used 5309K, capacity 5616K, committed 5740K, reserved 1048576K
}
2018-10-31T21:26:55.472-0700: 116.989: Total time for which application threads were stopped: 0.0106791 seconds, Stopping threads took: 0.0000565 seconds
{Heap before GC invocations=226 (full 17):
 par new generation   total 109248K, used 109235K [0x00000000e0000000, 0x00000000e8000000, 0x00000000e8000000)
  eden space 87424K,  99% used [0x00000000e0000000, 0x00000000e555ceb0, 0x00000000e5560000)
  from space 21824K, 100% used [0x00000000e5560000, 0x00000000e6ab0000, 0x00000000e6ab0000)
  to   space 21824K,   0% used [0x00000000e6ab0000, 0x00000000e6ab0000, 0x00000000e8000000)
 concurrent mark-sweep generation total 393216K, used 125699K [0x00000000e8000000, 0x0000000100000000, 0x0000000100000000)
 Metaspace       used 43311K, capacity 44665K, committed 44908K, reserved 1089536K
  class space    used 5309K, capacity 5616K, committed 5740K, reserved 1048576K
2018-10-31T21:26:56.045-0700: 117.576: [GC (Allocation Failure) 2018-10-31T21:26:56.045-0700: 117.576: [ParNew
Desired survivor size 20112992 bytes, new threshold 8 (max 8)
- age   1:   11971216 bytes,   11971216 total
- age   2:    4508560 bytes,   16479776 total
- age   3:    1566480 bytes,   18046256 total
: 109235K->21824K(109248K), 0.0092415 secs] 234934K->153358K(502464K), 0.0093003 secs] [Times: user=0.06 sys=0.00, real=0.02 secs] 
Heap after GC invocations=227 (full 17):
 par new generation   total 109248K, used 21824K [0x00000000e0000000, 0x00000000e8000000, 0x00000000e8000000)
  eden space 87424K,   0% used [0x00000000e0000000, 0x00000000e0000000, 0x00000000e5560000)
  from space 21824K, 100% used [0x00000000e6ab0000, 0x00000000e8000000, 0x00000000e8000000)
  to   space 21824K,   0% used [0x00000000e5560000, 0x00000000e5560000, 0x00000000e6ab0000)
 concurrent mark-sweep generation total 393216K, used 131534K [0x00000000e8000000, 0x0000000100000000, 0x0000000100000000)
 Metaspace       used 43311K, capacity 44665K, committed 44908K, reserved 1089536K
  class space    used 5309K, capacity 5616K, committed 5740K, reserved 1048576K
}
2018-10-31T21:26:56.061-0700: 117.585: Total time for which application threads were stopped: 0.0094902 seconds, Stopping threads took: 0.0000394 seconds
{Heap before GC invocations=227 (full 17):
 par new generation   total 109248K, used 109248K [0x00000000e0000000, 0x00000000e8000000, 0x00000000e8000000)
  eden space 87424K, 100% used [0x00000000e0000000, 0x00000000e5560000, 0x00000000e5560000)
  from space 21824K, 100% used [0x00000000e6ab0000, 0x00000000e8000000, 0x00000000e8000000)
  to   space 21824K,   0% used [0x00000000e5560000, 0x00000000e5560000, 0x00000000e6ab0000)
 concurrent mark-sweep generation total 393216K, used 131534K [0x00000000e8000000, 0x0000000100000000, 0x0000000100000000)
 Metaspace       used 43311K, capacity 44665K, committed 44908K, reserved 1089536K
  class space    used 5309K, capacity 5616K, committed 5740K, reserved 1048576K
2018-10-31T21:26:56.592-0700: 118.122: [GC (Allocation Failure) 2018-10-31T21:26:56.592-0700: 118.122: [ParNew
Desired survivor size 20112992 bytes, new threshold 3 (max 8)
- age   1:   12252504 bytes,   12252504 total
- age   2:    4081456 bytes,   16333960 total
- age   3:    5084856 bytes,   21418816 total
- age   4:    1564384 bytes,   22983200 total
: 109248K->21824K(109248K), 0.0096412 secs] 240782K->159705K(502464K), 0.0097014 secs] [Times: user=0.06 sys=0.00, real=0.02 secs] 
Heap after GC invocations=228 (full 17):
 par new generation   total 109248K, used 21824K [0x00000000e0000000, 0x00000000e8000000, 0x00000000e8000000)
  eden space 87424K,   0% used [0x00000000e0000000, 0x00000000e0000000, 0x00000000e5560000)
  from space 21824K, 100% used [0x00000000e5560000, 0x00000000e6ab0000, 0x00000000e6ab0000)
  to   space 21824K,   0% used [0x00000000e6ab0000, 0x00000000e6ab0000, 0x00000000e8000000)
 concurrent mark-sweep generation total 393216K, used 137881K [0x00000000e8000000, 0x0000000100000000, 0x0000000100000000)
 Metaspace       used 43311K, capacity 44665K, committed 44908K, reserved 1089536K
  class space    used 5309K, capacity 5616K, committed 5740K, reserved 1048576K
}
2018-10-31T21:26:56.608-0700: 118.132: Total time for which application threads were stopped: 0.0099632 seconds, Stopping threads took: 0.0000861 seconds
{Heap before GC invocations=228 (full 17):
 par new generation   total 109248K, used 109248K [0x00000000e0000000, 0x00000000e8000000, 0x00000000e8000000)
  eden space 87424K, 100% used [0x00000000e0000000, 0x00000000e5560000, 0x00000000e5560000)
  from space 21824K, 100% used [0x00000000e5560000, 0x00000000e6ab0000, 0x00000000e6ab0000)
  to   space 21824K,   0% used [0x00000000e6ab0000, 0x00000000e6ab0000, 0x00000000e8000000)
 concurrent mark-sweep generation total 393216K, used 137881K [0x00000000e8000000, 0x0000000100000000, 0x0000000100000000)
 Metaspace       used 43311K, capacity 44665K, committed 44908K, reserved 1089536K
  class space    used 5309K, capacity 5616K, committed 5740K, reserved 1048576K
2018-10-31T21:26:57.266-0700: 118.789: [GC (Allocation Failure) 2018-10-31T21:26:57.266-0700: 118.789: [ParNew
Desired survivor size 20112992 bytes, new threshold 3 (max 8)
- age   1:   11702456 bytes,   11702456 total
- age   2:    6684672 bytes,   18387128 total
- age   3:    3395152 bytes,   21782280 total
: 109248K->21824K(109248K), 0.0122187 secs] 247129K->168581K(502464K), 0.0122942 secs] [Times: user=0.00 sys=0.00, real=0.02 secs] 
Heap after GC invocations=229 (full 17):
 par new generation   total 109248K, used 21824K [0x00000000e0000000, 0x00000000e8000000, 0x00000000e8000000)
  eden space 87424K,   0% used [0x00000000e0000000, 0x00000000e0000000, 0x00000000e5560000)
  from space 21824K, 100% used [0x00000000e6ab0000, 0x00000000e8000000, 0x00000000e8000000)
  to   space 21824K,   0% used [0x00000000e5560000, 0x00000000e5560000, 0x00000000e6ab0000)
 concurrent mark-sweep generation total 393216K, used 146757K [0x00000000e8000000, 0x0000000100000000, 0x0000000100000000)
 Metaspace       used 43311K, capacity 44665K, committed 44908K, reserved 1089536K
  class space    used 5309K, capacity 5616K, committed 5740K, reserved 1048576K
}
2018-10-31T21:26:57.282-0700: 118.801: Total time for which application threads were stopped: 0.0125630 seconds, Stopping threads took: 0.0000500 seconds
{Heap before GC invocations=229 (full 17):
 par new generation   total 109248K, used 109248K [0x00000000e0000000, 0x00000000e8000000, 0x00000000e8000000)
  eden space 87424K, 100% used [0x00000000e0000000, 0x00000000e5560000, 0x00000000e5560000)
  from space 21824K, 100% used [0x00000000e6ab0000, 0x00000000e8000000, 0x00000000e8000000)
  to   space 21824K,   0% used [0x00000000e5560000, 0x00000000e5560000, 0x00000000e6ab0000)
 concurrent mark-sweep generation total 393216K, used 146757K [0x00000000e8000000, 0x0000000100000000, 0x0000000100000000)
 Metaspace       used 43312K, capacity 44665K, committed 44908K, reserved 1089536K
  class space    used 5309K, capacity 5616K, committed 5740K, reserved 1048576K
2018-10-31T21:26:57.853-0700: 119.371: [GC (Allocation Failure) 2018-10-31T21:26:57.853-0700: 119.371: [ParNew
Desired survivor size 20112992 bytes, new threshold 3 (max 8)
- age   1:    5537136 bytes,    5537136 total
- age   2:    8631232 bytes,   14168368 total
- age   3:    6681856 bytes,   20850224 total
: 109248K->21824K(109248K), 0.0107892 secs] 256005K->179250K(502464K), 0.0108786 secs] [Times: user=0.00 sys=0.00, real=0.00 secs] 
Heap after GC invocations=230 (full 17):
 par new generation   total 109248K, used 21824K [0x00000000e0000000, 0x00000000e8000000, 0x00000000e8000000)
  eden space 87424K,   0% used [0x00000000e0000000, 0x00000000e0000000, 0x00000000e5560000)
  from space 21824K, 100% used [0x00000000e5560000, 0x00000000e6ab0000, 0x00000000e6ab0000)
  to   space 21824K,   0% used [0x00000000e6ab0000, 0x00000000e6ab0000, 0x00000000e8000000)
 concurrent mark-sweep generation total 393216K, used 157426K [0x00000000e8000000, 0x0000000100000000, 0x0000000100000000)
 Metaspace       used 43312K, capacity 44665K, committed 44908K, reserved 1089536K
  class space    used 5309K, capacity 5616K, committed 5740K, reserved 1048576K
}
2018-10-31T21:26:57.853-0700: 119.382: Total time for which application threads were stopped: 0.0111973 seconds, Stopping threads took: 0.0000532 seconds
{Heap before GC invocations=230 (full 17):
 par new generation   total 109248K, used 109248K [0x00000000e0000000, 0x00000000e8000000, 0x00000000e8000000)
  eden space 87424K, 100% used [0x00000000e0000000, 0x00000000e5560000, 0x00000000e5560000)
  from space 21824K, 100% used [0x00000000e5560000, 0x00000000e6ab0000, 0x00000000e6ab0000)
  to   space 21824K,   0% used [0x00000000e6ab0000, 0x00000000e6ab0000, 0x00000000e8000000)
 concurrent mark-sweep generation total 393216K, used 157426K [0x00000000e8000000, 0x0000000100000000, 0x0000000100000000)
 Metaspace       used 43316K, capacity 44665K, committed 44908K, reserved 1089536K
  class space    used 5309K, capacity 5616K, committed 5740K, reserved 1048576K
2018-10-31T21:26:58.437-0700: 119.968: [GC (Allocation Failure) 2018-10-31T21:26:58.437-0700: 119.968: [ParNew
Desired survivor size 20112992 bytes, new threshold 8 (max 8)
- age   1:    3151696 bytes,    3151696 total
- age   2:    4349248 bytes,    7500944 total
- age   3:    8567552 bytes,   16068496 total
: 109248K->21824K(109248K), 0.0078879 secs] 266674K->186150K(502464K), 0.0079590 secs] [Times: user=0.06 sys=0.00, real=0.02 secs] 
Heap after GC invocations=231 (full 17):
 par new generation   total 109248K, used 21824K [0x00000000e0000000, 0x00000000e8000000, 0x00000000e8000000)
  eden space 87424K,   0% used [0x00000000e0000000, 0x00000000e0000000, 0x00000000e5560000)
  from space 21824K, 100% used [0x00000000e6ab0000, 0x00000000e8000000, 0x00000000e8000000)
  to   space 21824K,   0% used [0x00000000e5560000, 0x00000000e5560000, 0x00000000e6ab0000)
 concurrent mark-sweep generation total 393216K, used 164326K [0x00000000e8000000, 0x0000000100000000, 0x0000000100000000)
 Metaspace       used 43316K, capacity 44665K, committed 44908K, reserved 1089536K
  class space    used 5309K, capacity 5616K, committed 5740K, reserved 1048576K
}
2018-10-31T21:26:58.453-0700: 119.976: Total time for which application threads were stopped: 0.0081555 seconds, Stopping threads took: 0.0000419 seconds
{Heap before GC invocations=231 (full 17):
 par new generation   total 109248K, used 109248K [0x00000000e0000000, 0x00000000e8000000, 0x00000000e8000000)
  eden space 87424K, 100% used [0x00000000e0000000, 0x00000000e5560000, 0x00000000e5560000)
  from space 21824K, 100% used [0x00000000e6ab0000, 0x00000000e8000000, 0x00000000e8000000)
  to   space 21824K,   0% used [0x00000000e5560000, 0x00000000e5560000, 0x00000000e6ab0000)
 concurrent mark-sweep generation total 393216K, used 164326K [0x00000000e8000000, 0x0000000100000000, 0x0000000100000000)
 Metaspace       used 43316K, capacity 44665K, committed 44908K, reserved 1089536K
  class space    used 5309K, capacity 5616K, committed 5740K, reserved 1048576K
2018-10-31T21:26:58.913-0700: 120.437: [GC (Allocation Failure) 2018-10-31T21:26:58.913-0700: 120.437: [ParNew
Desired survivor size 20112992 bytes, new threshold 8 (max 8)
- age   1:      90256 bytes,      90256 total
- age   2:    3089272 bytes,    3179528 total
- age   3:    4349248 bytes,    7528776 total
- age   4:    9331872 bytes,   16860648 total
: 109248K->19499K(109248K), 0.0059398 secs] 273574K->183825K(502464K), 0.0060233 secs] [Times: user=0.00 sys=0.00, real=0.00 secs] 
Heap after GC invocations=232 (full 17):
 par new generation   total 109248K, used 19499K [0x00000000e0000000, 0x00000000e8000000, 0x00000000e8000000)
  eden space 87424K,   0% used [0x00000000e0000000, 0x00000000e0000000, 0x00000000e5560000)
  from space 21824K,  89% used [0x00000000e5560000, 0x00000000e686acb0, 0x00000000e6ab0000)
  to   space 21824K,   0% used [0x00000000e6ab0000, 0x00000000e6ab0000, 0x00000000e8000000)
 concurrent mark-sweep generation total 393216K, used 164326K [0x00000000e8000000, 0x0000000100000000, 0x0000000100000000)
 Metaspace       used 43316K, capacity 44665K, committed 44908K, reserved 1089536K
  class space    used 5309K, capacity 5616K, committed 5740K, reserved 1048576K
}
2018-10-31T21:26:58.913-0700: 120.443: Total time for which application threads were stopped: 0.0062468 seconds, Stopping threads took: 0.0000419 seconds
{Heap before GC invocations=232 (full 17):
 par new generation   total 109248K, used 106923K [0x00000000e0000000, 0x00000000e8000000, 0x00000000e8000000)
  eden space 87424K, 100% used [0x00000000e0000000, 0x00000000e5560000, 0x00000000e5560000)
  from space 21824K,  89% used [0x00000000e5560000, 0x00000000e686acb0, 0x00000000e6ab0000)
  to   space 21824K,   0% used [0x00000000e6ab0000, 0x00000000e6ab0000, 0x00000000e8000000)
 concurrent mark-sweep generation total 393216K, used 164326K [0x00000000e8000000, 0x0000000100000000, 0x0000000100000000)
 Metaspace       used 43317K, capacity 44665K, committed 44908K, reserved 1089536K
  class space    used 5309K, capacity 5616K, committed 5740K, reserved 1048576K
2018-10-31T21:26:59.061-0700: 120.592: [GC (Allocation Failure) 2018-10-31T21:26:59.061-0700: 120.592: [ParNew
Desired survivor size 20112992 bytes, new threshold 8 (max 8)
- age   1:      95104 bytes,      95104 total
- age   3:    3057256 bytes,    3152360 total
- age   4:    4349248 bytes,    7501608 total
- age   5:    8567552 bytes,   16069160 total
: 106923K->19922K(109248K), 0.0062392 secs] 271249K->184248K(502464K), 0.0063088 secs] [Times: user=0.06 sys=0.00, real=0.02 secs] 
Heap after GC invocations=233 (full 17):
 par new generation   total 109248K, used 19922K [0x00000000e0000000, 0x00000000e8000000, 0x00000000e8000000)
  eden space 87424K,   0% used [0x00000000e0000000, 0x00000000e0000000, 0x00000000e5560000)
  from space 21824K,  91% used [0x00000000e6ab0000, 0x00000000e7e24850, 0x00000000e8000000)
  to   space 21824K,   0% used [0x00000000e5560000, 0x00000000e5560000, 0x00000000e6ab0000)
 concurrent mark-sweep generation total 393216K, used 164326K [0x00000000e8000000, 0x0000000100000000, 0x0000000100000000)
 Metaspace       used 43317K, capacity 44665K, committed 44908K, reserved 1089536K
  class space    used 5309K, capacity 5616K, committed 5740K, reserved 1048576K
}
2018-10-31T21:26:59.077-0700: 120.599: Total time for which application threads were stopped: 0.0065532 seconds, Stopping threads took: 0.0000536 seconds
{Heap before GC invocations=233 (full 17):
 par new generation   total 109248K, used 107346K [0x00000000e0000000, 0x00000000e8000000, 0x00000000e8000000)
  eden space 87424K, 100% used [0x00000000e0000000, 0x00000000e5560000, 0x00000000e5560000)
  from space 21824K,  91% used [0x00000000e6ab0000, 0x00000000e7e24850, 0x00000000e8000000)
  to   space 21824K,   0% used [0x00000000e5560000, 0x00000000e5560000, 0x00000000e6ab0000)
 concurrent mark-sweep generation total 393216K, used 164326K [0x00000000e8000000, 0x0000000100000000, 0x0000000100000000)
 Metaspace       used 43317K, capacity 44665K, committed 44908K, reserved 1089536K
  class space    used 5309K, capacity 5616K, committed 5740K, reserved 1048576K
2018-10-31T21:26:59.608-0700: 121.130: [GC (Allocation Failure) 2018-10-31T21:26:59.608-0700: 121.130: [ParNew
Desired survivor size 20112992 bytes, new threshold 8 (max 8)
- age   1:      72344 bytes,      72344 total
- age   2:      53328 bytes,     125672 total
- age   4:    3057256 bytes,    3182928 total
- age   5:    4349248 bytes,    7532176 total
- age   6:    8567552 bytes,   16099728 total
: 107346K->20349K(109248K), 0.0064325 secs] 271672K->184675K(502464K), 0.0065156 secs] [Times: user=0.00 sys=0.00, real=0.00 secs] 
Heap after GC invocations=234 (full 17):
 par new generation   total 109248K, used 20349K [0x00000000e0000000, 0x00000000e8000000, 0x00000000e8000000)
  eden space 87424K,   0% used [0x00000000e0000000, 0x00000000e0000000, 0x00000000e5560000)
  from space 21824K,  93% used [0x00000000e5560000, 0x00000000e693f530, 0x00000000e6ab0000)
  to   space 21824K,   0% used [0x00000000e6ab0000, 0x00000000e6ab0000, 0x00000000e8000000)
 concurrent mark-sweep generation total 393216K, used 164326K [0x00000000e8000000, 0x0000000100000000, 0x0000000100000000)
 Metaspace       used 43317K, capacity 44665K, committed 44908K, reserved 1089536K
  class space    used 5309K, capacity 5616K, committed 5740K, reserved 1048576K
}
2018-10-31T21:26:59.608-0700: 121.137: Total time for which application threads were stopped: 0.0067071 seconds, Stopping threads took: 0.0000376 seconds
2018-10-31T21:26:59.655-0700: 121.185: Total time for which application threads were stopped: 0.0001032 seconds, Stopping threads took: 0.0000496 seconds
{Heap before GC invocations=234 (full 17):
 par new generation   total 109248K, used 107773K [0x00000000e0000000, 0x00000000e8000000, 0x00000000e8000000)
  eden space 87424K, 100% used [0x00000000e0000000, 0x00000000e5560000, 0x00000000e5560000)
  from space 21824K,  93% used [0x00000000e5560000, 0x00000000e693f530, 0x00000000e6ab0000)
  to   space 21824K,   0% used [0x00000000e6ab0000, 0x00000000e6ab0000, 0x00000000e8000000)
 concurrent mark-sweep generation total 393216K, used 164326K [0x00000000e8000000, 0x0000000100000000, 0x0000000100000000)
 Metaspace       used 43319K, capacity 44665K, committed 44908K, reserved 1089536K
  class space    used 5309K, capacity 5616K, committed 5740K, reserved 1048576K
2018-10-31T21:27:00.110-0700: 121.636: [GC (Allocation Failure) 2018-10-31T21:27:00.110-0700: 121.636: [ParNew
Desired survivor size 20112992 bytes, new threshold 7 (max 8)
- age   1:    9301776 bytes,    9301776 total
- age   5:     557608 bytes,    9859384 total
- age   6:    4001952 bytes,   13861336 total
- age   7:    8391928 bytes,   22253264 total
: 107773K->21824K(109248K), 0.0088298 secs] 272099K->189633K(502464K), 0.0089775 secs] [Times: user=0.05 sys=0.00, real=0.02 secs] 
Heap after GC invocations=235 (full 17):
 par new generation   total 109248K, used 21824K [0x00000000e0000000, 0x00000000e8000000, 0x00000000e8000000)
  eden space 87424K,   0% used [0x00000000e0000000, 0x00000000e0000000, 0x00000000e5560000)
  from space 21824K, 100% used [0x00000000e6ab0000, 0x00000000e8000000, 0x00000000e8000000)
  to   space 21824K,   0% used [0x00000000e5560000, 0x00000000e5560000, 0x00000000e6ab0000)
 concurrent mark-sweep generation total 393216K, used 167809K [0x00000000e8000000, 0x0000000100000000, 0x0000000100000000)
 Metaspace       used 43319K, capacity 44665K, committed 44908K, reserved 1089536K
  class space    used 5309K, capacity 5616K, committed 5740K, reserved 1048576K
}
2018-10-31T21:27:00.125-0700: 121.645: Total time for which application threads were stopped: 0.0091868 seconds, Stopping threads took: 0.0000430 seconds
{Heap before GC invocations=235 (full 17):
 par new generation   total 109248K, used 109248K [0x00000000e0000000, 0x00000000e8000000, 0x00000000e8000000)
  eden space 87424K, 100% used [0x00000000e0000000, 0x00000000e5560000, 0x00000000e5560000)
  from space 21824K, 100% used [0x00000000e6ab0000, 0x00000000e8000000, 0x00000000e8000000)
  to   space 21824K,   0% used [0x00000000e5560000, 0x00000000e5560000, 0x00000000e6ab0000)
 concurrent mark-sweep generation total 393216K, used 167809K [0x00000000e8000000, 0x0000000100000000, 0x0000000100000000)
 Metaspace       used 43319K, capacity 44665K, committed 44908K, reserved 1089536K
  class space    used 5309K, capacity 5616K, committed 5740K, reserved 1048576K
2018-10-31T21:27:00.877-0700: 122.395: [GC (Allocation Failure) 2018-10-31T21:27:00.877-0700: 122.395: [ParNew
Desired survivor size 20112992 bytes, new threshold 7 (max 8)
- age   1:   13368488 bytes,   13368488 total
- age   2:    4567360 bytes,   17935848 total
- age   6:     557576 bytes,   18493424 total
- age   7:    2559304 bytes,   21052728 total
: 109248K->21824K(109248K), 0.0120357 secs] 277057K->199489K(502464K), 0.0121560 secs] [Times: user=0.00 sys=0.00, real=0.00 secs] 
Heap after GC invocations=236 (full 17):
 par new generation   total 109248K, used 21824K [0x00000000e0000000, 0x00000000e8000000, 0x00000000e8000000)
  eden space 87424K,   0% used [0x00000000e0000000, 0x00000000e0000000, 0x00000000e5560000)
  from space 21824K, 100% used [0x00000000e5560000, 0x00000000e6ab0000, 0x00000000e6ab0000)
  to   space 21824K,   0% used [0x00000000e6ab0000, 0x00000000e6ab0000, 0x00000000e8000000)
 concurrent mark-sweep generation total 393216K, used 177665K [0x00000000e8000000, 0x0000000100000000, 0x0000000100000000)
 Metaspace       used 43319K, capacity 44665K, committed 44908K, reserved 1089536K
  class space    used 5309K, capacity 5616K, committed 5740K, reserved 1048576K
}
2018-10-31T21:27:00.877-0700: 122.407: Total time for which application threads were stopped: 0.0124375 seconds, Stopping threads took: 0.0000474 seconds
2018-10-31T21:27:01.421-0700: 122.945: Total time for which application threads were stopped: 0.0001692 seconds, Stopping threads took: 0.0000525 seconds
2018-10-31T21:27:01.436-0700: 122.959: Total time for which application threads were stopped: 0.0001794 seconds, Stopping threads took: 0.0000697 seconds
2018-10-31T21:27:01.436-0700: 122.959: Total time for which application threads were stopped: 0.0001222 seconds, Stopping threads took: 0.0000419 seconds
{Heap before GC invocations=236 (full 17):
 par new generation   total 109248K, used 109248K [0x00000000e0000000, 0x00000000e8000000, 0x00000000e8000000)
  eden space 87424K, 100% used [0x00000000e0000000, 0x00000000e5560000, 0x00000000e5560000)
  from space 21824K, 100% used [0x00000000e5560000, 0x00000000e6ab0000, 0x00000000e6ab0000)
  to   space 21824K,   0% used [0x00000000e6ab0000, 0x00000000e6ab0000, 0x00000000e8000000)
 concurrent mark-sweep generation total 393216K, used 177665K [0x00000000e8000000, 0x0000000100000000, 0x0000000100000000)
 Metaspace       used 43319K, capacity 44665K, committed 44908K, reserved 1089536K
  class space    used 5309K, capacity 5616K, committed 5740K, reserved 1048576K
2018-10-31T21:27:01.483-0700: 123.014: [GC (Allocation Failure) 2018-10-31T21:27:01.483-0700: 123.014: [ParNew
Desired survivor size 20112992 bytes, new threshold 8 (max 8)
- age   1:    9751968 bytes,    9751968 total
- age   2:    4962576 bytes,   14714544 total
- age   3:    4365952 bytes,   19080496 total
- age   7:     557416 bytes,   19637912 total
: 109248K->21824K(109248K), 0.0094884 secs] 286913K->207077K(502464K), 0.0095639 secs] [Times: user=0.06 sys=0.00, real=0.02 secs] 
Heap after GC invocations=237 (full 17):
 par new generation   total 109248K, used 21824K [0x00000000e0000000, 0x00000000e8000000, 0x00000000e8000000)
  eden space 87424K,   0% used [0x00000000e0000000, 0x00000000e0000000, 0x00000000e5560000)
  from space 21824K, 100% used [0x00000000e6ab0000, 0x00000000e8000000, 0x00000000e8000000)
  to   space 21824K,   0% used [0x00000000e5560000, 0x00000000e5560000, 0x00000000e6ab0000)
 concurrent mark-sweep generation total 393216K, used 185253K [0x00000000e8000000, 0x0000000100000000, 0x0000000100000000)
 Metaspace       used 43319K, capacity 44665K, committed 44908K, reserved 1089536K
  class space    used 5309K, capacity 5616K, committed 5740K, reserved 1048576K
}
2018-10-31T21:27:01.499-0700: 123.023: Total time for which application threads were stopped: 0.0097999 seconds, Stopping threads took: 0.0000427 seconds
{Heap before GC invocations=237 (full 17):
 par new generation   total 109248K, used 109248K [0x00000000e0000000, 0x00000000e8000000, 0x00000000e8000000)
  eden space 87424K, 100% used [0x00000000e0000000, 0x00000000e5560000, 0x00000000e5560000)
  from space 21824K, 100% used [0x00000000e6ab0000, 0x00000000e8000000, 0x00000000e8000000)
  to   space 21824K,   0% used [0x00000000e5560000, 0x00000000e5560000, 0x00000000e6ab0000)
 concurrent mark-sweep generation total 393216K, used 185253K [0x00000000e8000000, 0x0000000100000000, 0x0000000100000000)
 Metaspace       used 43319K, capacity 44665K, committed 44908K, reserved 1089536K
  class space    used 5309K, capacity 5616K, committed 5740K, reserved 1048576K
2018-10-31T21:27:01.671-0700: 123.203: [GC (Allocation Failure) 2018-10-31T21:27:01.671-0700: 123.203: [ParNew
Desired survivor size 20112992 bytes, new threshold 4 (max 8)
- age   1:    7667552 bytes,    7667552 total
- age   2:    5433792 bytes,   13101344 total
- age   3:    2700480 bytes,   15801824 total
- age   4:    4365952 bytes,   20167776 total
- age   8:     557416 bytes,   20725192 total
: 109248K->21824K(109248K), 0.0081873 secs] 294501K->209514K(502464K), 0.0082405 secs] [Times: user=0.02 sys=0.00, real=0.02 secs] 
Heap after GC invocations=238 (full 17):
 par new generation   total 109248K, used 21824K [0x00000000e0000000, 0x00000000e8000000, 0x00000000e8000000)
  eden space 87424K,   0% used [0x00000000e0000000, 0x00000000e0000000, 0x00000000e5560000)
  from space 21824K, 100% used [0x00000000e5560000, 0x00000000e6ab0000, 0x00000000e6ab0000)
  to   space 21824K,   0% used [0x00000000e6ab0000, 0x00000000e6ab0000, 0x00000000e8000000)
 concurrent mark-sweep generation total 393216K, used 187690K [0x00000000e8000000, 0x0000000100000000, 0x0000000100000000)
 Metaspace       used 43319K, capacity 44665K, committed 44908K, reserved 1089536K
  class space    used 5309K, capacity 5616K, committed 5740K, reserved 1048576K
}
2018-10-31T21:27:01.686-0700: 123.211: Total time for which application threads were stopped: 0.0084808 seconds, Stopping threads took: 0.0000470 seconds
2018-10-31T21:27:01.774-0700: 123.292: Total time for which application threads were stopped: 0.0001878 seconds, Stopping threads took: 0.0000558 seconds
2018-10-31T21:27:01.776-0700: 123.294: Total time for which application threads were stopped: 0.0001240 seconds, Stopping threads took: 0.0000339 seconds
2018-10-31T21:27:01.777-0700: 123.294: Total time for which application threads were stopped: 0.0001171 seconds, Stopping threads took: 0.0000387 seconds
2018-10-31T21:27:02.061-0700: 123.588: Total time for which application threads were stopped: 0.0001871 seconds, Stopping threads took: 0.0000624 seconds
2018-10-31T21:27:02.077-0700: 123.600: Total time for which application threads were stopped: 0.0001783 seconds, Stopping threads took: 0.0000412 seconds
2018-10-31T21:27:02.077-0700: 123.601: Total time for which application threads were stopped: 0.0001171 seconds, Stopping threads took: 0.0000449 seconds
{Heap before GC invocations=238 (full 17):
 par new generation   total 109248K, used 109248K [0x00000000e0000000, 0x00000000e8000000, 0x00000000e8000000)
  eden space 87424K, 100% used [0x00000000e0000000, 0x00000000e5560000, 0x00000000e5560000)
  from space 21824K, 100% used [0x00000000e5560000, 0x00000000e6ab0000, 0x00000000e6ab0000)
  to   space 21824K,   0% used [0x00000000e6ab0000, 0x00000000e6ab0000, 0x00000000e8000000)
 concurrent mark-sweep generation total 393216K, used 187690K [0x00000000e8000000, 0x0000000100000000, 0x0000000100000000)
 Metaspace       used 43333K, capacity 44665K, committed 44908K, reserved 1089536K
  class space    used 5309K, capacity 5616K, committed 5740K, reserved 1048576K
2018-10-31T21:27:02.093-0700: 123.613: [GC (Allocation Failure) 2018-10-31T21:27:02.093-0700: 123.613: [ParNew
Desired survivor size 20112992 bytes, new threshold 8 (max 8)
- age   1:   12907072 bytes,   12907072 total
- age   2:    2078256 bytes,   14985328 total
- age   3:    1571280 bytes,   16556608 total
- age   4:     508856 bytes,   17065464 total
: 109248K->21824K(109248K), 0.0076136 secs] 296938K->211079K(502464K), 0.0076880 secs] [Times: user=0.00 sys=0.00, real=0.00 secs] 
Heap after GC invocations=239 (full 17):
 par new generation   total 109248K, used 21824K [0x00000000e0000000, 0x00000000e8000000, 0x00000000e8000000)
  eden space 87424K,   0% used [0x00000000e0000000, 0x00000000e0000000, 0x00000000e5560000)
  from space 21824K, 100% used [0x00000000e6ab0000, 0x00000000e8000000, 0x00000000e8000000)
  to   space 21824K,   0% used [0x00000000e5560000, 0x00000000e5560000, 0x00000000e6ab0000)
 concurrent mark-sweep generation total 393216K, used 189255K [0x00000000e8000000, 0x0000000100000000, 0x0000000100000000)
 Metaspace       used 43333K, capacity 44665K, committed 44908K, reserved 1089536K
  class space    used 5309K, capacity 5616K, committed 5740K, reserved 1048576K
}
2018-10-31T21:27:02.093-0700: 123.621: Total time for which application threads were stopped: 0.0079389 seconds, Stopping threads took: 0.0000594 seconds
2018-10-31T21:27:02.264-0700: 123.796: Total time for which application threads were stopped: 0.0002666 seconds, Stopping threads took: 0.0000449 seconds
2018-10-31T21:27:02.296-0700: 123.821: Total time for which application threads were stopped: 0.0001495 seconds, Stopping threads took: 0.0000288 seconds
{Heap before GC invocations=239 (full 17):
 par new generation   total 109248K, used 109248K [0x00000000e0000000, 0x00000000e8000000, 0x00000000e8000000)
  eden space 87424K, 100% used [0x00000000e0000000, 0x00000000e5560000, 0x00000000e5560000)
  from space 21824K, 100% used [0x00000000e6ab0000, 0x00000000e8000000, 0x00000000e8000000)
  to   space 21824K,   0% used [0x00000000e5560000, 0x00000000e5560000, 0x00000000e6ab0000)
 concurrent mark-sweep generation total 393216K, used 189255K [0x00000000e8000000, 0x0000000100000000, 0x0000000100000000)
 Metaspace       used 43341K, capacity 44665K, committed 44908K, reserved 1089536K
  class space    used 5309K, capacity 5616K, committed 5740K, reserved 1048576K
2018-10-31T21:27:02.342-0700: 123.865: [GC (Allocation Failure) 2018-10-31T21:27:02.342-0700: 123.865: [ParNew
Desired survivor size 20112992 bytes, new threshold 8 (max 8)
- age   1:    8094368 bytes,    8094368 total
- age   2:    2363288 bytes,   10457656 total
- age   3:     142272 bytes,   10599928 total
- age   4:     586312 bytes,   11186240 total
- age   5:     508856 bytes,   11695096 total
: 109248K->19580K(109248K), 0.0053144 secs] 298503K->208835K(502464K), 0.0053942 secs] [Times: user=0.00 sys=0.00, real=0.00 secs] 
Heap after GC invocations=240 (full 17):
 par new generation   total 109248K, used 19580K [0x00000000e0000000, 0x00000000e8000000, 0x00000000e8000000)
  eden space 87424K,   0% used [0x00000000e0000000, 0x00000000e0000000, 0x00000000e5560000)
  from space 21824K,  89% used [0x00000000e5560000, 0x00000000e687f0d0, 0x00000000e6ab0000)
  to   space 21824K,   0% used [0x00000000e6ab0000, 0x00000000e6ab0000, 0x00000000e8000000)
 concurrent mark-sweep generation total 393216K, used 189255K [0x00000000e8000000, 0x0000000100000000, 0x0000000100000000)
 Metaspace       used 43341K, capacity 44665K, committed 44908K, reserved 1089536K
  class space    used 5309K, capacity 5616K, committed 5740K, reserved 1048576K
}
2018-10-31T21:27:02.342-0700: 123.870: Total time for which application threads were stopped: 0.0056561 seconds, Stopping threads took: 0.0000620 seconds
2018-10-31T21:27:02.421-0700: 123.947: Total time for which application threads were stopped: 0.0001736 seconds, Stopping threads took: 0.0000591 seconds
2018-10-31T21:27:02.421-0700: 123.947: Total time for which application threads were stopped: 0.0001262 seconds, Stopping threads took: 0.0000438 seconds
2018-10-31T21:27:02.421-0700: 123.947: Total time for which application threads were stopped: 0.0000985 seconds, Stopping threads took: 0.0000365 seconds
2018-10-31T21:27:02.421-0700: 123.948: Total time for which application threads were stopped: 0.0001141 seconds, Stopping threads took: 0.0000408 seconds
{Heap before GC invocations=240 (full 17):
 par new generation   total 109248K, used 107004K [0x00000000e0000000, 0x00000000e8000000, 0x00000000e8000000)
  eden space 87424K, 100% used [0x00000000e0000000, 0x00000000e5560000, 0x00000000e5560000)
  from space 21824K,  89% used [0x00000000e5560000, 0x00000000e687f0d0, 0x00000000e6ab0000)
  to   space 21824K,   0% used [0x00000000e6ab0000, 0x00000000e6ab0000, 0x00000000e8000000)
 concurrent mark-sweep generation total 393216K, used 189255K [0x00000000e8000000, 0x0000000100000000, 0x0000000100000000)
 Metaspace       used 43344K, capacity 44665K, committed 44908K, reserved 1089536K
  class space    used 5309K, capacity 5616K, committed 5740K, reserved 1048576K
2018-10-31T21:27:02.827-0700: 124.354: [GC (Allocation Failure) 2018-10-31T21:27:02.827-0700: 124.354: [ParNew
Desired survivor size 20112992 bytes, new threshold 8 (max 8)
- age   1:   13798472 bytes,   13798472 total
- age   2:    2769520 bytes,   16567992 total
- age   3:    1019840 bytes,   17587832 total
- age   4:     142272 bytes,   17730104 total
- age   5:     586000 bytes,   18316104 total
- age   6:     508856 bytes,   18824960 total
: 107004K->21196K(109248K), 0.0086099 secs] 296259K->210452K(502464K), 0.0086730 secs] [Times: user=0.06 sys=0.00, real=0.02 secs] 
Heap after GC invocations=241 (full 17):
 par new generation   total 109248K, used 21196K [0x00000000e0000000, 0x00000000e8000000, 0x00000000e8000000)
  eden space 87424K,   0% used [0x00000000e0000000, 0x00000000e0000000, 0x00000000e5560000)
  from space 21824K,  97% used [0x00000000e6ab0000, 0x00000000e7f63218, 0x00000000e8000000)
  to   space 21824K,   0% used [0x00000000e5560000, 0x00000000e5560000, 0x00000000e6ab0000)
 concurrent mark-sweep generation total 393216K, used 189255K [0x00000000e8000000, 0x0000000100000000, 0x0000000100000000)
 Metaspace       used 43344K, capacity 44665K, committed 44908K, reserved 1089536K
  class space    used 5309K, capacity 5616K, committed 5740K, reserved 1048576K
}
2018-10-31T21:27:02.843-0700: 124.363: Total time for which application threads were stopped: 0.0088893 seconds, Stopping threads took: 0.0000325 seconds
{Heap before GC invocations=241 (full 17):
 par new generation   total 109248K, used 108620K [0x00000000e0000000, 0x00000000e8000000, 0x00000000e8000000)
  eden space 87424K, 100% used [0x00000000e0000000, 0x00000000e5560000, 0x00000000e5560000)
  from space 21824K,  97% used [0x00000000e6ab0000, 0x00000000e7f63218, 0x00000000e8000000)
  to   space 21824K,   0% used [0x00000000e5560000, 0x00000000e5560000, 0x00000000e6ab0000)
 concurrent mark-sweep generation total 393216K, used 189255K [0x00000000e8000000, 0x0000000100000000, 0x0000000100000000)
 Metaspace       used 43344K, capacity 44665K, committed 44908K, reserved 1089536K
  class space    used 5309K, capacity 5616K, committed 5740K, reserved 1048576K
2018-10-31T21:27:03.452-0700: 124.971: [GC (Allocation Failure) 2018-10-31T21:27:03.452-0700: 124.972: [ParNew
Desired survivor size 20112992 bytes, new threshold 8 (max 8)
- age   1:    9454656 bytes,    9454656 total
- age   2:    4175296 bytes,   13629952 total
- age   3:    2631856 bytes,   16261808 total
- age   4:     912720 bytes,   17174528 total
- age   5:     138896 bytes,   17313424 total
- age   6:     584528 bytes,   17897952 total
- age   7:     508856 bytes,   18406808 total
: 108620K->21824K(109248K), 0.0086172 secs] 297876K->217333K(502464K), 0.0086960 secs] [Times: user=0.00 sys=0.00, real=0.00 secs] 
Heap after GC invocations=242 (full 17):
 par new generation   total 109248K, used 21824K [0x00000000e0000000, 0x00000000e8000000, 0x00000000e8000000)
  eden space 87424K,   0% used [0x00000000e0000000, 0x00000000e0000000, 0x00000000e5560000)
  from space 21824K, 100% used [0x00000000e5560000, 0x00000000e6ab0000, 0x00000000e6ab0000)
  to   space 21824K,   0% used [0x00000000e6ab0000, 0x00000000e6ab0000, 0x00000000e8000000)
 concurrent mark-sweep generation total 393216K, used 195509K [0x00000000e8000000, 0x0000000100000000, 0x0000000100000000)
 Metaspace       used 43344K, capacity 44665K, committed 44908K, reserved 1089536K
  class space    used 5309K, capacity 5616K, committed 5740K, reserved 1048576K
}
2018-10-31T21:27:03.452-0700: 124.980: Total time for which application threads were stopped: 0.0089451 seconds, Stopping threads took: 0.0000339 seconds
{Heap before GC invocations=242 (full 17):
 par new generation   total 109248K, used 109248K [0x00000000e0000000, 0x00000000e8000000, 0x00000000e8000000)
  eden space 87424K, 100% used [0x00000000e0000000, 0x00000000e5560000, 0x00000000e5560000)
  from space 21824K, 100% used [0x00000000e5560000, 0x00000000e6ab0000, 0x00000000e6ab0000)
  to   space 21824K,   0% used [0x00000000e6ab0000, 0x00000000e6ab0000, 0x00000000e8000000)
 concurrent mark-sweep generation total 393216K, used 195509K [0x00000000e8000000, 0x0000000100000000, 0x0000000100000000)
 Metaspace       used 43344K, capacity 44665K, committed 44908K, reserved 1089536K
  class space    used 5309K, capacity 5616K, committed 5740K, reserved 1048576K
2018-10-31T21:27:04.031-0700: 125.550: [GC (Allocation Failure) 2018-10-31T21:27:04.031-0700: 125.550: [ParNew
Desired survivor size 20112992 bytes, new threshold 8 (max 8)
- age   1:   10734336 bytes,   10734336 total
- age   2:    1099600 bytes,   11833936 total
- age   3:    3967656 bytes,   15801592 total
- age   4:    2530992 bytes,   18332584 total
- age   5:     781208 bytes,   19113792 total
- age   6:      86944 bytes,   19200736 total
- age   7:     470704 bytes,   19671440 total
- age   8:     502200 bytes,   20173640 total
: 109248K->21824K(109248K), 0.0090508 secs] 304757K->221214K(502464K), 0.0091241 secs] [Times: user=0.00 sys=0.00, real=0.00 secs] 
Heap after GC invocations=243 (full 17):
 par new generation   total 109248K, used 21824K [0x00000000e0000000, 0x00000000e8000000, 0x00000000e8000000)
  eden space 87424K,   0% used [0x00000000e0000000, 0x00000000e0000000, 0x00000000e5560000)
  from space 21824K, 100% used [0x00000000e6ab0000, 0x00000000e8000000, 0x00000000e8000000)
  to   space 21824K,   0% used [0x00000000e5560000, 0x00000000e5560000, 0x00000000e6ab0000)
 concurrent mark-sweep generation total 393216K, used 199390K [0x00000000e8000000, 0x0000000100000000, 0x0000000100000000)
 Metaspace       used 43344K, capacity 44665K, committed 44908K, reserved 1089536K
  class space    used 5309K, capacity 5616K, committed 5740K, reserved 1048576K
}
2018-10-31T21:27:04.031-0700: 125.559: Total time for which application threads were stopped: 0.0093010 seconds, Stopping threads took: 0.0000248 seconds
2018-10-31T21:27:04.031-0700: 125.559: [GC (CMS Initial Mark) [1 CMS-initial-mark: 199390K(393216K)] 222012K(502464K), 0.0013172 secs] [Times: user=0.00 sys=0.00, real=0.00 secs] 
2018-10-31T21:27:04.031-0700: 125.560: Total time for which application threads were stopped: 0.0014882 seconds, Stopping threads took: 0.0000387 seconds
2018-10-31T21:27:04.031-0700: 125.560: [CMS-concurrent-mark-start]
2018-10-31T21:27:04.046-0700: 125.571: [CMS-concurrent-mark: 0.010/0.010 secs] [Times: user=0.08 sys=0.00, real=0.02 secs] 
2018-10-31T21:27:04.046-0700: 125.571: [CMS-concurrent-preclean-start]
2018-10-31T21:27:04.046-0700: 125.573: [CMS-concurrent-preclean: 0.002/0.002 secs] [Times: user=0.00 sys=0.00, real=0.00 secs] 
2018-10-31T21:27:04.046-0700: 125.573: [CMS-concurrent-abortable-preclean-start]
2018-10-31T21:27:04.331-0700: 125.848: [CMS-concurrent-abortable-preclean: 0.082/0.275 secs] [Times: user=0.39 sys=0.01, real=0.29 secs] 
2018-10-31T21:27:04.331-0700: 125.848: [GC (CMS Final Remark) [YG occupancy: 68886 K (109248 K)]{Heap before GC invocations=243 (full 18):
 par new generation   total 109248K, used 68886K [0x00000000e0000000, 0x00000000e8000000, 0x00000000e8000000)
  eden space 87424K,  53% used [0x00000000e0000000, 0x00000000e2df5838, 0x00000000e5560000)
  from space 21824K, 100% used [0x00000000e6ab0000, 0x00000000e8000000, 0x00000000e8000000)
  to   space 21824K,   0% used [0x00000000e5560000, 0x00000000e5560000, 0x00000000e6ab0000)
 concurrent mark-sweep generation total 393216K, used 199390K [0x00000000e8000000, 0x0000000100000000, 0x0000000100000000)
 Metaspace       used 43344K, capacity 44665K, committed 44908K, reserved 1089536K
  class space    used 5309K, capacity 5616K, committed 5740K, reserved 1048576K
2018-10-31T21:27:04.331-0700: 125.848: [GC (CMS Final Remark) 2018-10-31T21:27:04.331-0700: 125.848: [ParNew
Desired survivor size 20112992 bytes, new threshold 6 (max 8)
- age   1:    5903784 bytes,    5903784 total
- age   2:    6227600 bytes,   12131384 total
- age   3:    1066504 bytes,   13197888 total
- age   4:    3967448 bytes,   17165336 total
- age   5:    2530848 bytes,   19696184 total
- age   6:     781032 bytes,   20477216 total
- age   7:      86736 bytes,   20563952 total
- age   8:     470640 bytes,   21034592 total
: 68886K->21824K(109248K), 0.0090906 secs] 268277K->224966K(502464K), 0.0091365 secs] [Times: user=0.06 sys=0.00, real=0.01 secs] 
Heap after GC invocations=244 (full 18):
 par new generation   total 109248K, used 21824K [0x00000000e0000000, 0x00000000e8000000, 0x00000000e8000000)
  eden space 87424K,   0% used [0x00000000e0000000, 0x00000000e0000000, 0x00000000e5560000)
  from space 21824K, 100% used [0x00000000e5560000, 0x00000000e6ab0000, 0x00000000e6ab0000)
  to   space 21824K,   0% used [0x00000000e6ab0000, 0x00000000e6ab0000, 0x00000000e8000000)
 concurrent mark-sweep generation total 393216K, used 203142K [0x00000000e8000000, 0x0000000100000000, 0x0000000100000000)
 Metaspace       used 43344K, capacity 44665K, committed 44908K, reserved 1089536K
  class space    used 5309K, capacity 5616K, committed 5740K, reserved 1048576K
}
2018-10-31T21:27:04.340-0700: 125.857: [Rescan (parallel) , 0.0017960 secs]2018-10-31T21:27:04.342-0700: 125.859: [weak refs processing, 0.0010306 secs]2018-10-31T21:27:04.343-0700: 125.860: [class unloading, 0.0059941 secs]2018-10-31T21:27:04.349-0700: 125.866: [scrub symbol table, 0.0056893 secs]2018-10-31T21:27:04.351-0700: 125.872: [scrub string table, 0.0004154 secs][1 CMS-remark: 203142K(393216K)] 224966K(502464K), 0.0245118 secs] [Times: user=0.08 sys=0.00, real=0.02 secs] 
2018-10-31T21:27:04.351-0700: 125.873: Total time for which application threads were stopped: 0.0246749 seconds, Stopping threads took: 0.0000551 seconds
2018-10-31T21:27:04.351-0700: 125.873: [CMS-concurrent-sweep-start]
2018-10-31T21:27:04.367-0700: 125.898: [CMS-concurrent-sweep: 0.025/0.025 secs] [Times: user=0.03 sys=0.00, real=0.02 secs] 
2018-10-31T21:27:04.367-0700: 125.898: [CMS-concurrent-reset-start]
2018-10-31T21:27:04.367-0700: 125.899: [CMS-concurrent-reset: 0.000/0.000 secs] [Times: user=0.00 sys=0.00, real=0.00 secs] 
{Heap before GC invocations=244 (full 18):
 par new generation   total 109248K, used 109248K [0x00000000e0000000, 0x00000000e8000000, 0x00000000e8000000)
  eden space 87424K, 100% used [0x00000000e0000000, 0x00000000e5560000, 0x00000000e5560000)
  from space 21824K, 100% used [0x00000000e5560000, 0x00000000e6ab0000, 0x00000000e6ab0000)
  to   space 21824K,   0% used [0x00000000e6ab0000, 0x00000000e6ab0000, 0x00000000e8000000)
 concurrent mark-sweep generation total 393216K, used 47890K [0x00000000e8000000, 0x0000000100000000, 0x0000000100000000)
 Metaspace       used 43344K, capacity 44665K, committed 44908K, reserved 1089536K
  class space    used 5309K, capacity 5616K, committed 5740K, reserved 1048576K
2018-10-31T21:27:04.912-0700: 126.435: [GC (Allocation Failure) 2018-10-31T21:27:04.912-0700: 126.435: [ParNew
Desired survivor size 20112992 bytes, new threshold 8 (max 8)
- age   1:    9753384 bytes,    9753384 total
- age   2:     642448 bytes,   10395832 total
- age   3:    1331248 bytes,   11727080 total
- age   4:     341960 bytes,   12069040 total
- age   5:    3805616 bytes,   15874656 total
- age   6:    2443440 bytes,   18318096 total
: 109248K->21824K(109248K), 0.0102561 secs] 157138K->79968K(502464K), 0.0103308 secs] [Times: user=0.00 sys=0.00, real=0.02 secs] 
Heap after GC invocations=245 (full 18):
 par new generation   total 109248K, used 21824K [0x00000000e0000000, 0x00000000e8000000, 0x00000000e8000000)
  eden space 87424K,   0% used [0x00000000e0000000, 0x00000000e0000000, 0x00000000e5560000)
  from space 21824K, 100% used [0x00000000e6ab0000, 0x00000000e8000000, 0x00000000e8000000)
  to   space 21824K,   0% used [0x00000000e5560000, 0x00000000e5560000, 0x00000000e6ab0000)
 concurrent mark-sweep generation total 393216K, used 58144K [0x00000000e8000000, 0x0000000100000000, 0x0000000100000000)
 Metaspace       used 43344K, capacity 44665K, committed 44908K, reserved 1089536K
  class space    used 5309K, capacity 5616K, committed 5740K, reserved 1048576K
}
2018-10-31T21:27:04.928-0700: 126.445: Total time for which application threads were stopped: 0.0105861 seconds, Stopping threads took: 0.0000518 seconds
{Heap before GC invocations=245 (full 18):
 par new generation   total 109248K, used 109248K [0x00000000e0000000, 0x00000000e8000000, 0x00000000e8000000)
  eden space 87424K, 100% used [0x00000000e0000000, 0x00000000e5560000, 0x00000000e5560000)
  from space 21824K, 100% used [0x00000000e6ab0000, 0x00000000e8000000, 0x00000000e8000000)
  to   space 21824K,   0% used [0x00000000e5560000, 0x00000000e5560000, 0x00000000e6ab0000)
 concurrent mark-sweep generation total 393216K, used 58144K [0x00000000e8000000, 0x0000000100000000, 0x0000000100000000)
 Metaspace       used 43344K, capacity 44665K, committed 44908K, reserved 1089536K
  class space    used 5309K, capacity 5616K, committed 5740K, reserved 1048576K
2018-10-31T21:27:05.471-0700: 127.002: [GC (Allocation Failure) 2018-10-31T21:27:05.471-0700: 127.002: [ParNew
Desired survivor size 20112992 bytes, new threshold 7 (max 8)
- age   1:   10852592 bytes,   10852592 total
- age   2:    1624224 bytes,   12476816 total
- age   3:     587760 bytes,   13064576 total
- age   4:    1293384 bytes,   14357960 total
- age   5:     243184 bytes,   14601144 total
- age   6:    3765688 bytes,   18366832 total
- age   7:    2423176 bytes,   20790008 total
: 109248K->21824K(109248K), 0.0096952 secs] 167392K->86630K(502464K), 0.0097630 secs] [Times: user=0.13 sys=0.00, real=0.02 secs] 
Heap after GC invocations=246 (full 18):
 par new generation   total 109248K, used 21824K [0x00000000e0000000, 0x00000000e8000000, 0x00000000e8000000)
  eden space 87424K,   0% used [0x00000000e0000000, 0x00000000e0000000, 0x00000000e5560000)
  from space 21824K, 100% used [0x00000000e5560000, 0x00000000e6ab0000, 0x00000000e6ab0000)
  to   space 21824K,   0% used [0x00000000e6ab0000, 0x00000000e6ab0000, 0x00000000e8000000)
 concurrent mark-sweep generation total 393216K, used 64806K [0x00000000e8000000, 0x0000000100000000, 0x0000000100000000)
 Metaspace       used 43344K, capacity 44665K, committed 44908K, reserved 1089536K
  class space    used 5309K, capacity 5616K, committed 5740K, reserved 1048576K
}
2018-10-31T21:27:05.494-0700: 127.012: Total time for which application threads were stopped: 0.0099581 seconds, Stopping threads took: 0.0000259 seconds
{Heap before GC invocations=246 (full 18):
 par new generation   total 109248K, used 109248K [0x00000000e0000000, 0x00000000e8000000, 0x00000000e8000000)
  eden space 87424K, 100% used [0x00000000e0000000, 0x00000000e5560000, 0x00000000e5560000)
  from space 21824K, 100% used [0x00000000e5560000, 0x00000000e6ab0000, 0x00000000e6ab0000)
  to   space 21824K,   0% used [0x00000000e6ab0000, 0x00000000e6ab0000, 0x00000000e8000000)
 concurrent mark-sweep generation total 393216K, used 64806K [0x00000000e8000000, 0x0000000100000000, 0x0000000100000000)
 Metaspace       used 43345K, capacity 44665K, committed 44908K, reserved 1089536K
  class space    used 5309K, capacity 5616K, committed 5740K, reserved 1048576K
2018-10-31T21:27:06.219-0700: 127.746: [GC (Allocation Failure) 2018-10-31T21:27:06.219-0700: 127.746: [ParNew
Desired survivor size 20112992 bytes, new threshold 7 (max 8)
- age   1:    6016792 bytes,    6016792 total
- age   2:    8033456 bytes,   14050248 total
- age   3:    1542416 bytes,   15592664 total
- age   4:     541520 bytes,   16134184 total
- age   5:    1253984 bytes,   17388168 total
- age   6:     207808 bytes,   17595976 total
- age   7:    3726960 bytes,   21322936 total
: 109248K->21824K(109248K), 0.0102087 secs] 174054K->95333K(502464K), 0.0102827 secs] [Times: user=0.06 sys=0.00, real=0.02 secs] 
Heap after GC invocations=247 (full 18):
 par new generation   total 109248K, used 21824K [0x00000000e0000000, 0x00000000e8000000, 0x00000000e8000000)
  eden space 87424K,   0% used [0x00000000e0000000, 0x00000000e0000000, 0x00000000e5560000)
  from space 21824K, 100% used [0x00000000e6ab0000, 0x00000000e8000000, 0x00000000e8000000)
  to   space 21824K,   0% used [0x00000000e5560000, 0x00000000e5560000, 0x00000000e6ab0000)
 concurrent mark-sweep generation total 393216K, used 73509K [0x00000000e8000000, 0x0000000100000000, 0x0000000100000000)
 Metaspace       used 43345K, capacity 44665K, committed 44908K, reserved 1089536K
  class space    used 5309K, capacity 5616K, committed 5740K, reserved 1048576K
}
2018-10-31T21:27:06.235-0700: 127.757: Total time for which application threads were stopped: 0.0104975 seconds, Stopping threads took: 0.0000565 seconds
{Heap before GC invocations=247 (full 18):
 par new generation   total 109248K, used 109248K [0x00000000e0000000, 0x00000000e8000000, 0x00000000e8000000)
  eden space 87424K, 100% used [0x00000000e0000000, 0x00000000e5560000, 0x00000000e5560000)
  from space 21824K, 100% used [0x00000000e6ab0000, 0x00000000e8000000, 0x00000000e8000000)
  to   space 21824K,   0% used [0x00000000e5560000, 0x00000000e5560000, 0x00000000e6ab0000)
 concurrent mark-sweep generation total 393216K, used 73509K [0x00000000e8000000, 0x0000000100000000, 0x0000000100000000)
 Metaspace       used 43345K, capacity 44665K, committed 44908K, reserved 1089536K
  class space    used 5309K, capacity 5616K, committed 5740K, reserved 1048576K
2018-10-31T21:27:06.773-0700: 128.303: [GC (Allocation Failure) 2018-10-31T21:27:06.773-0700: 128.303: [ParNew
Desired survivor size 20112992 bytes, new threshold 6 (max 8)
- age   1:   12036664 bytes,   12036664 total
- age   2:    2446832 bytes,   14483496 total
- age   3:    3302264 bytes,   17785760 total
- age   4:    1535848 bytes,   19321608 total
- age   5:     472472 bytes,   19794080 total
- age   6:    1249504 bytes,   21043584 total
- age   7:     203424 bytes,   21247008 total
: 109248K->21824K(109248K), 0.0094538 secs] 182757K->103561K(502464K), 0.0095169 secs] [Times: user=0.06 sys=0.00, real=0.02 secs] 
Heap after GC invocations=248 (full 18):
 par new generation   total 109248K, used 21824K [0x00000000e0000000, 0x00000000e8000000, 0x00000000e8000000)
  eden space 87424K,   0% used [0x00000000e0000000, 0x00000000e0000000, 0x00000000e5560000)
  from space 21824K, 100% used [0x00000000e5560000, 0x00000000e6ab0000, 0x00000000e6ab0000)
  to   space 21824K,   0% used [0x00000000e6ab0000, 0x00000000e6ab0000, 0x00000000e8000000)
 concurrent mark-sweep generation total 393216K, used 81737K [0x00000000e8000000, 0x0000000100000000, 0x0000000100000000)
 Metaspace       used 43345K, capacity 44665K, committed 44908K, reserved 1089536K
  class space    used 5309K, capacity 5616K, committed 5740K, reserved 1048576K
}
2018-10-31T21:27:06.789-0700: 128.312: Total time for which application threads were stopped: 0.0097266 seconds, Stopping threads took: 0.0000430 seconds
{Heap before GC invocations=248 (full 18):
 par new generation   total 109248K, used 109248K [0x00000000e0000000, 0x00000000e8000000, 0x00000000e8000000)
  eden space 87424K, 100% used [0x00000000e0000000, 0x00000000e5560000, 0x00000000e5560000)
  from space 21824K, 100% used [0x00000000e5560000, 0x00000000e6ab0000, 0x00000000e6ab0000)
  to   space 21824K,   0% used [0x00000000e6ab0000, 0x00000000e6ab0000, 0x00000000e8000000)
 concurrent mark-sweep generation total 393216K, used 81737K [0x00000000e8000000, 0x0000000100000000, 0x0000000100000000)
 Metaspace       used 43345K, capacity 44665K, committed 44908K, reserved 1089536K
  class space    used 5309K, capacity 5616K, committed 5740K, reserved 1048576K
2018-10-31T21:27:07.299-0700: 128.824: [GC (Allocation Failure) 2018-10-31T21:27:07.299-0700: 128.824: [ParNew
Desired survivor size 20112992 bytes, new threshold 4 (max 8)
- age   1:   11193816 bytes,   11193816 total
- age   2:    3353456 bytes,   14547272 total
- age   3:    2415832 bytes,   16963104 total
- age   4:    3282568 bytes,   20245672 total
- age   5:    1526184 bytes,   21771856 total
- age   6:     453856 bytes,   22225712 total
: 109248K->21824K(109248K), 0.0093648 secs] 190985K->111145K(502464K), 0.0094323 secs] [Times: user=0.06 sys=0.00, real=0.02 secs] 
Heap after GC invocations=249 (full 18):
 par new generation   total 109248K, used 21824K [0x00000000e0000000, 0x00000000e8000000, 0x00000000e8000000)
  eden space 87424K,   0% used [0x00000000e0000000, 0x00000000e0000000, 0x00000000e5560000)
  from space 21824K, 100% used [0x00000000e6ab0000, 0x00000000e8000000, 0x00000000e8000000)
  to   space 21824K,   0% used [0x00000000e5560000, 0x00000000e5560000, 0x00000000e6ab0000)
 concurrent mark-sweep generation total 393216K, used 89321K [0x00000000e8000000, 0x0000000100000000, 0x0000000100000000)
 Metaspace       used 43345K, capacity 44665K, committed 44908K, reserved 1089536K
  class space    used 5309K, capacity 5616K, committed 5740K, reserved 1048576K
}
2018-10-31T21:27:07.315-0700: 128.833: Total time for which application threads were stopped: 0.0096726 seconds, Stopping threads took: 0.0000777 seconds
{Heap before GC invocations=249 (full 18):
 par new generation   total 109248K, used 109248K [0x00000000e0000000, 0x00000000e8000000, 0x00000000e8000000)
  eden space 87424K, 100% used [0x00000000e0000000, 0x00000000e5560000, 0x00000000e5560000)
  from space 21824K, 100% used [0x00000000e6ab0000, 0x00000000e8000000, 0x00000000e8000000)
  to   space 21824K,   0% used [0x00000000e5560000, 0x00000000e5560000, 0x00000000e6ab0000)
 concurrent mark-sweep generation total 393216K, used 89321K [0x00000000e8000000, 0x0000000100000000, 0x0000000100000000)
 Metaspace       used 43347K, capacity 44665K, committed 44908K, reserved 1089536K
  class space    used 5309K, capacity 5616K, committed 5740K, reserved 1048576K
2018-10-31T21:27:07.864-0700: 129.384: [GC (Allocation Failure) 2018-10-31T21:27:07.864-0700: 129.384: [ParNew
Desired survivor size 20112992 bytes, new threshold 4 (max 8)
- age   1:    7151504 bytes,    7151504 total
- age   2:    7478096 bytes,   14629600 total
- age   3:    3223896 bytes,   17853496 total
- age   4:    2366128 bytes,   20219624 total
: 109248K->21824K(109248K), 0.0107542 secs] 198569K->121127K(502464K), 0.0108293 secs] [Times: user=0.00 sys=0.00, real=0.00 secs] 
Heap after GC invocations=250 (full 18):
 par new generation   total 109248K, used 21824K [0x00000000e0000000, 0x00000000e8000000, 0x00000000e8000000)
  eden space 87424K,   0% used [0x00000000e0000000, 0x00000000e0000000, 0x00000000e5560000)
  from space 21824K, 100% used [0x00000000e5560000, 0x00000000e6ab0000, 0x00000000e6ab0000)
  to   space 21824K,   0% used [0x00000000e6ab0000, 0x00000000e6ab0000, 0x00000000e8000000)
 concurrent mark-sweep generation total 393216K, used 99303K [0x00000000e8000000, 0x0000000100000000, 0x0000000100000000)
 Metaspace       used 43347K, capacity 44665K, committed 44908K, reserved 1089536K
  class space    used 5309K, capacity 5616K, committed 5740K, reserved 1048576K
}
2018-10-31T21:27:07.864-0700: 129.395: Total time for which application threads were stopped: 0.0110733 seconds, Stopping threads took: 0.0000711 seconds
{Heap before GC invocations=250 (full 18):
 par new generation   total 109248K, used 109248K [0x00000000e0000000, 0x00000000e8000000, 0x00000000e8000000)
  eden space 87424K, 100% used [0x00000000e0000000, 0x00000000e5560000, 0x00000000e5560000)
  from space 21824K, 100% used [0x00000000e5560000, 0x00000000e6ab0000, 0x00000000e6ab0000)
  to   space 21824K,   0% used [0x00000000e6ab0000, 0x00000000e6ab0000, 0x00000000e8000000)
 concurrent mark-sweep generation total 393216K, used 99303K [0x00000000e8000000, 0x0000000100000000, 0x0000000100000000)
 Metaspace       used 43347K, capacity 44665K, committed 44908K, reserved 1089536K
  class space    used 5309K, capacity 5616K, committed 5740K, reserved 1048576K
2018-10-31T21:27:08.392-0700: 129.921: [GC (Allocation Failure) 2018-10-31T21:27:08.392-0700: 129.921: [ParNew
Desired survivor size 20112992 bytes, new threshold 8 (max 8)
- age   1:   11121304 bytes,   11121304 total
- age   2:    2904696 bytes,   14026000 total
- age   3:    1163824 bytes,   15189824 total
- age   4:    2799200 bytes,   17989024 total
: 109248K->21824K(109248K), 0.0100956 secs] 208551K->131014K(502464K), 0.0101601 secs] [Times: user=0.06 sys=0.00, real=0.02 secs] 
Heap after GC invocations=251 (full 18):
 par new generation   total 109248K, used 21824K [0x00000000e0000000, 0x00000000e8000000, 0x00000000e8000000)
  eden space 87424K,   0% used [0x00000000e0000000, 0x00000000e0000000, 0x00000000e5560000)
  from space 21824K, 100% used [0x00000000e6ab0000, 0x00000000e8000000, 0x00000000e8000000)
  to   space 21824K,   0% used [0x00000000e5560000, 0x00000000e5560000, 0x00000000e6ab0000)
 concurrent mark-sweep generation total 393216K, used 109190K [0x00000000e8000000, 0x0000000100000000, 0x0000000100000000)
 Metaspace       used 43347K, capacity 44665K, committed 44908K, reserved 1089536K
  class space    used 5309K, capacity 5616K, committed 5740K, reserved 1048576K
}
2018-10-31T21:27:08.408-0700: 129.931: Total time for which application threads were stopped: 0.0104114 seconds, Stopping threads took: 0.0000890 seconds
{Heap before GC invocations=251 (full 18):
 par new generation   total 109248K, used 109248K [0x00000000e0000000, 0x00000000e8000000, 0x00000000e8000000)
  eden space 87424K, 100% used [0x00000000e0000000, 0x00000000e5560000, 0x00000000e5560000)
  from space 21824K, 100% used [0x00000000e6ab0000, 0x00000000e8000000, 0x00000000e8000000)
  to   space 21824K,   0% used [0x00000000e5560000, 0x00000000e5560000, 0x00000000e6ab0000)
 concurrent mark-sweep generation total 393216K, used 109190K [0x00000000e8000000, 0x0000000100000000, 0x0000000100000000)
 Metaspace       used 43347K, capacity 44665K, committed 44908K, reserved 1089536K
  class space    used 5309K, capacity 5616K, committed 5740K, reserved 1048576K
2018-10-31T21:27:08.969-0700: 130.493: [GC (Allocation Failure) 2018-10-31T21:27:08.969-0700: 130.493: [ParNew
Desired survivor size 20112992 bytes, new threshold 5 (max 8)
- age   1:    6916784 bytes,    6916784 total
- age   2:    7189600 bytes,   14106384 total
- age   3:    2904696 bytes,   17011080 total
- age   4:    1163824 bytes,   18174904 total
- age   5:    2798528 bytes,   20973432 total
: 109248K->21824K(109248K), 0.0081176 secs] 218438K->135807K(502464K), 0.0082245 secs] [Times: user=0.02 sys=0.00, real=0.02 secs] 
Heap after GC invocations=252 (full 18):
 par new generation   total 109248K, used 21824K [0x00000000e0000000, 0x00000000e8000000, 0x00000000e8000000)
  eden space 87424K,   0% used [0x00000000e0000000, 0x00000000e0000000, 0x00000000e5560000)
  from space 21824K, 100% used [0x00000000e5560000, 0x00000000e6ab0000, 0x00000000e6ab0000)
  to   space 21824K,   0% used [0x00000000e6ab0000, 0x00000000e6ab0000, 0x00000000e8000000)
 concurrent mark-sweep generation total 393216K, used 113983K [0x00000000e8000000, 0x0000000100000000, 0x0000000100000000)
 Metaspace       used 43347K, capacity 44665K, committed 44908K, reserved 1089536K
  class space    used 5309K, capacity 5616K, committed 5740K, reserved 1048576K
}
2018-10-31T21:27:08.985-0700: 130.502: Total time for which application threads were stopped: 0.0084094 seconds, Stopping threads took: 0.0000397 seconds
{Heap before GC invocations=252 (full 18):
 par new generation   total 109248K, used 109248K [0x00000000e0000000, 0x00000000e8000000, 0x00000000e8000000)
  eden space 87424K, 100% used [0x00000000e0000000, 0x00000000e5560000, 0x00000000e5560000)
  from space 21824K, 100% used [0x00000000e5560000, 0x00000000e6ab0000, 0x00000000e6ab0000)
  to   space 21824K,   0% used [0x00000000e6ab0000, 0x00000000e6ab0000, 0x00000000e8000000)
 concurrent mark-sweep generation total 393216K, used 113983K [0x00000000e8000000, 0x0000000100000000, 0x0000000100000000)
 Metaspace       used 43348K, capacity 44665K, committed 44908K, reserved 1089536K
  class space    used 5309K, capacity 5616K, committed 5740K, reserved 1048576K
2018-10-31T21:27:09.500-0700: 131.022: [GC (Allocation Failure) 2018-10-31T21:27:09.500-0700: 131.022: [ParNew
Desired survivor size 20112992 bytes, new threshold 8 (max 8)
- age   1:   14270264 bytes,   14270264 total
- age   2:     873256 bytes,   15143520 total
- age   3:    1632344 bytes,   16775864 total
- age   4:    2159264 bytes,   18935128 total
- age   5:    1151376 bytes,   20086504 total
: 109248K->21824K(109248K), 0.0095559 secs] 223231K->145253K(502464K), 0.0096328 secs] [Times: user=0.00 sys=0.00, real=0.00 secs] 
Heap after GC invocations=253 (full 18):
 par new generation   total 109248K, used 21824K [0x00000000e0000000, 0x00000000e8000000, 0x00000000e8000000)
  eden space 87424K,   0% used [0x00000000e0000000, 0x00000000e0000000, 0x00000000e5560000)
  from space 21824K, 100% used [0x00000000e6ab0000, 0x00000000e8000000, 0x00000000e8000000)
  to   space 21824K,   0% used [0x00000000e5560000, 0x00000000e5560000, 0x00000000e6ab0000)
 concurrent mark-sweep generation total 393216K, used 123429K [0x00000000e8000000, 0x0000000100000000, 0x0000000100000000)
 Metaspace       used 43348K, capacity 44665K, committed 44908K, reserved 1089536K
  class space    used 5309K, capacity 5616K, committed 5740K, reserved 1048576K
}
2018-10-31T21:27:09.500-0700: 131.032: Total time for which application threads were stopped: 0.0098075 seconds, Stopping threads took: 0.0000244 seconds
{Heap before GC invocations=253 (full 18):
 par new generation   total 109248K, used 109248K [0x00000000e0000000, 0x00000000e8000000, 0x00000000e8000000)
  eden space 87424K, 100% used [0x00000000e0000000, 0x00000000e5560000, 0x00000000e5560000)
  from space 21824K, 100% used [0x00000000e6ab0000, 0x00000000e8000000, 0x00000000e8000000)
  to   space 21824K,   0% used [0x00000000e5560000, 0x00000000e5560000, 0x00000000e6ab0000)
 concurrent mark-sweep generation total 393216K, used 123429K [0x00000000e8000000, 0x0000000100000000, 0x0000000100000000)
 Metaspace       used 43352K, capacity 44665K, committed 44908K, reserved 1089536K
  class space    used 5309K, capacity 5616K, committed 5740K, reserved 1048576K
2018-10-31T21:27:10.034-0700: 131.564: [GC (Allocation Failure) 2018-10-31T21:27:10.034-0700: 131.564: [ParNew
Desired survivor size 20112992 bytes, new threshold 8 (max 8)
- age   1:    9473944 bytes,    9473944 total
- age   2:    5144416 bytes,   14618360 total
- age   3:     674280 bytes,   15292640 total
- age   4:    1531632 bytes,   16824272 total
- age   5:    2072712 bytes,   18896984 total
- age   6:    1086464 bytes,   19983448 total
: 109248K->21824K(109248K), 0.0097871 secs] 232677K->152599K(502464K), 0.0098451 secs] [Times: user=0.05 sys=0.00, real=0.02 secs] 
Heap after GC invocations=254 (full 18):
 par new generation   total 109248K, used 21824K [0x00000000e0000000, 0x00000000e8000000, 0x00000000e8000000)
  eden space 87424K,   0% used [0x00000000e0000000, 0x00000000e0000000, 0x00000000e5560000)
  from space 21824K, 100% used [0x00000000e5560000, 0x00000000e6ab0000, 0x00000000e6ab0000)
  to   space 21824K,   0% used [0x00000000e6ab0000, 0x00000000e6ab0000, 0x00000000e8000000)
 concurrent mark-sweep generation total 393216K, used 130775K [0x00000000e8000000, 0x0000000100000000, 0x0000000100000000)
 Metaspace       used 43352K, capacity 44665K, committed 44908K, reserved 1089536K
  class space    used 5309K, capacity 5616K, committed 5740K, reserved 1048576K
}
2018-10-31T21:27:10.050-0700: 131.573: Total time for which application threads were stopped: 0.0100467 seconds, Stopping threads took: 0.0000397 seconds
{Heap before GC invocations=254 (full 18):
 par new generation   total 109248K, used 109248K [0x00000000e0000000, 0x00000000e8000000, 0x00000000e8000000)
  eden space 87424K, 100% used [0x00000000e0000000, 0x00000000e5560000, 0x00000000e5560000)
  from space 21824K, 100% used [0x00000000e5560000, 0x00000000e6ab0000, 0x00000000e6ab0000)
  to   space 21824K,   0% used [0x00000000e6ab0000, 0x00000000e6ab0000, 0x00000000e8000000)
 concurrent mark-sweep generation total 393216K, used 130775K [0x00000000e8000000, 0x0000000100000000, 0x0000000100000000)
 Metaspace       used 43352K, capacity 44665K, committed 44908K, reserved 1089536K
  class space    used 5309K, capacity 5616K, committed 5740K, reserved 1048576K
2018-10-31T21:27:10.659-0700: 132.189: [GC (Allocation Failure) 2018-10-31T21:27:10.659-0700: 132.189: [ParNew
Desired survivor size 20112992 bytes, new threshold 7 (max 8)
- age   1:   12658312 bytes,   12658312 total
- age   2:    2003136 bytes,   14661448 total
- age   3:     841528 bytes,   15502976 total
- age   4:     667368 bytes,   16170344 total
- age   5:    1531344 bytes,   17701688 total
- age   6:    2071416 bytes,   19773104 total
- age   7:    1085616 bytes,   20858720 total
: 109248K->21824K(109248K), 0.0115043 secs] 240023K->168117K(502464K), 0.0115547 secs] [Times: user=0.06 sys=0.00, real=0.02 secs] 
Heap after GC invocations=255 (full 18):
 par new generation   total 109248K, used 21824K [0x00000000e0000000, 0x00000000e8000000, 0x00000000e8000000)
  eden space 87424K,   0% used [0x00000000e0000000, 0x00000000e0000000, 0x00000000e5560000)
  from space 21824K, 100% used [0x00000000e6ab0000, 0x00000000e8000000, 0x00000000e8000000)
  to   space 21824K,   0% used [0x00000000e5560000, 0x00000000e5560000, 0x00000000e6ab0000)
 concurrent mark-sweep generation total 393216K, used 146293K [0x00000000e8000000, 0x0000000100000000, 0x0000000100000000)
 Metaspace       used 43352K, capacity 44665K, committed 44908K, reserved 1089536K
  class space    used 5309K, capacity 5616K, committed 5740K, reserved 1048576K
}
2018-10-31T21:27:10.675-0700: 132.200: Total time for which application threads were stopped: 0.0117432 seconds, Stopping threads took: 0.0000412 seconds
{Heap before GC invocations=255 (full 18):
 par new generation   total 109248K, used 109248K [0x00000000e0000000, 0x00000000e8000000, 0x00000000e8000000)
  eden space 87424K, 100% used [0x00000000e0000000, 0x00000000e5560000, 0x00000000e5560000)
  from space 21824K, 100% used [0x00000000e6ab0000, 0x00000000e8000000, 0x00000000e8000000)
  to   space 21824K,   0% used [0x00000000e5560000, 0x00000000e5560000, 0x00000000e6ab0000)
 concurrent mark-sweep generation total 393216K, used 146293K [0x00000000e8000000, 0x0000000100000000, 0x0000000100000000)
 Metaspace       used 43352K, capacity 44665K, committed 44908K, reserved 1089536K
  class space    used 5309K, capacity 5616K, committed 5740K, reserved 1048576K
2018-10-31T21:27:11.313-0700: 132.845: [GC (Allocation Failure) 2018-10-31T21:27:11.313-0700: 132.845: [ParNew
Desired survivor size 20112992 bytes, new threshold 7 (max 8)
- age   1:    9019272 bytes,    9019272 total
- age   2:    5898344 bytes,   14917616 total
- age   3:    1515856 bytes,   16433472 total
- age   4:     688200 bytes,   17121672 total
- age   5:     501696 bytes,   17623368 total
- age   6:    1441488 bytes,   19064856 total
- age   7:    2009144 bytes,   21074000 total
: 109248K->21824K(109248K), 0.0110248 secs] 255541K->182153K(502464K), 0.0111010 secs] [Times: user=0.06 sys=0.00, real=0.02 secs] 
Heap after GC invocations=256 (full 18):
 par new generation   total 109248K, used 21824K [0x00000000e0000000, 0x00000000e8000000, 0x00000000e8000000)
  eden space 87424K,   0% used [0x00000000e0000000, 0x00000000e0000000, 0x00000000e5560000)
  from space 21824K, 100% used [0x00000000e5560000, 0x00000000e6ab0000, 0x00000000e6ab0000)
  to   space 21824K,   0% used [0x00000000e6ab0000, 0x00000000e6ab0000, 0x00000000e8000000)
 concurrent mark-sweep generation total 393216K, used 160329K [0x00000000e8000000, 0x0000000100000000, 0x0000000100000000)
 Metaspace       used 43352K, capacity 44665K, committed 44908K, reserved 1089536K
  class space    used 5309K, capacity 5616K, committed 5740K, reserved 1048576K
}
2018-10-31T21:27:11.329-0700: 132.856: Total time for which application threads were stopped: 0.0112746 seconds, Stopping threads took: 0.0000252 seconds
{Heap before GC invocations=256 (full 18):
 par new generation   total 109248K, used 109248K [0x00000000e0000000, 0x00000000e8000000, 0x00000000e8000000)
  eden space 87424K, 100% used [0x00000000e0000000, 0x00000000e5560000, 0x00000000e5560000)
  from space 21824K, 100% used [0x00000000e5560000, 0x00000000e6ab0000, 0x00000000e6ab0000)
  to   space 21824K,   0% used [0x00000000e6ab0000, 0x00000000e6ab0000, 0x00000000e8000000)
 concurrent mark-sweep generation total 393216K, used 160329K [0x00000000e8000000, 0x0000000100000000, 0x0000000100000000)
 Metaspace       used 43363K, capacity 44729K, committed 44908K, reserved 1089536K
  class space    used 5309K, capacity 5616K, committed 5740K, reserved 1048576K
2018-10-31T21:27:11.983-0700: 133.508: [GC (Allocation Failure) 2018-10-31T21:27:11.983-0700: 133.508: [ParNew
Desired survivor size 20112992 bytes, new threshold 7 (max 8)
- age   1:    7369680 bytes,    7369680 total
- age   2:    4138664 bytes,   11508344 total
- age   3:    5334808 bytes,   16843152 total
- age   4:    1395000 bytes,   18238152 total
- age   5:     367344 bytes,   18605496 total
- age   6:     451216 bytes,   19056712 total
- age   7:    1413784 bytes,   20470496 total
: 109248K->21824K(109248K), 0.0107462 secs] 269577K->190181K(502464K), 0.0108063 secs] [Times: user=0.06 sys=0.00, real=0.01 secs] 
Heap after GC invocations=257 (full 18):
 par new generation   total 109248K, used 21824K [0x00000000e0000000, 0x00000000e8000000, 0x00000000e8000000)
  eden space 87424K,   0% used [0x00000000e0000000, 0x00000000e0000000, 0x00000000e5560000)
  from space 21824K, 100% used [0x00000000e6ab0000, 0x00000000e8000000, 0x00000000e8000000)
  to   space 21824K,   0% used [0x00000000e5560000, 0x00000000e5560000, 0x00000000e6ab0000)
 concurrent mark-sweep generation total 393216K, used 168357K [0x00000000e8000000, 0x0000000100000000, 0x0000000100000000)
 Metaspace       used 43363K, capacity 44729K, committed 44908K, reserved 1089536K
  class space    used 5309K, capacity 5616K, committed 5740K, reserved 1048576K
}
2018-10-31T21:27:11.998-0700: 133.519: Total time for which application threads were stopped: 0.0110106 seconds, Stopping threads took: 0.0000445 seconds
{Heap before GC invocations=257 (full 18):
 par new generation   total 109248K, used 109248K [0x00000000e0000000, 0x00000000e8000000, 0x00000000e8000000)
  eden space 87424K, 100% used [0x00000000e0000000, 0x00000000e5560000, 0x00000000e5560000)
  from space 21824K, 100% used [0x00000000e6ab0000, 0x00000000e8000000, 0x00000000e8000000)
  to   space 21824K,   0% used [0x00000000e5560000, 0x00000000e5560000, 0x00000000e6ab0000)
 concurrent mark-sweep generation total 393216K, used 168357K [0x00000000e8000000, 0x0000000100000000, 0x0000000100000000)
 Metaspace       used 43363K, capacity 44729K, committed 44908K, reserved 1089536K
  class space    used 5309K, capacity 5616K, committed 5740K, reserved 1048576K
2018-10-31T21:27:12.703-0700: 134.227: [GC (Allocation Failure) 2018-10-31T21:27:12.703-0700: 134.227: [ParNew
Desired survivor size 20112992 bytes, new threshold 8 (max 8)
- age   1:    6085096 bytes,    6085096 total
- age   2:    2195560 bytes,    8280656 total
- age   3:    4010600 bytes,   12291256 total
- age   4:    5334184 bytes,   17625440 total
- age   5:    1393656 bytes,   19019096 total
- age   6:     366520 bytes,   19385616 total
- age   7:     450064 bytes,   19835680 total
: 109248K->21824K(109248K), 0.0107352 secs] 277605K->198024K(502464K), 0.0108045 secs] [Times: user=0.00 sys=0.00, real=0.02 secs] 
Heap after GC invocations=258 (full 18):
 par new generation   total 109248K, used 21824K [0x00000000e0000000, 0x00000000e8000000, 0x00000000e8000000)
  eden space 87424K,   0% used [0x00000000e0000000, 0x00000000e0000000, 0x00000000e5560000)
  from space 21824K, 100% used [0x00000000e5560000, 0x00000000e6ab0000, 0x00000000e6ab0000)
  to   space 21824K,   0% used [0x00000000e6ab0000, 0x00000000e6ab0000, 0x00000000e8000000)
 concurrent mark-sweep generation total 393216K, used 176200K [0x00000000e8000000, 0x0000000100000000, 0x0000000100000000)
 Metaspace       used 43363K, capacity 44729K, committed 44908K, reserved 1089536K
  class space    used 5309K, capacity 5616K, committed 5740K, reserved 1048576K
}
2018-10-31T21:27:12.721-0700: 134.238: Total time for which application threads were stopped: 0.0109745 seconds, Stopping threads took: 0.0000266 seconds
2018-10-31T21:27:12.905-0700: 134.422: Total time for which application threads were stopped: 0.0001583 seconds, Stopping threads took: 0.0000678 seconds
{Heap before GC invocations=258 (full 18):
 par new generation   total 109248K, used 109248K [0x00000000e0000000, 0x00000000e8000000, 0x00000000e8000000)
  eden space 87424K, 100% used [0x00000000e0000000, 0x00000000e5560000, 0x00000000e5560000)
  from space 21824K, 100% used [0x00000000e5560000, 0x00000000e6ab0000, 0x00000000e6ab0000)
  to   space 21824K,   0% used [0x00000000e6ab0000, 0x00000000e6ab0000, 0x00000000e8000000)
 concurrent mark-sweep generation total 393216K, used 176200K [0x00000000e8000000, 0x0000000100000000, 0x0000000100000000)
 Metaspace       used 43364K, capacity 44729K, committed 44908K, reserved 1089536K
  class space    used 5309K, capacity 5616K, committed 5740K, reserved 1048576K
2018-10-31T21:27:13.296-0700: 134.823: [GC (Allocation Failure) 2018-10-31T21:27:13.296-0700: 134.823: [ParNew
Desired survivor size 20112992 bytes, new threshold 8 (max 8)
- age   1:    1882744 bytes,    1882744 total
- age   2:    2929832 bytes,    4812576 total
- age   3:    2116920 bytes,    6929496 total
- age   4:    4003656 bytes,   10933152 total
- age   5:    7385064 bytes,   18318216 total
- age   6:    1388720 bytes,   19706936 total
- age   7:     362656 bytes,   20069592 total
- age   8:     444952 bytes,   20514544 total
: 109248K->21824K(109248K), 0.0087459 secs] 285448K->200937K(502464K), 0.0088295 secs] [Times: user=0.06 sys=0.00, real=0.02 secs] 
Heap after GC invocations=259 (full 18):
 par new generation   total 109248K, used 21824K [0x00000000e0000000, 0x00000000e8000000, 0x00000000e8000000)
  eden space 87424K,   0% used [0x00000000e0000000, 0x00000000e0000000, 0x00000000e5560000)
  from space 21824K, 100% used [0x00000000e6ab0000, 0x00000000e8000000, 0x00000000e8000000)
  to   space 21824K,   0% used [0x00000000e5560000, 0x00000000e5560000, 0x00000000e6ab0000)
 concurrent mark-sweep generation total 393216K, used 179113K [0x00000000e8000000, 0x0000000100000000, 0x0000000100000000)
 Metaspace       used 43364K, capacity 44729K, committed 44908K, reserved 1089536K
  class space    used 5309K, capacity 5616K, committed 5740K, reserved 1048576K
}
2018-10-31T21:27:13.311-0700: 134.832: Total time for which application threads were stopped: 0.0090231 seconds, Stopping threads took: 0.0000405 seconds
{Heap before GC invocations=259 (full 18):
 par new generation   total 109248K, used 109248K [0x00000000e0000000, 0x00000000e8000000, 0x00000000e8000000)
  eden space 87424K, 100% used [0x00000000e0000000, 0x00000000e5560000, 0x00000000e5560000)
  from space 21824K, 100% used [0x00000000e6ab0000, 0x00000000e8000000, 0x00000000e8000000)
  to   space 21824K,   0% used [0x00000000e5560000, 0x00000000e5560000, 0x00000000e6ab0000)
 concurrent mark-sweep generation total 393216K, used 179113K [0x00000000e8000000, 0x0000000100000000, 0x0000000100000000)
 Metaspace       used 43366K, capacity 44729K, committed 44908K, reserved 1089536K
  class space    used 5309K, capacity 5616K, committed 5740K, reserved 1048576K
2018-10-31T21:27:13.815-0700: 135.343: [GC (Allocation Failure) 2018-10-31T21:27:13.815-0700: 135.343: [ParNew
Desired survivor size 20112992 bytes, new threshold 8 (max 8)
- age   1:      49456 bytes,      49456 total
- age   2:    1777264 bytes,    1826720 total
- age   3:    2929832 bytes,    4756552 total
- age   4:    2116088 bytes,    6872640 total
- age   5:    4003656 bytes,   10876296 total
- age   6:    5287896 bytes,   16164192 total
- age   7:    1388696 bytes,   17552888 total
- age   8:     362656 bytes,   17915544 total
: 109248K->21824K(109248K), 0.0078638 secs] 288361K->201381K(502464K), 0.0079232 secs] [Times: user=0.06 sys=0.00, real=0.01 secs] 
Heap after GC invocations=260 (full 18):
 par new generation   total 109248K, used 21824K [0x00000000e0000000, 0x00000000e8000000, 0x00000000e8000000)
  eden space 87424K,   0% used [0x00000000e0000000, 0x00000000e0000000, 0x00000000e5560000)
  from space 21824K, 100% used [0x00000000e5560000, 0x00000000e6ab0000, 0x00000000e6ab0000)
  to   space 21824K,   0% used [0x00000000e6ab0000, 0x00000000e6ab0000, 0x00000000e8000000)
 concurrent mark-sweep generation total 393216K, used 179557K [0x00000000e8000000, 0x0000000100000000, 0x0000000100000000)
 Metaspace       used 43366K, capacity 44729K, committed 44908K, reserved 1089536K
  class space    used 5309K, capacity 5616K, committed 5740K, reserved 1048576K
}
2018-10-31T21:27:13.830-0700: 135.351: Total time for which application threads were stopped: 0.0081191 seconds, Stopping threads took: 0.0000427 seconds
{Heap before GC invocations=260 (full 18):
 par new generation   total 109248K, used 109248K [0x00000000e0000000, 0x00000000e8000000, 0x00000000e8000000)
  eden space 87424K, 100% used [0x00000000e0000000, 0x00000000e5560000, 0x00000000e5560000)
  from space 21824K, 100% used [0x00000000e5560000, 0x00000000e6ab0000, 0x00000000e6ab0000)
  to   space 21824K,   0% used [0x00000000e6ab0000, 0x00000000e6ab0000, 0x00000000e8000000)
 concurrent mark-sweep generation total 393216K, used 179557K [0x00000000e8000000, 0x0000000100000000, 0x0000000100000000)
 Metaspace       used 43366K, capacity 44729K, committed 44908K, reserved 1089536K
  class space    used 5309K, capacity 5616K, committed 5740K, reserved 1048576K
2018-10-31T21:27:14.157-0700: 135.689: [GC (Allocation Failure) 2018-10-31T21:27:14.157-0700: 135.689: [ParNew
Desired survivor size 20112992 bytes, new threshold 8 (max 8)
- age   1:      68760 bytes,      68760 total
- age   2:      28088 bytes,      96848 total
- age   3:    1777264 bytes,    1874112 total
- age   4:    2929832 bytes,    4803944 total
- age   5:    2116088 bytes,    6920032 total
- age   6:    4003656 bytes,   10923688 total
- age   7:    7385064 bytes,   18308752 total
- age   8:    1388696 bytes,   19697448 total
: 109248K->21506K(109248K), 0.0070531 secs] 288805K->201426K(502464K), 0.0071268 secs] [Times: user=0.06 sys=0.00, real=0.01 secs] 
Heap after GC invocations=261 (full 18):
 par new generation   total 109248K, used 21506K [0x00000000e0000000, 0x00000000e8000000, 0x00000000e8000000)
  eden space 87424K,   0% used [0x00000000e0000000, 0x00000000e0000000, 0x00000000e5560000)
  from space 21824K,  98% used [0x00000000e6ab0000, 0x00000000e7fb0838, 0x00000000e8000000)
  to   space 21824K,   0% used [0x00000000e5560000, 0x00000000e5560000, 0x00000000e6ab0000)
 concurrent mark-sweep generation total 393216K, used 179920K [0x00000000e8000000, 0x0000000100000000, 0x0000000100000000)
 Metaspace       used 43366K, capacity 44729K, committed 44908K, reserved 1089536K
  class space    used 5309K, capacity 5616K, committed 5740K, reserved 1048576K
}
2018-10-31T21:27:14.172-0700: 135.696: Total time for which application threads were stopped: 0.0073219 seconds, Stopping threads took: 0.0000416 seconds
2018-10-31T21:27:14.516-0700: 136.043: Total time for which application threads were stopped: 0.0001470 seconds, Stopping threads took: 0.0000376 seconds
{Heap before GC invocations=261 (full 18):
 par new generation   total 109248K, used 108930K [0x00000000e0000000, 0x00000000e8000000, 0x00000000e8000000)
  eden space 87424K, 100% used [0x00000000e0000000, 0x00000000e5560000, 0x00000000e5560000)
  from space 21824K,  98% used [0x00000000e6ab0000, 0x00000000e7fb0838, 0x00000000e8000000)
  to   space 21824K,   0% used [0x00000000e5560000, 0x00000000e5560000, 0x00000000e6ab0000)
 concurrent mark-sweep generation total 393216K, used 179920K [0x00000000e8000000, 0x0000000100000000, 0x0000000100000000)
 Metaspace       used 43368K, capacity 44729K, committed 44908K, reserved 1089536K
  class space    used 5309K, capacity 5616K, committed 5740K, reserved 1048576K
2018-10-31T21:27:14.733-0700: 136.251: [GC (Allocation Failure) 2018-10-31T21:27:14.733-0700: 136.251: [ParNew
Desired survivor size 20112992 bytes, new threshold 8 (max 8)
- age   1:    6198832 bytes,    6198832 total
- age   3:       1648 bytes,    6200480 total
- age   4:     649960 bytes,    6850440 total
- age   5:    1441312 bytes,    8291752 total
- age   6:    1947480 bytes,   10239232 total
- age   7:    4605104 bytes,   14844336 total
- age   8:    7314832 bytes,   22159168 total
: 108930K->21824K(109248K), 0.0120014 secs] 288850K->206976K(502464K), 0.0121341 secs] [Times: user=0.06 sys=0.00, real=0.01 secs] 
Heap after GC invocations=262 (full 18):
 par new generation   total 109248K, used 21824K [0x00000000e0000000, 0x00000000e8000000, 0x00000000e8000000)
  eden space 87424K,   0% used [0x00000000e0000000, 0x00000000e0000000, 0x00000000e5560000)
  from space 21824K, 100% used [0x00000000e5560000, 0x00000000e6ab0000, 0x00000000e6ab0000)
  to   space 21824K,   0% used [0x00000000e6ab0000, 0x00000000e6ab0000, 0x00000000e8000000)
 concurrent mark-sweep generation total 393216K, used 185152K [0x00000000e8000000, 0x0000000100000000, 0x0000000100000000)
 Metaspace       used 43368K, capacity 44729K, committed 44908K, reserved 1089536K
  class space    used 5309K, capacity 5616K, committed 5740K, reserved 1048576K
}
2018-10-31T21:27:14.746-0700: 136.263: Total time for which application threads were stopped: 0.0123825 seconds, Stopping threads took: 0.0000799 seconds
{Heap before GC invocations=262 (full 18):
 par new generation   total 109248K, used 109248K [0x00000000e0000000, 0x00000000e8000000, 0x00000000e8000000)
  eden space 87424K, 100% used [0x00000000e0000000, 0x00000000e5560000, 0x00000000e5560000)
  from space 21824K, 100% used [0x00000000e5560000, 0x00000000e6ab0000, 0x00000000e6ab0000)
  to   space 21824K,   0% used [0x00000000e6ab0000, 0x00000000e6ab0000, 0x00000000e8000000)
 concurrent mark-sweep generation total 393216K, used 185152K [0x00000000e8000000, 0x0000000100000000, 0x0000000100000000)
 Metaspace       used 43368K, capacity 44729K, committed 44908K, reserved 1089536K
  class space    used 5309K, capacity 5616K, committed 5740K, reserved 1048576K
2018-10-31T21:27:15.141-0700: 136.672: [GC (Allocation Failure) 2018-10-31T21:27:15.141-0700: 136.672: [ParNew
Desired survivor size 20112992 bytes, new threshold 8 (max 8)
- age   1:    9135320 bytes,    9135320 total
- age   2:    3573008 bytes,   12708328 total
- age   4:       1648 bytes,   12709976 total
- age   5:     594928 bytes,   13304904 total
- age   6:    1410288 bytes,   14715192 total
- age   7:    1934200 bytes,   16649392 total
- age   8:    3912056 bytes,   20561448 total
: 109248K->21824K(109248K), 0.0098050 secs] 294400K->219767K(502464K), 0.0098812 secs] [Times: user=0.06 sys=0.00, real=0.02 secs] 
Heap after GC invocations=263 (full 18):
 par new generation   total 109248K, used 21824K [0x00000000e0000000, 0x00000000e8000000, 0x00000000e8000000)
  eden space 87424K,   0% used [0x00000000e0000000, 0x00000000e0000000, 0x00000000e5560000)
  from space 21824K, 100% used [0x00000000e6ab0000, 0x00000000e8000000, 0x00000000e8000000)
  to   space 21824K,   0% used [0x00000000e5560000, 0x00000000e5560000, 0x00000000e6ab0000)
 concurrent mark-sweep generation total 393216K, used 197943K [0x00000000e8000000, 0x0000000100000000, 0x0000000100000000)
 Metaspace       used 43368K, capacity 44729K, committed 44908K, reserved 1089536K
  class space    used 5309K, capacity 5616K, committed 5740K, reserved 1048576K
}
2018-10-31T21:27:15.157-0700: 136.682: Total time for which application threads were stopped: 0.0100770 seconds, Stopping threads took: 0.0000405 seconds
2018-10-31T21:27:15.157-0700: 136.682: [GC (CMS Initial Mark) [1 CMS-initial-mark: 197943K(393216K)] 221680K(502464K), 0.0009872 secs] [Times: user=0.00 sys=0.00, real=0.00 secs] 
2018-10-31T21:27:15.157-0700: 136.683: Total time for which application threads were stopped: 0.0011407 seconds, Stopping threads took: 0.0000500 seconds
2018-10-31T21:27:15.157-0700: 136.683: [CMS-concurrent-mark-start]
2018-10-31T21:27:15.173-0700: 136.699: [CMS-concurrent-mark: 0.016/0.016 secs] [Times: user=0.08 sys=0.00, real=0.02 secs] 
2018-10-31T21:27:15.173-0700: 136.699: [CMS-concurrent-preclean-start]
2018-10-31T21:27:15.173-0700: 136.700: [CMS-concurrent-preclean: 0.001/0.001 secs] [Times: user=0.00 sys=0.00, real=0.00 secs] 
2018-10-31T21:27:15.173-0700: 136.700: [CMS-concurrent-abortable-preclean-start]
2018-10-31T21:27:15.501-0700: 137.018: [CMS-concurrent-abortable-preclean: 0.115/0.317 secs] [Times: user=0.44 sys=0.00, real=0.33 secs] 
2018-10-31T21:27:15.501-0700: 137.018: [GC (CMS Final Remark) [YG occupancy: 71724 K (109248 K)]{Heap before GC invocations=263 (full 19):
 par new generation   total 109248K, used 71724K [0x00000000e0000000, 0x00000000e8000000, 0x00000000e8000000)
  eden space 87424K,  57% used [0x00000000e0000000, 0x00000000e30bb308, 0x00000000e5560000)
  from space 21824K, 100% used [0x00000000e6ab0000, 0x00000000e8000000, 0x00000000e8000000)
  to   space 21824K,   0% used [0x00000000e5560000, 0x00000000e5560000, 0x00000000e6ab0000)
 concurrent mark-sweep generation total 393216K, used 197943K [0x00000000e8000000, 0x0000000100000000, 0x0000000100000000)
 Metaspace       used 43368K, capacity 44729K, committed 44908K, reserved 1089536K
  class space    used 5309K, capacity 5616K, committed 5740K, reserved 1048576K
2018-10-31T21:27:15.501-0700: 137.018: [GC (CMS Final Remark) 2018-10-31T21:27:15.501-0700: 137.018: [ParNew
Desired survivor size 20112992 bytes, new threshold 8 (max 8)
- age   1:    9414760 bytes,    9414760 total
- age   2:    3777360 bytes,   13192120 total
- age   3:    3308568 bytes,   16500688 total
- age   5:       1648 bytes,   16502336 total
- age   6:     594672 bytes,   17097008 total
- age   7:    1410032 bytes,   18507040 total
- age   8:    1934200 bytes,   20441240 total
: 71724K->21824K(109248K), 0.0093360 secs] 269668K->227745K(502464K), 0.0094162 secs] [Times: user=0.00 sys=0.00, real=0.00 secs] 
Heap after GC invocations=264 (full 19):
 par new generation   total 109248K, used 21824K [0x00000000e0000000, 0x00000000e8000000, 0x00000000e8000000)
  eden space 87424K,   0% used [0x00000000e0000000, 0x00000000e0000000, 0x00000000e5560000)
  from space 21824K, 100% used [0x00000000e5560000, 0x00000000e6ab0000, 0x00000000e6ab0000)
  to   space 21824K,   0% used [0x00000000e6ab0000, 0x00000000e6ab0000, 0x00000000e8000000)
 concurrent mark-sweep generation total 393216K, used 205921K [0x00000000e8000000, 0x0000000100000000, 0x0000000100000000)
 Metaspace       used 43368K, capacity 44729K, committed 44908K, reserved 1089536K
  class space    used 5309K, capacity 5616K, committed 5740K, reserved 1048576K
}
2018-10-31T21:27:15.501-0700: 137.027: [Rescan (parallel) , 0.0017705 secs]2018-10-31T21:27:15.501-0700: 137.029: [weak refs processing, 0.0009624 secs]2018-10-31T21:27:15.501-0700: 137.030: [class unloading, 0.0059077 secs]2018-10-31T21:27:15.516-0700: 137.036: [scrub symbol table, 0.0056517 secs]2018-10-31T21:27:15.516-0700: 137.042: [scrub string table, 0.0004267 secs][1 CMS-remark: 205921K(393216K)] 227745K(502464K), 0.0245684 secs] [Times: user=0.02 sys=0.00, real=0.02 secs] 
2018-10-31T21:27:15.516-0700: 137.042: Total time for which application threads were stopped: 0.0247274 seconds, Stopping threads took: 0.0000441 seconds
2018-10-31T21:27:15.516-0700: 137.043: [CMS-concurrent-sweep-start]
2018-10-31T21:27:15.548-0700: 137.065: [CMS-concurrent-sweep: 0.023/0.023 secs] [Times: user=0.06 sys=0.00, real=0.03 secs] 
2018-10-31T21:27:15.548-0700: 137.065: [CMS-concurrent-reset-start]
2018-10-31T21:27:15.548-0700: 137.066: [CMS-concurrent-reset: 0.000/0.000 secs] [Times: user=0.00 sys=0.00, real=0.00 secs] 
{Heap before GC invocations=264 (full 19):
 par new generation   total 109248K, used 109248K [0x00000000e0000000, 0x00000000e8000000, 0x00000000e8000000)
  eden space 87424K, 100% used [0x00000000e0000000, 0x00000000e5560000, 0x00000000e5560000)
  from space 21824K, 100% used [0x00000000e5560000, 0x00000000e6ab0000, 0x00000000e6ab0000)
  to   space 21824K,   0% used [0x00000000e6ab0000, 0x00000000e6ab0000, 0x00000000e8000000)
 concurrent mark-sweep generation total 393216K, used 137466K [0x00000000e8000000, 0x0000000100000000, 0x0000000100000000)
 Metaspace       used 43377K, capacity 44729K, committed 44908K, reserved 1089536K
  class space    used 5309K, capacity 5616K, committed 5740K, reserved 1048576K
2018-10-31T21:27:16.110-0700: 137.638: [GC (Allocation Failure) 2018-10-31T21:27:16.110-0700: 137.638: [ParNew
Desired survivor size 20112992 bytes, new threshold 4 (max 8)
- age   1:   11733328 bytes,   11733328 total
- age   2:    2533888 bytes,   14267216 total
- age   3:    3174592 bytes,   17441808 total
- age   4:    3291648 bytes,   20733456 total
- age   6:        712 bytes,   20734168 total
- age   7:     322624 bytes,   21056792 total
- age   8:     973944 bytes,   22030736 total
: 109248K->21824K(109248K), 0.0103064 secs] 246714K->164183K(502464K), 0.0103585 secs] [Times: user=0.06 sys=0.00, real=0.02 secs] 
Heap after GC invocations=265 (full 19):
 par new generation   total 109248K, used 21824K [0x00000000e0000000, 0x00000000e8000000, 0x00000000e8000000)
  eden space 87424K,   0% used [0x00000000e0000000, 0x00000000e0000000, 0x00000000e5560000)
  from space 21824K, 100% used [0x00000000e6ab0000, 0x00000000e8000000, 0x00000000e8000000)
  to   space 21824K,   0% used [0x00000000e5560000, 0x00000000e5560000, 0x00000000e6ab0000)
 concurrent mark-sweep generation total 393216K, used 142359K [0x00000000e8000000, 0x0000000100000000, 0x0000000100000000)
 Metaspace       used 43377K, capacity 44729K, committed 44908K, reserved 1089536K
  class space    used 5309K, capacity 5616K, committed 5740K, reserved 1048576K
}
2018-10-31T21:27:16.126-0700: 137.649: Total time for which application threads were stopped: 0.0105948 seconds, Stopping threads took: 0.0000667 seconds
2018-10-31T21:27:16.432-0700: 137.956: Total time for which application threads were stopped: 0.0002892 seconds, Stopping threads took: 0.0000660 seconds
2018-10-31T21:27:16.448-0700: 137.972: Total time for which application threads were stopped: 0.0002294 seconds, Stopping threads took: 0.0000831 seconds
2018-10-31T21:27:16.448-0700: 137.972: Total time for which application threads were stopped: 0.0001331 seconds, Stopping threads took: 0.0000492 seconds
{Heap before GC invocations=265 (full 19):
 par new generation   total 109248K, used 109248K [0x00000000e0000000, 0x00000000e8000000, 0x00000000e8000000)
  eden space 87424K, 100% used [0x00000000e0000000, 0x00000000e5560000, 0x00000000e5560000)
  from space 21824K, 100% used [0x00000000e6ab0000, 0x00000000e8000000, 0x00000000e8000000)
  to   space 21824K,   0% used [0x00000000e5560000, 0x00000000e5560000, 0x00000000e6ab0000)
 concurrent mark-sweep generation total 393216K, used 142359K [0x00000000e8000000, 0x0000000100000000, 0x0000000100000000)
 Metaspace       used 43377K, capacity 44729K, committed 44908K, reserved 1089536K
  class space    used 5309K, capacity 5616K, committed 5740K, reserved 1048576K
2018-10-31T21:27:16.588-0700: 138.108: [GC (Allocation Failure) 2018-10-31T21:27:16.588-0700: 138.108: [ParNew
Desired survivor size 20112992 bytes, new threshold 8 (max 8)
- age   1:    9809232 bytes,    9809232 total
- age   2:    3820576 bytes,   13629808 total
- age   3:    1415824 bytes,   15045632 total
- age   4:    3081120 bytes,   18126752 total
: 109248K->21824K(109248K), 0.0101248 secs] 251607K->175231K(502464K), 0.0101809 secs] [Times: user=0.00 sys=0.00, real=0.00 secs] 
Heap after GC invocations=266 (full 19):
 par new generation   total 109248K, used 21824K [0x00000000e0000000, 0x00000000e8000000, 0x00000000e8000000)
  eden space 87424K,   0% used [0x00000000e0000000, 0x00000000e0000000, 0x00000000e5560000)
  from space 21824K, 100% used [0x00000000e5560000, 0x00000000e6ab0000, 0x00000000e6ab0000)
  to   space 21824K,   0% used [0x00000000e6ab0000, 0x00000000e6ab0000, 0x00000000e8000000)
 concurrent mark-sweep generation total 393216K, used 153407K [0x00000000e8000000, 0x0000000100000000, 0x0000000100000000)
 Metaspace       used 43377K, capacity 44729K, committed 44908K, reserved 1089536K
  class space    used 5309K, capacity 5616K, committed 5740K, reserved 1048576K
}
2018-10-31T21:27:16.588-0700: 138.118: Total time for which application threads were stopped: 0.0104118 seconds, Stopping threads took: 0.0000653 seconds
{Heap before GC invocations=266 (full 19):
 par new generation   total 109248K, used 109248K [0x00000000e0000000, 0x00000000e8000000, 0x00000000e8000000)
  eden space 87424K, 100% used [0x00000000e0000000, 0x00000000e5560000, 0x00000000e5560000)
  from space 21824K, 100% used [0x00000000e5560000, 0x00000000e6ab0000, 0x00000000e6ab0000)
  to   space 21824K,   0% used [0x00000000e6ab0000, 0x00000000e6ab0000, 0x00000000e8000000)
 concurrent mark-sweep generation total 393216K, used 153407K [0x00000000e8000000, 0x0000000100000000, 0x0000000100000000)
 Metaspace       used 43377K, capacity 44729K, committed 44908K, reserved 1089536K
  class space    used 5309K, capacity 5616K, committed 5740K, reserved 1048576K
2018-10-31T21:27:16.812-0700: 138.333: [GC (Allocation Failure) 2018-10-31T21:27:16.812-0700: 138.334: [ParNew
Desired survivor size 20112992 bytes, new threshold 5 (max 8)
- age   1:    7167160 bytes,    7167160 total
- age   2:    5589560 bytes,   12756720 total
- age   3:    3819536 bytes,   16576256 total
- age   4:    1414800 bytes,   17991056 total
- age   5:    3081120 bytes,   21072176 total
: 109248K->21824K(109248K), 0.0076392 secs] 262655K->175747K(502464K), 0.0077033 secs] [Times: user=0.00 sys=0.00, real=0.00 secs] 
Heap after GC invocations=267 (full 19):
 par new generation   total 109248K, used 21824K [0x00000000e0000000, 0x00000000e8000000, 0x00000000e8000000)
  eden space 87424K,   0% used [0x00000000e0000000, 0x00000000e0000000, 0x00000000e5560000)
  from space 21824K, 100% used [0x00000000e6ab0000, 0x00000000e8000000, 0x00000000e8000000)
  to   space 21824K,   0% used [0x00000000e5560000, 0x00000000e5560000, 0x00000000e6ab0000)
 concurrent mark-sweep generation total 393216K, used 153923K [0x00000000e8000000, 0x0000000100000000, 0x0000000100000000)
 Metaspace       used 43377K, capacity 44729K, committed 44908K, reserved 1089536K
  class space    used 5309K, capacity 5616K, committed 5740K, reserved 1048576K
}
2018-10-31T21:27:16.812-0700: 138.341: Total time for which application threads were stopped: 0.0079108 seconds, Stopping threads took: 0.0000467 seconds
2018-10-31T21:27:16.945-0700: 138.468: Total time for which application threads were stopped: 0.0001550 seconds, Stopping threads took: 0.0000543 seconds
{Heap before GC invocations=267 (full 19):
 par new generation   total 109248K, used 109248K [0x00000000e0000000, 0x00000000e8000000, 0x00000000e8000000)
  eden space 87424K, 100% used [0x00000000e0000000, 0x00000000e5560000, 0x00000000e5560000)
  from space 21824K, 100% used [0x00000000e6ab0000, 0x00000000e8000000, 0x00000000e8000000)
  to   space 21824K,   0% used [0x00000000e5560000, 0x00000000e5560000, 0x00000000e6ab0000)
 concurrent mark-sweep generation total 393216K, used 153923K [0x00000000e8000000, 0x0000000100000000, 0x0000000100000000)
 Metaspace       used 43389K, capacity 44729K, committed 44908K, reserved 1089536K
  class space    used 5309K, capacity 5616K, committed 5740K, reserved 1048576K
2018-10-31T21:27:17.202-0700: 138.725: [GC (Allocation Failure) 2018-10-31T21:27:17.202-0700: 138.725: [ParNew
Desired survivor size 20112992 bytes, new threshold 5 (max 8)
- age   1:   10599416 bytes,   10599416 total
- age   2:    1721712 bytes,   12321128 total
- age   3:    3985736 bytes,   16306864 total
- age   4:    3694416 bytes,   20001280 total
- age   5:    1343984 bytes,   21345264 total
: 109248K->21824K(109248K), 0.0096496 secs] 263171K->181247K(502464K), 0.0097875 secs] [Times: user=0.02 sys=0.00, real=0.02 secs] 
Heap after GC invocations=268 (full 19):
 par new generation   total 109248K, used 21824K [0x00000000e0000000, 0x00000000e8000000, 0x00000000e8000000)
  eden space 87424K,   0% used [0x00000000e0000000, 0x00000000e0000000, 0x00000000e5560000)
  from space 21824K, 100% used [0x00000000e5560000, 0x00000000e6ab0000, 0x00000000e6ab0000)
  to   space 21824K,   0% used [0x00000000e6ab0000, 0x00000000e6ab0000, 0x00000000e8000000)
 concurrent mark-sweep generation total 393216K, used 159423K [0x00000000e8000000, 0x0000000100000000, 0x0000000100000000)
 Metaspace       used 43389K, capacity 44729K, committed 44908K, reserved 1089536K
  class space    used 5309K, capacity 5616K, committed 5740K, reserved 1048576K
}
2018-10-31T21:27:17.218-0700: 138.735: Total time for which application threads were stopped: 0.0100963 seconds, Stopping threads took: 0.0000678 seconds
2018-10-31T21:27:17.358-0700: 138.883: Total time for which application threads were stopped: 0.0002064 seconds, Stopping threads took: 0.0000580 seconds
2018-10-31T21:27:17.374-0700: 138.894: Total time for which application threads were stopped: 0.0002513 seconds, Stopping threads took: 0.0000733 seconds
2018-10-31T21:27:17.374-0700: 138.895: Total time for which application threads were stopped: 0.0001178 seconds, Stopping threads took: 0.0000383 seconds
{Heap before GC invocations=268 (full 19):
 par new generation   total 109248K, used 109248K [0x00000000e0000000, 0x00000000e8000000, 0x00000000e8000000)
  eden space 87424K, 100% used [0x00000000e0000000, 0x00000000e5560000, 0x00000000e5560000)
  from space 21824K, 100% used [0x00000000e5560000, 0x00000000e6ab0000, 0x00000000e6ab0000)
  to   space 21824K,   0% used [0x00000000e6ab0000, 0x00000000e6ab0000, 0x00000000e8000000)
 concurrent mark-sweep generation total 393216K, used 159423K [0x00000000e8000000, 0x0000000100000000, 0x0000000100000000)
 Metaspace       used 43390K, capacity 44729K, committed 44908K, reserved 1089536K
  class space    used 5309K, capacity 5616K, committed 5740K, reserved 1048576K
2018-10-31T21:27:17.514-0700: 139.037: [GC (Allocation Failure) 2018-10-31T21:27:17.514-0700: 139.037: [ParNew
Desired survivor size 20112992 bytes, new threshold 5 (max 8)
- age   1:   11855632 bytes,   11855632 total
- age   2:    2890792 bytes,   14746424 total
- age   3:    1026936 bytes,   15773360 total
- age   4:    3354320 bytes,   19127680 total
- age   5:    2907600 bytes,   22035280 total
: 109248K->21824K(109248K), 0.0089064 secs] 268671K->185642K(502464K), 0.0089757 secs] [Times: user=0.00 sys=0.00, real=0.00 secs] 
Heap after GC invocations=269 (full 19):
 par new generation   total 109248K, used 21824K [0x00000000e0000000, 0x00000000e8000000, 0x00000000e8000000)
  eden space 87424K,   0% used [0x00000000e0000000, 0x00000000e0000000, 0x00000000e5560000)
  from space 21824K, 100% used [0x00000000e6ab0000, 0x00000000e8000000, 0x00000000e8000000)
  to   space 21824K,   0% used [0x00000000e5560000, 0x00000000e5560000, 0x00000000e6ab0000)
 concurrent mark-sweep generation total 393216K, used 163818K [0x00000000e8000000, 0x0000000100000000, 0x0000000100000000)
 Metaspace       used 43390K, capacity 44729K, committed 44908K, reserved 1089536K
  class space    used 5309K, capacity 5616K, committed 5740K, reserved 1048576K
}
2018-10-31T21:27:17.514-0700: 139.046: Total time for which application threads were stopped: 0.0092062 seconds, Stopping threads took: 0.0000459 seconds
2018-10-31T21:27:17.593-0700: 139.117: Total time for which application threads were stopped: 0.0002615 seconds, Stopping threads took: 0.0000408 seconds
2018-10-31T21:27:17.593-0700: 139.124: Total time for which application threads were stopped: 0.0001816 seconds, Stopping threads took: 0.0000635 seconds
2018-10-31T21:27:17.593-0700: 139.124: Total time for which application threads were stopped: 0.0001134 seconds, Stopping threads took: 0.0000441 seconds
2018-10-31T21:27:17.593-0700: 139.124: Total time for which application threads were stopped: 0.0000828 seconds, Stopping threads took: 0.0000270 seconds
2018-10-31T21:27:17.593-0700: 139.124: Total time for which application threads were stopped: 0.0001025 seconds, Stopping threads took: 0.0000412 seconds
{Heap before GC invocations=269 (full 19):
 par new generation   total 109248K, used 109248K [0x00000000e0000000, 0x00000000e8000000, 0x00000000e8000000)
  eden space 87424K, 100% used [0x00000000e0000000, 0x00000000e5560000, 0x00000000e5560000)
  from space 21824K, 100% used [0x00000000e6ab0000, 0x00000000e8000000, 0x00000000e8000000)
  to   space 21824K,   0% used [0x00000000e5560000, 0x00000000e5560000, 0x00000000e6ab0000)
 concurrent mark-sweep generation total 393216K, used 163818K [0x00000000e8000000, 0x0000000100000000, 0x0000000100000000)
 Metaspace       used 43398K, capacity 44729K, committed 44908K, reserved 1089536K
  class space    used 5309K, capacity 5616K, committed 5740K, reserved 1048576K
2018-10-31T21:27:18.172-0700: 139.695: [GC (Allocation Failure) 2018-10-31T21:27:18.172-0700: 139.695: [ParNew
Desired survivor size 20112992 bytes, new threshold 5 (max 8)
- age   1:    9128048 bytes,    9128048 total
- age   2:    5414016 bytes,   14542064 total
- age   3:    1701680 bytes,   16243744 total
- age   4:     937288 bytes,   17181032 total
- age   5:    3287408 bytes,   20468440 total
: 109248K->21824K(109248K), 0.0087452 secs] 273066K->193256K(502464K), 0.0088240 secs] [Times: user=0.00 sys=0.01, real=0.02 secs] 
Heap after GC invocations=270 (full 19):
 par new generation   total 109248K, used 21824K [0x00000000e0000000, 0x00000000e8000000, 0x00000000e8000000)
  eden space 87424K,   0% used [0x00000000e0000000, 0x00000000e0000000, 0x00000000e5560000)
  from space 21824K, 100% used [0x00000000e5560000, 0x00000000e6ab0000, 0x00000000e6ab0000)
  to   space 21824K,   0% used [0x00000000e6ab0000, 0x00000000e6ab0000, 0x00000000e8000000)
 concurrent mark-sweep generation total 393216K, used 171432K [0x00000000e8000000, 0x0000000100000000, 0x0000000100000000)
 Metaspace       used 43398K, capacity 44729K, committed 44908K, reserved 1089536K
  class space    used 5309K, capacity 5616K, committed 5740K, reserved 1048576K
}
2018-10-31T21:27:18.187-0700: 139.704: Total time for which application threads were stopped: 0.0090169 seconds, Stopping threads took: 0.0000263 seconds
{Heap before GC invocations=270 (full 19):
 par new generation   total 109248K, used 109248K [0x00000000e0000000, 0x00000000e8000000, 0x00000000e8000000)
  eden space 87424K, 100% used [0x00000000e0000000, 0x00000000e5560000, 0x00000000e5560000)
  from space 21824K, 100% used [0x00000000e5560000, 0x00000000e6ab0000, 0x00000000e6ab0000)
  to   space 21824K,   0% used [0x00000000e6ab0000, 0x00000000e6ab0000, 0x00000000e8000000)
 concurrent mark-sweep generation total 393216K, used 171432K [0x00000000e8000000, 0x0000000100000000, 0x0000000100000000)
 Metaspace       used 43398K, capacity 44729K, committed 44908K, reserved 1089536K
  class space    used 5309K, capacity 5616K, committed 5740K, reserved 1048576K
2018-10-31T21:27:18.919-0700: 140.446: [GC (Allocation Failure) 2018-10-31T21:27:18.919-0700: 140.446: [ParNew
Desired survivor size 20112992 bytes, new threshold 8 (max 8)
- age   1:    7002392 bytes,    7002392 total
- age   2:    4124592 bytes,   11126984 total
- age   3:    5072360 bytes,   16199344 total
- age   4:    1701680 bytes,   17901024 total
- age   5:     937288 bytes,   18838312 total
: 109248K->21824K(109248K), 0.0103943 secs] 280680K->204995K(502464K), 0.0104672 secs] [Times: user=0.06 sys=0.00, real=0.02 secs] 
Heap after GC invocations=271 (full 19):
 par new generation   total 109248K, used 21824K [0x00000000e0000000, 0x00000000e8000000, 0x00000000e8000000)
  eden space 87424K,   0% used [0x00000000e0000000, 0x00000000e0000000, 0x00000000e5560000)
  from space 21824K, 100% used [0x00000000e6ab0000, 0x00000000e8000000, 0x00000000e8000000)
  to   space 21824K,   0% used [0x00000000e5560000, 0x00000000e5560000, 0x00000000e6ab0000)
 concurrent mark-sweep generation total 393216K, used 183171K [0x00000000e8000000, 0x0000000100000000, 0x0000000100000000)
 Metaspace       used 43398K, capacity 44729K, committed 44908K, reserved 1089536K
  class space    used 5309K, capacity 5616K, committed 5740K, reserved 1048576K
}
2018-10-31T21:27:18.935-0700: 140.457: Total time for which application threads were stopped: 0.0107141 seconds, Stopping threads took: 0.0000558 seconds
{Heap before GC invocations=271 (full 19):
 par new generation   total 109248K, used 109248K [0x00000000e0000000, 0x00000000e8000000, 0x00000000e8000000)
  eden space 87424K, 100% used [0x00000000e0000000, 0x00000000e5560000, 0x00000000e5560000)
  from space 21824K, 100% used [0x00000000e6ab0000, 0x00000000e8000000, 0x00000000e8000000)
  to   space 21824K,   0% used [0x00000000e5560000, 0x00000000e5560000, 0x00000000e6ab0000)
 concurrent mark-sweep generation total 393216K, used 183171K [0x00000000e8000000, 0x0000000100000000, 0x0000000100000000)
 Metaspace       used 43398K, capacity 44729K, committed 44908K, reserved 1089536K
  class space    used 5309K, capacity 5616K, committed 5740K, reserved 1048576K
2018-10-31T21:27:19.562-0700: 141.090: [GC (Allocation Failure) 2018-10-31T21:27:19.562-0700: 141.090: [ParNew
Desired survivor size 20112992 bytes, new threshold 5 (max 8)
- age   1:   10530368 bytes,   10530368 total
- age   2:    2244928 bytes,   12775296 total
- age   3:    3790280 bytes,   16565576 total
- age   4:    2886800 bytes,   19452376 total
- age   5:    1504336 bytes,   20956712 total
- age   6:     937064 bytes,   21893776 total
: 109248K->21824K(109248K), 0.0091416 secs] 292419K->212737K(502464K), 0.0092094 secs] [Times: user=0.06 sys=0.00, real=0.02 secs] 
Heap after GC invocations=272 (full 19):
 par new generation   total 109248K, used 21824K [0x00000000e0000000, 0x00000000e8000000, 0x00000000e8000000)
  eden space 87424K,   0% used [0x00000000e0000000, 0x00000000e0000000, 0x00000000e5560000)
  from space 21824K, 100% used [0x00000000e5560000, 0x00000000e6ab0000, 0x00000000e6ab0000)
  to   space 21824K,   0% used [0x00000000e6ab0000, 0x00000000e6ab0000, 0x00000000e8000000)
 concurrent mark-sweep generation total 393216K, used 190913K [0x00000000e8000000, 0x0000000100000000, 0x0000000100000000)
 Metaspace       used 43398K, capacity 44729K, committed 44908K, reserved 1089536K
  class space    used 5309K, capacity 5616K, committed 5740K, reserved 1048576K
}
2018-10-31T21:27:19.578-0700: 141.099: Total time for which application threads were stopped: 0.0094505 seconds, Stopping threads took: 0.0000591 seconds
{Heap before GC invocations=272 (full 19):
 par new generation   total 109248K, used 109248K [0x00000000e0000000, 0x00000000e8000000, 0x00000000e8000000)
  eden space 87424K, 100% used [0x00000000e0000000, 0x00000000e5560000, 0x00000000e5560000)
  from space 21824K, 100% used [0x00000000e5560000, 0x00000000e6ab0000, 0x00000000e6ab0000)
  to   space 21824K,   0% used [0x00000000e6ab0000, 0x00000000e6ab0000, 0x00000000e8000000)
 concurrent mark-sweep generation total 393216K, used 190913K [0x00000000e8000000, 0x0000000100000000, 0x0000000100000000)
 Metaspace       used 43400K, capacity 44729K, committed 44908K, reserved 1089536K
  class space    used 5309K, capacity 5616K, committed 5740K, reserved 1048576K
2018-10-31T21:27:20.219-0700: 141.747: [GC (Allocation Failure) 2018-10-31T21:27:20.219-0700: 141.747: [ParNew
Desired survivor size 20112992 bytes, new threshold 5 (max 8)
- age   1:    9946992 bytes,    9946992 total
- age   2:    4059880 bytes,   14006872 total
- age   3:    1269688 bytes,   15276560 total
- age   4:    3199552 bytes,   18476112 total
- age   5:    2851168 bytes,   21327280 total
: 109248K->21824K(109248K), 0.0095541 secs] 300161K->224420K(502464K), 0.0096296 secs] [Times: user=0.06 sys=0.00, real=0.01 secs] 
Heap after GC invocations=273 (full 19):
 par new generation   total 109248K, used 21824K [0x00000000e0000000, 0x00000000e8000000, 0x00000000e8000000)
  eden space 87424K,   0% used [0x00000000e0000000, 0x00000000e0000000, 0x00000000e5560000)
  from space 21824K, 100% used [0x00000000e6ab0000, 0x00000000e8000000, 0x00000000e8000000)
  to   space 21824K,   0% used [0x00000000e5560000, 0x00000000e5560000, 0x00000000e6ab0000)
 concurrent mark-sweep generation total 393216K, used 202596K [0x00000000e8000000, 0x0000000100000000, 0x0000000100000000)
 Metaspace       used 43400K, capacity 44729K, committed 44908K, reserved 1089536K
  class space    used 5309K, capacity 5616K, committed 5740K, reserved 1048576K
}
2018-10-31T21:27:20.234-0700: 141.757: Total time for which application threads were stopped: 0.0098396 seconds, Stopping threads took: 0.0000427 seconds
2018-10-31T21:27:20.234-0700: 141.757: [GC (CMS Initial Mark) [1 CMS-initial-mark: 202596K(393216K)] 225297K(502464K), 0.0011491 secs] [Times: user=0.00 sys=0.00, real=0.00 secs] 
2018-10-31T21:27:20.234-0700: 141.758: Total time for which application threads were stopped: 0.0013081 seconds, Stopping threads took: 0.0000540 seconds
2018-10-31T21:27:20.234-0700: 141.758: [CMS-concurrent-mark-start]
2018-10-31T21:27:20.250-0700: 141.770: [CMS-concurrent-mark: 0.012/0.012 secs] [Times: user=0.08 sys=0.00, real=0.02 secs] 
2018-10-31T21:27:20.250-0700: 141.770: [CMS-concurrent-preclean-start]
2018-10-31T21:27:20.250-0700: 141.771: [CMS-concurrent-preclean: 0.001/0.001 secs] [Times: user=0.00 sys=0.00, real=0.00 secs] 
2018-10-31T21:27:20.250-0700: 141.771: [GC (CMS Final Remark) [YG occupancy: 23465 K (109248 K)]{Heap before GC invocations=273 (full 20):
 par new generation   total 109248K, used 23465K [0x00000000e0000000, 0x00000000e8000000, 0x00000000e8000000)
  eden space 87424K,   1% used [0x00000000e0000000, 0x00000000e019a578, 0x00000000e5560000)
  from space 21824K, 100% used [0x00000000e6ab0000, 0x00000000e8000000, 0x00000000e8000000)
  to   space 21824K,   0% used [0x00000000e5560000, 0x00000000e5560000, 0x00000000e6ab0000)
 concurrent mark-sweep generation total 393216K, used 202596K [0x00000000e8000000, 0x0000000100000000, 0x0000000100000000)
 Metaspace       used 43400K, capacity 44729K, committed 44908K, reserved 1089536K
  class space    used 5309K, capacity 5616K, committed 5740K, reserved 1048576K
2018-10-31T21:27:20.250-0700: 141.771: [GC (CMS Final Remark) 2018-10-31T21:27:20.250-0700: 141.771: [ParNew
Desired survivor size 20112992 bytes, new threshold 8 (max 8)
- age   1:     169728 bytes,     169728 total
- age   2:    8329088 bytes,    8498816 total
- age   3:    4055936 bytes,   12554752 total
- age   4:     742328 bytes,   13297080 total
- age   5:    3199288 bytes,   16496368 total
: 23465K->21824K(109248K), 0.0070210 secs] 226061K->229289K(502464K), 0.0070929 secs] [Times: user=0.00 sys=0.00, real=0.00 secs] 
Heap after GC invocations=274 (full 20):
 par new generation   total 109248K, used 21824K [0x00000000e0000000, 0x00000000e8000000, 0x00000000e8000000)
  eden space 87424K,   0% used [0x00000000e0000000, 0x00000000e0000000, 0x00000000e5560000)
  from space 21824K, 100% used [0x00000000e5560000, 0x00000000e6ab0000, 0x00000000e6ab0000)
  to   space 21824K,   0% used [0x00000000e6ab0000, 0x00000000e6ab0000, 0x00000000e8000000)
 concurrent mark-sweep generation total 393216K, used 207465K [0x00000000e8000000, 0x0000000100000000, 0x0000000100000000)
 Metaspace       used 43400K, capacity 44729K, committed 44908K, reserved 1089536K
  class space    used 5309K, capacity 5616K, committed 5740K, reserved 1048576K
}
2018-10-31T21:27:20.250-0700: 141.779: [Rescan (parallel) , 0.0012895 secs]2018-10-31T21:27:20.250-0700: 141.780: [weak refs processing, 0.0009864 secs]2018-10-31T21:27:20.250-0700: 141.781: [class unloading, 0.0061787 secs]2018-10-31T21:27:20.265-0700: 141.787: [scrub symbol table, 0.0052331 secs]2018-10-31T21:27:20.265-0700: 141.792: [scrub string table, 0.0004157 secs][1 CMS-remark: 207465K(393216K)] 229289K(502464K), 0.0216120 secs] [Times: user=0.01 sys=0.00, real=0.02 secs] 
2018-10-31T21:27:20.265-0700: 141.793: Total time for which application threads were stopped: 0.0217801 seconds, Stopping threads took: 0.0000467 seconds
2018-10-31T21:27:20.265-0700: 141.793: [CMS-concurrent-sweep-start]
2018-10-31T21:27:20.297-0700: 141.817: [CMS-concurrent-sweep: 0.024/0.024 secs] [Times: user=0.06 sys=0.00, real=0.03 secs] 
2018-10-31T21:27:20.297-0700: 141.817: [CMS-concurrent-reset-start]
2018-10-31T21:27:20.297-0700: 141.817: [CMS-concurrent-reset: 0.000/0.000 secs] [Times: user=0.00 sys=0.00, real=0.00 secs] 
{Heap before GC invocations=274 (full 20):
 par new generation   total 109248K, used 109248K [0x00000000e0000000, 0x00000000e8000000, 0x00000000e8000000)
  eden space 87424K, 100% used [0x00000000e0000000, 0x00000000e5560000, 0x00000000e5560000)
  from space 21824K, 100% used [0x00000000e5560000, 0x00000000e6ab0000, 0x00000000e6ab0000)
  to   space 21824K,   0% used [0x00000000e6ab0000, 0x00000000e6ab0000, 0x00000000e8000000)
 concurrent mark-sweep generation total 393216K, used 69387K [0x00000000e8000000, 0x0000000100000000, 0x0000000100000000)
 Metaspace       used 43400K, capacity 44729K, committed 44908K, reserved 1089536K
  class space    used 5309K, capacity 5616K, committed 5740K, reserved 1048576K
2018-10-31T21:27:20.825-0700: 142.357: [GC (Allocation Failure) 2018-10-31T21:27:20.825-0700: 142.357: [ParNew
Desired survivor size 20112992 bytes, new threshold 6 (max 8)
- age   1:   11086152 bytes,   11086152 total
- age   2:      72408 bytes,   11158560 total
- age   3:    3121448 bytes,   14280008 total
- age   4:    4055592 bytes,   18335600 total
- age   5:     714872 bytes,   19050472 total
- age   6:    3197680 bytes,   22248152 total
: 109248K->21824K(109248K), 0.0095705 secs] 178635K->100094K(502464K), 0.0096263 secs] [Times: user=0.06 sys=0.00, real=0.01 secs] 
Heap after GC invocations=275 (full 20):
 par new generation   total 109248K, used 21824K [0x00000000e0000000, 0x00000000e8000000, 0x00000000e8000000)
  eden space 87424K,   0% used [0x00000000e0000000, 0x00000000e0000000, 0x00000000e5560000)
  from space 21824K, 100% used [0x00000000e6ab0000, 0x00000000e8000000, 0x00000000e8000000)
  to   space 21824K,   0% used [0x00000000e5560000, 0x00000000e5560000, 0x00000000e6ab0000)
 concurrent mark-sweep generation total 393216K, used 78270K [0x00000000e8000000, 0x0000000100000000, 0x0000000100000000)
 Metaspace       used 43400K, capacity 44729K, committed 44908K, reserved 1089536K
  class space    used 5309K, capacity 5616K, committed 5740K, reserved 1048576K
}
2018-10-31T21:27:20.840-0700: 142.367: Total time for which application threads were stopped: 0.0098370 seconds, Stopping threads took: 0.0000394 seconds
{Heap before GC invocations=275 (full 20):
 par new generation   total 109248K, used 109248K [0x00000000e0000000, 0x00000000e8000000, 0x00000000e8000000)
  eden space 87424K, 100% used [0x00000000e0000000, 0x00000000e5560000, 0x00000000e5560000)
  from space 21824K, 100% used [0x00000000e6ab0000, 0x00000000e8000000, 0x00000000e8000000)
  to   space 21824K,   0% used [0x00000000e5560000, 0x00000000e5560000, 0x00000000e6ab0000)
 concurrent mark-sweep generation total 393216K, used 78270K [0x00000000e8000000, 0x0000000100000000, 0x0000000100000000)
 Metaspace       used 43400K, capacity 44729K, committed 44908K, reserved 1089536K
  class space    used 5309K, capacity 5616K, committed 5740K, reserved 1048576K
2018-10-31T21:27:21.390-0700: 142.916: [GC (Allocation Failure) 2018-10-31T21:27:21.390-0700: 142.916: [ParNew
Desired survivor size 20112992 bytes, new threshold 5 (max 8)
- age   1:   12086304 bytes,   12086304 total
- age   2:    4216544 bytes,   16302848 total
- age   3:      72408 bytes,   16375256 total
- age   4:    2002592 bytes,   18377848 total
- age   5:    2971344 bytes,   21349192 total
- age   6:     714768 bytes,   22063960 total
: 109248K->21824K(109248K), 0.0118847 secs] 187518K->113918K(502464K), 0.0119452 secs] [Times: user=0.06 sys=0.00, real=0.01 secs] 
Heap after GC invocations=276 (full 20):
 par new generation   total 109248K, used 21824K [0x00000000e0000000, 0x00000000e8000000, 0x00000000e8000000)
  eden space 87424K,   0% used [0x00000000e0000000, 0x00000000e0000000, 0x00000000e5560000)
  from space 21824K, 100% used [0x00000000e5560000, 0x00000000e6ab0000, 0x00000000e6ab0000)
  to   space 21824K,   0% used [0x00000000e6ab0000, 0x00000000e6ab0000, 0x00000000e8000000)
 concurrent mark-sweep generation total 393216K, used 92094K [0x00000000e8000000, 0x0000000100000000, 0x0000000100000000)
 Metaspace       used 43400K, capacity 44729K, committed 44908K, reserved 1089536K
  class space    used 5309K, capacity 5616K, committed 5740K, reserved 1048576K
}
2018-10-31T21:27:21.405-0700: 142.928: Total time for which application threads were stopped: 0.0121841 seconds, Stopping threads took: 0.0000445 seconds
{Heap before GC invocations=276 (full 20):
 par new generation   total 109248K, used 109248K [0x00000000e0000000, 0x00000000e8000000, 0x00000000e8000000)
  eden space 87424K, 100% used [0x00000000e0000000, 0x00000000e5560000, 0x00000000e5560000)
  from space 21824K, 100% used [0x00000000e5560000, 0x00000000e6ab0000, 0x00000000e6ab0000)
  to   space 21824K,   0% used [0x00000000e6ab0000, 0x00000000e6ab0000, 0x00000000e8000000)
 concurrent mark-sweep generation total 393216K, used 92094K [0x00000000e8000000, 0x0000000100000000, 0x0000000100000000)
 Metaspace       used 43401K, capacity 44729K, committed 44908K, reserved 1089536K
  class space    used 5309K, capacity 5616K, committed 5740K, reserved 1048576K
2018-10-31T21:27:22.156-0700: 143.674: [GC (Allocation Failure) 2018-10-31T21:27:22.156-0700: 143.674: [ParNew
Desired survivor size 20112992 bytes, new threshold 8 (max 8)
- age   1:   12582528 bytes,   12582528 total
- age   2:     902056 bytes,   13484584 total
- age   3:    3728744 bytes,   17213328 total
- age   4:       6544 bytes,   17219872 total
- age   5:    1923680 bytes,   19143552 total
: 109248K->21824K(109248K), 0.0099712 secs] 201342K->124881K(502464K), 0.0100296 secs] [Times: user=0.00 sys=0.00, real=0.00 secs] 
Heap after GC invocations=277 (full 20):
 par new generation   total 109248K, used 21824K [0x00000000e0000000, 0x00000000e8000000, 0x00000000e8000000)
  eden space 87424K,   0% used [0x00000000e0000000, 0x00000000e0000000, 0x00000000e5560000)
  from space 21824K, 100% used [0x00000000e6ab0000, 0x00000000e8000000, 0x00000000e8000000)
  to   space 21824K,   0% used [0x00000000e5560000, 0x00000000e5560000, 0x00000000e6ab0000)
 concurrent mark-sweep generation total 393216K, used 103057K [0x00000000e8000000, 0x0000000100000000, 0x0000000100000000)
 Metaspace       used 43401K, capacity 44729K, committed 44908K, reserved 1089536K
  class space    used 5309K, capacity 5616K, committed 5740K, reserved 1048576K
}
2018-10-31T21:27:22.156-0700: 143.684: Total time for which application threads were stopped: 0.0102334 seconds, Stopping threads took: 0.0000405 seconds
{Heap before GC invocations=277 (full 20):
 par new generation   total 109248K, used 109248K [0x00000000e0000000, 0x00000000e8000000, 0x00000000e8000000)
  eden space 87424K, 100% used [0x00000000e0000000, 0x00000000e5560000, 0x00000000e5560000)
  from space 21824K, 100% used [0x00000000e6ab0000, 0x00000000e8000000, 0x00000000e8000000)
  to   space 21824K,   0% used [0x00000000e5560000, 0x00000000e5560000, 0x00000000e6ab0000)
 concurrent mark-sweep generation total 393216K, used 103057K [0x00000000e8000000, 0x0000000100000000, 0x0000000100000000)
 Metaspace       used 43401K, capacity 44729K, committed 44908K, reserved 1089536K
  class space    used 5309K, capacity 5616K, committed 5740K, reserved 1048576K
2018-10-31T21:27:22.756-0700: 144.274: [GC (Allocation Failure) 2018-10-31T21:27:22.756-0700: 144.274: [ParNew
Desired survivor size 20112992 bytes, new threshold 6 (max 8)
- age   1:   12279000 bytes,   12279000 total
- age   2:    2816016 bytes,   15095016 total
- age   3:     900320 bytes,   15995336 total
- age   4:    3710688 bytes,   19706024 total
- age   5:       6520 bytes,   19712544 total
- age   6:    1793888 bytes,   21506432 total
: 109248K->21824K(109248K), 0.0094035 secs] 212305K->130753K(502464K), 0.0094651 secs] [Times: user=0.00 sys=0.00, real=0.01 secs] 
Heap after GC invocations=278 (full 20):
 par new generation   total 109248K, used 21824K [0x00000000e0000000, 0x00000000e8000000, 0x00000000e8000000)
  eden space 87424K,   0% used [0x00000000e0000000, 0x00000000e0000000, 0x00000000e5560000)
  from space 21824K, 100% used [0x00000000e5560000, 0x00000000e6ab0000, 0x00000000e6ab0000)
  to   space 21824K,   0% used [0x00000000e6ab0000, 0x00000000e6ab0000, 0x00000000e8000000)
 concurrent mark-sweep generation total 393216K, used 108929K [0x00000000e8000000, 0x0000000100000000, 0x0000000100000000)
 Metaspace       used 43401K, capacity 44729K, committed 44908K, reserved 1089536K
  class space    used 5309K, capacity 5616K, committed 5740K, reserved 1048576K
}
2018-10-31T21:27:22.762-0700: 144.283: Total time for which application threads were stopped: 0.0096660 seconds, Stopping threads took: 0.0000419 seconds
{Heap before GC invocations=278 (full 20):
 par new generation   total 109248K, used 109248K [0x00000000e0000000, 0x00000000e8000000, 0x00000000e8000000)
  eden space 87424K, 100% used [0x00000000e0000000, 0x00000000e5560000, 0x00000000e5560000)
  from space 21824K, 100% used [0x00000000e5560000, 0x00000000e6ab0000, 0x00000000e6ab0000)
  to   space 21824K,   0% used [0x00000000e6ab0000, 0x00000000e6ab0000, 0x00000000e8000000)
 concurrent mark-sweep generation total 393216K, used 108929K [0x00000000e8000000, 0x0000000100000000, 0x0000000100000000)
 Metaspace       used 43401K, capacity 44729K, committed 44908K, reserved 1089536K
  class space    used 5309K, capacity 5616K, committed 5740K, reserved 1048576K
2018-10-31T21:27:23.348-0700: 144.866: [GC (Allocation Failure) 2018-10-31T21:27:23.348-0700: 144.866: [ParNew
Desired survivor size 20112992 bytes, new threshold 8 (max 8)
- age   1:    6945776 bytes,    6945776 total
- age   2:    4271640 bytes,   11217416 total
- age   3:    2779528 bytes,   13996944 total
- age   4:     871624 bytes,   14868568 total
- age   5:    3676960 bytes,   18545528 total
- age   6:       6216 bytes,   18551744 total
: 109248K->21824K(109248K), 0.0095526 secs] 218177K->142053K(502464K), 0.0096296 secs] [Times: user=0.00 sys=0.00, real=0.00 secs] 
Heap after GC invocations=279 (full 20):
 par new generation   total 109248K, used 21824K [0x00000000e0000000, 0x00000000e8000000, 0x00000000e8000000)
  eden space 87424K,   0% used [0x00000000e0000000, 0x00000000e0000000, 0x00000000e5560000)
  from space 21824K, 100% used [0x00000000e6ab0000, 0x00000000e8000000, 0x00000000e8000000)
  to   space 21824K,   0% used [0x00000000e5560000, 0x00000000e5560000, 0x00000000e6ab0000)
 concurrent mark-sweep generation total 393216K, used 120229K [0x00000000e8000000, 0x0000000100000000, 0x0000000100000000)
 Metaspace       used 43401K, capacity 44729K, committed 44908K, reserved 1089536K
  class space    used 5309K, capacity 5616K, committed 5740K, reserved 1048576K
}
2018-10-31T21:27:23.348-0700: 144.876: Total time for which application threads were stopped: 0.0098206 seconds, Stopping threads took: 0.0000397 seconds
{Heap before GC invocations=279 (full 20):
 par new generation   total 109248K, used 109248K [0x00000000e0000000, 0x00000000e8000000, 0x00000000e8000000)
  eden space 87424K, 100% used [0x00000000e0000000, 0x00000000e5560000, 0x00000000e5560000)
  from space 21824K, 100% used [0x00000000e6ab0000, 0x00000000e8000000, 0x00000000e8000000)
  to   space 21824K,   0% used [0x00000000e5560000, 0x00000000e5560000, 0x00000000e6ab0000)
 concurrent mark-sweep generation total 393216K, used 120229K [0x00000000e8000000, 0x0000000100000000, 0x0000000100000000)
 Metaspace       used 43401K, capacity 44729K, committed 44908K, reserved 1089536K
  class space    used 5309K, capacity 5616K, committed 5740K, reserved 1048576K
2018-10-31T21:27:23.934-0700: 145.452: [GC (Allocation Failure) 2018-10-31T21:27:23.934-0700: 145.452: [ParNew
Desired survivor size 20112992 bytes, new threshold 6 (max 8)
- age   1:   10450064 bytes,   10450064 total
- age   2:    4022352 bytes,   14472416 total
- age   3:    2107800 bytes,   16580216 total
- age   4:    2755432 bytes,   19335648 total
- age   5:     731848 bytes,   20067496 total
- age   6:    2195448 bytes,   22262944 total
- age   7:       6144 bytes,   22269088 total
: 109248K->21824K(109248K), 0.0106448 secs] 229477K->152941K(502464K), 0.0107039 secs] [Times: user=0.06 sys=0.00, real=0.01 secs] 
Heap after GC invocations=280 (full 20):
 par new generation   total 109248K, used 21824K [0x00000000e0000000, 0x00000000e8000000, 0x00000000e8000000)
  eden space 87424K,   0% used [0x00000000e0000000, 0x00000000e0000000, 0x00000000e5560000)
  from space 21824K, 100% used [0x00000000e5560000, 0x00000000e6ab0000, 0x00000000e6ab0000)
  to   space 21824K,   0% used [0x00000000e6ab0000, 0x00000000e6ab0000, 0x00000000e8000000)
 concurrent mark-sweep generation total 393216K, used 131117K [0x00000000e8000000, 0x0000000100000000, 0x0000000100000000)
 Metaspace       used 43401K, capacity 44729K, committed 44908K, reserved 1089536K
  class space    used 5309K, capacity 5616K, committed 5740K, reserved 1048576K
}
2018-10-31T21:27:23.945-0700: 145.462: Total time for which application threads were stopped: 0.0108902 seconds, Stopping threads took: 0.0000383 seconds
{Heap before GC invocations=280 (full 20):
 par new generation   total 109248K, used 109248K [0x00000000e0000000, 0x00000000e8000000, 0x00000000e8000000)
  eden space 87424K, 100% used [0x00000000e0000000, 0x00000000e5560000, 0x00000000e5560000)
  from space 21824K, 100% used [0x00000000e5560000, 0x00000000e6ab0000, 0x00000000e6ab0000)
  to   space 21824K,   0% used [0x00000000e6ab0000, 0x00000000e6ab0000, 0x00000000e8000000)
 concurrent mark-sweep generation total 393216K, used 131117K [0x00000000e8000000, 0x0000000100000000, 0x0000000100000000)
 Metaspace       used 43401K, capacity 44729K, committed 44908K, reserved 1089536K
  class space    used 5309K, capacity 5616K, committed 5740K, reserved 1048576K
2018-10-31T21:27:24.673-0700: 146.191: [GC (Allocation Failure) 2018-10-31T21:27:24.673-0700: 146.191: [ParNew
Desired survivor size 20112992 bytes, new threshold 5 (max 8)
- age   1:    6633720 bytes,    6633720 total
- age   2:    7259856 bytes,   13893576 total
- age   3:    2789304 bytes,   16682880 total
- age   4:    2092400 bytes,   18775280 total
- age   5:    2749744 bytes,   21525024 total
- age   6:     727560 bytes,   22252584 total
: 109248K->21824K(109248K), 0.0098600 secs] 240365K->162349K(502464K), 0.0099253 secs] [Times: user=0.00 sys=0.00, real=0.00 secs] 
Heap after GC invocations=281 (full 20):
 par new generation   total 109248K, used 21824K [0x00000000e0000000, 0x00000000e8000000, 0x00000000e8000000)
  eden space 87424K,   0% used [0x00000000e0000000, 0x00000000e0000000, 0x00000000e5560000)
  from space 21824K, 100% used [0x00000000e6ab0000, 0x00000000e8000000, 0x00000000e8000000)
  to   space 21824K,   0% used [0x00000000e5560000, 0x00000000e5560000, 0x00000000e6ab0000)
 concurrent mark-sweep generation total 393216K, used 140525K [0x00000000e8000000, 0x0000000100000000, 0x0000000100000000)
 Metaspace       used 43401K, capacity 44729K, committed 44908K, reserved 1089536K
  class space    used 5309K, capacity 5616K, committed 5740K, reserved 1048576K
}
2018-10-31T21:27:24.673-0700: 146.201: Total time for which application threads were stopped: 0.0101642 seconds, Stopping threads took: 0.0000729 seconds
{Heap before GC invocations=281 (full 20):
 par new generation   total 109248K, used 109248K [0x00000000e0000000, 0x00000000e8000000, 0x00000000e8000000)
  eden space 87424K, 100% used [0x00000000e0000000, 0x00000000e5560000, 0x00000000e5560000)
  from space 21824K, 100% used [0x00000000e6ab0000, 0x00000000e8000000, 0x00000000e8000000)
  to   space 21824K,   0% used [0x00000000e5560000, 0x00000000e5560000, 0x00000000e6ab0000)
 concurrent mark-sweep generation total 393216K, used 140525K [0x00000000e8000000, 0x0000000100000000, 0x0000000100000000)
 Metaspace       used 43401K, capacity 44729K, committed 44908K, reserved 1089536K
  class space    used 5309K, capacity 5616K, committed 5740K, reserved 1048576K
2018-10-31T21:27:25.324-0700: 146.846: [GC (Allocation Failure) 2018-10-31T21:27:25.324-0700: 146.846: [ParNew
Desired survivor size 20112992 bytes, new threshold 8 (max 8)
- age   1:    7909120 bytes,    7909120 total
- age   2:    1100752 bytes,    9009872 total
- age   3:    5348248 bytes,   14358120 total
- age   4:    2328232 bytes,   16686352 total
- age   5:    2089584 bytes,   18775936 total
: 109248K->21824K(109248K), 0.0104358 secs] 249773K->172338K(502464K), 0.0105773 secs] [Times: user=0.02 sys=0.00, real=0.02 secs] 
Heap after GC invocations=282 (full 20):
 par new generation   total 109248K, used 21824K [0x00000000e0000000, 0x00000000e8000000, 0x00000000e8000000)
  eden space 87424K,   0% used [0x00000000e0000000, 0x00000000e0000000, 0x00000000e5560000)
  from space 21824K, 100% used [0x00000000e5560000, 0x00000000e6ab0000, 0x00000000e6ab0000)
  to   space 21824K,   0% used [0x00000000e6ab0000, 0x00000000e6ab0000, 0x00000000e8000000)
 concurrent mark-sweep generation total 393216K, used 150514K [0x00000000e8000000, 0x0000000100000000, 0x0000000100000000)
 Metaspace       used 43401K, capacity 44729K, committed 44908K, reserved 1089536K
  class space    used 5309K, capacity 5616K, committed 5740K, reserved 1048576K
}
2018-10-31T21:27:25.339-0700: 146.857: Total time for which application threads were stopped: 0.0108333 seconds, Stopping threads took: 0.0000412 seconds
{Heap before GC invocations=282 (full 20):
 par new generation   total 109248K, used 109248K [0x00000000e0000000, 0x00000000e8000000, 0x00000000e8000000)
  eden space 87424K, 100% used [0x00000000e0000000, 0x00000000e5560000, 0x00000000e5560000)
  from space 21824K, 100% used [0x00000000e5560000, 0x00000000e6ab0000, 0x00000000e6ab0000)
  to   space 21824K,   0% used [0x00000000e6ab0000, 0x00000000e6ab0000, 0x00000000e8000000)
 concurrent mark-sweep generation total 393216K, used 150514K [0x00000000e8000000, 0x0000000100000000, 0x0000000100000000)
 Metaspace       used 43401K, capacity 44729K, committed 44908K, reserved 1089536K
  class space    used 5309K, capacity 5616K, committed 5740K, reserved 1048576K
2018-10-31T21:27:25.920-0700: 147.446: [GC (Allocation Failure) 2018-10-31T21:27:25.920-0700: 147.446: [ParNew
Desired survivor size 20112992 bytes, new threshold 6 (max 8)
- age   1:   13449560 bytes,   13449560 total
- age   2:    1586456 bytes,   15036016 total
- age   3:    1098552 bytes,   16134568 total
- age   4:     574896 bytes,   16709464 total
- age   5:    2326872 bytes,   19036336 total
- age   6:    2088328 bytes,   21124664 total
: 109248K->21824K(109248K), 0.0111590 secs] 259762K->179055K(502464K), 0.0112381 secs] [Times: user=0.06 sys=0.00, real=0.01 secs] 
Heap after GC invocations=283 (full 20):
 par new generation   total 109248K, used 21824K [0x00000000e0000000, 0x00000000e8000000, 0x00000000e8000000)
  eden space 87424K,   0% used [0x00000000e0000000, 0x00000000e0000000, 0x00000000e5560000)
  from space 21824K, 100% used [0x00000000e6ab0000, 0x00000000e8000000, 0x00000000e8000000)
  to   space 21824K,   0% used [0x00000000e5560000, 0x00000000e5560000, 0x00000000e6ab0000)
 concurrent mark-sweep generation total 393216K, used 157231K [0x00000000e8000000, 0x0000000100000000, 0x0000000100000000)
 Metaspace       used 43401K, capacity 44729K, committed 44908K, reserved 1089536K
  class space    used 5309K, capacity 5616K, committed 5740K, reserved 1048576K
}
2018-10-31T21:27:25.935-0700: 147.457: Total time for which application threads were stopped: 0.0114711 seconds, Stopping threads took: 0.0000412 seconds
{Heap before GC invocations=283 (full 20):
 par new generation   total 109248K, used 109248K [0x00000000e0000000, 0x00000000e8000000, 0x00000000e8000000)
  eden space 87424K, 100% used [0x00000000e0000000, 0x00000000e5560000, 0x00000000e5560000)
  from space 21824K, 100% used [0x00000000e6ab0000, 0x00000000e8000000, 0x00000000e8000000)
  to   space 21824K,   0% used [0x00000000e5560000, 0x00000000e5560000, 0x00000000e6ab0000)
 concurrent mark-sweep generation total 393216K, used 157231K [0x00000000e8000000, 0x0000000100000000, 0x0000000100000000)
 Metaspace       used 43401K, capacity 44729K, committed 44908K, reserved 1089536K
  class space    used 5309K, capacity 5616K, committed 5740K, reserved 1048576K
2018-10-31T21:27:26.553-0700: 148.085: [GC (Allocation Failure) 2018-10-31T21:27:26.553-0700: 148.085: [ParNew
Desired survivor size 20112992 bytes, new threshold 6 (max 8)
- age   1:    7928816 bytes,    7928816 total
- age   2:    9190360 bytes,   17119176 total
- age   3:     899888 bytes,   18019064 total
- age   4:     722984 bytes,   18742048 total
- age   5:     535512 bytes,   19277560 total
- age   6:    2323984 bytes,   21601544 total
: 109248K->21824K(109248K), 0.0106995 secs] 266479K->187176K(502464K), 0.0107611 secs] [Times: user=0.06 sys=0.00, real=0.02 secs] 
Heap after GC invocations=284 (full 20):
 par new generation   total 109248K, used 21824K [0x00000000e0000000, 0x00000000e8000000, 0x00000000e8000000)
  eden space 87424K,   0% used [0x00000000e0000000, 0x00000000e0000000, 0x00000000e5560000)
  from space 21824K, 100% used [0x00000000e5560000, 0x00000000e6ab0000, 0x00000000e6ab0000)
  to   space 21824K,   0% used [0x00000000e6ab0000, 0x00000000e6ab0000, 0x00000000e8000000)
 concurrent mark-sweep generation total 393216K, used 165352K [0x00000000e8000000, 0x0000000100000000, 0x0000000100000000)
 Metaspace       used 43401K, capacity 44729K, committed 44908K, reserved 1089536K
  class space    used 5309K, capacity 5616K, committed 5740K, reserved 1048576K
}
2018-10-31T21:27:26.568-0700: 148.096: Total time for which application threads were stopped: 0.0109446 seconds, Stopping threads took: 0.0000274 seconds
{Heap before GC invocations=284 (full 20):
 par new generation   total 109248K, used 109248K [0x00000000e0000000, 0x00000000e8000000, 0x00000000e8000000)
  eden space 87424K, 100% used [0x00000000e0000000, 0x00000000e5560000, 0x00000000e5560000)
  from space 21824K, 100% used [0x00000000e5560000, 0x00000000e6ab0000, 0x00000000e6ab0000)
  to   space 21824K,   0% used [0x00000000e6ab0000, 0x00000000e6ab0000, 0x00000000e8000000)
 concurrent mark-sweep generation total 393216K, used 165352K [0x00000000e8000000, 0x0000000100000000, 0x0000000100000000)
 Metaspace       used 43401K, capacity 44729K, committed 44908K, reserved 1089536K
  class space    used 5309K, capacity 5616K, committed 5740K, reserved 1048576K
2018-10-31T21:27:27.219-0700: 148.736: [GC (Allocation Failure) 2018-10-31T21:27:27.219-0700: 148.736: [ParNew
Desired survivor size 20112992 bytes, new threshold 3 (max 8)
- age   1:    9532576 bytes,    9532576 total
- age   2:    3525056 bytes,   13057632 total
- age   3:    7671416 bytes,   20729048 total
- age   4:     904592 bytes,   21633640 total
- age   5:     726960 bytes,   22360600 total
- age   6:     539016 bytes,   22899616 total
: 109248K->21824K(109248K), 0.0119937 secs] 274600K->199037K(502464K), 0.0120561 secs] [Times: user=0.00 sys=0.00, real=0.00 secs] 
Heap after GC invocations=285 (full 20):
 par new generation   total 109248K, used 21824K [0x00000000e0000000, 0x00000000e8000000, 0x00000000e8000000)
  eden space 87424K,   0% used [0x00000000e0000000, 0x00000000e0000000, 0x00000000e5560000)
  from space 21824K, 100% used [0x00000000e6ab0000, 0x00000000e8000000, 0x00000000e8000000)
  to   space 21824K,   0% used [0x00000000e5560000, 0x00000000e5560000, 0x00000000e6ab0000)
 concurrent mark-sweep generation total 393216K, used 177213K [0x00000000e8000000, 0x0000000100000000, 0x0000000100000000)
 Metaspace       used 43401K, capacity 44729K, committed 44908K, reserved 1089536K
  class space    used 5309K, capacity 5616K, committed 5740K, reserved 1048576K
}
2018-10-31T21:27:27.219-0700: 148.748: Total time for which application threads were stopped: 0.0122446 seconds, Stopping threads took: 0.0000397 seconds
{Heap before GC invocations=285 (full 20):
 par new generation   total 109248K, used 109248K [0x00000000e0000000, 0x00000000e8000000, 0x00000000e8000000)
  eden space 87424K, 100% used [0x00000000e0000000, 0x00000000e5560000, 0x00000000e5560000)
  from space 21824K, 100% used [0x00000000e6ab0000, 0x00000000e8000000, 0x00000000e8000000)
  to   space 21824K,   0% used [0x00000000e5560000, 0x00000000e5560000, 0x00000000e6ab0000)
 concurrent mark-sweep generation total 393216K, used 177213K [0x00000000e8000000, 0x0000000100000000, 0x0000000100000000)
 Metaspace       used 43401K, capacity 44729K, committed 44908K, reserved 1089536K
  class space    used 5309K, capacity 5616K, committed 5740K, reserved 1048576K
2018-10-31T21:27:27.806-0700: 149.323: [GC (Allocation Failure) 2018-10-31T21:27:27.806-0700: 149.323: [ParNew
Desired survivor size 20112992 bytes, new threshold 8 (max 8)
- age   1:   11007056 bytes,   11007056 total
- age   2:    6534808 bytes,   17541864 total
- age   3:    2284176 bytes,   19826040 total
: 109248K->21824K(109248K), 0.0129503 secs] 286461K->214415K(502464K), 0.0130093 secs] [Times: user=0.06 sys=0.00, real=0.01 secs] 
Heap after GC invocations=286 (full 20):
 par new generation   total 109248K, used 21824K [0x00000000e0000000, 0x00000000e8000000, 0x00000000e8000000)
  eden space 87424K,   0% used [0x00000000e0000000, 0x00000000e0000000, 0x00000000e5560000)
  from space 21824K, 100% used [0x00000000e5560000, 0x00000000e6ab0000, 0x00000000e6ab0000)
  to   space 21824K,   0% used [0x00000000e6ab0000, 0x00000000e6ab0000, 0x00000000e8000000)
 concurrent mark-sweep generation total 393216K, used 192591K [0x00000000e8000000, 0x0000000100000000, 0x0000000100000000)
 Metaspace       used 43401K, capacity 44729K, committed 44908K, reserved 1089536K
  class space    used 5309K, capacity 5616K, committed 5740K, reserved 1048576K
}
2018-10-31T21:27:27.819-0700: 149.336: Total time for which application threads were stopped: 0.0131917 seconds, Stopping threads took: 0.0000281 seconds
{Heap before GC invocations=286 (full 20):
 par new generation   total 109248K, used 109248K [0x00000000e0000000, 0x00000000e8000000, 0x00000000e8000000)
  eden space 87424K, 100% used [0x00000000e0000000, 0x00000000e5560000, 0x00000000e5560000)
  from space 21824K, 100% used [0x00000000e5560000, 0x00000000e6ab0000, 0x00000000e6ab0000)
  to   space 21824K,   0% used [0x00000000e6ab0000, 0x00000000e6ab0000, 0x00000000e8000000)
 concurrent mark-sweep generation total 393216K, used 192591K [0x00000000e8000000, 0x0000000100000000, 0x0000000100000000)
 Metaspace       used 43401K, capacity 44729K, committed 44908K, reserved 1089536K
  class space    used 5309K, capacity 5616K, committed 5740K, reserved 1048576K
2018-10-31T21:27:28.531-0700: 150.053: [GC (Allocation Failure) 2018-10-31T21:27:28.531-0700: 150.053: [ParNew
Desired survivor size 20112992 bytes, new threshold 4 (max 8)
- age   1:    9819440 bytes,    9819440 total
- age   2:    5236512 bytes,   15055952 total
- age   3:    4310840 bytes,   19366792 total
- age   4:    2278888 bytes,   21645680 total
: 109248K->21824K(109248K), 0.0096649 secs] 301839K->218259K(502464K), 0.0097692 secs] [Times: user=0.00 sys=0.00, real=0.00 secs] 
Heap after GC invocations=287 (full 20):
 par new generation   total 109248K, used 21824K [0x00000000e0000000, 0x00000000e8000000, 0x00000000e8000000)
  eden space 87424K,   0% used [0x00000000e0000000, 0x00000000e0000000, 0x00000000e5560000)
  from space 21824K, 100% used [0x00000000e6ab0000, 0x00000000e8000000, 0x00000000e8000000)
  to   space 21824K,   0% used [0x00000000e5560000, 0x00000000e5560000, 0x00000000e6ab0000)
 concurrent mark-sweep generation total 393216K, used 196435K [0x00000000e8000000, 0x0000000100000000, 0x0000000100000000)
 Metaspace       used 43401K, capacity 44729K, committed 44908K, reserved 1089536K
  class space    used 5309K, capacity 5616K, committed 5740K, reserved 1048576K
}
2018-10-31T21:27:28.531-0700: 150.062: Total time for which application threads were stopped: 0.0100128 seconds, Stopping threads took: 0.0000583 seconds
{Heap before GC invocations=287 (full 20):
 par new generation   total 109248K, used 109248K [0x00000000e0000000, 0x00000000e8000000, 0x00000000e8000000)
  eden space 87424K, 100% used [0x00000000e0000000, 0x00000000e5560000, 0x00000000e5560000)
  from space 21824K, 100% used [0x00000000e6ab0000, 0x00000000e8000000, 0x00000000e8000000)
  to   space 21824K,   0% used [0x00000000e5560000, 0x00000000e5560000, 0x00000000e6ab0000)
 concurrent mark-sweep generation total 393216K, used 196435K [0x00000000e8000000, 0x0000000100000000, 0x0000000100000000)
 Metaspace       used 43402K, capacity 44729K, committed 44908K, reserved 1089536K
  class space    used 5309K, capacity 5616K, committed 5740K, reserved 1048576K
2018-10-31T21:27:29.233-0700: 150.764: [GC (Allocation Failure) 2018-10-31T21:27:29.233-0700: 150.764: [ParNew
Desired survivor size 20112992 bytes, new threshold 4 (max 8)
- age   1:    2751120 bytes,    2751120 total
- age   2:    8510096 bytes,   11261216 total
- age   3:    5170768 bytes,   16431984 total
- age   4:    4251144 bytes,   20683128 total
: 109248K->21824K(109248K), 0.0082945 secs] 305683K->221322K(502464K), 0.0083638 secs] [Times: user=0.06 sys=0.00, real=0.02 secs] 
Heap after GC invocations=288 (full 20):
 par new generation   total 109248K, used 21824K [0x00000000e0000000, 0x00000000e8000000, 0x00000000e8000000)
  eden space 87424K,   0% used [0x00000000e0000000, 0x00000000e0000000, 0x00000000e5560000)
  from space 21824K, 100% used [0x00000000e5560000, 0x00000000e6ab0000, 0x00000000e6ab0000)
  to   space 21824K,   0% used [0x00000000e6ab0000, 0x00000000e6ab0000, 0x00000000e8000000)
 concurrent mark-sweep generation total 393216K, used 199498K [0x00000000e8000000, 0x0000000100000000, 0x0000000100000000)
 Metaspace       used 43402K, capacity 44729K, committed 44908K, reserved 1089536K
  class space    used 5309K, capacity 5616K, committed 5740K, reserved 1048576K
}
2018-10-31T21:27:29.249-0700: 150.773: Total time for which application threads were stopped: 0.0085738 seconds, Stopping threads took: 0.0000470 seconds
2018-10-31T21:27:29.249-0700: 150.773: [GC (CMS Initial Mark) [1 CMS-initial-mark: 199498K(393216K)] 222417K(502464K), 0.0018529 secs] [Times: user=0.00 sys=0.00, real=0.00 secs] 
2018-10-31T21:27:29.249-0700: 150.775: Total time for which application threads were stopped: 0.0020411 seconds, Stopping threads took: 0.0000525 seconds
2018-10-31T21:27:29.249-0700: 150.775: [CMS-concurrent-mark-start]
2018-10-31T21:27:29.264-0700: 150.791: [CMS-concurrent-mark: 0.016/0.016 secs] [Times: user=0.08 sys=0.00, real=0.01 secs] 
2018-10-31T21:27:29.264-0700: 150.791: [CMS-concurrent-preclean-start]
2018-10-31T21:27:29.264-0700: 150.792: [CMS-concurrent-preclean: 0.001/0.001 secs] [Times: user=0.00 sys=0.00, real=0.00 secs] 
2018-10-31T21:27:29.264-0700: 150.792: [CMS-concurrent-abortable-preclean-start]
{Heap before GC invocations=288 (full 21):
 par new generation   total 109248K, used 109230K [0x00000000e0000000, 0x00000000e8000000, 0x00000000e8000000)
  eden space 87424K,  99% used [0x00000000e0000000, 0x00000000e555b8e0, 0x00000000e5560000)
  from space 21824K, 100% used [0x00000000e5560000, 0x00000000e6ab0000, 0x00000000e6ab0000)
  to   space 21824K,   0% used [0x00000000e6ab0000, 0x00000000e6ab0000, 0x00000000e8000000)
 concurrent mark-sweep generation total 393216K, used 199498K [0x00000000e8000000, 0x0000000100000000, 0x0000000100000000)
 Metaspace       used 43402K, capacity 44729K, committed 44908K, reserved 1089536K
  class space    used 5309K, capacity 5616K, committed 5740K, reserved 1048576K
2018-10-31T21:27:29.718-0700: 151.235: [GC (Allocation Failure) 2018-10-31T21:27:29.718-0700: 151.235: [ParNew
Desired survivor size 20112992 bytes, new threshold 8 (max 8)
- age   1:      61112 bytes,      61112 total
- age   2:    2093424 bytes,    2154536 total
- age   3:    8360024 bytes,   10514560 total
- age   4:    5134200 bytes,   15648760 total
: 109230K->21824K(109248K), 0.0093787 secs] 308728K->226252K(502464K), 0.0094582 secs] [Times: user=0.05 sys=0.01, real=0.01 secs] 
Heap after GC invocations=289 (full 21):
 par new generation   total 109248K, used 21824K [0x00000000e0000000, 0x00000000e8000000, 0x00000000e8000000)
  eden space 87424K,   0% used [0x00000000e0000000, 0x00000000e0000000, 0x00000000e5560000)
  from space 21824K, 100% used [0x00000000e6ab0000, 0x00000000e8000000, 0x00000000e8000000)
  to   space 21824K,   0% used [0x00000000e5560000, 0x00000000e5560000, 0x00000000e6ab0000)
 concurrent mark-sweep generation total 393216K, used 204428K [0x00000000e8000000, 0x0000000100000000, 0x0000000100000000)
 Metaspace       used 43402K, capacity 44729K, committed 44908K, reserved 1089536K
  class space    used 5309K, capacity 5616K, committed 5740K, reserved 1048576K
}
2018-10-31T21:27:29.727-0700: 151.245: Total time for which application threads were stopped: 0.0097156 seconds, Stopping threads took: 0.0000434 seconds
2018-10-31T21:27:29.727-0700: 151.245: [CMS-concurrent-abortable-preclean: 0.065/0.453 secs] [Times: user=0.53 sys=0.03, real=0.46 secs] 
2018-10-31T21:27:29.728-0700: 151.245: [GC (CMS Final Remark) [YG occupancy: 23158 K (109248 K)]{Heap before GC invocations=289 (full 21):
 par new generation   total 109248K, used 23158K [0x00000000e0000000, 0x00000000e8000000, 0x00000000e8000000)
  eden space 87424K,   1% used [0x00000000e0000000, 0x00000000e014db48, 0x00000000e5560000)
  from space 21824K, 100% used [0x00000000e6ab0000, 0x00000000e8000000, 0x00000000e8000000)
  to   space 21824K,   0% used [0x00000000e5560000, 0x00000000e5560000, 0x00000000e6ab0000)
 concurrent mark-sweep generation total 393216K, used 204428K [0x00000000e8000000, 0x0000000100000000, 0x0000000100000000)
 Metaspace       used 43402K, capacity 44729K, committed 44908K, reserved 1089536K
  class space    used 5309K, capacity 5616K, committed 5740K, reserved 1048576K
2018-10-31T21:27:29.728-0700: 151.245: [GC (CMS Final Remark) 2018-10-31T21:27:29.728-0700: 151.245: [ParNew
Desired survivor size 20112992 bytes, new threshold 8 (max 8)
- age   1:        280 bytes,        280 total
- age   2:      56352 bytes,      56632 total
- age   3:    2093424 bytes,    2150056 total
- age   4:    8360024 bytes,   10510080 total
- age   5:    5134200 bytes,   15644280 total
: 23158K->21275K(109248K), 0.0095333 secs] 227587K->225704K(502464K), 0.0095880 secs] [Times: user=0.00 sys=0.00, real=0.01 secs] 
Heap after GC invocations=290 (full 21):
 par new generation   total 109248K, used 21275K [0x00000000e0000000, 0x00000000e8000000, 0x00000000e8000000)
  eden space 87424K,   0% used [0x00000000e0000000, 0x00000000e0000000, 0x00000000e5560000)
  from space 21824K,  97% used [0x00000000e5560000, 0x00000000e6a26eb8, 0x00000000e6ab0000)
  to   space 21824K,   0% used [0x00000000e6ab0000, 0x00000000e6ab0000, 0x00000000e8000000)
 concurrent mark-sweep generation total 393216K, used 204428K [0x00000000e8000000, 0x0000000100000000, 0x0000000100000000)
 Metaspace       used 43402K, capacity 44729K, committed 44908K, reserved 1089536K
  class space    used 5309K, capacity 5616K, committed 5740K, reserved 1048576K
}
2018-10-31T21:27:29.737-0700: 151.255: [Rescan (parallel) , 0.0028525 secs]2018-10-31T21:27:29.740-0700: 151.258: [weak refs processing, 0.0013737 secs]2018-10-31T21:27:29.742-0700: 151.259: [class unloading, 0.0112797 secs]2018-10-31T21:27:29.753-0700: 151.270: [scrub symbol table, 0.0070524 secs]2018-10-31T21:27:29.760-0700: 151.278: [scrub string table, 0.0004369 secs][1 CMS-remark: 204428K(393216K)] 225704K(502464K), 0.0329052 secs] [Times: user=0.03 sys=0.00, real=0.03 secs] 
2018-10-31T21:27:29.761-0700: 151.278: Total time for which application threads were stopped: 0.0331502 seconds, Stopping threads took: 0.0001254 seconds
2018-10-31T21:27:29.761-0700: 151.278: [CMS-concurrent-sweep-start]
2018-10-31T21:27:29.779-0700: 151.296: [CMS-concurrent-sweep: 0.018/0.018 secs] [Times: user=0.03 sys=0.00, real=0.02 secs] 
2018-10-31T21:27:29.779-0700: 151.296: [CMS-concurrent-reset-start]
2018-10-31T21:27:29.779-0700: 151.297: [CMS-concurrent-reset: 0.000/0.000 secs] [Times: user=0.00 sys=0.00, real=0.00 secs] 
{Heap before GC invocations=290 (full 21):
 par new generation   total 109248K, used 108699K [0x00000000e0000000, 0x00000000e8000000, 0x00000000e8000000)
  eden space 87424K, 100% used [0x00000000e0000000, 0x00000000e5560000, 0x00000000e5560000)
  from space 21824K,  97% used [0x00000000e5560000, 0x00000000e6a26eb8, 0x00000000e6ab0000)
  to   space 21824K,   0% used [0x00000000e6ab0000, 0x00000000e6ab0000, 0x00000000e8000000)
 concurrent mark-sweep generation total 393216K, used 128984K [0x00000000e8000000, 0x0000000100000000, 0x0000000100000000)
 Metaspace       used 43402K, capacity 44729K, committed 44908K, reserved 1089536K
  class space    used 5309K, capacity 5616K, committed 5740K, reserved 1048576K
2018-10-31T21:27:30.317-0700: 151.837: [GC (Allocation Failure) 2018-10-31T21:27:30.317-0700: 151.837: [ParNew
Desired survivor size 20112992 bytes, new threshold 8 (max 8)
- age   1:      60744 bytes,      60744 total
- age   3:      35528 bytes,      96272 total
- age   4:    2084536 bytes,    2180808 total
- age   5:    8163904 bytes,   10344712 total
- age   6:    5095152 bytes,   15439864 total
: 108699K->19339K(109248K), 0.0063763 secs] 237683K->148323K(502464K), 0.0064288 secs] [Times: user=0.00 sys=0.00, real=0.00 secs] 
Heap after GC invocations=291 (full 21):
 par new generation   total 109248K, used 19339K [0x00000000e0000000, 0x00000000e8000000, 0x00000000e8000000)
  eden space 87424K,   0% used [0x00000000e0000000, 0x00000000e0000000, 0x00000000e5560000)
  from space 21824K,  88% used [0x00000000e6ab0000, 0x00000000e7d92d98, 0x00000000e8000000)
  to   space 21824K,   0% used [0x00000000e5560000, 0x00000000e5560000, 0x00000000e6ab0000)
 concurrent mark-sweep generation total 393216K, used 128984K [0x00000000e8000000, 0x0000000100000000, 0x0000000100000000)
 Metaspace       used 43402K, capacity 44729K, committed 44908K, reserved 1089536K
  class space    used 5309K, capacity 5616K, committed 5740K, reserved 1048576K
}
2018-10-31T21:27:30.317-0700: 151.843: Total time for which application threads were stopped: 0.0066097 seconds, Stopping threads took: 0.0000248 seconds
2018-10-31T21:27:30.333-0700: 151.858: Total time for which application threads were stopped: 0.0000908 seconds, Stopping threads took: 0.0000252 seconds
{Heap before GC invocations=291 (full 21):
 par new generation   total 109248K, used 106763K [0x00000000e0000000, 0x00000000e8000000, 0x00000000e8000000)
  eden space 87424K, 100% used [0x00000000e0000000, 0x00000000e5560000, 0x00000000e5560000)
  from space 21824K,  88% used [0x00000000e6ab0000, 0x00000000e7d92d98, 0x00000000e8000000)
  to   space 21824K,   0% used [0x00000000e5560000, 0x00000000e5560000, 0x00000000e6ab0000)
 concurrent mark-sweep generation total 393216K, used 128984K [0x00000000e8000000, 0x0000000100000000, 0x0000000100000000)
 Metaspace       used 43402K, capacity 44729K, committed 44908K, reserved 1089536K
  class space    used 5309K, capacity 5616K, committed 5740K, reserved 1048576K
2018-10-31T21:27:30.778-0700: 152.301: [GC (Allocation Failure) 2018-10-31T21:27:30.778-0700: 152.301: [ParNew
Desired survivor size 20112992 bytes, new threshold 7 (max 8)
- age   1:   10648360 bytes,   10648360 total
- age   4:       1704 bytes,   10650064 total
- age   5:    1433232 bytes,   12083296 total
- age   6:    5139448 bytes,   17222744 total
- age   7:    4951136 bytes,   22173880 total
: 106763K->21824K(109248K), 0.0092335 secs] 235747K->154494K(502464K), 0.0092944 secs] [Times: user=0.00 sys=0.00, real=0.00 secs] 
Heap after GC invocations=292 (full 21):
 par new generation   total 109248K, used 21824K [0x00000000e0000000, 0x00000000e8000000, 0x00000000e8000000)
  eden space 87424K,   0% used [0x00000000e0000000, 0x00000000e0000000, 0x00000000e5560000)
  from space 21824K, 100% used [0x00000000e5560000, 0x00000000e6ab0000, 0x00000000e6ab0000)
  to   space 21824K,   0% used [0x00000000e6ab0000, 0x00000000e6ab0000, 0x00000000e8000000)
 concurrent mark-sweep generation total 393216K, used 132670K [0x00000000e8000000, 0x0000000100000000, 0x0000000100000000)
 Metaspace       used 43402K, capacity 44729K, committed 44908K, reserved 1089536K
  class space    used 5309K, capacity 5616K, committed 5740K, reserved 1048576K
}
2018-10-31T21:27:30.778-0700: 152.311: Total time for which application threads were stopped: 0.0095005 seconds, Stopping threads took: 0.0000449 seconds
2018-10-31T21:27:31.437-0700: 152.961: Total time for which application threads were stopped: 0.0002108 seconds, Stopping threads took: 0.0000620 seconds
{Heap before GC invocations=292 (full 21):
 par new generation   total 109248K, used 109248K [0x00000000e0000000, 0x00000000e8000000, 0x00000000e8000000)
  eden space 87424K, 100% used [0x00000000e0000000, 0x00000000e5560000, 0x00000000e5560000)
  from space 21824K, 100% used [0x00000000e5560000, 0x00000000e6ab0000, 0x00000000e6ab0000)
  to   space 21824K,   0% used [0x00000000e6ab0000, 0x00000000e6ab0000, 0x00000000e8000000)
 concurrent mark-sweep generation total 393216K, used 132670K [0x00000000e8000000, 0x0000000100000000, 0x0000000100000000)
 Metaspace       used 43402K, capacity 44729K, committed 44908K, reserved 1089536K
  class space    used 5309K, capacity 5616K, committed 5740K, reserved 1048576K
2018-10-31T21:27:31.437-0700: 152.963: [GC (Allocation Failure) 2018-10-31T21:27:31.437-0700: 152.963: [ParNew
Desired survivor size 20112992 bytes, new threshold 7 (max 8)
- age   1:   11533664 bytes,   11533664 total
- age   2:    4368128 bytes,   15901792 total
- age   5:       1584 bytes,   15903376 total
- age   6:    1280816 bytes,   17184192 total
- age   7:    5122072 bytes,   22306264 total
: 109248K->21824K(109248K), 0.0104953 secs] 241918K->163755K(502464K), 0.0105741 secs] [Times: user=0.06 sys=0.00, real=0.02 secs] 
Heap after GC invocations=293 (full 21):
 par new generation   total 109248K, used 21824K [0x00000000e0000000, 0x00000000e8000000, 0x00000000e8000000)
  eden space 87424K,   0% used [0x00000000e0000000, 0x00000000e0000000, 0x00000000e5560000)
  from space 21824K, 100% used [0x00000000e6ab0000, 0x00000000e8000000, 0x00000000e8000000)
  to   space 21824K,   0% used [0x00000000e5560000, 0x00000000e5560000, 0x00000000e6ab0000)
 concurrent mark-sweep generation total 393216K, used 141931K [0x00000000e8000000, 0x0000000100000000, 0x0000000100000000)
 Metaspace       used 43402K, capacity 44729K, committed 44908K, reserved 1089536K
  class space    used 5309K, capacity 5616K, committed 5740K, reserved 1048576K
}
2018-10-31T21:27:31.453-0700: 152.974: Total time for which application threads were stopped: 0.0108585 seconds, Stopping threads took: 0.0000445 seconds
2018-10-31T21:27:31.468-0700: 152.986: Total time for which application threads were stopped: 0.0002250 seconds, Stopping threads took: 0.0000689 seconds
2018-10-31T21:27:31.468-0700: 152.986: Total time for which application threads were stopped: 0.0001750 seconds, Stopping threads took: 0.0000543 seconds
{Heap before GC invocations=293 (full 21):
 par new generation   total 109248K, used 109248K [0x00000000e0000000, 0x00000000e8000000, 0x00000000e8000000)
  eden space 87424K, 100% used [0x00000000e0000000, 0x00000000e5560000, 0x00000000e5560000)
  from space 21824K, 100% used [0x00000000e6ab0000, 0x00000000e8000000, 0x00000000e8000000)
  to   space 21824K,   0% used [0x00000000e5560000, 0x00000000e5560000, 0x00000000e6ab0000)
 concurrent mark-sweep generation total 393216K, used 141931K [0x00000000e8000000, 0x0000000100000000, 0x0000000100000000)
 Metaspace       used 43405K, capacity 44729K, committed 44908K, reserved 1089536K
  class space    used 5309K, capacity 5616K, committed 5740K, reserved 1048576K
2018-10-31T21:27:31.671-0700: 153.189: [GC (Allocation Failure) 2018-10-31T21:27:31.671-0700: 153.189: [ParNew
Desired survivor size 20112992 bytes, new threshold 7 (max 8)
- age   1:    7003680 bytes,    7003680 total
- age   2:    7880712 bytes,   14884392 total
- age   3:    4367968 bytes,   19252360 total
- age   6:       1584 bytes,   19253944 total
- age   7:    1280816 bytes,   20534760 total
: 109248K->21824K(109248K), 0.0087686 secs] 251179K->170558K(502464K), 0.0088375 secs] [Times: user=0.00 sys=0.00, real=0.00 secs] 
Heap after GC invocations=294 (full 21):
 par new generation   total 109248K, used 21824K [0x00000000e0000000, 0x00000000e8000000, 0x00000000e8000000)
  eden space 87424K,   0% used [0x00000000e0000000, 0x00000000e0000000, 0x00000000e5560000)
  from space 21824K, 100% used [0x00000000e5560000, 0x00000000e6ab0000, 0x00000000e6ab0000)
  to   space 21824K,   0% used [0x00000000e6ab0000, 0x00000000e6ab0000, 0x00000000e8000000)
 concurrent mark-sweep generation total 393216K, used 148734K [0x00000000e8000000, 0x0000000100000000, 0x0000000100000000)
 Metaspace       used 43405K, capacity 44729K, committed 44908K, reserved 1089536K
  class space    used 5309K, capacity 5616K, committed 5740K, reserved 1048576K
}
2018-10-31T21:27:31.671-0700: 153.198: Total time for which application threads were stopped: 0.0090935 seconds, Stopping threads took: 0.0000675 seconds
2018-10-31T21:27:31.771-0700: 153.289: Total time for which application threads were stopped: 0.0001729 seconds, Stopping threads took: 0.0000416 seconds
2018-10-31T21:27:31.773-0700: 153.290: Total time for which application threads were stopped: 0.0001378 seconds, Stopping threads took: 0.0000459 seconds
2018-10-31T21:27:31.773-0700: 153.291: Total time for which application threads were stopped: 0.0001141 seconds, Stopping threads took: 0.0000427 seconds
{Heap before GC invocations=294 (full 21):
 par new generation   total 109248K, used 109248K [0x00000000e0000000, 0x00000000e8000000, 0x00000000e8000000)
  eden space 87424K, 100% used [0x00000000e0000000, 0x00000000e5560000, 0x00000000e5560000)
  from space 21824K, 100% used [0x00000000e5560000, 0x00000000e6ab0000, 0x00000000e6ab0000)
  to   space 21824K,   0% used [0x00000000e6ab0000, 0x00000000e6ab0000, 0x00000000e8000000)
 concurrent mark-sweep generation total 393216K, used 148734K [0x00000000e8000000, 0x0000000100000000, 0x0000000100000000)
 Metaspace       used 43408K, capacity 44729K, committed 44908K, reserved 1089536K
  class space    used 5309K, capacity 5616K, committed 5740K, reserved 1048576K
2018-10-31T21:27:32.094-0700: 153.627: [GC (Allocation Failure) 2018-10-31T21:27:32.110-0700: 153.627: [ParNew
Desired survivor size 20112992 bytes, new threshold 4 (max 8)
- age   1:    8249792 bytes,    8249792 total
- age   2:    2985016 bytes,   11234808 total
- age   3:    5713536 bytes,   16948344 total
- age   4:    4302912 bytes,   21251256 total
- age   7:        784 bytes,   21252040 total
: 109248K->21824K(109248K), 0.0097061 secs] 257982K->177859K(502464K), 0.0098243 secs] [Times: user=0.02 sys=0.00, real=0.02 secs] 
Heap after GC invocations=295 (full 21):
 par new generation   total 109248K, used 21824K [0x00000000e0000000, 0x00000000e8000000, 0x00000000e8000000)
  eden space 87424K,   0% used [0x00000000e0000000, 0x00000000e0000000, 0x00000000e5560000)
  from space 21824K, 100% used [0x00000000e6ab0000, 0x00000000e8000000, 0x00000000e8000000)
  to   space 21824K,   0% used [0x00000000e5560000, 0x00000000e5560000, 0x00000000e6ab0000)
 concurrent mark-sweep generation total 393216K, used 156035K [0x00000000e8000000, 0x0000000100000000, 0x0000000100000000)
 Metaspace       used 43408K, capacity 44729K, committed 44908K, reserved 1089536K
  class space    used 5309K, capacity 5616K, committed 5740K, reserved 1048576K
}
2018-10-31T21:27:32.110-0700: 153.637: Total time for which application threads were stopped: 0.0100690 seconds, Stopping threads took: 0.0000642 seconds
2018-10-31T21:27:32.126-0700: 153.645: Total time for which application threads were stopped: 0.0002155 seconds, Stopping threads took: 0.0000897 seconds
2018-10-31T21:27:32.126-0700: 153.656: Total time for which application threads were stopped: 0.0002330 seconds, Stopping threads took: 0.0001247 seconds
2018-10-31T21:27:32.126-0700: 153.656: Total time for which application threads were stopped: 0.0001466 seconds, Stopping threads took: 0.0000769 seconds
{Heap before GC invocations=295 (full 21):
 par new generation   total 109248K, used 109248K [0x00000000e0000000, 0x00000000e8000000, 0x00000000e8000000)
  eden space 87424K, 100% used [0x00000000e0000000, 0x00000000e5560000, 0x00000000e5560000)
  from space 21824K, 100% used [0x00000000e6ab0000, 0x00000000e8000000, 0x00000000e8000000)
  to   space 21824K,   0% used [0x00000000e5560000, 0x00000000e5560000, 0x00000000e6ab0000)
 concurrent mark-sweep generation total 393216K, used 156035K [0x00000000e8000000, 0x0000000100000000, 0x0000000100000000)
 Metaspace       used 43408K, capacity 44729K, committed 44908K, reserved 1089536K
  class space    used 5309K, capacity 5616K, committed 5740K, reserved 1048576K
2018-10-31T21:27:32.266-0700: 153.790: [GC (Allocation Failure) 2018-10-31T21:27:32.266-0700: 153.790: [ParNew
Desired survivor size 20112992 bytes, new threshold 4 (max 8)
- age   1:    6838976 bytes,    6838976 total
- age   2:    6403664 bytes,   13242640 total
- age   3:    2809512 bytes,   16052152 total
- age   4:    5615688 bytes,   21667840 total
: 109248K->21824K(109248K), 0.0089513 secs] 265283K->184912K(502464K), 0.0090085 secs] [Times: user=0.00 sys=0.00, real=0.00 secs] 
Heap after GC invocations=296 (full 21):
 par new generation   total 109248K, used 21824K [0x00000000e0000000, 0x00000000e8000000, 0x00000000e8000000)
  eden space 87424K,   0% used [0x00000000e0000000, 0x00000000e0000000, 0x00000000e5560000)
  from space 21824K, 100% used [0x00000000e5560000, 0x00000000e6ab0000, 0x00000000e6ab0000)
  to   space 21824K,   0% used [0x00000000e6ab0000, 0x00000000e6ab0000, 0x00000000e8000000)
 concurrent mark-sweep generation total 393216K, used 163088K [0x00000000e8000000, 0x0000000100000000, 0x0000000100000000)
 Metaspace       used 43408K, capacity 44729K, committed 44908K, reserved 1089536K
  class space    used 5309K, capacity 5616K, committed 5740K, reserved 1048576K
}
2018-10-31T21:27:32.282-0700: 153.799: Total time for which application threads were stopped: 0.0092616 seconds, Stopping threads took: 0.0000784 seconds
2018-10-31T21:27:32.298-0700: 153.829: Total time for which application threads were stopped: 0.0001360 seconds, Stopping threads took: 0.0000573 seconds
2018-10-31T21:27:32.313-0700: 153.831: Total time for which application threads were stopped: 0.0002607 seconds, Stopping threads took: 0.0000711 seconds
2018-10-31T21:27:32.313-0700: 153.832: Total time for which application threads were stopped: 0.0002028 seconds, Stopping threads took: 0.0000609 seconds
2018-10-31T21:27:32.313-0700: 153.832: Total time for which application threads were stopped: 0.0001885 seconds, Stopping threads took: 0.0000605 seconds
2018-10-31T21:27:32.313-0700: 153.832: Total time for which application threads were stopped: 0.0001247 seconds, Stopping threads took: 0.0000452 seconds
{Heap before GC invocations=296 (full 21):
 par new generation   total 109248K, used 109248K [0x00000000e0000000, 0x00000000e8000000, 0x00000000e8000000)
  eden space 87424K, 100% used [0x00000000e0000000, 0x00000000e5560000, 0x00000000e5560000)
  from space 21824K, 100% used [0x00000000e5560000, 0x00000000e6ab0000, 0x00000000e6ab0000)
  to   space 21824K,   0% used [0x00000000e6ab0000, 0x00000000e6ab0000, 0x00000000e8000000)
 concurrent mark-sweep generation total 393216K, used 163088K [0x00000000e8000000, 0x0000000100000000, 0x0000000100000000)
 Metaspace       used 43416K, capacity 44733K, committed 44908K, reserved 1089536K
  class space    used 5309K, capacity 5616K, committed 5740K, reserved 1048576K
2018-10-31T21:27:32.759-0700: 154.292: [GC (Allocation Failure) 2018-10-31T21:27:32.759-0700: 154.292: [ParNew
Desired survivor size 20112992 bytes, new threshold 4 (max 8)
- age   1:    9954360 bytes,    9954360 total
- age   2:    3238808 bytes,   13193168 total
- age   3:    6216952 bytes,   19410120 total
- age   4:    2743912 bytes,   22154032 total
: 109248K->21824K(109248K), 0.0107309 secs] 272336K->196473K(502464K), 0.0107892 secs] [Times: user=0.06 sys=0.00, real=0.02 secs] 
Heap after GC invocations=297 (full 21):
 par new generation   total 109248K, used 21824K [0x00000000e0000000, 0x00000000e8000000, 0x00000000e8000000)
  eden space 87424K,   0% used [0x00000000e0000000, 0x00000000e0000000, 0x00000000e5560000)
  from space 21824K, 100% used [0x00000000e6ab0000, 0x00000000e8000000, 0x00000000e8000000)
  to   space 21824K,   0% used [0x00000000e5560000, 0x00000000e5560000, 0x00000000e6ab0000)
 concurrent mark-sweep generation total 393216K, used 174649K [0x00000000e8000000, 0x0000000100000000, 0x0000000100000000)
 Metaspace       used 43416K, capacity 44733K, committed 44908K, reserved 1089536K
  class space    used 5309K, capacity 5616K, committed 5740K, reserved 1048576K
}
2018-10-31T21:27:32.775-0700: 154.303: Total time for which application threads were stopped: 0.0110288 seconds, Stopping threads took: 0.0000704 seconds
{Heap before GC invocations=297 (full 21):
 par new generation   total 109248K, used 109248K [0x00000000e0000000, 0x00000000e8000000, 0x00000000e8000000)
  eden space 87424K, 100% used [0x00000000e0000000, 0x00000000e5560000, 0x00000000e5560000)
  from space 21824K, 100% used [0x00000000e6ab0000, 0x00000000e8000000, 0x00000000e8000000)
  to   space 21824K,   0% used [0x00000000e5560000, 0x00000000e5560000, 0x00000000e6ab0000)
 concurrent mark-sweep generation total 393216K, used 174649K [0x00000000e8000000, 0x0000000100000000, 0x0000000100000000)
 Metaspace       used 43416K, capacity 44733K, committed 44908K, reserved 1089536K
  class space    used 5309K, capacity 5616K, committed 5740K, reserved 1048576K
2018-10-31T21:27:33.346-0700: 154.865: [GC (Allocation Failure) 2018-10-31T21:27:33.346-0700: 154.865: [ParNew
Desired survivor size 20112992 bytes, new threshold 4 (max 8)
- age   1:    6620104 bytes,    6620104 total
- age   2:    6126704 bytes,   12746808 total
- age   3:    3238808 bytes,   15985616 total
- age   4:    6216952 bytes,   22202568 total
: 109248K->21824K(109248K), 0.0105602 secs] 283897K->208655K(502464K), 0.0106156 secs] [Times: user=0.00 sys=0.00, real=0.00 secs] 
Heap after GC invocations=298 (full 21):
 par new generation   total 109248K, used 21824K [0x00000000e0000000, 0x00000000e8000000, 0x00000000e8000000)
  eden space 87424K,   0% used [0x00000000e0000000, 0x00000000e0000000, 0x00000000e5560000)
  from space 21824K, 100% used [0x00000000e5560000, 0x00000000e6ab0000, 0x00000000e6ab0000)
  to   space 21824K,   0% used [0x00000000e6ab0000, 0x00000000e6ab0000, 0x00000000e8000000)
 concurrent mark-sweep generation total 393216K, used 186831K [0x00000000e8000000, 0x0000000100000000, 0x0000000100000000)
 Metaspace       used 43416K, capacity 44733K, committed 44908K, reserved 1089536K
  class space    used 5309K, capacity 5616K, committed 5740K, reserved 1048576K
}
2018-10-31T21:27:33.346-0700: 154.876: Total time for which application threads were stopped: 0.0108373 seconds, Stopping threads took: 0.0000598 seconds
{Heap before GC invocations=298 (full 21):
 par new generation   total 109248K, used 109248K [0x00000000e0000000, 0x00000000e8000000, 0x00000000e8000000)
  eden space 87424K, 100% used [0x00000000e0000000, 0x00000000e5560000, 0x00000000e5560000)
  from space 21824K, 100% used [0x00000000e5560000, 0x00000000e6ab0000, 0x00000000e6ab0000)
  to   space 21824K,   0% used [0x00000000e6ab0000, 0x00000000e6ab0000, 0x00000000e8000000)
 concurrent mark-sweep generation total 393216K, used 186831K [0x00000000e8000000, 0x0000000100000000, 0x0000000100000000)
 Metaspace       used 43423K, capacity 44733K, committed 44908K, reserved 1089536K
  class space    used 5309K, capacity 5616K, committed 5740K, reserved 1048576K
2018-10-31T21:27:33.784-0700: 155.301: [GC (Allocation Failure) 2018-10-31T21:27:33.784-0700: 155.301: [ParNew
Desired survivor size 20112992 bytes, new threshold 4 (max 8)
- age   1:   11110792 bytes,   11110792 total
- age   2:     970744 bytes,   12081536 total
- age   3:    5565576 bytes,   17647112 total
- age   4:    3237312 bytes,   20884424 total
: 109248K->21824K(109248K), 0.0097298 secs] 296079K->217860K(502464K), 0.0097882 secs] [Times: user=0.06 sys=0.00, real=0.01 secs] 
Heap after GC invocations=299 (full 21):
 par new generation   total 109248K, used 21824K [0x00000000e0000000, 0x00000000e8000000, 0x00000000e8000000)
  eden space 87424K,   0% used [0x00000000e0000000, 0x00000000e0000000, 0x00000000e5560000)
  from space 21824K, 100% used [0x00000000e6ab0000, 0x00000000e8000000, 0x00000000e8000000)
  to   space 21824K,   0% used [0x00000000e5560000, 0x00000000e5560000, 0x00000000e6ab0000)
 concurrent mark-sweep generation total 393216K, used 196036K [0x00000000e8000000, 0x0000000100000000, 0x0000000100000000)
 Metaspace       used 43423K, capacity 44733K, committed 44908K, reserved 1089536K
  class space    used 5309K, capacity 5616K, committed 5740K, reserved 1048576K
}
2018-10-31T21:27:33.793-0700: 155.311: Total time for which application threads were stopped: 0.0100478 seconds, Stopping threads took: 0.0000569 seconds
{Heap before GC invocations=299 (full 21):
 par new generation   total 109248K, used 109248K [0x00000000e0000000, 0x00000000e8000000, 0x00000000e8000000)
  eden space 87424K, 100% used [0x00000000e0000000, 0x00000000e5560000, 0x00000000e5560000)
  from space 21824K, 100% used [0x00000000e6ab0000, 0x00000000e8000000, 0x00000000e8000000)
  to   space 21824K,   0% used [0x00000000e5560000, 0x00000000e5560000, 0x00000000e6ab0000)
 concurrent mark-sweep generation total 393216K, used 196036K [0x00000000e8000000, 0x0000000100000000, 0x0000000100000000)
 Metaspace       used 43423K, capacity 44733K, committed 44908K, reserved 1089536K
  class space    used 5309K, capacity 5616K, committed 5740K, reserved 1048576K
2018-10-31T21:27:34.097-0700: 155.619: [GC (Allocation Failure) 2018-10-31T21:27:34.097-0700: 155.619: [ParNew
Desired survivor size 20112992 bytes, new threshold 8 (max 8)
- age   1:    9937056 bytes,    9937056 total
- age   2:    1698392 bytes,   11635448 total
- age   3:     970120 bytes,   12605568 total
- age   4:    5532360 bytes,   18137928 total
: 109248K->21824K(109248K), 0.0084940 secs] 305284K->226169K(502464K), 0.0085560 secs] [Times: user=0.00 sys=0.00, real=0.00 secs] 
Heap after GC invocations=300 (full 21):
 par new generation   total 109248K, used 21824K [0x00000000e0000000, 0x00000000e8000000, 0x00000000e8000000)
  eden space 87424K,   0% used [0x00000000e0000000, 0x00000000e0000000, 0x00000000e5560000)
  from space 21824K, 100% used [0x00000000e5560000, 0x00000000e6ab0000, 0x00000000e6ab0000)
  to   space 21824K,   0% used [0x00000000e6ab0000, 0x00000000e6ab0000, 0x00000000e8000000)
 concurrent mark-sweep generation total 393216K, used 204345K [0x00000000e8000000, 0x0000000100000000, 0x0000000100000000)
 Metaspace       used 43423K, capacity 44733K, committed 44908K, reserved 1089536K
  class space    used 5309K, capacity 5616K, committed 5740K, reserved 1048576K
}
2018-10-31T21:27:34.097-0700: 155.628: Total time for which application threads were stopped: 0.0088550 seconds, Stopping threads took: 0.0001014 seconds
2018-10-31T21:27:34.097-0700: 155.628: [GC (CMS Initial Mark) [1 CMS-initial-mark: 204345K(393216K)] 226653K(502464K), 0.0012308 secs] [Times: user=0.00 sys=0.00, real=0.00 secs] 
2018-10-31T21:27:34.097-0700: 155.629: Total time for which application threads were stopped: 0.0013741 seconds, Stopping threads took: 0.0000583 seconds
2018-10-31T21:27:34.097-0700: 155.629: [CMS-concurrent-mark-start]
2018-10-31T21:27:34.112-0700: 155.641: [CMS-concurrent-mark: 0.012/0.012 secs] [Times: user=0.03 sys=0.02, real=0.02 secs] 
2018-10-31T21:27:34.112-0700: 155.641: [CMS-concurrent-preclean-start]
2018-10-31T21:27:34.112-0700: 155.642: [CMS-concurrent-preclean: 0.001/0.001 secs] [Times: user=0.00 sys=0.00, real=0.00 secs] 
2018-10-31T21:27:34.112-0700: 155.642: [CMS-concurrent-abortable-preclean-start]
2018-10-31T21:27:34.268-0700: 155.788: [CMS-concurrent-abortable-preclean: 0.040/0.146 secs] [Times: user=0.24 sys=0.01, real=0.16 secs] 
2018-10-31T21:27:34.268-0700: 155.788: [GC (CMS Final Remark) [YG occupancy: 79861 K (109248 K)]{Heap before GC invocations=300 (full 22):
 par new generation   total 109248K, used 79861K [0x00000000e0000000, 0x00000000e8000000, 0x00000000e8000000)
  eden space 87424K,  66% used [0x00000000e0000000, 0x00000000e38ad588, 0x00000000e5560000)
  from space 21824K, 100% used [0x00000000e5560000, 0x00000000e6ab0000, 0x00000000e6ab0000)
  to   space 21824K,   0% used [0x00000000e6ab0000, 0x00000000e6ab0000, 0x00000000e8000000)
 concurrent mark-sweep generation total 393216K, used 204345K [0x00000000e8000000, 0x0000000100000000, 0x0000000100000000)
 Metaspace       used 43423K, capacity 44733K, committed 44908K, reserved 1089536K
  class space    used 5309K, capacity 5616K, committed 5740K, reserved 1048576K
2018-10-31T21:27:34.268-0700: 155.788: [GC (CMS Final Remark) 2018-10-31T21:27:34.268-0700: 155.788: [ParNew
Desired survivor size 20112992 bytes, new threshold 8 (max 8)
- age   1:    5436360 bytes,    5436360 total
- age   2:    7460616 bytes,   12896976 total
- age   3:    1039648 bytes,   13936624 total
- age   4:     970120 bytes,   14906744 total
- age   5:    5008056 bytes,   19914800 total
: 79861K->21824K(109248K), 0.0079294 secs] 284207K->227630K(502464K), 0.0079743 secs] [Times: user=0.00 sys=0.00, real=0.00 secs] 
Heap after GC invocations=301 (full 22):
 par new generation   total 109248K, used 21824K [0x00000000e0000000, 0x00000000e8000000, 0x00000000e8000000)
  eden space 87424K,   0% used [0x00000000e0000000, 0x00000000e0000000, 0x00000000e5560000)
  from space 21824K, 100% used [0x00000000e6ab0000, 0x00000000e8000000, 0x00000000e8000000)
  to   space 21824K,   0% used [0x00000000e5560000, 0x00000000e5560000, 0x00000000e6ab0000)
 concurrent mark-sweep generation total 393216K, used 205806K [0x00000000e8000000, 0x0000000100000000, 0x0000000100000000)
 Metaspace       used 43423K, capacity 44733K, committed 44908K, reserved 1089536K
  class space    used 5309K, capacity 5616K, committed 5740K, reserved 1048576K
}
2018-10-31T21:27:34.268-0700: 155.796: [Rescan (parallel) , 0.0015440 secs]2018-10-31T21:27:34.268-0700: 155.798: [weak refs processing, 0.0006287 secs]2018-10-31T21:27:34.268-0700: 155.798: [class unloading, 0.0059394 secs]2018-10-31T21:27:34.284-0700: 155.804: [scrub symbol table, 0.0052356 secs]2018-10-31T21:27:34.284-0700: 155.809: [scrub string table, 0.0004267 secs][1 CMS-remark: 205806K(393216K)] 227630K(502464K), 0.0221149 secs] [Times: user=0.01 sys=0.00, real=0.02 secs] 
2018-10-31T21:27:34.284-0700: 155.810: Total time for which application threads were stopped: 0.0222815 seconds, Stopping threads took: 0.0000558 seconds
2018-10-31T21:27:34.284-0700: 155.810: [CMS-concurrent-sweep-start]
2018-10-31T21:27:34.300-0700: 155.830: [CMS-concurrent-sweep: 0.020/0.020 secs] [Times: user=0.05 sys=0.00, real=0.02 secs] 
2018-10-31T21:27:34.300-0700: 155.830: [CMS-concurrent-reset-start]
2018-10-31T21:27:34.300-0700: 155.830: [CMS-concurrent-reset: 0.000/0.000 secs] [Times: user=0.00 sys=0.00, real=0.00 secs] 
{Heap before GC invocations=301 (full 22):
 par new generation   total 109248K, used 109248K [0x00000000e0000000, 0x00000000e8000000, 0x00000000e8000000)
  eden space 87424K, 100% used [0x00000000e0000000, 0x00000000e5560000, 0x00000000e5560000)
  from space 21824K, 100% used [0x00000000e6ab0000, 0x00000000e8000000, 0x00000000e8000000)
  to   space 21824K,   0% used [0x00000000e5560000, 0x00000000e5560000, 0x00000000e6ab0000)
 concurrent mark-sweep generation total 393216K, used 64923K [0x00000000e8000000, 0x0000000100000000, 0x0000000100000000)
 Metaspace       used 43423K, capacity 44733K, committed 44908K, reserved 1089536K
  class space    used 5309K, capacity 5616K, committed 5740K, reserved 1048576K
2018-10-31T21:27:34.534-0700: 156.061: [GC (Allocation Failure) 2018-10-31T21:27:34.534-0700: 156.061: [ParNew
Desired survivor size 20112992 bytes, new threshold 8 (max 8)
- age   1:    5506640 bytes,    5506640 total
- age   2:    4198272 bytes,    9704912 total
- age   3:     824928 bytes,   10529840 total
- age   4:     891016 bytes,   11420856 total
- age   5:     860952 bytes,   12281808 total
- age   6:    4788864 bytes,   17070672 total
: 109248K->21824K(109248K), 0.0081891 secs] 174171K->93822K(502464K), 0.0082587 secs] [Times: user=0.06 sys=0.00, real=0.02 secs] 
Heap after GC invocations=302 (full 22):
 par new generation   total 109248K, used 21824K [0x00000000e0000000, 0x00000000e8000000, 0x00000000e8000000)
  eden space 87424K,   0% used [0x00000000e0000000, 0x00000000e0000000, 0x00000000e5560000)
  from space 21824K, 100% used [0x00000000e5560000, 0x00000000e6ab0000, 0x00000000e6ab0000)
  to   space 21824K,   0% used [0x00000000e6ab0000, 0x00000000e6ab0000, 0x00000000e8000000)
 concurrent mark-sweep generation total 393216K, used 71998K [0x00000000e8000000, 0x0000000100000000, 0x0000000100000000)
 Metaspace       used 43423K, capacity 44733K, committed 44908K, reserved 1089536K
  class space    used 5309K, capacity 5616K, committed 5740K, reserved 1048576K
}
2018-10-31T21:27:34.550-0700: 156.069: Total time for which application threads were stopped: 0.0085038 seconds, Stopping threads took: 0.0000532 seconds
{Heap before GC invocations=302 (full 22):
 par new generation   total 109248K, used 108986K [0x00000000e0000000, 0x00000000e8000000, 0x00000000e8000000)
  eden space 87424K,  99% used [0x00000000e0000000, 0x00000000e551e858, 0x00000000e5560000)
  from space 21824K, 100% used [0x00000000e5560000, 0x00000000e6ab0000, 0x00000000e6ab0000)
  to   space 21824K,   0% used [0x00000000e6ab0000, 0x00000000e6ab0000, 0x00000000e8000000)
 concurrent mark-sweep generation total 393216K, used 71998K [0x00000000e8000000, 0x0000000100000000, 0x0000000100000000)
 Metaspace       used 43423K, capacity 44733K, committed 44908K, reserved 1089536K
  class space    used 5309K, capacity 5616K, committed 5740K, reserved 1048576K
2018-10-31T21:27:35.049-0700: 156.575: [GC (Allocation Failure) 2018-10-31T21:27:35.049-0700: 156.575: [ParNew
Desired survivor size 20112992 bytes, new threshold 7 (max 8)
- age   1:    8608032 bytes,    8608032 total
- age   2:    2208936 bytes,   10816968 total
- age   3:    4167512 bytes,   14984480 total
- age   4:     807128 bytes,   15791608 total
- age   5:     886040 bytes,   16677648 total
- age   6:     855896 bytes,   17533544 total
- age   7:    4785496 bytes,   22319040 total
: 108986K->21824K(109248K), 0.0086128 secs] 180985K->99141K(502464K), 0.0086909 secs] [Times: user=0.05 sys=0.00, real=0.02 secs] 
Heap after GC invocations=303 (full 22):
 par new generation   total 109248K, used 21824K [0x00000000e0000000, 0x00000000e8000000, 0x00000000e8000000)
  eden space 87424K,   0% used [0x00000000e0000000, 0x00000000e0000000, 0x00000000e5560000)
  from space 21824K, 100% used [0x00000000e6ab0000, 0x00000000e8000000, 0x00000000e8000000)
  to   space 21824K,   0% used [0x00000000e5560000, 0x00000000e5560000, 0x00000000e6ab0000)
 concurrent mark-sweep generation total 393216K, used 77317K [0x00000000e8000000, 0x0000000100000000, 0x0000000100000000)
 Metaspace       used 43423K, capacity 44733K, committed 44908K, reserved 1089536K
  class space    used 5309K, capacity 5616K, committed 5740K, reserved 1048576K
}
2018-10-31T21:27:35.065-0700: 156.583: Total time for which application threads were stopped: 0.0088838 seconds, Stopping threads took: 0.0000306 seconds
{Heap before GC invocations=303 (full 22):
 par new generation   total 109248K, used 109248K [0x00000000e0000000, 0x00000000e8000000, 0x00000000e8000000)
  eden space 87424K, 100% used [0x00000000e0000000, 0x00000000e5560000, 0x00000000e5560000)
  from space 21824K, 100% used [0x00000000e6ab0000, 0x00000000e8000000, 0x00000000e8000000)
  to   space 21824K,   0% used [0x00000000e5560000, 0x00000000e5560000, 0x00000000e6ab0000)
 concurrent mark-sweep generation total 393216K, used 77317K [0x00000000e8000000, 0x0000000100000000, 0x0000000100000000)
 Metaspace       used 43423K, capacity 44733K, committed 44908K, reserved 1089536K
  class space    used 5309K, capacity 5616K, committed 5740K, reserved 1048576K
2018-10-31T21:27:35.611-0700: 157.139: [GC (Allocation Failure) 2018-10-31T21:27:35.611-0700: 157.139: [ParNew
Desired survivor size 20112992 bytes, new threshold 8 (max 8)
- age   1:    5890840 bytes,    5890840 total
- age   2:    3289248 bytes,    9180088 total
- age   3:    2198912 bytes,   11379000 total
- age   4:    3977296 bytes,   15356296 total
- age   5:     787656 bytes,   16143952 total
- age   6:     780120 bytes,   16924072 total
- age   7:     799368 bytes,   17723440 total
: 109248K->21824K(109248K), 0.0104045 secs] 186565K->111664K(502464K), 0.0104599 secs] [Times: user=0.06 sys=0.00, real=0.02 secs] 
Heap after GC invocations=304 (full 22):
 par new generation   total 109248K, used 21824K [0x00000000e0000000, 0x00000000e8000000, 0x00000000e8000000)
  eden space 87424K,   0% used [0x00000000e0000000, 0x00000000e0000000, 0x00000000e5560000)
  from space 21824K, 100% used [0x00000000e5560000, 0x00000000e6ab0000, 0x00000000e6ab0000)
  to   space 21824K,   0% used [0x00000000e6ab0000, 0x00000000e6ab0000, 0x00000000e8000000)
 concurrent mark-sweep generation total 393216K, used 89840K [0x00000000e8000000, 0x0000000100000000, 0x0000000100000000)
 Metaspace       used 43423K, capacity 44733K, committed 44908K, reserved 1089536K
  class space    used 5309K, capacity 5616K, committed 5740K, reserved 1048576K
}
2018-10-31T21:27:35.627-0700: 157.149: Total time for which application threads were stopped: 0.0106809 seconds, Stopping threads took: 0.0000624 seconds
{Heap before GC invocations=304 (full 22):
 par new generation   total 109248K, used 109248K [0x00000000e0000000, 0x00000000e8000000, 0x00000000e8000000)
  eden space 87424K, 100% used [0x00000000e0000000, 0x00000000e5560000, 0x00000000e5560000)
  from space 21824K, 100% used [0x00000000e5560000, 0x00000000e6ab0000, 0x00000000e6ab0000)
  to   space 21824K,   0% used [0x00000000e6ab0000, 0x00000000e6ab0000, 0x00000000e8000000)
 concurrent mark-sweep generation total 393216K, used 89840K [0x00000000e8000000, 0x0000000100000000, 0x0000000100000000)
 Metaspace       used 43423K, capacity 44733K, committed 44908K, reserved 1089536K
  class space    used 5309K, capacity 5616K, committed 5740K, reserved 1048576K
2018-10-31T21:27:36.193-0700: 157.713: [GC (Allocation Failure) 2018-10-31T21:27:36.193-0700: 157.713: [ParNew
Desired survivor size 20112992 bytes, new threshold 8 (max 8)
- age   1:    7402624 bytes,    7402624 total
- age   2:     748480 bytes,    8151104 total
- age   3:    3277816 bytes,   11428920 total
- age   4:    2191992 bytes,   13620912 total
- age   5:    3810120 bytes,   17431032 total
- age   6:     703008 bytes,   18134040 total
- age   7:     772856 bytes,   18906896 total
- age   8:     791416 bytes,   19698312 total
: 109248K->21824K(109248K), 0.0093320 secs] 199088K->122932K(502464K), 0.0093932 secs] [Times: user=0.00 sys=0.00, real=0.00 secs] 
Heap after GC invocations=305 (full 22):
 par new generation   total 109248K, used 21824K [0x00000000e0000000, 0x00000000e8000000, 0x00000000e8000000)
  eden space 87424K,   0% used [0x00000000e0000000, 0x00000000e0000000, 0x00000000e5560000)
  from space 21824K, 100% used [0x00000000e6ab0000, 0x00000000e8000000, 0x00000000e8000000)
  to   space 21824K,   0% used [0x00000000e5560000, 0x00000000e5560000, 0x00000000e6ab0000)
 concurrent mark-sweep generation total 393216K, used 101108K [0x00000000e8000000, 0x0000000100000000, 0x0000000100000000)
 Metaspace       used 43423K, capacity 44733K, committed 44908K, reserved 1089536K
  class space    used 5309K, capacity 5616K, committed 5740K, reserved 1048576K
}
2018-10-31T21:27:36.193-0700: 157.722: Total time for which application threads were stopped: 0.0096226 seconds, Stopping threads took: 0.0000580 seconds
{Heap before GC invocations=305 (full 22):
 par new generation   total 109248K, used 109248K [0x00000000e0000000, 0x00000000e8000000, 0x00000000e8000000)
  eden space 87424K, 100% used [0x00000000e0000000, 0x00000000e5560000, 0x00000000e5560000)
  from space 21824K, 100% used [0x00000000e6ab0000, 0x00000000e8000000, 0x00000000e8000000)
  to   space 21824K,   0% used [0x00000000e5560000, 0x00000000e5560000, 0x00000000e6ab0000)
 concurrent mark-sweep generation total 393216K, used 101108K [0x00000000e8000000, 0x0000000100000000, 0x0000000100000000)
 Metaspace       used 43423K, capacity 44733K, committed 44908K, reserved 1089536K
  class space    used 5309K, capacity 5616K, committed 5740K, reserved 1048576K
2018-10-31T21:27:36.708-0700: 158.234: [GC (Allocation Failure) 2018-10-31T21:27:36.708-0700: 158.234: [ParNew
Desired survivor size 20112992 bytes, new threshold 8 (max 8)
- age   1:    6402064 bytes,    6402064 total
- age   2:    2667200 bytes,    9069264 total
- age   3:     694144 bytes,    9763408 total
- age   4:    2246880 bytes,   12010288 total
- age   5:    2050632 bytes,   14060920 total
- age   6:    3732448 bytes,   17793368 total
- age   7:     681352 bytes,   18474720 total
- age   8:     714200 bytes,   19188920 total
: 109248K->21824K(109248K), 0.0107382 secs] 210356K->133644K(502464K), 0.0108195 secs] [Times: user=0.03 sys=0.03, real=0.02 secs] 
Heap after GC invocations=306 (full 22):
 par new generation   total 109248K, used 21824K [0x00000000e0000000, 0x00000000e8000000, 0x00000000e8000000)
  eden space 87424K,   0% used [0x00000000e0000000, 0x00000000e0000000, 0x00000000e5560000)
  from space 21824K, 100% used [0x00000000e5560000, 0x00000000e6ab0000, 0x00000000e6ab0000)
  to   space 21824K,   0% used [0x00000000e6ab0000, 0x00000000e6ab0000, 0x00000000e8000000)
 concurrent mark-sweep generation total 393216K, used 111820K [0x00000000e8000000, 0x0000000100000000, 0x0000000100000000)
 Metaspace       used 43423K, capacity 44733K, committed 44908K, reserved 1089536K
  class space    used 5309K, capacity 5616K, committed 5740K, reserved 1048576K
}
2018-10-31T21:27:36.728-0700: 158.245: Total time for which application threads were stopped: 0.0111904 seconds, Stopping threads took: 0.0001437 seconds
{Heap before GC invocations=306 (full 22):
 par new generation   total 109248K, used 109248K [0x00000000e0000000, 0x00000000e8000000, 0x00000000e8000000)
  eden space 87424K, 100% used [0x00000000e0000000, 0x00000000e5560000, 0x00000000e5560000)
  from space 21824K, 100% used [0x00000000e5560000, 0x00000000e6ab0000, 0x00000000e6ab0000)
  to   space 21824K,   0% used [0x00000000e6ab0000, 0x00000000e6ab0000, 0x00000000e8000000)
 concurrent mark-sweep generation total 393216K, used 111820K [0x00000000e8000000, 0x0000000100000000, 0x0000000100000000)
 Metaspace       used 43423K, capacity 44733K, committed 44908K, reserved 1089536K
  class space    used 5309K, capacity 5616K, committed 5740K, reserved 1048576K
2018-10-31T21:27:37.265-0700: 158.783: [GC (Allocation Failure) 2018-10-31T21:27:37.265-0700: 158.783: [ParNew
Desired survivor size 20112992 bytes, new threshold 7 (max 8)
- age   1:    7615880 bytes,    7615880 total
- age   2:    2161664 bytes,    9777544 total
- age   3:    2661792 bytes,   12439336 total
- age   4:     688024 bytes,   13127360 total
- age   5:    2241392 bytes,   15368752 total
- age   6:    2047952 bytes,   17416704 total
- age   7:    3717096 bytes,   21133800 total
- age   8:     678184 bytes,   21811984 total
: 109248K->21824K(109248K), 0.0112432 secs] 221068K->146109K(502464K), 0.0113067 secs] [Times: user=0.00 sys=0.00, real=0.00 secs] 
Heap after GC invocations=307 (full 22):
 par new generation   total 109248K, used 21824K [0x00000000e0000000, 0x00000000e8000000, 0x00000000e8000000)
  eden space 87424K,   0% used [0x00000000e0000000, 0x00000000e0000000, 0x00000000e5560000)
  from space 21824K, 100% used [0x00000000e6ab0000, 0x00000000e8000000, 0x00000000e8000000)
  to   space 21824K,   0% used [0x00000000e5560000, 0x00000000e5560000, 0x00000000e6ab0000)
 concurrent mark-sweep generation total 393216K, used 124285K [0x00000000e8000000, 0x0000000100000000, 0x0000000100000000)
 Metaspace       used 43423K, capacity 44733K, committed 44908K, reserved 1089536K
  class space    used 5309K, capacity 5616K, committed 5740K, reserved 1048576K
}
2018-10-31T21:27:37.265-0700: 158.794: Total time for which application threads were stopped: 0.0116951 seconds, Stopping threads took: 0.0001335 seconds
{Heap before GC invocations=307 (full 22):
 par new generation   total 109248K, used 109248K [0x00000000e0000000, 0x00000000e8000000, 0x00000000e8000000)
  eden space 87424K, 100% used [0x00000000e0000000, 0x00000000e5560000, 0x00000000e5560000)
  from space 21824K, 100% used [0x00000000e6ab0000, 0x00000000e8000000, 0x00000000e8000000)
  to   space 21824K,   0% used [0x00000000e5560000, 0x00000000e5560000, 0x00000000e6ab0000)
 concurrent mark-sweep generation total 393216K, used 124285K [0x00000000e8000000, 0x0000000100000000, 0x0000000100000000)
 Metaspace       used 43423K, capacity 44733K, committed 44908K, reserved 1089536K
  class space    used 5309K, capacity 5616K, committed 5740K, reserved 1048576K
2018-10-31T21:27:37.625-0700: 159.146: [GC (Allocation Failure) 2018-10-31T21:27:37.625-0700: 159.146: [ParNew
Desired survivor size 20112992 bytes, new threshold 7 (max 8)
- age   1:    6450712 bytes,    6450712 total
- age   2:    5230384 bytes,   11681096 total
- age   3:    2098968 bytes,   13780064 total
- age   4:    2658184 bytes,   16438248 total
- age   5:     684144 bytes,   17122392 total
- age   6:    2238528 bytes,   19360920 total
- age   7:    2046496 bytes,   21407416 total
: 109248K->21824K(109248K), 0.0113541 secs] 233533K->154125K(502464K), 0.0114150 secs] [Times: user=0.00 sys=0.00, real=0.00 secs] 
Heap after GC invocations=308 (full 22):
 par new generation   total 109248K, used 21824K [0x00000000e0000000, 0x00000000e8000000, 0x00000000e8000000)
  eden space 87424K,   0% used [0x00000000e0000000, 0x00000000e0000000, 0x00000000e5560000)
  from space 21824K, 100% used [0x00000000e5560000, 0x00000000e6ab0000, 0x00000000e6ab0000)
  to   space 21824K,   0% used [0x00000000e6ab0000, 0x00000000e6ab0000, 0x00000000e8000000)
 concurrent mark-sweep generation total 393216K, used 132301K [0x00000000e8000000, 0x0000000100000000, 0x0000000100000000)
 Metaspace       used 43423K, capacity 44733K, committed 44908K, reserved 1089536K
  class space    used 5309K, capacity 5616K, committed 5740K, reserved 1048576K
}
2018-10-31T21:27:37.640-0700: 159.157: Total time for which application threads were stopped: 0.0116597 seconds, Stopping threads took: 0.0000405 seconds
{Heap before GC invocations=308 (full 22):
 par new generation   total 109248K, used 109248K [0x00000000e0000000, 0x00000000e8000000, 0x00000000e8000000)
  eden space 87424K, 100% used [0x00000000e0000000, 0x00000000e5560000, 0x00000000e5560000)
  from space 21824K, 100% used [0x00000000e5560000, 0x00000000e6ab0000, 0x00000000e6ab0000)
  to   space 21824K,   0% used [0x00000000e6ab0000, 0x00000000e6ab0000, 0x00000000e8000000)
 concurrent mark-sweep generation total 393216K, used 132301K [0x00000000e8000000, 0x0000000100000000, 0x0000000100000000)
 Metaspace       used 43423K, capacity 44733K, committed 44908K, reserved 1089536K
  class space    used 5309K, capacity 5616K, committed 5740K, reserved 1048576K
2018-10-31T21:27:38.143-0700: 159.674: [GC (Allocation Failure) 2018-10-31T21:27:38.143-0700: 159.674: [ParNew
Desired survivor size 20112992 bytes, new threshold 8 (max 8)
- age   1:    5252880 bytes,    5252880 total
- age   2:    3803024 bytes,    9055904 total
- age   3:    2585408 bytes,   11641312 total
- age   4:    2092600 bytes,   13733912 total
- age   5:    2649344 bytes,   16383256 total
- age   6:     675920 bytes,   17059176 total
- age   7:    2232688 bytes,   19291864 total
: 109248K->21824K(109248K), 0.0102710 secs] 241549K->162736K(502464K), 0.0103465 secs] [Times: user=0.06 sys=0.00, real=0.02 secs] 
Heap after GC invocations=309 (full 22):
 par new generation   total 109248K, used 21824K [0x00000000e0000000, 0x00000000e8000000, 0x00000000e8000000)
  eden space 87424K,   0% used [0x00000000e0000000, 0x00000000e0000000, 0x00000000e5560000)
  from space 21824K, 100% used [0x00000000e6ab0000, 0x00000000e8000000, 0x00000000e8000000)
  to   space 21824K,   0% used [0x00000000e5560000, 0x00000000e5560000, 0x00000000e6ab0000)
 concurrent mark-sweep generation total 393216K, used 140912K [0x00000000e8000000, 0x0000000100000000, 0x0000000100000000)
 Metaspace       used 43423K, capacity 44733K, committed 44908K, reserved 1089536K
  class space    used 5309K, capacity 5616K, committed 5740K, reserved 1048576K
}
2018-10-31T21:27:38.159-0700: 159.685: Total time for which application threads were stopped: 0.0105434 seconds, Stopping threads took: 0.0000281 seconds
{Heap before GC invocations=309 (full 22):
 par new generation   total 109248K, used 109248K [0x00000000e0000000, 0x00000000e8000000, 0x00000000e8000000)
  eden space 87424K, 100% used [0x00000000e0000000, 0x00000000e5560000, 0x00000000e5560000)
  from space 21824K, 100% used [0x00000000e6ab0000, 0x00000000e8000000, 0x00000000e8000000)
  to   space 21824K,   0% used [0x00000000e5560000, 0x00000000e5560000, 0x00000000e6ab0000)
 concurrent mark-sweep generation total 393216K, used 140912K [0x00000000e8000000, 0x0000000100000000, 0x0000000100000000)
 Metaspace       used 43423K, capacity 44733K, committed 44908K, reserved 1089536K
  class space    used 5309K, capacity 5616K, committed 5740K, reserved 1048576K
2018-10-31T21:27:38.705-0700: 160.234: [GC (Allocation Failure) 2018-10-31T21:27:38.705-0700: 160.234: [ParNew
Desired survivor size 20112992 bytes, new threshold 8 (max 8)
- age   1:    5456400 bytes,    5456400 total
- age   2:    3424032 bytes,    8880432 total
- age   3:    2906360 bytes,   11786792 total
- age   4:    2584800 bytes,   14371592 total
- age   5:    2091688 bytes,   16463280 total
- age   6:    2649024 bytes,   19112304 total
- age   7:     674672 bytes,   19786976 total
- age   8:    2229816 bytes,   22016792 total
: 109248K->21824K(109248K), 0.0111918 secs] 250160K->174654K(502464K), 0.0112720 secs] [Times: user=0.06 sys=0.00, real=0.02 secs] 
Heap after GC invocations=310 (full 22):
 par new generation   total 109248K, used 21824K [0x00000000e0000000, 0x00000000e8000000, 0x00000000e8000000)
  eden space 87424K,   0% used [0x00000000e0000000, 0x00000000e0000000, 0x00000000e5560000)
  from space 21824K, 100% used [0x00000000e5560000, 0x00000000e6ab0000, 0x00000000e6ab0000)
  to   space 21824K,   0% used [0x00000000e6ab0000, 0x00000000e6ab0000, 0x00000000e8000000)
 concurrent mark-sweep generation total 393216K, used 152830K [0x00000000e8000000, 0x0000000100000000, 0x0000000100000000)
 Metaspace       used 43423K, capacity 44733K, committed 44908K, reserved 1089536K
  class space    used 5309K, capacity 5616K, committed 5740K, reserved 1048576K
}
2018-10-31T21:27:38.721-0700: 160.246: Total time for which application threads were stopped: 0.0115787 seconds, Stopping threads took: 0.0000616 seconds
{Heap before GC invocations=310 (full 22):
 par new generation   total 109248K, used 109248K [0x00000000e0000000, 0x00000000e8000000, 0x00000000e8000000)
  eden space 87424K, 100% used [0x00000000e0000000, 0x00000000e5560000, 0x00000000e5560000)
  from space 21824K, 100% used [0x00000000e5560000, 0x00000000e6ab0000, 0x00000000e6ab0000)
  to   space 21824K,   0% used [0x00000000e6ab0000, 0x00000000e6ab0000, 0x00000000e8000000)
 concurrent mark-sweep generation total 393216K, used 152830K [0x00000000e8000000, 0x0000000100000000, 0x0000000100000000)
 Metaspace       used 43423K, capacity 44733K, committed 44908K, reserved 1089536K
  class space    used 5309K, capacity 5616K, committed 5740K, reserved 1048576K
2018-10-31T21:27:39.212-0700: 160.729: [GC (Allocation Failure) 2018-10-31T21:27:39.212-0700: 160.729: [ParNew
Desired survivor size 20112992 bytes, new threshold 8 (max 8)
- age   1:    2607792 bytes,    2607792 total
- age   2:    3675456 bytes,    6283248 total
- age   3:    3287296 bytes,    9570544 total
- age   4:    2854512 bytes,   12425056 total
- age   5:    1310600 bytes,   13735656 total
- age   6:    2057112 bytes,   15792768 total
- age   7:    2646832 bytes,   18439600 total
- age   8:     671672 bytes,   19111272 total
: 109248K->21824K(109248K), 0.0105361 secs] 262078K->183293K(502464K), 0.0106120 secs] [Times: user=0.00 sys=0.00, real=0.01 secs] 
Heap after GC invocations=311 (full 22):
 par new generation   total 109248K, used 21824K [0x00000000e0000000, 0x00000000e8000000, 0x00000000e8000000)
  eden space 87424K,   0% used [0x00000000e0000000, 0x00000000e0000000, 0x00000000e5560000)
  from space 21824K, 100% used [0x00000000e6ab0000, 0x00000000e8000000, 0x00000000e8000000)
  to   space 21824K,   0% used [0x00000000e5560000, 0x00000000e5560000, 0x00000000e6ab0000)
 concurrent mark-sweep generation total 393216K, used 161469K [0x00000000e8000000, 0x0000000100000000, 0x0000000100000000)
 Metaspace       used 43423K, capacity 44733K, committed 44908K, reserved 1089536K
  class space    used 5309K, capacity 5616K, committed 5740K, reserved 1048576K
}
2018-10-31T21:27:39.222-0700: 160.740: Total time for which application threads were stopped: 0.0108910 seconds, Stopping threads took: 0.0000795 seconds
{Heap before GC invocations=311 (full 22):
 par new generation   total 109248K, used 109248K [0x00000000e0000000, 0x00000000e8000000, 0x00000000e8000000)
  eden space 87424K, 100% used [0x00000000e0000000, 0x00000000e5560000, 0x00000000e5560000)
  from space 21824K, 100% used [0x00000000e6ab0000, 0x00000000e8000000, 0x00000000e8000000)
  to   space 21824K,   0% used [0x00000000e5560000, 0x00000000e5560000, 0x00000000e6ab0000)
 concurrent mark-sweep generation total 393216K, used 161469K [0x00000000e8000000, 0x0000000100000000, 0x0000000100000000)
 Metaspace       used 43423K, capacity 44733K, committed 44908K, reserved 1089536K
  class space    used 5309K, capacity 5616K, committed 5740K, reserved 1048576K
2018-10-31T21:27:39.583-0700: 161.114: [GC (Allocation Failure) 2018-10-31T21:27:39.583-0700: 161.114: [ParNew
Desired survivor size 20112992 bytes, new threshold 8 (max 8)
- age   1:    3759480 bytes,    3759480 total
- age   2:    1733120 bytes,    5492600 total
- age   3:    2662272 bytes,    8154872 total
- age   4:    3282832 bytes,   11437704 total
- age   5:    2850392 bytes,   14288096 total
- age   6:    1305760 bytes,   15593856 total
- age   7:    2051928 bytes,   17645784 total
- age   8:    2641288 bytes,   20287072 total
: 109248K->21824K(109248K), 0.0098779 secs] 270717K->189903K(502464K), 0.0099508 secs] [Times: user=0.06 sys=0.00, real=0.02 secs] 
Heap after GC invocations=312 (full 22):
 par new generation   total 109248K, used 21824K [0x00000000e0000000, 0x00000000e8000000, 0x00000000e8000000)
  eden space 87424K,   0% used [0x00000000e0000000, 0x00000000e0000000, 0x00000000e5560000)
  from space 21824K, 100% used [0x00000000e5560000, 0x00000000e6ab0000, 0x00000000e6ab0000)
  to   space 21824K,   0% used [0x00000000e6ab0000, 0x00000000e6ab0000, 0x00000000e8000000)
 concurrent mark-sweep generation total 393216K, used 168079K [0x00000000e8000000, 0x0000000100000000, 0x0000000100000000)
 Metaspace       used 43423K, capacity 44733K, committed 44908K, reserved 1089536K
  class space    used 5309K, capacity 5616K, committed 5740K, reserved 1048576K
}
2018-10-31T21:27:39.598-0700: 161.124: Total time for which application threads were stopped: 0.0101711 seconds, Stopping threads took: 0.0000372 seconds
{Heap before GC invocations=312 (full 22):
 par new generation   total 109248K, used 109248K [0x00000000e0000000, 0x00000000e8000000, 0x00000000e8000000)
  eden space 87424K, 100% used [0x00000000e0000000, 0x00000000e5560000, 0x00000000e5560000)
  from space 21824K, 100% used [0x00000000e5560000, 0x00000000e6ab0000, 0x00000000e6ab0000)
  to   space 21824K,   0% used [0x00000000e6ab0000, 0x00000000e6ab0000, 0x00000000e8000000)
 concurrent mark-sweep generation total 393216K, used 168079K [0x00000000e8000000, 0x0000000100000000, 0x0000000100000000)
 Metaspace       used 43423K, capacity 44733K, committed 44908K, reserved 1089536K
  class space    used 5309K, capacity 5616K, committed 5740K, reserved 1048576K
2018-10-31T21:27:40.094-0700: 161.612: [GC (Allocation Failure) 2018-10-31T21:27:40.094-0700: 161.612: [ParNew
Desired survivor size 20112992 bytes, new threshold 7 (max 8)
- age   1:    5342584 bytes,    5342584 total
- age   2:    3210696 bytes,    8553280 total
- age   3:    1728408 bytes,   10281688 total
- age   4:    2653232 bytes,   12934920 total
- age   5:    3275352 bytes,   16210272 total
- age   6:    2746952 bytes,   18957224 total
- age   7:    1295320 bytes,   20252544 total
- age   8:    2044000 bytes,   22296544 total
: 109248K->21824K(109248K), 0.0113100 secs] 277327K->199438K(502464K), 0.0113687 secs] [Times: user=0.00 sys=0.00, real=0.00 secs] 
Heap after GC invocations=313 (full 22):
 par new generation   total 109248K, used 21824K [0x00000000e0000000, 0x00000000e8000000, 0x00000000e8000000)
  eden space 87424K,   0% used [0x00000000e0000000, 0x00000000e0000000, 0x00000000e5560000)
  from space 21824K, 100% used [0x00000000e6ab0000, 0x00000000e8000000, 0x00000000e8000000)
  to   space 21824K,   0% used [0x00000000e5560000, 0x00000000e5560000, 0x00000000e6ab0000)
 concurrent mark-sweep generation total 393216K, used 177614K [0x00000000e8000000, 0x0000000100000000, 0x0000000100000000)
 Metaspace       used 43423K, capacity 44733K, committed 44908K, reserved 1089536K
  class space    used 5309K, capacity 5616K, committed 5740K, reserved 1048576K
}
2018-10-31T21:27:40.094-0700: 161.624: Total time for which application threads were stopped: 0.0115842 seconds, Stopping threads took: 0.0000536 seconds
{Heap before GC invocations=313 (full 22):
 par new generation   total 109248K, used 109248K [0x00000000e0000000, 0x00000000e8000000, 0x00000000e8000000)
  eden space 87424K, 100% used [0x00000000e0000000, 0x00000000e5560000, 0x00000000e5560000)
  from space 21824K, 100% used [0x00000000e6ab0000, 0x00000000e8000000, 0x00000000e8000000)
  to   space 21824K,   0% used [0x00000000e5560000, 0x00000000e5560000, 0x00000000e6ab0000)
 concurrent mark-sweep generation total 393216K, used 177614K [0x00000000e8000000, 0x0000000100000000, 0x0000000100000000)
 Metaspace       used 43424K, capacity 44733K, committed 44908K, reserved 1089536K
  class space    used 5309K, capacity 5616K, committed 5740K, reserved 1048576K
2018-10-31T21:27:40.754-0700: 162.271: [GC (Allocation Failure) 2018-10-31T21:27:40.754-0700: 162.271: [ParNew
Desired survivor size 20112992 bytes, new threshold 7 (max 8)
- age   1:    6743440 bytes,    6743440 total
- age   2:    2337776 bytes,    9081216 total
- age   3:    2826960 bytes,   11908176 total
- age   4:    1691600 bytes,   13599776 total
- age   5:    2613160 bytes,   16212936 total
- age   6:    3246512 bytes,   19459448 total
- age   7:    2709664 bytes,   22169112 total
: 109248K->21824K(109248K), 0.0181713 secs] 286862K->216775K(502464K), 0.0183139 secs] [Times: user=0.06 sys=0.00, real=0.02 secs] 
Heap after GC invocations=314 (full 22):
 par new generation   total 109248K, used 21824K [0x00000000e0000000, 0x00000000e8000000, 0x00000000e8000000)
  eden space 87424K,   0% used [0x00000000e0000000, 0x00000000e0000000, 0x00000000e5560000)
  from space 21824K, 100% used [0x00000000e5560000, 0x00000000e6ab0000, 0x00000000e6ab0000)
  to   space 21824K,   0% used [0x00000000e6ab0000, 0x00000000e6ab0000, 0x00000000e8000000)
 concurrent mark-sweep generation total 393216K, used 194951K [0x00000000e8000000, 0x0000000100000000, 0x0000000100000000)
 Metaspace       used 43424K, capacity 44733K, committed 44908K, reserved 1089536K
  class space    used 5309K, capacity 5616K, committed 5740K, reserved 1048576K
}
2018-10-31T21:27:40.772-0700: 162.289: Total time for which application threads were stopped: 0.0186005 seconds, Stopping threads took: 0.0000667 seconds
{Heap before GC invocations=314 (full 22):
 par new generation   total 109248K, used 109248K [0x00000000e0000000, 0x00000000e8000000, 0x00000000e8000000)
  eden space 87424K, 100% used [0x00000000e0000000, 0x00000000e5560000, 0x00000000e5560000)
  from space 21824K, 100% used [0x00000000e5560000, 0x00000000e6ab0000, 0x00000000e6ab0000)
  to   space 21824K,   0% used [0x00000000e6ab0000, 0x00000000e6ab0000, 0x00000000e8000000)
 concurrent mark-sweep generation total 393216K, used 194951K [0x00000000e8000000, 0x0000000100000000, 0x0000000100000000)
 Metaspace       used 43424K, capacity 44733K, committed 44908K, reserved 1089536K
  class space    used 5309K, capacity 5616K, committed 5740K, reserved 1048576K
2018-10-31T21:27:41.381-0700: 162.910: [GC (Allocation Failure) 2018-10-31T21:27:41.381-0700: 162.910: [ParNew
Desired survivor size 20112992 bytes, new threshold 7 (max 8)
- age   1:    6358984 bytes,    6358984 total
- age   2:    2457048 bytes,    8816032 total
- age   3:    2326576 bytes,   11142608 total
- age   4:    2795512 bytes,   13938120 total
- age   5:    1691200 bytes,   15629320 total
- age   6:    2611816 bytes,   18241136 total
- age   7:    3246160 bytes,   21487296 total
: 109248K->21824K(109248K), 0.0117592 secs] 304199K->226691K(502464K), 0.0118176 secs] [Times: user=0.06 sys=0.00, real=0.01 secs] 
Heap after GC invocations=315 (full 22):
 par new generation   total 109248K, used 21824K [0x00000000e0000000, 0x00000000e8000000, 0x00000000e8000000)
  eden space 87424K,   0% used [0x00000000e0000000, 0x00000000e0000000, 0x00000000e5560000)
  from space 21824K, 100% used [0x00000000e6ab0000, 0x00000000e8000000, 0x00000000e8000000)
  to   space 21824K,   0% used [0x00000000e5560000, 0x00000000e5560000, 0x00000000e6ab0000)
 concurrent mark-sweep generation total 393216K, used 204867K [0x00000000e8000000, 0x0000000100000000, 0x0000000100000000)
 Metaspace       used 43424K, capacity 44733K, committed 44908K, reserved 1089536K
  class space    used 5309K, capacity 5616K, committed 5740K, reserved 1048576K
}
2018-10-31T21:27:41.396-0700: 162.922: Total time for which application threads were stopped: 0.0120185 seconds, Stopping threads took: 0.0000303 seconds
2018-10-31T21:27:41.396-0700: 162.922: [GC (CMS Initial Mark) [1 CMS-initial-mark: 204867K(393216K)] 227955K(502464K), 0.0015805 secs] [Times: user=0.00 sys=0.00, real=0.00 secs] 
2018-10-31T21:27:41.396-0700: 162.924: Total time for which application threads were stopped: 0.0017526 seconds, Stopping threads took: 0.0000689 seconds
2018-10-31T21:27:41.396-0700: 162.924: [CMS-concurrent-mark-start]
2018-10-31T21:27:41.412-0700: 162.941: [CMS-concurrent-mark: 0.017/0.017 secs] [Times: user=0.09 sys=0.00, real=0.02 secs] 
2018-10-31T21:27:41.412-0700: 162.941: [CMS-concurrent-preclean-start]
2018-10-31T21:27:41.412-0700: 162.942: [CMS-concurrent-preclean: 0.001/0.001 secs] [Times: user=0.00 sys=0.00, real=0.00 secs] 
2018-10-31T21:27:41.412-0700: 162.942: [CMS-concurrent-abortable-preclean-start]
2018-10-31T21:27:41.737-0700: 163.255: [CMS-concurrent-abortable-preclean: 0.216/0.313 secs] [Times: user=0.59 sys=0.02, real=0.33 secs] 
2018-10-31T21:27:41.738-0700: 163.256: [GC (CMS Final Remark) [YG occupancy: 66179 K (109248 K)]{Heap before GC invocations=315 (full 23):
 par new generation   total 109248K, used 66179K [0x00000000e0000000, 0x00000000e8000000, 0x00000000e8000000)
  eden space 87424K,  50% used [0x00000000e0000000, 0x00000000e2b50e78, 0x00000000e5560000)
  from space 21824K, 100% used [0x00000000e6ab0000, 0x00000000e8000000, 0x00000000e8000000)
  to   space 21824K,   0% used [0x00000000e5560000, 0x00000000e5560000, 0x00000000e6ab0000)
 concurrent mark-sweep generation total 393216K, used 204867K [0x00000000e8000000, 0x0000000100000000, 0x0000000100000000)
 Metaspace       used 43428K, capacity 44733K, committed 44908K, reserved 1089536K
  class space    used 5309K, capacity 5616K, committed 5740K, reserved 1048576K
2018-10-31T21:27:41.738-0700: 163.256: [GC (CMS Final Remark) 2018-10-31T21:27:41.738-0700: 163.256: [ParNew
Desired survivor size 20112992 bytes, new threshold 7 (max 8)
- age   1:    7290872 bytes,    7290872 total
- age   2:    2485672 bytes,    9776544 total
- age   3:    2361832 bytes,   12138376 total
- age   4:    2325744 bytes,   14464120 total
- age   5:    2794424 bytes,   17258544 total
- age   6:    1658416 bytes,   18916960 total
- age   7:    2611816 bytes,   21528776 total
: 66179K->21824K(109248K), 0.0140793 secs] 271047K->230304K(502464K), 0.0141799 secs] [Times: user=0.00 sys=0.00, real=0.01 secs] 
Heap after GC invocations=316 (full 23):
 par new generation   total 109248K, used 21824K [0x00000000e0000000, 0x00000000e8000000, 0x00000000e8000000)
  eden space 87424K,   0% used [0x00000000e0000000, 0x00000000e0000000, 0x00000000e5560000)
  from space 21824K, 100% used [0x00000000e5560000, 0x00000000e6ab0000, 0x00000000e6ab0000)
  to   space 21824K,   0% used [0x00000000e6ab0000, 0x00000000e6ab0000, 0x00000000e8000000)
 concurrent mark-sweep generation total 393216K, used 208480K [0x00000000e8000000, 0x0000000100000000, 0x0000000100000000)
 Metaspace       used 43428K, capacity 44733K, committed 44908K, reserved 1089536K
  class space    used 5309K, capacity 5616K, committed 5740K, reserved 1048576K
}
2018-10-31T21:27:41.752-0700: 163.270: [Rescan (parallel) , 0.0037678 secs]2018-10-31T21:27:41.756-0700: 163.274: [weak refs processing, 0.0006123 secs]2018-10-31T21:27:41.757-0700: 163.274: [class unloading, 0.0069591 secs]2018-10-31T21:27:41.764-0700: 163.281: [scrub symbol table, 0.0073638 secs]2018-10-31T21:27:41.771-0700: 163.289: [scrub string table, 0.0007855 secs][1 CMS-remark: 208480K(393216K)] 230304K(502464K), 0.0342056 secs] [Times: user=0.08 sys=0.00, real=0.03 secs] 
2018-10-31T21:27:41.772-0700: 163.290: Total time for which application threads were stopped: 0.0347161 seconds, Stopping threads took: 0.0002578 seconds
2018-10-31T21:27:41.772-0700: 163.290: [CMS-concurrent-sweep-start]
2018-10-31T21:27:41.801-0700: 163.318: [CMS-concurrent-sweep: 0.029/0.029 secs] [Times: user=0.08 sys=0.00, real=0.03 secs] 
2018-10-31T21:27:41.801-0700: 163.319: [CMS-concurrent-reset-start]
2018-10-31T21:27:41.801-0700: 163.319: [CMS-concurrent-reset: 0.000/0.000 secs] [Times: user=0.00 sys=0.00, real=0.00 secs] 
{Heap before GC invocations=316 (full 23):
 par new generation   total 109248K, used 109248K [0x00000000e0000000, 0x00000000e8000000, 0x00000000e8000000)
  eden space 87424K, 100% used [0x00000000e0000000, 0x00000000e5560000, 0x00000000e5560000)
  from space 21824K, 100% used [0x00000000e5560000, 0x00000000e6ab0000, 0x00000000e6ab0000)
  to   space 21824K,   0% used [0x00000000e6ab0000, 0x00000000e6ab0000, 0x00000000e8000000)
 concurrent mark-sweep generation total 393216K, used 131018K [0x00000000e8000000, 0x0000000100000000, 0x0000000100000000)
 Metaspace       used 43428K, capacity 44733K, committed 44908K, reserved 1089536K
  class space    used 5309K, capacity 5616K, committed 5740K, reserved 1048576K
2018-10-31T21:27:42.467-0700: 163.998: [GC (Allocation Failure) 2018-10-31T21:27:42.467-0700: 163.998: [ParNew
Desired survivor size 20112992 bytes, new threshold 7 (max 8)
- age   1:    8880240 bytes,    8880240 total
- age   2:    2185152 bytes,   11065392 total
- age   3:     841016 bytes,   11906408 total
- age   4:    1666560 bytes,   13572968 total
- age   5:    2255576 bytes,   15828544 total
- age   6:    2782176 bytes,   18610720 total
- age   7:    1655616 bytes,   20266336 total
: 109248K->21824K(109248K), 0.0121031 secs] 240266K->169932K(502464K), 0.0122020 secs] [Times: user=0.06 sys=0.00, real=0.02 secs] 
Heap after GC invocations=317 (full 23):
 par new generation   total 109248K, used 21824K [0x00000000e0000000, 0x00000000e8000000, 0x00000000e8000000)
  eden space 87424K,   0% used [0x00000000e0000000, 0x00000000e0000000, 0x00000000e5560000)
  from space 21824K, 100% used [0x00000000e6ab0000, 0x00000000e8000000, 0x00000000e8000000)
  to   space 21824K,   0% used [0x00000000e5560000, 0x00000000e5560000, 0x00000000e6ab0000)
 concurrent mark-sweep generation total 393216K, used 148108K [0x00000000e8000000, 0x0000000100000000, 0x0000000100000000)
 Metaspace       used 43428K, capacity 44733K, committed 44908K, reserved 1089536K
  class space    used 5309K, capacity 5616K, committed 5740K, reserved 1048576K
}
2018-10-31T21:27:42.483-0700: 164.010: Total time for which application threads were stopped: 0.0125225 seconds, Stopping threads took: 0.0000529 seconds
{Heap before GC invocations=317 (full 23):
 par new generation   total 109248K, used 109248K [0x00000000e0000000, 0x00000000e8000000, 0x00000000e8000000)
  eden space 87424K, 100% used [0x00000000e0000000, 0x00000000e5560000, 0x00000000e5560000)
  from space 21824K, 100% used [0x00000000e6ab0000, 0x00000000e8000000, 0x00000000e8000000)
  to   space 21824K,   0% used [0x00000000e5560000, 0x00000000e5560000, 0x00000000e6ab0000)
 concurrent mark-sweep generation total 393216K, used 148108K [0x00000000e8000000, 0x0000000100000000, 0x0000000100000000)
 Metaspace       used 43428K, capacity 44733K, committed 44908K, reserved 1089536K
  class space    used 5309K, capacity 5616K, committed 5740K, reserved 1048576K
2018-10-31T21:27:43.093-0700: 164.611: [GC (Allocation Failure) 2018-10-31T21:27:43.093-0700: 164.611: [ParNew
Desired survivor size 20112992 bytes, new threshold 8 (max 8)
- age   1:    7539608 bytes,    7539608 total
- age   2:    3584008 bytes,   11123616 total
- age   3:    2004256 bytes,   13127872 total
- age   4:     737232 bytes,   13865104 total
- age   5:    1520736 bytes,   15385840 total
- age   6:    2039752 bytes,   17425592 total
- age   7:    2638248 bytes,   20063840 total
: 109248K->21824K(109248K), 0.0101999 secs] 257356K->178210K(502464K), 0.0102575 secs] [Times: user=0.00 sys=0.00, real=0.00 secs] 
Heap after GC invocations=318 (full 23):
 par new generation   total 109248K, used 21824K [0x00000000e0000000, 0x00000000e8000000, 0x00000000e8000000)
  eden space 87424K,   0% used [0x00000000e0000000, 0x00000000e0000000, 0x00000000e5560000)
  from space 21824K, 100% used [0x00000000e5560000, 0x00000000e6ab0000, 0x00000000e6ab0000)
  to   space 21824K,   0% used [0x00000000e6ab0000, 0x00000000e6ab0000, 0x00000000e8000000)
 concurrent mark-sweep generation total 393216K, used 156386K [0x00000000e8000000, 0x0000000100000000, 0x0000000100000000)
 Metaspace       used 43428K, capacity 44733K, committed 44908K, reserved 1089536K
  class space    used 5309K, capacity 5616K, committed 5740K, reserved 1048576K
}
2018-10-31T21:27:43.093-0700: 164.621: Total time for which application threads were stopped: 0.0104690 seconds, Stopping threads took: 0.0000536 seconds
{Heap before GC invocations=318 (full 23):
 par new generation   total 109248K, used 109248K [0x00000000e0000000, 0x00000000e8000000, 0x00000000e8000000)
  eden space 87424K, 100% used [0x00000000e0000000, 0x00000000e5560000, 0x00000000e5560000)
  from space 21824K, 100% used [0x00000000e5560000, 0x00000000e6ab0000, 0x00000000e6ab0000)
  to   space 21824K,   0% used [0x00000000e6ab0000, 0x00000000e6ab0000, 0x00000000e8000000)
 concurrent mark-sweep generation total 393216K, used 156386K [0x00000000e8000000, 0x0000000100000000, 0x0000000100000000)
 Metaspace       used 43428K, capacity 44733K, committed 44908K, reserved 1089536K
  class space    used 5309K, capacity 5616K, committed 5740K, reserved 1048576K
2018-10-31T21:27:43.515-0700: 165.044: [GC (Allocation Failure) 2018-10-31T21:27:43.515-0700: 165.044: [ParNew
Desired survivor size 20112992 bytes, new threshold 8 (max 8)
- age   1:    7620008 bytes,    7620008 total
- age   2:    2224744 bytes,    9844752 total
- age   3:    3419880 bytes,   13264632 total
- age   4:    1997736 bytes,   15262368 total
- age   5:     723848 bytes,   15986216 total
- age   6:    1510672 bytes,   17496888 total
- age   7:    1949888 bytes,   19446776 total
- age   8:    2574952 bytes,   22021728 total
: 109248K->21824K(109248K), 0.0101565 secs] 265634K->184353K(502464K), 0.0102181 secs] [Times: user=0.06 sys=0.00, real=0.01 secs] 
Heap after GC invocations=319 (full 23):
 par new generation   total 109248K, used 21824K [0x00000000e0000000, 0x00000000e8000000, 0x00000000e8000000)
  eden space 87424K,   0% used [0x00000000e0000000, 0x00000000e0000000, 0x00000000e5560000)
  from space 21824K, 100% used [0x00000000e6ab0000, 0x00000000e8000000, 0x00000000e8000000)
  to   space 21824K,   0% used [0x00000000e5560000, 0x00000000e5560000, 0x00000000e6ab0000)
 concurrent mark-sweep generation total 393216K, used 162529K [0x00000000e8000000, 0x0000000100000000, 0x0000000100000000)
 Metaspace       used 43428K, capacity 44733K, committed 44908K, reserved 1089536K
  class space    used 5309K, capacity 5616K, committed 5740K, reserved 1048576K
}
2018-10-31T21:27:43.530-0700: 165.055: Total time for which application threads were stopped: 0.0104406 seconds, Stopping threads took: 0.0000536 seconds
{Heap before GC invocations=319 (full 23):
 par new generation   total 109248K, used 109248K [0x00000000e0000000, 0x00000000e8000000, 0x00000000e8000000)
  eden space 87424K, 100% used [0x00000000e0000000, 0x00000000e5560000, 0x00000000e5560000)
  from space 21824K, 100% used [0x00000000e6ab0000, 0x00000000e8000000, 0x00000000e8000000)
  to   space 21824K,   0% used [0x00000000e5560000, 0x00000000e5560000, 0x00000000e6ab0000)
 concurrent mark-sweep generation total 393216K, used 162529K [0x00000000e8000000, 0x0000000100000000, 0x0000000100000000)
 Metaspace       used 43428K, capacity 44733K, committed 44908K, reserved 1089536K
  class space    used 5309K, capacity 5616K, committed 5740K, reserved 1048576K
2018-10-31T21:27:44.210-0700: 165.735: [GC (Allocation Failure) 2018-10-31T21:27:44.210-0700: 165.735: [ParNew
Desired survivor size 20112992 bytes, new threshold 8 (max 8)
- age   1:    5048552 bytes,    5048552 total
- age   2:     464680 bytes,    5513232 total
- age   3:    1999344 bytes,    7512576 total
- age   4:    3411880 bytes,   10924456 total
- age   5:    1992448 bytes,   12916904 total
- age   6:     717224 bytes,   13634128 total
- age   7:    1503304 bytes,   15137432 total
- age   8:    1935520 bytes,   17072952 total
: 109248K->21824K(109248K), 0.0103687 secs] 271777K->192247K(502464K), 0.0104213 secs] [Times: user=0.06 sys=0.00, real=0.02 secs] 
Heap after GC invocations=320 (full 23):
 par new generation   total 109248K, used 21824K [0x00000000e0000000, 0x00000000e8000000, 0x00000000e8000000)
  eden space 87424K,   0% used [0x00000000e0000000, 0x00000000e0000000, 0x00000000e5560000)
  from space 21824K, 100% used [0x00000000e5560000, 0x00000000e6ab0000, 0x00000000e6ab0000)
  to   space 21824K,   0% used [0x00000000e6ab0000, 0x00000000e6ab0000, 0x00000000e8000000)
 concurrent mark-sweep generation total 393216K, used 170423K [0x00000000e8000000, 0x0000000100000000, 0x0000000100000000)
 Metaspace       used 43428K, capacity 44733K, committed 44908K, reserved 1089536K
  class space    used 5309K, capacity 5616K, committed 5740K, reserved 1048576K
}
2018-10-31T21:27:44.226-0700: 165.746: Total time for which application threads were stopped: 0.0107090 seconds, Stopping threads took: 0.0001160 seconds
{Heap before GC invocations=320 (full 23):
 par new generation   total 109248K, used 109248K [0x00000000e0000000, 0x00000000e8000000, 0x00000000e8000000)
  eden space 87424K, 100% used [0x00000000e0000000, 0x00000000e5560000, 0x00000000e5560000)
  from space 21824K, 100% used [0x00000000e5560000, 0x00000000e6ab0000, 0x00000000e6ab0000)
  to   space 21824K,   0% used [0x00000000e6ab0000, 0x00000000e6ab0000, 0x00000000e8000000)
 concurrent mark-sweep generation total 393216K, used 170423K [0x00000000e8000000, 0x0000000100000000, 0x0000000100000000)
 Metaspace       used 43430K, capacity 44733K, committed 44908K, reserved 1089536K
  class space    used 5309K, capacity 5616K, committed 5740K, reserved 1048576K
2018-10-31T21:27:44.879-0700: 166.403: [GC (Allocation Failure) 2018-10-31T21:27:44.879-0700: 166.403: [ParNew
Desired survivor size 20112992 bytes, new threshold 8 (max 8)
- age   1:    6352728 bytes,    6352728 total
- age   2:    1740848 bytes,    8093576 total
- age   3:     438936 bytes,    8532512 total
- age   4:    1947848 bytes,   10480360 total
- age   5:    3382888 bytes,   13863248 total
- age   6:    1977680 bytes,   15840928 total
- age   7:     691448 bytes,   16532376 total
- age   8:    1475064 bytes,   18007440 total
: 109248K->21824K(109248K), 0.0077340 secs] 279671K->194129K(502464K), 0.0077949 secs] [Times: user=0.00 sys=0.00, real=0.00 secs] 
Heap after GC invocations=321 (full 23):
 par new generation   total 109248K, used 21824K [0x00000000e0000000, 0x00000000e8000000, 0x00000000e8000000)
  eden space 87424K,   0% used [0x00000000e0000000, 0x00000000e0000000, 0x00000000e5560000)
  from space 21824K, 100% used [0x00000000e6ab0000, 0x00000000e8000000, 0x00000000e8000000)
  to   space 21824K,   0% used [0x00000000e5560000, 0x00000000e5560000, 0x00000000e6ab0000)
 concurrent mark-sweep generation total 393216K, used 172305K [0x00000000e8000000, 0x0000000100000000, 0x0000000100000000)
 Metaspace       used 43430K, capacity 44733K, committed 44908K, reserved 1089536K
  class space    used 5309K, capacity 5616K, committed 5740K, reserved 1048576K
}
2018-10-31T21:27:44.879-0700: 166.411: Total time for which application threads were stopped: 0.0079995 seconds, Stopping threads took: 0.0000427 seconds
{Heap before GC invocations=321 (full 23):
 par new generation   total 109248K, used 109248K [0x00000000e0000000, 0x00000000e8000000, 0x00000000e8000000)
  eden space 87424K, 100% used [0x00000000e0000000, 0x00000000e5560000, 0x00000000e5560000)
  from space 21824K, 100% used [0x00000000e6ab0000, 0x00000000e8000000, 0x00000000e8000000)
  to   space 21824K,   0% used [0x00000000e5560000, 0x00000000e5560000, 0x00000000e6ab0000)
 concurrent mark-sweep generation total 393216K, used 172305K [0x00000000e8000000, 0x0000000100000000, 0x0000000100000000)
 Metaspace       used 43430K, capacity 44733K, committed 44908K, reserved 1089536K
  class space    used 5309K, capacity 5616K, committed 5740K, reserved 1048576K
2018-10-31T21:27:45.422-0700: 166.947: [GC (Allocation Failure) 2018-10-31T21:27:45.422-0700: 166.947: [ParNew
Desired survivor size 20112992 bytes, new threshold 8 (max 8)
- age   1:     108504 bytes,     108504 total
- age   2:    6223952 bytes,    6332456 total
- age   3:    1740848 bytes,    8073304 total
- age   4:     438936 bytes,    8512240 total
- age   5:    1947848 bytes,   10460088 total
- age   6:    3382888 bytes,   13842976 total
- age   7:    1977680 bytes,   15820656 total
- age   8:     691448 bytes,   16512104 total
: 109248K->21824K(109248K), 0.0080461 secs] 281553K->195583K(502464K), 0.0081005 secs] [Times: user=0.00 sys=0.02, real=0.02 secs] 
Heap after GC invocations=322 (full 23):
 par new generation   total 109248K, used 21824K [0x00000000e0000000, 0x00000000e8000000, 0x00000000e8000000)
  eden space 87424K,   0% used [0x00000000e0000000, 0x00000000e0000000, 0x00000000e5560000)
  from space 21824K, 100% used [0x00000000e5560000, 0x00000000e6ab0000, 0x00000000e6ab0000)
  to   space 21824K,   0% used [0x00000000e6ab0000, 0x00000000e6ab0000, 0x00000000e8000000)
 concurrent mark-sweep generation total 393216K, used 173759K [0x00000000e8000000, 0x0000000100000000, 0x0000000100000000)
 Metaspace       used 43430K, capacity 44733K, committed 44908K, reserved 1089536K
  class space    used 5309K, capacity 5616K, committed 5740K, reserved 1048576K
}
2018-10-31T21:27:45.438-0700: 166.955: Total time for which application threads were stopped: 0.0083616 seconds, Stopping threads took: 0.0000449 seconds
{Heap before GC invocations=322 (full 23):
 par new generation   total 109248K, used 109248K [0x00000000e0000000, 0x00000000e8000000, 0x00000000e8000000)
  eden space 87424K, 100% used [0x00000000e0000000, 0x00000000e5560000, 0x00000000e5560000)
  from space 21824K, 100% used [0x00000000e5560000, 0x00000000e6ab0000, 0x00000000e6ab0000)
  to   space 21824K,   0% used [0x00000000e6ab0000, 0x00000000e6ab0000, 0x00000000e8000000)
 concurrent mark-sweep generation total 393216K, used 173759K [0x00000000e8000000, 0x0000000100000000, 0x0000000100000000)
 Metaspace       used 43431K, capacity 44733K, committed 44908K, reserved 1089536K
  class space    used 5309K, capacity 5616K, committed 5740K, reserved 1048576K
2018-10-31T21:27:45.811-0700: 167.329: [GC (Allocation Failure) 2018-10-31T21:27:45.811-0700: 167.329: [ParNew
Desired survivor size 20112992 bytes, new threshold 8 (max 8)
- age   1:      83264 bytes,      83264 total
- age   2:      17688 bytes,     100952 total
- age   3:    6198280 bytes,    6299232 total
- age   4:    1739928 bytes,    8039160 total
- age   5:     438936 bytes,    8478096 total
- age   6:    1947872 bytes,   10425968 total
- age   7:    3382888 bytes,   13808856 total
- age   8:    1977376 bytes,   15786232 total
: 109248K->21824K(109248K), 0.0070407 secs] 283007K->196273K(502464K), 0.0071159 secs] [Times: user=0.06 sys=0.00, real=0.01 secs] 
Heap after GC invocations=323 (full 23):
 par new generation   total 109248K, used 21824K [0x00000000e0000000, 0x00000000e8000000, 0x00000000e8000000)
  eden space 87424K,   0% used [0x00000000e0000000, 0x00000000e0000000, 0x00000000e5560000)
  from space 21824K, 100% used [0x00000000e6ab0000, 0x00000000e8000000, 0x00000000e8000000)
  to   space 21824K,   0% used [0x00000000e5560000, 0x00000000e5560000, 0x00000000e6ab0000)
 concurrent mark-sweep generation total 393216K, used 174449K [0x00000000e8000000, 0x0000000100000000, 0x0000000100000000)
 Metaspace       used 43431K, capacity 44733K, committed 44908K, reserved 1089536K
  class space    used 5309K, capacity 5616K, committed 5740K, reserved 1048576K
}
2018-10-31T21:27:45.819-0700: 167.336: Total time for which application threads were stopped: 0.0073832 seconds, Stopping threads took: 0.0000718 seconds
2018-10-31T21:27:46.189-0700: 167.709: Total time for which application threads were stopped: 0.0001047 seconds, Stopping threads took: 0.0000372 seconds
{Heap before GC invocations=323 (full 23):
 par new generation   total 109248K, used 109248K [0x00000000e0000000, 0x00000000e8000000, 0x00000000e8000000)
  eden space 87424K, 100% used [0x00000000e0000000, 0x00000000e5560000, 0x00000000e5560000)
  from space 21824K, 100% used [0x00000000e6ab0000, 0x00000000e8000000, 0x00000000e8000000)
  to   space 21824K,   0% used [0x00000000e5560000, 0x00000000e5560000, 0x00000000e6ab0000)
 concurrent mark-sweep generation total 393216K, used 174449K [0x00000000e8000000, 0x0000000100000000, 0x0000000100000000)
 Metaspace       used 43431K, capacity 44733K, committed 44908K, reserved 1089536K
  class space    used 5309K, capacity 5616K, committed 5740K, reserved 1048576K
2018-10-31T21:27:46.267-0700: 167.796: [GC (Allocation Failure) 2018-10-31T21:27:46.267-0700: 167.797: [ParNew
Desired survivor size 20112992 bytes, new threshold 8 (max 8)
- age   1:    4715712 bytes,    4715712 total
- age   2:       1600 bytes,    4717312 total
- age   3:       6880 bytes,    4724192 total
- age   4:    5598296 bytes,   10322488 total
- age   5:     595816 bytes,   10918304 total
- age   6:     358488 bytes,   11276792 total
- age   7:    1819272 bytes,   13096064 total
- age   8:    3295880 bytes,   16391944 total
: 109248K->20742K(109248K), 0.0071257 secs] 283697K->197081K(502464K), 0.0071855 secs] [Times: user=0.06 sys=0.00, real=0.02 secs] 
Heap after GC invocations=324 (full 23):
 par new generation   total 109248K, used 20742K [0x00000000e0000000, 0x00000000e8000000, 0x00000000e8000000)
  eden space 87424K,   0% used [0x00000000e0000000, 0x00000000e0000000, 0x00000000e5560000)
  from space 21824K,  95% used [0x00000000e5560000, 0x00000000e69a1af0, 0x00000000e6ab0000)
  to   space 21824K,   0% used [0x00000000e6ab0000, 0x00000000e6ab0000, 0x00000000e8000000)
 concurrent mark-sweep generation total 393216K, used 176338K [0x00000000e8000000, 0x0000000100000000, 0x0000000100000000)
 Metaspace       used 43431K, capacity 44733K, committed 44908K, reserved 1089536K
  class space    used 5309K, capacity 5616K, committed 5740K, reserved 1048576K
}
2018-10-31T21:27:46.283-0700: 167.804: Total time for which application threads were stopped: 0.0074134 seconds, Stopping threads took: 0.0000390 seconds
2018-10-31T21:27:46.454-0700: 167.974: Total time for which application threads were stopped: 0.0001659 seconds, Stopping threads took: 0.0000449 seconds
2018-10-31T21:27:46.454-0700: 167.984: Total time for which application threads were stopped: 0.0002206 seconds, Stopping threads took: 0.0000613 seconds
2018-10-31T21:27:46.454-0700: 167.984: Total time for which application threads were stopped: 0.0001703 seconds, Stopping threads took: 0.0000846 seconds
{Heap before GC invocations=324 (full 23):
 par new generation   total 109248K, used 108166K [0x00000000e0000000, 0x00000000e8000000, 0x00000000e8000000)
  eden space 87424K, 100% used [0x00000000e0000000, 0x00000000e5560000, 0x00000000e5560000)
  from space 21824K,  95% used [0x00000000e5560000, 0x00000000e69a1af0, 0x00000000e6ab0000)
  to   space 21824K,   0% used [0x00000000e6ab0000, 0x00000000e6ab0000, 0x00000000e8000000)
 concurrent mark-sweep generation total 393216K, used 176338K [0x00000000e8000000, 0x0000000100000000, 0x0000000100000000)
 Metaspace       used 43432K, capacity 44733K, committed 44908K, reserved 1089536K
  class space    used 5309K, capacity 5616K, committed 5740K, reserved 1048576K
2018-10-31T21:27:46.533-0700: 168.053: [GC (Allocation Failure) 2018-10-31T21:27:46.533-0700: 168.053: [ParNew
Desired survivor size 20112992 bytes, new threshold 8 (max 8)
- age   1:   12979264 bytes,   12979264 total
- age   2:    2685968 bytes,   15665232 total
- age   3:       1480 bytes,   15666712 total
- age   4:       6880 bytes,   15673592 total
- age   5:    1467088 bytes,   17140680 total
- age   6:     595440 bytes,   17736120 total
- age   7:     358232 bytes,   18094352 total
- age   8:    1818968 bytes,   19913320 total
: 108166K->21824K(109248K), 0.0077190 secs] 284505K->201386K(502464K), 0.0077781 secs] [Times: user=0.00 sys=0.00, real=0.00 secs] 
Heap after GC invocations=325 (full 23):
 par new generation   total 109248K, used 21824K [0x00000000e0000000, 0x00000000e8000000, 0x00000000e8000000)
  eden space 87424K,   0% used [0x00000000e0000000, 0x00000000e0000000, 0x00000000e5560000)
  from space 21824K, 100% used [0x00000000e6ab0000, 0x00000000e8000000, 0x00000000e8000000)
  to   space 21824K,   0% used [0x00000000e5560000, 0x00000000e5560000, 0x00000000e6ab0000)
 concurrent mark-sweep generation total 393216K, used 179562K [0x00000000e8000000, 0x0000000100000000, 0x0000000100000000)
 Metaspace       used 43432K, capacity 44733K, committed 44908K, reserved 1089536K
  class space    used 5309K, capacity 5616K, committed 5740K, reserved 1048576K
}
2018-10-31T21:27:46.533-0700: 168.061: Total time for which application threads were stopped: 0.0080046 seconds, Stopping threads took: 0.0000645 seconds
2018-10-31T21:27:46.564-0700: 168.092: Total time for which application threads were stopped: 0.0001732 seconds, Stopping threads took: 0.0000598 seconds
2018-10-31T21:27:46.564-0700: 168.095: Total time for which application threads were stopped: 0.0001874 seconds, Stopping threads took: 0.0000831 seconds
2018-10-31T21:27:46.564-0700: 168.095: Total time for which application threads were stopped: 0.0001258 seconds, Stopping threads took: 0.0000397 seconds
{Heap before GC invocations=325 (full 23):
 par new generation   total 109248K, used 109222K [0x00000000e0000000, 0x00000000e8000000, 0x00000000e8000000)
  eden space 87424K,  99% used [0x00000000e0000000, 0x00000000e55599e0, 0x00000000e5560000)
  from space 21824K, 100% used [0x00000000e6ab0000, 0x00000000e8000000, 0x00000000e8000000)
  to   space 21824K,   0% used [0x00000000e5560000, 0x00000000e5560000, 0x00000000e6ab0000)
 concurrent mark-sweep generation total 393216K, used 179562K [0x00000000e8000000, 0x0000000100000000, 0x0000000100000000)
 Metaspace       used 43436K, capacity 44733K, committed 44908K, reserved 1089536K
  class space    used 5309K, capacity 5616K, committed 5740K, reserved 1048576K
2018-10-31T21:27:46.984-0700: 168.509: [GC (Allocation Failure) 2018-10-31T21:27:46.984-0700: 168.509: [ParNew
Desired survivor size 20112992 bytes, new threshold 8 (max 8)
- age   1:   14463264 bytes,   14463264 total
- age   2:    1659592 bytes,   16122856 total
- age   3:     100656 bytes,   16223512 total
- age   4:       1480 bytes,   16224992 total
- age   5:       6880 bytes,   16231872 total
- age   6:    1466384 bytes,   17698256 total
- age   7:     594952 bytes,   18293208 total
- age   8:     357512 bytes,   18650720 total
: 109222K->21824K(109248K), 0.0077471 secs] 288785K->203645K(502464K), 0.0078055 secs] [Times: user=0.00 sys=0.01, real=0.02 secs] 
Heap after GC invocations=326 (full 23):
 par new generation   total 109248K, used 21824K [0x00000000e0000000, 0x00000000e8000000, 0x00000000e8000000)
  eden space 87424K,   0% used [0x00000000e0000000, 0x00000000e0000000, 0x00000000e5560000)
  from space 21824K, 100% used [0x00000000e5560000, 0x00000000e6ab0000, 0x00000000e6ab0000)
  to   space 21824K,   0% used [0x00000000e6ab0000, 0x00000000e6ab0000, 0x00000000e8000000)
 concurrent mark-sweep generation total 393216K, used 181821K [0x00000000e8000000, 0x0000000100000000, 0x0000000100000000)
 Metaspace       used 43436K, capacity 44733K, committed 44908K, reserved 1089536K
  class space    used 5309K, capacity 5616K, committed 5740K, reserved 1048576K
}
2018-10-31T21:27:46.999-0700: 168.517: Total time for which application threads were stopped: 0.0080268 seconds, Stopping threads took: 0.0000514 seconds
2018-10-31T21:27:47.030-0700: 168.554: Total time for which application threads were stopped: 0.0001820 seconds, Stopping threads took: 0.0000649 seconds
2018-10-31T21:27:47.046-0700: 168.564: Total time for which application threads were stopped: 0.0001842 seconds, Stopping threads took: 0.0000660 seconds
2018-10-31T21:27:47.046-0700: 168.564: Total time for which application threads were stopped: 0.0000959 seconds, Stopping threads took: 0.0000423 seconds
{Heap before GC invocations=326 (full 23):
 par new generation   total 109248K, used 109248K [0x00000000e0000000, 0x00000000e8000000, 0x00000000e8000000)
  eden space 87424K, 100% used [0x00000000e0000000, 0x00000000e5560000, 0x00000000e5560000)
  from space 21824K, 100% used [0x00000000e5560000, 0x00000000e6ab0000, 0x00000000e6ab0000)
  to   space 21824K,   0% used [0x00000000e6ab0000, 0x00000000e6ab0000, 0x00000000e8000000)
 concurrent mark-sweep generation total 393216K, used 181821K [0x00000000e8000000, 0x0000000100000000, 0x0000000100000000)
 Metaspace       used 43436K, capacity 44733K, committed 44908K, reserved 1089536K
  class space    used 5309K, capacity 5616K, committed 5740K, reserved 1048576K
2018-10-31T21:27:47.171-0700: 168.689: [GC (Allocation Failure) 2018-10-31T21:27:47.171-0700: 168.689: [ParNew
Desired survivor size 20112992 bytes, new threshold 8 (max 8)
- age   1:    6409736 bytes,    6409736 total
- age   2:   10407096 bytes,   16816832 total
- age   3:    1362592 bytes,   18179424 total
- age   4:     100296 bytes,   18279720 total
- age   5:       1480 bytes,   18281200 total
- age   6:       6880 bytes,   18288080 total
- age   7:    1465952 bytes,   19754032 total
- age   8:     593576 bytes,   20347608 total
: 109248K->21824K(109248K), 0.0081741 secs] 291069K->205375K(502464K), 0.0082372 secs] [Times: user=0.00 sys=0.00, real=0.00 secs] 
Heap after GC invocations=327 (full 23):
 par new generation   total 109248K, used 21824K [0x00000000e0000000, 0x00000000e8000000, 0x00000000e8000000)
  eden space 87424K,   0% used [0x00000000e0000000, 0x00000000e0000000, 0x00000000e5560000)
  from space 21824K, 100% used [0x00000000e6ab0000, 0x00000000e8000000, 0x00000000e8000000)
  to   space 21824K,   0% used [0x00000000e5560000, 0x00000000e5560000, 0x00000000e6ab0000)
 concurrent mark-sweep generation total 393216K, used 183551K [0x00000000e8000000, 0x0000000100000000, 0x0000000100000000)
 Metaspace       used 43436K, capacity 44733K, committed 44908K, reserved 1089536K
  class space    used 5309K, capacity 5616K, committed 5740K, reserved 1048576K
}
2018-10-31T21:27:47.171-0700: 168.697: Total time for which application threads were stopped: 0.0084528 seconds, Stopping threads took: 0.0000540 seconds
2018-10-31T21:27:47.187-0700: 168.719: Total time for which application threads were stopped: 0.0002363 seconds, Stopping threads took: 0.0000675 seconds
2018-10-31T21:27:47.202-0700: 168.719: Total time for which application threads were stopped: 0.0002144 seconds, Stopping threads took: 0.0000532 seconds
2018-10-31T21:27:47.202-0700: 168.720: Total time for which application threads were stopped: 0.0001492 seconds, Stopping threads took: 0.0000551 seconds
2018-10-31T21:27:47.202-0700: 168.720: Total time for which application threads were stopped: 0.0001408 seconds, Stopping threads took: 0.0000609 seconds
{Heap before GC invocations=327 (full 23):
 par new generation   total 109248K, used 109238K [0x00000000e0000000, 0x00000000e8000000, 0x00000000e8000000)
  eden space 87424K,  99% used [0x00000000e0000000, 0x00000000e555d8d8, 0x00000000e5560000)
  from space 21824K, 100% used [0x00000000e6ab0000, 0x00000000e8000000, 0x00000000e8000000)
  to   space 21824K,   0% used [0x00000000e5560000, 0x00000000e5560000, 0x00000000e6ab0000)
 concurrent mark-sweep generation total 393216K, used 183551K [0x00000000e8000000, 0x0000000100000000, 0x0000000100000000)
 Metaspace       used 43438K, capacity 44737K, committed 44908K, reserved 1089536K
  class space    used 5309K, capacity 5616K, committed 5740K, reserved 1048576K
2018-10-31T21:27:47.608-0700: 169.140: [GC (Allocation Failure) 2018-10-31T21:27:47.608-0700: 169.140: [ParNew
Desired survivor size 20112992 bytes, new threshold 4 (max 8)
- age   1:   11255552 bytes,   11255552 total
- age   2:    3063264 bytes,   14318816 total
- age   3:    5151584 bytes,   19470400 total
- age   4:    1240464 bytes,   20710864 total
- age   5:      99896 bytes,   20810760 total
- age   6:       1400 bytes,   20812160 total
- age   7:       6880 bytes,   20819040 total
- age   8:    1464816 bytes,   22283856 total
: 109238K->21824K(109248K), 0.0107630 secs] 292790K->211526K(502464K), 0.0108177 secs] [Times: user=0.06 sys=0.00, real=0.02 secs] 
Heap after GC invocations=328 (full 23):
 par new generation   total 109248K, used 21824K [0x00000000e0000000, 0x00000000e8000000, 0x00000000e8000000)
  eden space 87424K,   0% used [0x00000000e0000000, 0x00000000e0000000, 0x00000000e5560000)
  from space 21824K, 100% used [0x00000000e5560000, 0x00000000e6ab0000, 0x00000000e6ab0000)
  to   space 21824K,   0% used [0x00000000e6ab0000, 0x00000000e6ab0000, 0x00000000e8000000)
 concurrent mark-sweep generation total 393216K, used 189702K [0x00000000e8000000, 0x0000000100000000, 0x0000000100000000)
 Metaspace       used 43438K, capacity 44737K, committed 44908K, reserved 1089536K
  class space    used 5309K, capacity 5616K, committed 5740K, reserved 1048576K
}
2018-10-31T21:27:47.624-0700: 169.151: Total time for which application threads were stopped: 0.0110128 seconds, Stopping threads took: 0.0000416 seconds
{Heap before GC invocations=328 (full 23):
 par new generation   total 109248K, used 109248K [0x00000000e0000000, 0x00000000e8000000, 0x00000000e8000000)
  eden space 87424K, 100% used [0x00000000e0000000, 0x00000000e5560000, 0x00000000e5560000)
  from space 21824K, 100% used [0x00000000e5560000, 0x00000000e6ab0000, 0x00000000e6ab0000)
  to   space 21824K,   0% used [0x00000000e6ab0000, 0x00000000e6ab0000, 0x00000000e8000000)
 concurrent mark-sweep generation total 393216K, used 189702K [0x00000000e8000000, 0x0000000100000000, 0x0000000100000000)
 Metaspace       used 43438K, capacity 44737K, committed 44908K, reserved 1089536K
  class space    used 5309K, capacity 5616K, committed 5740K, reserved 1048576K
2018-10-31T21:27:48.188-0700: 169.709: [GC (Allocation Failure) 2018-10-31T21:27:48.188-0700: 169.709: [ParNew
Desired survivor size 20112992 bytes, new threshold 4 (max 8)
- age   1:   10091792 bytes,   10091792 total
- age   2:    4466600 bytes,   14558392 total
- age   3:    2395752 bytes,   16954144 total
- age   4:    5151584 bytes,   22105728 total
: 109248K->21824K(109248K), 0.0084703 secs] 298950K->218754K(502464K), 0.0085330 secs] [Times: user=0.00 sys=0.00, real=0.00 secs] 
Heap after GC invocations=329 (full 23):
 par new generation   total 109248K, used 21824K [0x00000000e0000000, 0x00000000e8000000, 0x00000000e8000000)
  eden space 87424K,   0% used [0x00000000e0000000, 0x00000000e0000000, 0x00000000e5560000)
  from space 21824K, 100% used [0x00000000e6ab0000, 0x00000000e8000000, 0x00000000e8000000)
  to   space 21824K,   0% used [0x00000000e5560000, 0x00000000e5560000, 0x00000000e6ab0000)
 concurrent mark-sweep generation total 393216K, used 196930K [0x00000000e8000000, 0x0000000100000000, 0x0000000100000000)
 Metaspace       used 43438K, capacity 44737K, committed 44908K, reserved 1089536K
  class space    used 5309K, capacity 5616K, committed 5740K, reserved 1048576K
}
2018-10-31T21:27:48.188-0700: 169.718: Total time for which application threads were stopped: 0.0087489 seconds, Stopping threads took: 0.0000591 seconds
2018-10-31T21:27:48.188-0700: 169.718: [GC (CMS Initial Mark) [1 CMS-initial-mark: 196930K(393216K)] 219327K(502464K), 0.0009434 secs] [Times: user=0.00 sys=0.00, real=0.00 secs] 
2018-10-31T21:27:48.188-0700: 169.719: Total time for which application threads were stopped: 0.0011243 seconds, Stopping threads took: 0.0000529 seconds
2018-10-31T21:27:48.188-0700: 169.719: [CMS-concurrent-mark-start]
2018-10-31T21:27:48.203-0700: 169.730: [CMS-concurrent-mark: 0.011/0.011 secs] [Times: user=0.08 sys=0.02, real=0.02 secs] 
2018-10-31T21:27:48.203-0700: 169.730: [CMS-concurrent-preclean-start]
2018-10-31T21:27:48.203-0700: 169.732: [CMS-concurrent-preclean: 0.001/0.001 secs] [Times: user=0.00 sys=0.00, real=0.00 secs] 
2018-10-31T21:27:48.203-0700: 169.732: [CMS-concurrent-abortable-preclean-start]
2018-10-31T21:27:48.485-0700: 170.013: [CMS-concurrent-abortable-preclean: 0.066/0.281 secs] [Times: user=0.39 sys=0.03, real=0.28 secs] 
2018-10-31T21:27:48.485-0700: 170.013: [GC (CMS Final Remark) [YG occupancy: 80036 K (109248 K)]{Heap before GC invocations=329 (full 24):
 par new generation   total 109248K, used 80036K [0x00000000e0000000, 0x00000000e8000000, 0x00000000e8000000)
  eden space 87424K,  66% used [0x00000000e0000000, 0x00000000e38d9248, 0x00000000e5560000)
  from space 21824K, 100% used [0x00000000e6ab0000, 0x00000000e8000000, 0x00000000e8000000)
  to   space 21824K,   0% used [0x00000000e5560000, 0x00000000e5560000, 0x00000000e6ab0000)
 concurrent mark-sweep generation total 393216K, used 196930K [0x00000000e8000000, 0x0000000100000000, 0x0000000100000000)
 Metaspace       used 43438K, capacity 44737K, committed 44908K, reserved 1089536K
  class space    used 5309K, capacity 5616K, committed 5740K, reserved 1048576K
2018-10-31T21:27:48.485-0700: 170.013: [GC (CMS Final Remark) 2018-10-31T21:27:48.485-0700: 170.013: [ParNew
Desired survivor size 20112992 bytes, new threshold 8 (max 8)
- age   1:    9341424 bytes,    9341424 total
- age   2:    1368568 bytes,   10709992 total
- age   3:    4286280 bytes,   14996272 total
- age   4:    2361952 bytes,   17358224 total
: 80036K->21824K(109248K), 0.0083995 secs] 276966K->228824K(502464K), 0.0084670 secs] [Times: user=0.06 sys=0.00, real=0.02 secs] 
Heap after GC invocations=330 (full 24):
 par new generation   total 109248K, used 21824K [0x00000000e0000000, 0x00000000e8000000, 0x00000000e8000000)
  eden space 87424K,   0% used [0x00000000e0000000, 0x00000000e0000000, 0x00000000e5560000)
  from space 21824K, 100% used [0x00000000e5560000, 0x00000000e6ab0000, 0x00000000e6ab0000)
  to   space 21824K,   0% used [0x00000000e6ab0000, 0x00000000e6ab0000, 0x00000000e8000000)
 concurrent mark-sweep generation total 393216K, used 207000K [0x00000000e8000000, 0x0000000100000000, 0x0000000100000000)
 Metaspace       used 43438K, capacity 44737K, committed 44908K, reserved 1089536K
  class space    used 5309K, capacity 5616K, committed 5740K, reserved 1048576K
}
2018-10-31T21:27:48.500-0700: 170.022: [Rescan (parallel) , 0.0013402 secs]2018-10-31T21:27:48.500-0700: 170.023: [weak refs processing, 0.0007859 secs]2018-10-31T21:27:48.500-0700: 170.024: [class unloading, 0.0057006 secs]2018-10-31T21:27:48.500-0700: 170.030: [scrub symbol table, 0.0055656 secs]2018-10-31T21:27:48.516-0700: 170.035: [scrub string table, 0.0004372 secs][1 CMS-remark: 207000K(393216K)] 228824K(502464K), 0.0226203 secs] [Times: user=0.08 sys=0.00, real=0.03 secs] 
2018-10-31T21:27:48.516-0700: 170.036: Total time for which application threads were stopped: 0.0228285 seconds, Stopping threads took: 0.0000915 seconds
2018-10-31T21:27:48.516-0700: 170.036: [CMS-concurrent-sweep-start]
2018-10-31T21:27:48.532-0700: 170.060: [CMS-concurrent-sweep: 0.024/0.024 secs] [Times: user=0.03 sys=0.00, real=0.02 secs] 
2018-10-31T21:27:48.532-0700: 170.060: [CMS-concurrent-reset-start]
2018-10-31T21:27:48.532-0700: 170.060: [CMS-concurrent-reset: 0.000/0.000 secs] [Times: user=0.00 sys=0.00, real=0.00 secs] 
{Heap before GC invocations=330 (full 24):
 par new generation   total 109248K, used 109248K [0x00000000e0000000, 0x00000000e8000000, 0x00000000e8000000)
  eden space 87424K, 100% used [0x00000000e0000000, 0x00000000e5560000, 0x00000000e5560000)
  from space 21824K, 100% used [0x00000000e5560000, 0x00000000e6ab0000, 0x00000000e6ab0000)
  to   space 21824K,   0% used [0x00000000e6ab0000, 0x00000000e6ab0000, 0x00000000e8000000)
 concurrent mark-sweep generation total 393216K, used 54294K [0x00000000e8000000, 0x0000000100000000, 0x0000000100000000)
 Metaspace       used 43438K, capacity 44737K, committed 44908K, reserved 1089536K
  class space    used 5309K, capacity 5616K, committed 5740K, reserved 1048576K
2018-10-31T21:27:49.047-0700: 170.565: [GC (Allocation Failure) 2018-10-31T21:27:49.047-0700: 170.565: [ParNew
Desired survivor size 20112992 bytes, new threshold 5 (max 8)
- age   1:   12621712 bytes,   12621712 total
- age   2:     733336 bytes,   13355048 total
- age   3:    1091264 bytes,   14446312 total
- age   4:    4286008 bytes,   18732320 total
- age   5:    2356984 bytes,   21089304 total
: 109248K->21824K(109248K), 0.0077730 secs] 163542K->78482K(502464K), 0.0078310 secs] [Times: user=0.00 sys=0.00, real=0.00 secs] 
Heap after GC invocations=331 (full 24):
 par new generation   total 109248K, used 21824K [0x00000000e0000000, 0x00000000e8000000, 0x00000000e8000000)
  eden space 87424K,   0% used [0x00000000e0000000, 0x00000000e0000000, 0x00000000e5560000)
  from space 21824K, 100% used [0x00000000e6ab0000, 0x00000000e8000000, 0x00000000e8000000)
  to   space 21824K,   0% used [0x00000000e5560000, 0x00000000e5560000, 0x00000000e6ab0000)
 concurrent mark-sweep generation total 393216K, used 56658K [0x00000000e8000000, 0x0000000100000000, 0x0000000100000000)
 Metaspace       used 43438K, capacity 44737K, committed 44908K, reserved 1089536K
  class space    used 5309K, capacity 5616K, committed 5740K, reserved 1048576K
}
2018-10-31T21:27:49.047-0700: 170.573: Total time for which application threads were stopped: 0.0081490 seconds, Stopping threads took: 0.0001440 seconds
{Heap before GC invocations=331 (full 24):
 par new generation   total 109248K, used 109152K [0x00000000e0000000, 0x00000000e8000000, 0x00000000e8000000)
  eden space 87424K,  99% used [0x00000000e0000000, 0x00000000e55483a0, 0x00000000e5560000)
  from space 21824K, 100% used [0x00000000e6ab0000, 0x00000000e8000000, 0x00000000e8000000)
  to   space 21824K,   0% used [0x00000000e5560000, 0x00000000e5560000, 0x00000000e6ab0000)
 concurrent mark-sweep generation total 393216K, used 56658K [0x00000000e8000000, 0x0000000100000000, 0x0000000100000000)
 Metaspace       used 43438K, capacity 44737K, committed 44908K, reserved 1089536K
  class space    used 5309K, capacity 5616K, committed 5740K, reserved 1048576K
2018-10-31T21:27:49.595-0700: 171.115: [GC (Allocation Failure) 2018-10-31T21:27:49.595-0700: 171.115: [ParNew
Desired survivor size 20112992 bytes, new threshold 8 (max 8)
- age   1:    9223904 bytes,    9223904 total
- age   2:    4025904 bytes,   13249808 total
- age   3:     647384 bytes,   13897192 total
- age   4:     506936 bytes,   14404128 total
- age   5:    4284880 bytes,   18689008 total
: 109152K->21824K(109248K), 0.0098476 secs] 165811K->89086K(502464K), 0.0099293 secs] [Times: user=0.00 sys=0.00, real=0.00 secs] 
Heap after GC invocations=332 (full 24):
 par new generation   total 109248K, used 21824K [0x00000000e0000000, 0x00000000e8000000, 0x00000000e8000000)
  eden space 87424K,   0% used [0x00000000e0000000, 0x00000000e0000000, 0x00000000e5560000)
  from space 21824K, 100% used [0x00000000e5560000, 0x00000000e6ab0000, 0x00000000e6ab0000)
  to   space 21824K,   0% used [0x00000000e6ab0000, 0x00000000e6ab0000, 0x00000000e8000000)
 concurrent mark-sweep generation total 393216K, used 67262K [0x00000000e8000000, 0x0000000100000000, 0x0000000100000000)
 Metaspace       used 43438K, capacity 44737K, committed 44908K, reserved 1089536K
  class space    used 5309K, capacity 5616K, committed 5740K, reserved 1048576K
}
2018-10-31T21:27:49.595-0700: 171.125: Total time for which application threads were stopped: 0.0101609 seconds, Stopping threads took: 0.0000485 seconds
{Heap before GC invocations=332 (full 24):
 par new generation   total 109248K, used 109248K [0x00000000e0000000, 0x00000000e8000000, 0x00000000e8000000)
  eden space 87424K, 100% used [0x00000000e0000000, 0x00000000e5560000, 0x00000000e5560000)
  from space 21824K, 100% used [0x00000000e5560000, 0x00000000e6ab0000, 0x00000000e6ab0000)
  to   space 21824K,   0% used [0x00000000e6ab0000, 0x00000000e6ab0000, 0x00000000e8000000)
 concurrent mark-sweep generation total 393216K, used 67262K [0x00000000e8000000, 0x0000000100000000, 0x0000000100000000)
 Metaspace       used 43438K, capacity 44737K, committed 44908K, reserved 1089536K
  class space    used 5309K, capacity 5616K, committed 5740K, reserved 1048576K
2018-10-31T21:27:50.204-0700: 171.726: [GC (Allocation Failure) 2018-10-31T21:27:50.204-0700: 171.726: [ParNew
Desired survivor size 20112992 bytes, new threshold 6 (max 8)
- age   1:   12596264 bytes,   12596264 total
- age   2:    1416400 bytes,   14012664 total
- age   3:    2734000 bytes,   16746664 total
- age   4:     555992 bytes,   17302656 total
- age   5:     404000 bytes,   17706656 total
- age   6:    4258384 bytes,   21965040 total
: 109248K->21824K(109248K), 0.0109901 secs] 176510K->94555K(502464K), 0.0110591 secs] [Times: user=0.01 sys=0.00, real=0.02 secs] 
Heap after GC invocations=333 (full 24):
 par new generation   total 109248K, used 21824K [0x00000000e0000000, 0x00000000e8000000, 0x00000000e8000000)
  eden space 87424K,   0% used [0x00000000e0000000, 0x00000000e0000000, 0x00000000e5560000)
  from space 21824K, 100% used [0x00000000e6ab0000, 0x00000000e8000000, 0x00000000e8000000)
  to   space 21824K,   0% used [0x00000000e5560000, 0x00000000e5560000, 0x00000000e6ab0000)
 concurrent mark-sweep generation total 393216K, used 72731K [0x00000000e8000000, 0x0000000100000000, 0x0000000100000000)
 Metaspace       used 43438K, capacity 44737K, committed 44908K, reserved 1089536K
  class space    used 5309K, capacity 5616K, committed 5740K, reserved 1048576K
}
2018-10-31T21:27:50.219-0700: 171.737: Total time for which application threads were stopped: 0.0113078 seconds, Stopping threads took: 0.0000405 seconds
{Heap before GC invocations=333 (full 24):
 par new generation   total 109248K, used 109248K [0x00000000e0000000, 0x00000000e8000000, 0x00000000e8000000)
  eden space 87424K, 100% used [0x00000000e0000000, 0x00000000e5560000, 0x00000000e5560000)
  from space 21824K, 100% used [0x00000000e6ab0000, 0x00000000e8000000, 0x00000000e8000000)
  to   space 21824K,   0% used [0x00000000e5560000, 0x00000000e5560000, 0x00000000e6ab0000)
 concurrent mark-sweep generation total 393216K, used 72731K [0x00000000e8000000, 0x0000000100000000, 0x0000000100000000)
 Metaspace       used 43438K, capacity 44737K, committed 44908K, reserved 1089536K
  class space    used 5309K, capacity 5616K, committed 5740K, reserved 1048576K
2018-10-31T21:27:50.688-0700: 172.220: [GC (Allocation Failure) 2018-10-31T21:27:50.688-0700: 172.220: [ParNew
Desired survivor size 20112992 bytes, new threshold 4 (max 8)
- age   1:    8290272 bytes,    8290272 total
- age   2:    9027088 bytes,   17317360 total
- age   3:    1401680 bytes,   18719040 total
- age   4:    2637616 bytes,   21356656 total
- age   5:     536232 bytes,   21892888 total
- age   6:     395208 bytes,   22288096 total
: 109248K->21824K(109248K), 0.0111904 secs] 181979K->105254K(502464K), 0.0112491 secs] [Times: user=0.13 sys=0.00, real=0.03 secs] 
Heap after GC invocations=334 (full 24):
 par new generation   total 109248K, used 21824K [0x00000000e0000000, 0x00000000e8000000, 0x00000000e8000000)
  eden space 87424K,   0% used [0x00000000e0000000, 0x00000000e0000000, 0x00000000e5560000)
  from space 21824K, 100% used [0x00000000e5560000, 0x00000000e6ab0000, 0x00000000e6ab0000)
  to   space 21824K,   0% used [0x00000000e6ab0000, 0x00000000e6ab0000, 0x00000000e8000000)
 concurrent mark-sweep generation total 393216K, used 83430K [0x00000000e8000000, 0x0000000100000000, 0x0000000100000000)
 Metaspace       used 43438K, capacity 44737K, committed 44908K, reserved 1089536K
  class space    used 5309K, capacity 5616K, committed 5740K, reserved 1048576K
}
2018-10-31T21:27:50.713-0700: 172.231: Total time for which application threads were stopped: 0.0114803 seconds, Stopping threads took: 0.0000645 seconds
{Heap before GC invocations=334 (full 24):
 par new generation   total 109248K, used 109248K [0x00000000e0000000, 0x00000000e8000000, 0x00000000e8000000)
  eden space 87424K, 100% used [0x00000000e0000000, 0x00000000e5560000, 0x00000000e5560000)
  from space 21824K, 100% used [0x00000000e5560000, 0x00000000e6ab0000, 0x00000000e6ab0000)
  to   space 21824K,   0% used [0x00000000e6ab0000, 0x00000000e6ab0000, 0x00000000e8000000)
 concurrent mark-sweep generation total 393216K, used 83430K [0x00000000e8000000, 0x0000000100000000, 0x0000000100000000)
 Metaspace       used 43438K, capacity 44737K, committed 44908K, reserved 1089536K
  class space    used 5309K, capacity 5616K, committed 5740K, reserved 1048576K
2018-10-31T21:27:51.366-0700: 172.895: [GC (Allocation Failure) 2018-10-31T21:27:51.366-0700: 172.895: [ParNew
Desired survivor size 20112992 bytes, new threshold 8 (max 8)
- age   1:   11697096 bytes,   11697096 total
- age   2:    2219800 bytes,   13916896 total
- age   3:    4309712 bytes,   18226608 total
- age   4:    1376576 bytes,   19603184 total
: 109248K->21824K(109248K), 0.0086737 secs] 192678K->113845K(502464K), 0.0087365 secs] [Times: user=0.06 sys=0.00, real=0.02 secs] 
Heap after GC invocations=335 (full 24):
 par new generation   total 109248K, used 21824K [0x00000000e0000000, 0x00000000e8000000, 0x00000000e8000000)
  eden space 87424K,   0% used [0x00000000e0000000, 0x00000000e0000000, 0x00000000e5560000)
  from space 21824K, 100% used [0x00000000e6ab0000, 0x00000000e8000000, 0x00000000e8000000)
  to   space 21824K,   0% used [0x00000000e5560000, 0x00000000e5560000, 0x00000000e6ab0000)
 concurrent mark-sweep generation total 393216K, used 92021K [0x00000000e8000000, 0x0000000100000000, 0x0000000100000000)
 Metaspace       used 43438K, capacity 44737K, committed 44908K, reserved 1089536K
  class space    used 5309K, capacity 5616K, committed 5740K, reserved 1048576K
}
2018-10-31T21:27:51.381-0700: 172.904: Total time for which application threads were stopped: 0.0090103 seconds, Stopping threads took: 0.0001120 seconds
{Heap before GC invocations=335 (full 24):
 par new generation   total 109248K, used 109248K [0x00000000e0000000, 0x00000000e8000000, 0x00000000e8000000)
  eden space 87424K, 100% used [0x00000000e0000000, 0x00000000e5560000, 0x00000000e5560000)
  from space 21824K, 100% used [0x00000000e6ab0000, 0x00000000e8000000, 0x00000000e8000000)
  to   space 21824K,   0% used [0x00000000e5560000, 0x00000000e5560000, 0x00000000e6ab0000)
 concurrent mark-sweep generation total 393216K, used 92021K [0x00000000e8000000, 0x0000000100000000, 0x0000000100000000)
 Metaspace       used 43443K, capacity 44737K, committed 44908K, reserved 1089536K
  class space    used 5309K, capacity 5616K, committed 5740K, reserved 1048576K
2018-10-31T21:27:51.999-0700: 173.527: [GC (Allocation Failure) 2018-10-31T21:27:51.999-0700: 173.527: [ParNew
Desired survivor size 20112992 bytes, new threshold 4 (max 8)
- age   1:   14050992 bytes,   14050992 total
- age   2:    1819736 bytes,   15870728 total
- age   3:     416296 bytes,   16287024 total
- age   4:    3861400 bytes,   20148424 total
- age   5:    1361352 bytes,   21509776 total
: 109248K->21824K(109248K), 0.0093586 secs] 201269K->120013K(502464K), 0.0094107 secs] [Times: user=0.06 sys=0.00, real=0.02 secs] 
Heap after GC invocations=336 (full 24):
 par new generation   total 109248K, used 21824K [0x00000000e0000000, 0x00000000e8000000, 0x00000000e8000000)
  eden space 87424K,   0% used [0x00000000e0000000, 0x00000000e0000000, 0x00000000e5560000)
  from space 21824K, 100% used [0x00000000e5560000, 0x00000000e6ab0000, 0x00000000e6ab0000)
  to   space 21824K,   0% used [0x00000000e6ab0000, 0x00000000e6ab0000, 0x00000000e8000000)
 concurrent mark-sweep generation total 393216K, used 98189K [0x00000000e8000000, 0x0000000100000000, 0x0000000100000000)
 Metaspace       used 43443K, capacity 44737K, committed 44908K, reserved 1089536K
  class space    used 5309K, capacity 5616K, committed 5740K, reserved 1048576K
}
2018-10-31T21:27:52.015-0700: 173.536: Total time for which application threads were stopped: 0.0096525 seconds, Stopping threads took: 0.0000547 seconds
{Heap before GC invocations=336 (full 24):
 par new generation   total 109248K, used 109248K [0x00000000e0000000, 0x00000000e8000000, 0x00000000e8000000)
  eden space 87424K, 100% used [0x00000000e0000000, 0x00000000e5560000, 0x00000000e5560000)
  from space 21824K, 100% used [0x00000000e5560000, 0x00000000e6ab0000, 0x00000000e6ab0000)
  to   space 21824K,   0% used [0x00000000e6ab0000, 0x00000000e6ab0000, 0x00000000e8000000)
 concurrent mark-sweep generation total 393216K, used 98189K [0x00000000e8000000, 0x0000000100000000, 0x0000000100000000)
 Metaspace       used 43443K, capacity 44737K, committed 44908K, reserved 1089536K
  class space    used 5309K, capacity 5616K, committed 5740K, reserved 1048576K
2018-10-31T21:27:52.484-0700: 174.013: [GC (Allocation Failure) 2018-10-31T21:27:52.484-0700: 174.014: [ParNew
Desired survivor size 20112992 bytes, new threshold 8 (max 8)
- age   1:    8749576 bytes,    8749576 total
- age   2:    7347624 bytes,   16097200 total
- age   3:    1794568 bytes,   17891768 total
- age   4:     384248 bytes,   18276016 total
: 109248K->21824K(109248K), 0.0091172 secs] 207437K->128424K(502464K), 0.0091733 secs] [Times: user=0.06 sys=0.00, real=0.02 secs] 
Heap after GC invocations=337 (full 24):
 par new generation   total 109248K, used 21824K [0x00000000e0000000, 0x00000000e8000000, 0x00000000e8000000)
  eden space 87424K,   0% used [0x00000000e0000000, 0x00000000e0000000, 0x00000000e5560000)
  from space 21824K, 100% used [0x00000000e6ab0000, 0x00000000e8000000, 0x00000000e8000000)
  to   space 21824K,   0% used [0x00000000e5560000, 0x00000000e5560000, 0x00000000e6ab0000)
 concurrent mark-sweep generation total 393216K, used 106600K [0x00000000e8000000, 0x0000000100000000, 0x0000000100000000)
 Metaspace       used 43443K, capacity 44737K, committed 44908K, reserved 1089536K
  class space    used 5309K, capacity 5616K, committed 5740K, reserved 1048576K
}
2018-10-31T21:27:52.500-0700: 174.023: Total time for which application threads were stopped: 0.0093845 seconds, Stopping threads took: 0.0000580 seconds
{Heap before GC invocations=337 (full 24):
 par new generation   total 109248K, used 109248K [0x00000000e0000000, 0x00000000e8000000, 0x00000000e8000000)
  eden space 87424K, 100% used [0x00000000e0000000, 0x00000000e5560000, 0x00000000e5560000)
  from space 21824K, 100% used [0x00000000e6ab0000, 0x00000000e8000000, 0x00000000e8000000)
  to   space 21824K,   0% used [0x00000000e5560000, 0x00000000e5560000, 0x00000000e6ab0000)
 concurrent mark-sweep generation total 393216K, used 106600K [0x00000000e8000000, 0x0000000100000000, 0x0000000100000000)
 Metaspace       used 43445K, capacity 44737K, committed 44908K, reserved 1089536K
  class space    used 5309K, capacity 5616K, committed 5740K, reserved 1048576K
2018-10-31T21:27:52.830-0700: 174.347: [GC (Allocation Failure) 2018-10-31T21:27:52.830-0700: 174.347: [ParNew
Desired survivor size 20112992 bytes, new threshold 4 (max 8)
- age   1:    7655568 bytes,    7655568 total
- age   2:    4042096 bytes,   11697664 total
- age   3:    6658456 bytes,   18356120 total
- age   4:    1774656 bytes,   20130776 total
- age   5:     360776 bytes,   20491552 total
: 109248K->21824K(109248K), 0.0082846 secs] 215848K->130817K(502464K), 0.0083557 secs] [Times: user=0.00 sys=0.00, real=0.00 secs] 
Heap after GC invocations=338 (full 24):
 par new generation   total 109248K, used 21824K [0x00000000e0000000, 0x00000000e8000000, 0x00000000e8000000)
  eden space 87424K,   0% used [0x00000000e0000000, 0x00000000e0000000, 0x00000000e5560000)
  from space 21824K, 100% used [0x00000000e5560000, 0x00000000e6ab0000, 0x00000000e6ab0000)
  to   space 21824K,   0% used [0x00000000e6ab0000, 0x00000000e6ab0000, 0x00000000e8000000)
 concurrent mark-sweep generation total 393216K, used 108993K [0x00000000e8000000, 0x0000000100000000, 0x0000000100000000)
 Metaspace       used 43445K, capacity 44737K, committed 44908K, reserved 1089536K
  class space    used 5309K, capacity 5616K, committed 5740K, reserved 1048576K
}
2018-10-31T21:27:52.830-0700: 174.356: Total time for which application threads were stopped: 0.0086767 seconds, Stopping threads took: 0.0000769 seconds
{Heap before GC invocations=338 (full 24):
 par new generation   total 109248K, used 109248K [0x00000000e0000000, 0x00000000e8000000, 0x00000000e8000000)
  eden space 87424K, 100% used [0x00000000e0000000, 0x00000000e5560000, 0x00000000e5560000)
  from space 21824K, 100% used [0x00000000e5560000, 0x00000000e6ab0000, 0x00000000e6ab0000)
  to   space 21824K,   0% used [0x00000000e6ab0000, 0x00000000e6ab0000, 0x00000000e8000000)
 concurrent mark-sweep generation total 393216K, used 108993K [0x00000000e8000000, 0x0000000100000000, 0x0000000100000000)
 Metaspace       used 43445K, capacity 44737K, committed 44908K, reserved 1089536K
  class space    used 5309K, capacity 5616K, committed 5740K, reserved 1048576K
2018-10-31T21:27:53.241-0700: 174.768: [GC (Allocation Failure) 2018-10-31T21:27:53.241-0700: 174.768: [ParNew
Desired survivor size 20112992 bytes, new threshold 8 (max 8)
- age   1:    7364984 bytes,    7364984 total
- age   2:    2725064 bytes,   10090048 total
- age   3:    3359224 bytes,   13449272 total
- age   4:    3212016 bytes,   16661288 total
: 109248K->21824K(109248K), 0.0089954 secs] 218241K->139129K(502464K), 0.0090563 secs] [Times: user=0.06 sys=0.00, real=0.02 secs] 
Heap after GC invocations=339 (full 24):
 par new generation   total 109248K, used 21824K [0x00000000e0000000, 0x00000000e8000000, 0x00000000e8000000)
  eden space 87424K,   0% used [0x00000000e0000000, 0x00000000e0000000, 0x00000000e5560000)
  from space 21824K, 100% used [0x00000000e6ab0000, 0x00000000e8000000, 0x00000000e8000000)
  to   space 21824K,   0% used [0x00000000e5560000, 0x00000000e5560000, 0x00000000e6ab0000)
 concurrent mark-sweep generation total 393216K, used 117305K [0x00000000e8000000, 0x0000000100000000, 0x0000000100000000)
 Metaspace       used 43445K, capacity 44737K, committed 44908K, reserved 1089536K
  class space    used 5309K, capacity 5616K, committed 5740K, reserved 1048576K
}
2018-10-31T21:27:53.257-0700: 174.777: Total time for which application threads were stopped: 0.0093272 seconds, Stopping threads took: 0.0000613 seconds
{Heap before GC invocations=339 (full 24):
 par new generation   total 109248K, used 109248K [0x00000000e0000000, 0x00000000e8000000, 0x00000000e8000000)
  eden space 87424K, 100% used [0x00000000e0000000, 0x00000000e5560000, 0x00000000e5560000)
  from space 21824K, 100% used [0x00000000e6ab0000, 0x00000000e8000000, 0x00000000e8000000)
  to   space 21824K,   0% used [0x00000000e5560000, 0x00000000e5560000, 0x00000000e6ab0000)
 concurrent mark-sweep generation total 393216K, used 117305K [0x00000000e8000000, 0x0000000100000000, 0x0000000100000000)
 Metaspace       used 43445K, capacity 44737K, committed 44908K, reserved 1089536K
  class space    used 5309K, capacity 5616K, committed 5740K, reserved 1048576K
2018-10-31T21:27:53.319-0700: 174.842: [GC (Allocation Failure) 2018-10-31T21:27:53.319-0700: 174.842: [ParNew
Desired survivor size 20112992 bytes, new threshold 8 (max 8)
- age   1:    1464048 bytes,    1464048 total
- age   2:    6325056 bytes,    7789104 total
- age   3:    2591952 bytes,   10381056 total
- age   4:    3359224 bytes,   13740280 total
- age   5:    3212016 bytes,   16952296 total
: 109248K->21824K(109248K), 0.0064295 secs] 226553K->139175K(502464K), 0.0064879 secs] [Times: user=0.00 sys=0.00, real=0.00 secs] 
Heap after GC invocations=340 (full 24):
 par new generation   total 109248K, used 21824K [0x00000000e0000000, 0x00000000e8000000, 0x00000000e8000000)
  eden space 87424K,   0% used [0x00000000e0000000, 0x00000000e0000000, 0x00000000e5560000)
  from space 21824K, 100% used [0x00000000e5560000, 0x00000000e6ab0000, 0x00000000e6ab0000)
  to   space 21824K,   0% used [0x00000000e6ab0000, 0x00000000e6ab0000, 0x00000000e8000000)
 concurrent mark-sweep generation total 393216K, used 117351K [0x00000000e8000000, 0x0000000100000000, 0x0000000100000000)
 Metaspace       used 43445K, capacity 44737K, committed 44908K, reserved 1089536K
  class space    used 5309K, capacity 5616K, committed 5740K, reserved 1048576K
}
2018-10-31T21:27:53.319-0700: 174.849: Total time for which application threads were stopped: 0.0067917 seconds, Stopping threads took: 0.0000726 seconds
{Heap before GC invocations=340 (full 24):
 par new generation   total 109248K, used 109248K [0x00000000e0000000, 0x00000000e8000000, 0x00000000e8000000)
  eden space 87424K, 100% used [0x00000000e0000000, 0x00000000e5560000, 0x00000000e5560000)
  from space 21824K, 100% used [0x00000000e5560000, 0x00000000e6ab0000, 0x00000000e6ab0000)
  to   space 21824K,   0% used [0x00000000e6ab0000, 0x00000000e6ab0000, 0x00000000e8000000)
 concurrent mark-sweep generation total 393216K, used 117351K [0x00000000e8000000, 0x0000000100000000, 0x0000000100000000)
 Metaspace       used 43445K, capacity 44737K, committed 44908K, reserved 1089536K
  class space    used 5309K, capacity 5616K, committed 5740K, reserved 1048576K
2018-10-31T21:27:53.366-0700: 174.894: [GC (Allocation Failure) 2018-10-31T21:27:53.366-0700: 174.894: [ParNew
Desired survivor size 20112992 bytes, new threshold 8 (max 8)
- age   1:     670072 bytes,     670072 total
- age   2:    1352328 bytes,    2022400 total
- age   3:    5836376 bytes,    7858776 total
- age   4:    2591952 bytes,   10450728 total
- age   5:    3359224 bytes,   13809952 total
- age   6:    3212016 bytes,   17021968 total
: 109248K->20163K(109248K), 0.0065955 secs] 226599K->137515K(502464K), 0.0067001 secs] [Times: user=0.06 sys=0.00, real=0.02 secs] 
Heap after GC invocations=341 (full 24):
 par new generation   total 109248K, used 20163K [0x00000000e0000000, 0x00000000e8000000, 0x00000000e8000000)
  eden space 87424K,   0% used [0x00000000e0000000, 0x00000000e0000000, 0x00000000e5560000)
  from space 21824K,  92% used [0x00000000e6ab0000, 0x00000000e7e60d38, 0x00000000e8000000)
  to   space 21824K,   0% used [0x00000000e5560000, 0x00000000e5560000, 0x00000000e6ab0000)
 concurrent mark-sweep generation total 393216K, used 117351K [0x00000000e8000000, 0x0000000100000000, 0x0000000100000000)
 Metaspace       used 43445K, capacity 44737K, committed 44908K, reserved 1089536K
  class space    used 5309K, capacity 5616K, committed 5740K, reserved 1048576K
}
2018-10-31T21:27:53.382-0700: 174.901: Total time for which application threads were stopped: 0.0069474 seconds, Stopping threads took: 0.0000594 seconds
{Heap before GC invocations=341 (full 24):
 par new generation   total 109248K, used 107587K [0x00000000e0000000, 0x00000000e8000000, 0x00000000e8000000)
  eden space 87424K, 100% used [0x00000000e0000000, 0x00000000e5560000, 0x00000000e5560000)
  from space 21824K,  92% used [0x00000000e6ab0000, 0x00000000e7e60d38, 0x00000000e8000000)
  to   space 21824K,   0% used [0x00000000e5560000, 0x00000000e5560000, 0x00000000e6ab0000)
 concurrent mark-sweep generation total 393216K, used 117351K [0x00000000e8000000, 0x0000000100000000, 0x0000000100000000)
 Metaspace       used 43445K, capacity 44737K, committed 44908K, reserved 1089536K
  class space    used 5309K, capacity 5616K, committed 5740K, reserved 1048576K
2018-10-31T21:27:53.721-0700: 175.239: [GC (Allocation Failure) 2018-10-31T21:27:53.721-0700: 175.239: [ParNew
Desired survivor size 20112992 bytes, new threshold 8 (max 8)
- age   1:    6795064 bytes,    6795064 total
- age   2:     629368 bytes,    7424432 total
- age   3:    1222448 bytes,    8646880 total
- age   4:    1948376 bytes,   10595256 total
- age   5:    2522536 bytes,   13117792 total
- age   6:    3359136 bytes,   16476928 total
- age   7:    3211096 bytes,   19688024 total
: 107587K->21824K(109248K), 0.0084345 secs] 224939K->139655K(502464K), 0.0085104 secs] [Times: user=0.06 sys=0.00, real=0.01 secs] 
Heap after GC invocations=342 (full 24):
 par new generation   total 109248K, used 21824K [0x00000000e0000000, 0x00000000e8000000, 0x00000000e8000000)
  eden space 87424K,   0% used [0x00000000e0000000, 0x00000000e0000000, 0x00000000e5560000)
  from space 21824K, 100% used [0x00000000e5560000, 0x00000000e6ab0000, 0x00000000e6ab0000)
  to   space 21824K,   0% used [0x00000000e6ab0000, 0x00000000e6ab0000, 0x00000000e8000000)
 concurrent mark-sweep generation total 393216K, used 117831K [0x00000000e8000000, 0x0000000100000000, 0x0000000100000000)
 Metaspace       used 43445K, capacity 44737K, committed 44908K, reserved 1089536K
  class space    used 5309K, capacity 5616K, committed 5740K, reserved 1048576K
}
2018-10-31T21:27:53.729-0700: 175.247: Total time for which application threads were stopped: 0.0087733 seconds, Stopping threads took: 0.0000682 seconds
{Heap before GC invocations=342 (full 24):
 par new generation   total 109248K, used 109248K [0x00000000e0000000, 0x00000000e8000000, 0x00000000e8000000)
  eden space 87424K, 100% used [0x00000000e0000000, 0x00000000e5560000, 0x00000000e5560000)
  from space 21824K, 100% used [0x00000000e5560000, 0x00000000e6ab0000, 0x00000000e6ab0000)
  to   space 21824K,   0% used [0x00000000e6ab0000, 0x00000000e6ab0000, 0x00000000e8000000)
 concurrent mark-sweep generation total 393216K, used 117831K [0x00000000e8000000, 0x0000000100000000, 0x0000000100000000)
 Metaspace       used 43445K, capacity 44737K, committed 44908K, reserved 1089536K
  class space    used 5309K, capacity 5616K, committed 5740K, reserved 1048576K
2018-10-31T21:27:53.995-0700: 175.512: [GC (Allocation Failure) 2018-10-31T21:27:53.995-0700: 175.512: [ParNew
Desired survivor size 20112992 bytes, new threshold 8 (max 8)
- age   1:    9197016 bytes,    9197016 total
- age   2:    3192568 bytes,   12389584 total
- age   3:      56656 bytes,   12446240 total
- age   4:      49136 bytes,   12495376 total
- age   5:     726848 bytes,   13222224 total
- age   6:    2522536 bytes,   15744760 total
- age   7:    3359136 bytes,   19103896 total
- age   8:    3211096 bytes,   22314992 total
: 109248K->21824K(109248K), 0.0088626 secs] 227079K->146364K(502464K), 0.0089596 secs] [Times: user=0.03 sys=0.00, real=0.01 secs] 
Heap after GC invocations=343 (full 24):
 par new generation   total 109248K, used 21824K [0x00000000e0000000, 0x00000000e8000000, 0x00000000e8000000)
  eden space 87424K,   0% used [0x00000000e0000000, 0x00000000e0000000, 0x00000000e5560000)
  from space 21824K, 100% used [0x00000000e6ab0000, 0x00000000e8000000, 0x00000000e8000000)
  to   space 21824K,   0% used [0x00000000e5560000, 0x00000000e5560000, 0x00000000e6ab0000)
 concurrent mark-sweep generation total 393216K, used 124540K [0x00000000e8000000, 0x0000000100000000, 0x0000000100000000)
 Metaspace       used 43445K, capacity 44737K, committed 44908K, reserved 1089536K
  class space    used 5309K, capacity 5616K, committed 5740K, reserved 1048576K
}
2018-10-31T21:27:54.004-0700: 175.521: Total time for which application threads were stopped: 0.0091620 seconds, Stopping threads took: 0.0000427 seconds
{Heap before GC invocations=343 (full 24):
 par new generation   total 109248K, used 109248K [0x00000000e0000000, 0x00000000e8000000, 0x00000000e8000000)
  eden space 87424K, 100% used [0x00000000e0000000, 0x00000000e5560000, 0x00000000e5560000)
  from space 21824K, 100% used [0x00000000e6ab0000, 0x00000000e8000000, 0x00000000e8000000)
  to   space 21824K,   0% used [0x00000000e5560000, 0x00000000e5560000, 0x00000000e6ab0000)
 concurrent mark-sweep generation total 393216K, used 124540K [0x00000000e8000000, 0x0000000100000000, 0x0000000100000000)
 Metaspace       used 43445K, capacity 44737K, committed 44908K, reserved 1089536K
  class space    used 5309K, capacity 5616K, committed 5740K, reserved 1048576K
2018-10-31T21:27:54.281-0700: 175.800: [GC (Allocation Failure) 2018-10-31T21:27:54.281-0700: 175.800: [ParNew
Desired survivor size 20112992 bytes, new threshold 8 (max 8)
- age   1:    4745480 bytes,    4745480 total
- age   2:    6560056 bytes,   11305536 total
- age   3:    2114704 bytes,   13420240 total
- age   4:      56656 bytes,   13476896 total
- age   5:      49136 bytes,   13526032 total
- age   6:     726848 bytes,   14252880 total
- age   7:    2522536 bytes,   16775416 total
- age   8:    3359136 bytes,   20134552 total
: 109248K->21824K(109248K), 0.0084265 secs] 233788K->151028K(502464K), 0.0084837 secs] [Times: user=0.00 sys=0.00, real=0.00 secs] 
Heap after GC invocations=344 (full 24):
 par new generation   total 109248K, used 21824K [0x00000000e0000000, 0x00000000e8000000, 0x00000000e8000000)
  eden space 87424K,   0% used [0x00000000e0000000, 0x00000000e0000000, 0x00000000e5560000)
  from space 21824K, 100% used [0x00000000e5560000, 0x00000000e6ab0000, 0x00000000e6ab0000)
  to   space 21824K,   0% used [0x00000000e6ab0000, 0x00000000e6ab0000, 0x00000000e8000000)
 concurrent mark-sweep generation total 393216K, used 129204K [0x00000000e8000000, 0x0000000100000000, 0x0000000100000000)
 Metaspace       used 43445K, capacity 44737K, committed 44908K, reserved 1089536K
  class space    used 5309K, capacity 5616K, committed 5740K, reserved 1048576K
}
2018-10-31T21:27:54.281-0700: 175.808: Total time for which application threads were stopped: 0.0087489 seconds, Stopping threads took: 0.0000930 seconds
{Heap before GC invocations=344 (full 24):
 par new generation   total 109248K, used 109248K [0x00000000e0000000, 0x00000000e8000000, 0x00000000e8000000)
  eden space 87424K, 100% used [0x00000000e0000000, 0x00000000e5560000, 0x00000000e5560000)
  from space 21824K, 100% used [0x00000000e5560000, 0x00000000e6ab0000, 0x00000000e6ab0000)
  to   space 21824K,   0% used [0x00000000e6ab0000, 0x00000000e6ab0000, 0x00000000e8000000)
 concurrent mark-sweep generation total 393216K, used 129204K [0x00000000e8000000, 0x0000000100000000, 0x0000000100000000)
 Metaspace       used 43445K, capacity 44737K, committed 44908K, reserved 1089536K
  class space    used 5309K, capacity 5616K, committed 5740K, reserved 1048576K
2018-10-31T21:27:54.797-0700: 176.330: [GC (Allocation Failure) 2018-10-31T21:27:54.797-0700: 176.330: [ParNew
Desired survivor size 20112992 bytes, new threshold 8 (max 8)
- age   1:    8703416 bytes,    8703416 total
- age   2:    1384152 bytes,   10087568 total
- age   3:    5099072 bytes,   15186640 total
- age   4:     702408 bytes,   15889048 total
- age   5:      56656 bytes,   15945704 total
- age   6:      49160 bytes,   15994864 total
- age   7:     399008 bytes,   16393872 total
- age   8:    2325832 bytes,   18719704 total
: 109248K->21824K(109248K), 0.0088984 secs] 238452K->159212K(502464K), 0.0090326 secs] [Times: user=0.06 sys=0.00, real=0.02 secs] 
Heap after GC invocations=345 (full 24):
 par new generation   total 109248K, used 21824K [0x00000000e0000000, 0x00000000e8000000, 0x00000000e8000000)
  eden space 87424K,   0% used [0x00000000e0000000, 0x00000000e0000000, 0x00000000e5560000)
  from space 21824K, 100% used [0x00000000e6ab0000, 0x00000000e8000000, 0x00000000e8000000)
  to   space 21824K,   0% used [0x00000000e5560000, 0x00000000e5560000, 0x00000000e6ab0000)
 concurrent mark-sweep generation total 393216K, used 137388K [0x00000000e8000000, 0x0000000100000000, 0x0000000100000000)
 Metaspace       used 43445K, capacity 44737K, committed 44908K, reserved 1089536K
  class space    used 5309K, capacity 5616K, committed 5740K, reserved 1048576K
}
2018-10-31T21:27:54.813-0700: 176.339: Total time for which application threads were stopped: 0.0092372 seconds, Stopping threads took: 0.0000387 seconds
{Heap before GC invocations=345 (full 24):
 par new generation   total 109248K, used 109248K [0x00000000e0000000, 0x00000000e8000000, 0x00000000e8000000)
  eden space 87424K, 100% used [0x00000000e0000000, 0x00000000e5560000, 0x00000000e5560000)
  from space 21824K, 100% used [0x00000000e6ab0000, 0x00000000e8000000, 0x00000000e8000000)
  to   space 21824K,   0% used [0x00000000e5560000, 0x00000000e5560000, 0x00000000e6ab0000)
 concurrent mark-sweep generation total 393216K, used 137388K [0x00000000e8000000, 0x0000000100000000, 0x0000000100000000)
 Metaspace       used 43445K, capacity 44737K, committed 44908K, reserved 1089536K
  class space    used 5309K, capacity 5616K, committed 5740K, reserved 1048576K
2018-10-31T21:27:55.406-0700: 176.932: [GC (Allocation Failure) 2018-10-31T21:27:55.406-0700: 176.932: [ParNew
Desired survivor size 20112992 bytes, new threshold 5 (max 8)
- age   1:   16048120 bytes,   16048120 total
- age   2:    2222936 bytes,   18271056 total
- age   3:    1384056 bytes,   19655112 total
- age   4:     321040 bytes,   19976152 total
- age   5:     700136 bytes,   20676288 total
- age   6:      56680 bytes,   20732968 total
- age   7:      49208 bytes,   20782176 total
- age   8:     399008 bytes,   21181184 total
: 109248K->21824K(109248K), 0.0095883 secs] 246636K->163924K(502464K), 0.0096423 secs] [Times: user=0.06 sys=0.00, real=0.02 secs] 
Heap after GC invocations=346 (full 24):
 par new generation   total 109248K, used 21824K [0x00000000e0000000, 0x00000000e8000000, 0x00000000e8000000)
  eden space 87424K,   0% used [0x00000000e0000000, 0x00000000e0000000, 0x00000000e5560000)
  from space 21824K, 100% used [0x00000000e5560000, 0x00000000e6ab0000, 0x00000000e6ab0000)
  to   space 21824K,   0% used [0x00000000e6ab0000, 0x00000000e6ab0000, 0x00000000e8000000)
 concurrent mark-sweep generation total 393216K, used 142100K [0x00000000e8000000, 0x0000000100000000, 0x0000000100000000)
 Metaspace       used 43445K, capacity 44737K, committed 44908K, reserved 1089536K
  class space    used 5309K, capacity 5616K, committed 5740K, reserved 1048576K
}
2018-10-31T21:27:55.421-0700: 176.942: Total time for which application threads were stopped: 0.0098443 seconds, Stopping threads took: 0.0000423 seconds
{Heap before GC invocations=346 (full 24):
 par new generation   total 109248K, used 109248K [0x00000000e0000000, 0x00000000e8000000, 0x00000000e8000000)
  eden space 87424K, 100% used [0x00000000e0000000, 0x00000000e5560000, 0x00000000e5560000)
  from space 21824K, 100% used [0x00000000e5560000, 0x00000000e6ab0000, 0x00000000e6ab0000)
  to   space 21824K,   0% used [0x00000000e6ab0000, 0x00000000e6ab0000, 0x00000000e8000000)
 concurrent mark-sweep generation total 393216K, used 142100K [0x00000000e8000000, 0x0000000100000000, 0x0000000100000000)
 Metaspace       used 43445K, capacity 44737K, committed 44908K, reserved 1089536K
  class space    used 5309K, capacity 5616K, committed 5740K, reserved 1048576K
2018-10-31T21:27:56.029-0700: 177.552: [GC (Allocation Failure) 2018-10-31T21:27:56.029-0700: 177.552: [ParNew
Desired survivor size 20112992 bytes, new threshold 4 (max 8)
- age   1:    7135832 bytes,    7135832 total
- age   2:   10159408 bytes,   17295240 total
- age   3:    1650688 bytes,   18945928 total
- age   4:    1383672 bytes,   20329600 total
- age   5:     320096 bytes,   20649696 total
: 109248K->21824K(109248K), 0.0104643 secs] 251348K->172248K(502464K), 0.0105263 secs] [Times: user=0.00 sys=0.01, real=0.02 secs] 
Heap after GC invocations=347 (full 24):
 par new generation   total 109248K, used 21824K [0x00000000e0000000, 0x00000000e8000000, 0x00000000e8000000)
  eden space 87424K,   0% used [0x00000000e0000000, 0x00000000e0000000, 0x00000000e5560000)
  from space 21824K, 100% used [0x00000000e6ab0000, 0x00000000e8000000, 0x00000000e8000000)
  to   space 21824K,   0% used [0x00000000e5560000, 0x00000000e5560000, 0x00000000e6ab0000)
 concurrent mark-sweep generation total 393216K, used 150424K [0x00000000e8000000, 0x0000000100000000, 0x0000000100000000)
 Metaspace       used 43445K, capacity 44737K, committed 44908K, reserved 1089536K
  class space    used 5309K, capacity 5616K, committed 5740K, reserved 1048576K
}
2018-10-31T21:27:56.045-0700: 177.563: Total time for which application threads were stopped: 0.0107225 seconds, Stopping threads took: 0.0000419 seconds
{Heap before GC invocations=347 (full 24):
 par new generation   total 109248K, used 109248K [0x00000000e0000000, 0x00000000e8000000, 0x00000000e8000000)
  eden space 87424K, 100% used [0x00000000e0000000, 0x00000000e5560000, 0x00000000e5560000)
  from space 21824K, 100% used [0x00000000e6ab0000, 0x00000000e8000000, 0x00000000e8000000)
  to   space 21824K,   0% used [0x00000000e5560000, 0x00000000e5560000, 0x00000000e6ab0000)
 concurrent mark-sweep generation total 393216K, used 150424K [0x00000000e8000000, 0x0000000100000000, 0x0000000100000000)
 Metaspace       used 43445K, capacity 44737K, committed 44908K, reserved 1089536K
  class space    used 5309K, capacity 5616K, committed 5740K, reserved 1048576K
2018-10-31T21:27:56.625-0700: 178.156: [GC (Allocation Failure) 2018-10-31T21:27:56.625-0700: 178.156: [ParNew
Desired survivor size 20112992 bytes, new threshold 4 (max 8)
- age   1:    8254736 bytes,    8254736 total
- age   2:    2418456 bytes,   10673192 total
- age   3:    9367104 bytes,   20040296 total
- age   4:    1501112 bytes,   21541408 total
: 109248K->21824K(109248K), 0.0110809 secs] 259672K->178154K(502464K), 0.0111470 secs] [Times: user=0.06 sys=0.00, real=0.02 secs] 
Heap after GC invocations=348 (full 24):
 par new generation   total 109248K, used 21824K [0x00000000e0000000, 0x00000000e8000000, 0x00000000e8000000)
  eden space 87424K,   0% used [0x00000000e0000000, 0x00000000e0000000, 0x00000000e5560000)
  from space 21824K, 100% used [0x00000000e5560000, 0x00000000e6ab0000, 0x00000000e6ab0000)
  to   space 21824K,   0% used [0x00000000e6ab0000, 0x00000000e6ab0000, 0x00000000e8000000)
 concurrent mark-sweep generation total 393216K, used 156330K [0x00000000e8000000, 0x0000000100000000, 0x0000000100000000)
 Metaspace       used 43445K, capacity 44737K, committed 44908K, reserved 1089536K
  class space    used 5309K, capacity 5616K, committed 5740K, reserved 1048576K
}
2018-10-31T21:27:56.641-0700: 178.167: Total time for which application threads were stopped: 0.0113497 seconds, Stopping threads took: 0.0000401 seconds
{Heap before GC invocations=348 (full 24):
 par new generation   total 109248K, used 109248K [0x00000000e0000000, 0x00000000e8000000, 0x00000000e8000000)
  eden space 87424K, 100% used [0x00000000e0000000, 0x00000000e5560000, 0x00000000e5560000)
  from space 21824K, 100% used [0x00000000e5560000, 0x00000000e6ab0000, 0x00000000e6ab0000)
  to   space 21824K,   0% used [0x00000000e6ab0000, 0x00000000e6ab0000, 0x00000000e8000000)
 concurrent mark-sweep generation total 393216K, used 156330K [0x00000000e8000000, 0x0000000100000000, 0x0000000100000000)
 Metaspace       used 43445K, capacity 44737K, committed 44908K, reserved 1089536K
  class space    used 5309K, capacity 5616K, committed 5740K, reserved 1048576K
2018-10-31T21:27:57.155-0700: 178.673: [GC (Allocation Failure) 2018-10-31T21:27:57.155-0700: 178.673: [ParNew
Desired survivor size 20112992 bytes, new threshold 4 (max 8)
- age   1:    9116872 bytes,    9116872 total
- age   2:    1426240 bytes,   10543112 total
- age   3:    2417312 bytes,   12960424 total
- age   4:    8645352 bytes,   21605776 total
: 109248K->21824K(109248K), 0.0100329 secs] 265578K->185174K(502464K), 0.0100930 secs] [Times: user=0.06 sys=0.00, real=0.01 secs] 
Heap after GC invocations=349 (full 24):
 par new generation   total 109248K, used 21824K [0x00000000e0000000, 0x00000000e8000000, 0x00000000e8000000)
  eden space 87424K,   0% used [0x00000000e0000000, 0x00000000e0000000, 0x00000000e5560000)
  from space 21824K, 100% used [0x00000000e6ab0000, 0x00000000e8000000, 0x00000000e8000000)
  to   space 21824K,   0% used [0x00000000e5560000, 0x00000000e5560000, 0x00000000e6ab0000)
 concurrent mark-sweep generation total 393216K, used 163350K [0x00000000e8000000, 0x0000000100000000, 0x0000000100000000)
 Metaspace       used 43445K, capacity 44737K, committed 44908K, reserved 1089536K
  class space    used 5309K, capacity 5616K, committed 5740K, reserved 1048576K
}
2018-10-31T21:27:57.163-0700: 178.683: Total time for which application threads were stopped: 0.0103429 seconds, Stopping threads took: 0.0000394 seconds
{Heap before GC invocations=349 (full 24):
 par new generation   total 109248K, used 109248K [0x00000000e0000000, 0x00000000e8000000, 0x00000000e8000000)
  eden space 87424K, 100% used [0x00000000e0000000, 0x00000000e5560000, 0x00000000e5560000)
  from space 21824K, 100% used [0x00000000e6ab0000, 0x00000000e8000000, 0x00000000e8000000)
  to   space 21824K,   0% used [0x00000000e5560000, 0x00000000e5560000, 0x00000000e6ab0000)
 concurrent mark-sweep generation total 393216K, used 163350K [0x00000000e8000000, 0x0000000100000000, 0x0000000100000000)
 Metaspace       used 43447K, capacity 44737K, committed 44908K, reserved 1089536K
  class space    used 5309K, capacity 5616K, committed 5740K, reserved 1048576K
2018-10-31T21:27:57.810-0700: 179.328: [GC (Allocation Failure) 2018-10-31T21:27:57.810-0700: 179.328: [ParNew
Desired survivor size 20112992 bytes, new threshold 4 (max 8)
- age   1:   14361816 bytes,   14361816 total
- age   2:    2929512 bytes,   17291328 total
- age   3:    1314952 bytes,   18606280 total
- age   4:    2406944 bytes,   21013224 total
: 109248K->21824K(109248K), 0.0110346 secs] 272598K->195783K(502464K), 0.0111152 secs] [Times: user=0.06 sys=0.00, real=0.01 secs] 
Heap after GC invocations=350 (full 24):
 par new generation   total 109248K, used 21824K [0x00000000e0000000, 0x00000000e8000000, 0x00000000e8000000)
  eden space 87424K,   0% used [0x00000000e0000000, 0x00000000e0000000, 0x00000000e5560000)
  from space 21824K, 100% used [0x00000000e5560000, 0x00000000e6ab0000, 0x00000000e6ab0000)
  to   space 21824K,   0% used [0x00000000e6ab0000, 0x00000000e6ab0000, 0x00000000e8000000)
 concurrent mark-sweep generation total 393216K, used 173959K [0x00000000e8000000, 0x0000000100000000, 0x0000000100000000)
 Metaspace       used 43447K, capacity 44737K, committed 44908K, reserved 1089536K
  class space    used 5309K, capacity 5616K, committed 5740K, reserved 1048576K
}
2018-10-31T21:27:57.817-0700: 179.339: Total time for which application threads were stopped: 0.0113377 seconds, Stopping threads took: 0.0000525 seconds
{Heap before GC invocations=350 (full 24):
 par new generation   total 109248K, used 109248K [0x00000000e0000000, 0x00000000e8000000, 0x00000000e8000000)
  eden space 87424K, 100% used [0x00000000e0000000, 0x00000000e5560000, 0x00000000e5560000)
  from space 21824K, 100% used [0x00000000e5560000, 0x00000000e6ab0000, 0x00000000e6ab0000)
  to   space 21824K,   0% used [0x00000000e6ab0000, 0x00000000e6ab0000, 0x00000000e8000000)
 concurrent mark-sweep generation total 393216K, used 173959K [0x00000000e8000000, 0x0000000100000000, 0x0000000100000000)
 Metaspace       used 43447K, capacity 44737K, committed 44908K, reserved 1089536K
  class space    used 5309K, capacity 5616K, committed 5740K, reserved 1048576K
2018-10-31T21:27:58.391-0700: 179.919: [GC (Allocation Failure) 2018-10-31T21:27:58.391-0700: 179.919: [ParNew
Desired survivor size 20112992 bytes, new threshold 3 (max 8)
- age   1:   13955344 bytes,   13955344 total
- age   2:    3980568 bytes,   17935912 total
- age   3:    2905416 bytes,   20841328 total
- age   4:     590712 bytes,   21432040 total
: 109248K->21824K(109248K), 0.0103067 secs] 283207K->207415K(502464K), 0.0103844 secs] [Times: user=0.06 sys=0.00, real=0.01 secs] 
Heap after GC invocations=351 (full 24):
 par new generation   total 109248K, used 21824K [0x00000000e0000000, 0x00000000e8000000, 0x00000000e8000000)
  eden space 87424K,   0% used [0x00000000e0000000, 0x00000000e0000000, 0x00000000e5560000)
  from space 21824K, 100% used [0x00000000e6ab0000, 0x00000000e8000000, 0x00000000e8000000)
  to   space 21824K,   0% used [0x00000000e5560000, 0x00000000e5560000, 0x00000000e6ab0000)
 concurrent mark-sweep generation total 393216K, used 185591K [0x00000000e8000000, 0x0000000100000000, 0x0000000100000000)
 Metaspace       used 43447K, capacity 44737K, committed 44908K, reserved 1089536K
  class space    used 5309K, capacity 5616K, committed 5740K, reserved 1048576K
}
2018-10-31T21:27:58.406-0700: 179.929: Total time for which application threads were stopped: 0.0105941 seconds, Stopping threads took: 0.0000467 seconds
{Heap before GC invocations=351 (full 24):
 par new generation   total 109248K, used 109248K [0x00000000e0000000, 0x00000000e8000000, 0x00000000e8000000)
  eden space 87424K, 100% used [0x00000000e0000000, 0x00000000e5560000, 0x00000000e5560000)
  from space 21824K, 100% used [0x00000000e6ab0000, 0x00000000e8000000, 0x00000000e8000000)
  to   space 21824K,   0% used [0x00000000e5560000, 0x00000000e5560000, 0x00000000e6ab0000)
 concurrent mark-sweep generation total 393216K, used 185591K [0x00000000e8000000, 0x0000000100000000, 0x0000000100000000)
 Metaspace       used 43449K, capacity 44737K, committed 44908K, reserved 1089536K
  class space    used 5309K, capacity 5616K, committed 5740K, reserved 1048576K
2018-10-31T21:27:59.143-0700: 180.660: [GC (Allocation Failure) 2018-10-31T21:27:59.143-0700: 180.660: [ParNew
Desired survivor size 20112992 bytes, new threshold 8 (max 8)
- age   1:    5931512 bytes,    5931512 total
- age   2:   10244680 bytes,   16176192 total
- age   3:    3923272 bytes,   20099464 total
: 109248K->21824K(109248K), 0.0096952 secs] 294839K->210792K(502464K), 0.0097721 secs] [Times: user=0.06 sys=0.00, real=0.01 secs] 
Heap after GC invocations=352 (full 24):
 par new generation   total 109248K, used 21824K [0x00000000e0000000, 0x00000000e8000000, 0x00000000e8000000)
  eden space 87424K,   0% used [0x00000000e0000000, 0x00000000e0000000, 0x00000000e5560000)
  from space 21824K, 100% used [0x00000000e5560000, 0x00000000e6ab0000, 0x00000000e6ab0000)
  to   space 21824K,   0% used [0x00000000e6ab0000, 0x00000000e6ab0000, 0x00000000e8000000)
 concurrent mark-sweep generation total 393216K, used 188968K [0x00000000e8000000, 0x0000000100000000, 0x0000000100000000)
 Metaspace       used 43449K, capacity 44737K, committed 44908K, reserved 1089536K
  class space    used 5309K, capacity 5616K, committed 5740K, reserved 1048576K
}
2018-10-31T21:27:59.153-0700: 180.670: Total time for which application threads were stopped: 0.0100252 seconds, Stopping threads took: 0.0000350 seconds
{Heap before GC invocations=352 (full 24):
 par new generation   total 109248K, used 109217K [0x00000000e0000000, 0x00000000e8000000, 0x00000000e8000000)
  eden space 87424K,  99% used [0x00000000e0000000, 0x00000000e55587f8, 0x00000000e5560000)
  from space 21824K, 100% used [0x00000000e5560000, 0x00000000e6ab0000, 0x00000000e6ab0000)
  to   space 21824K,   0% used [0x00000000e6ab0000, 0x00000000e6ab0000, 0x00000000e8000000)
 concurrent mark-sweep generation total 393216K, used 188968K [0x00000000e8000000, 0x0000000100000000, 0x0000000100000000)
 Metaspace       used 43450K, capacity 44737K, committed 44908K, reserved 1089536K
  class space    used 5309K, capacity 5616K, committed 5740K, reserved 1048576K
2018-10-31T21:27:59.737-0700: 181.254: [GC (Allocation Failure) 2018-10-31T21:27:59.737-0700: 181.254: [ParNew
Desired survivor size 20112992 bytes, new threshold 8 (max 8)
- age   1:     120520 bytes,     120520 total
- age   2:    5829248 bytes,    5949768 total
- age   3:   10226384 bytes,   16176152 total
- age   4:    3869080 bytes,   20045232 total
: 109217K->21824K(109248K), 0.0106441 secs] 298186K->210872K(502464K), 0.0107768 secs] [Times: user=0.06 sys=0.00, real=0.01 secs] 
Heap after GC invocations=353 (full 24):
 par new generation   total 109248K, used 21824K [0x00000000e0000000, 0x00000000e8000000, 0x00000000e8000000)
  eden space 87424K,   0% used [0x00000000e0000000, 0x00000000e0000000, 0x00000000e5560000)
  from space 21824K, 100% used [0x00000000e6ab0000, 0x00000000e8000000, 0x00000000e8000000)
  to   space 21824K,   0% used [0x00000000e5560000, 0x00000000e5560000, 0x00000000e6ab0000)
 concurrent mark-sweep generation total 393216K, used 189048K [0x00000000e8000000, 0x0000000100000000, 0x0000000100000000)
 Metaspace       used 43450K, capacity 44737K, committed 44908K, reserved 1089536K
  class space    used 5309K, capacity 5616K, committed 5740K, reserved 1048576K
}
2018-10-31T21:27:59.748-0700: 181.265: Total time for which application threads were stopped: 0.0112954 seconds, Stopping threads took: 0.0000890 seconds
{Heap before GC invocations=353 (full 24):
 par new generation   total 109248K, used 109248K [0x00000000e0000000, 0x00000000e8000000, 0x00000000e8000000)
  eden space 87424K, 100% used [0x00000000e0000000, 0x00000000e5560000, 0x00000000e5560000)
  from space 21824K, 100% used [0x00000000e6ab0000, 0x00000000e8000000, 0x00000000e8000000)
  to   space 21824K,   0% used [0x00000000e5560000, 0x00000000e5560000, 0x00000000e6ab0000)
 concurrent mark-sweep generation total 393216K, used 189048K [0x00000000e8000000, 0x0000000100000000, 0x0000000100000000)
 Metaspace       used 43450K, capacity 44737K, committed 44908K, reserved 1089536K
  class space    used 5309K, capacity 5616K, committed 5740K, reserved 1048576K
2018-10-31T21:28:00.244-0700: 181.776: [GC (Allocation Failure) 2018-10-31T21:28:00.244-0700: 181.776: [ParNew
Desired survivor size 20112992 bytes, new threshold 8 (max 8)
- age   1:     132160 bytes,     132160 total
- age   2:       6128 bytes,     138288 total
- age   3:    5796240 bytes,    5934528 total
- age   4:   10226384 bytes,   16160912 total
- age   5:    3869080 bytes,   20029992 total
: 109248K->21824K(109248K), 0.0075721 secs] 298296K->210872K(502464K), 0.0076534 secs] [Times: user=0.06 sys=0.00, real=0.02 secs] 
Heap after GC invocations=354 (full 24):
 par new generation   total 109248K, used 21824K [0x00000000e0000000, 0x00000000e8000000, 0x00000000e8000000)
  eden space 87424K,   0% used [0x00000000e0000000, 0x00000000e0000000, 0x00000000e5560000)
  from space 21824K, 100% used [0x00000000e5560000, 0x00000000e6ab0000, 0x00000000e6ab0000)
  to   space 21824K,   0% used [0x00000000e6ab0000, 0x00000000e6ab0000, 0x00000000e8000000)
 concurrent mark-sweep generation total 393216K, used 189048K [0x00000000e8000000, 0x0000000100000000, 0x0000000100000000)
 Metaspace       used 43450K, capacity 44737K, committed 44908K, reserved 1089536K
  class space    used 5309K, capacity 5616K, committed 5740K, reserved 1048576K
}
2018-10-31T21:28:00.259-0700: 181.784: Total time for which application threads were stopped: 0.0079101 seconds, Stopping threads took: 0.0000408 seconds
2018-10-31T21:28:01.126-0700: 182.645: Total time for which application threads were stopped: 0.0001648 seconds, Stopping threads took: 0.0000401 seconds
{Heap before GC invocations=354 (full 24):
 par new generation   total 109248K, used 109248K [0x00000000e0000000, 0x00000000e8000000, 0x00000000e8000000)
  eden space 87424K, 100% used [0x00000000e0000000, 0x00000000e5560000, 0x00000000e5560000)
  from space 21824K, 100% used [0x00000000e5560000, 0x00000000e6ab0000, 0x00000000e6ab0000)
  to   space 21824K,   0% used [0x00000000e6ab0000, 0x00000000e6ab0000, 0x00000000e8000000)
 concurrent mark-sweep generation total 393216K, used 189048K [0x00000000e8000000, 0x0000000100000000, 0x0000000100000000)
 Metaspace       used 43450K, capacity 44737K, committed 44908K, reserved 1089536K
  class space    used 5309K, capacity 5616K, committed 5740K, reserved 1048576K
2018-10-31T21:28:01.188-0700: 182.713: [GC (Allocation Failure) 2018-10-31T21:28:01.188-0700: 182.713: [ParNew
Desired survivor size 20112992 bytes, new threshold 6 (max 8)
- age   1:    1068632 bytes,    1068632 total
- age   2:       5640 bytes,    1074272 total
- age   3:       6128 bytes,    1080400 total
- age   4:    5559576 bytes,    6639976 total
- age   5:   10030456 bytes,   16670432 total
- age   6:    3757240 bytes,   20427672 total
: 109248K->21824K(109248K), 0.0125017 secs] 298296K->210896K(502464K), 0.0127355 secs] [Times: user=0.06 sys=0.00, real=0.02 secs] 
Heap after GC invocations=355 (full 24):
 par new generation   total 109248K, used 21824K [0x00000000e0000000, 0x00000000e8000000, 0x00000000e8000000)
  eden space 87424K,   0% used [0x00000000e0000000, 0x00000000e0000000, 0x00000000e5560000)
  from space 21824K, 100% used [0x00000000e6ab0000, 0x00000000e8000000, 0x00000000e8000000)
  to   space 21824K,   0% used [0x00000000e5560000, 0x00000000e5560000, 0x00000000e6ab0000)
 concurrent mark-sweep generation total 393216K, used 189072K [0x00000000e8000000, 0x0000000100000000, 0x0000000100000000)
 Metaspace       used 43450K, capacity 44737K, committed 44908K, reserved 1089536K
  class space    used 5309K, capacity 5616K, committed 5740K, reserved 1048576K
}
2018-10-31T21:28:01.204-0700: 182.726: Total time for which application threads were stopped: 0.0131114 seconds, Stopping threads took: 0.0000638 seconds
2018-10-31T21:28:01.469-0700: 182.990: Total time for which application threads were stopped: 0.0002206 seconds, Stopping threads took: 0.0000536 seconds
2018-10-31T21:28:01.485-0700: 183.003: Total time for which application threads were stopped: 0.0002680 seconds, Stopping threads took: 0.0000737 seconds
2018-10-31T21:28:01.485-0700: 183.003: Total time for which application threads were stopped: 0.0001896 seconds, Stopping threads took: 0.0000569 seconds
{Heap before GC invocations=355 (full 24):
 par new generation   total 109248K, used 109248K [0x00000000e0000000, 0x00000000e8000000, 0x00000000e8000000)
  eden space 87424K, 100% used [0x00000000e0000000, 0x00000000e5560000, 0x00000000e5560000)
  from space 21824K, 100% used [0x00000000e6ab0000, 0x00000000e8000000, 0x00000000e8000000)
  to   space 21824K,   0% used [0x00000000e5560000, 0x00000000e5560000, 0x00000000e6ab0000)
 concurrent mark-sweep generation total 393216K, used 189072K [0x00000000e8000000, 0x0000000100000000, 0x0000000100000000)
 Metaspace       used 43450K, capacity 44737K, committed 44908K, reserved 1089536K
  class space    used 5309K, capacity 5616K, committed 5740K, reserved 1048576K
2018-10-31T21:28:01.547-0700: 183.076: [GC (Allocation Failure) 2018-10-31T21:28:01.547-0700: 183.076: [ParNew
Desired survivor size 20112992 bytes, new threshold 6 (max 8)
- age   1:   11849408 bytes,   11849408 total
- age   2:     547000 bytes,   12396408 total
- age   3:       5640 bytes,   12402048 total
- age   4:       6008 bytes,   12408056 total
- age   5:    1745560 bytes,   14153616 total
- age   6:    8120208 bytes,   22273824 total
: 109248K->21824K(109248K), 0.0098622 secs] 298320K->216896K(502464K), 0.0099534 secs] [Times: user=0.06 sys=0.00, real=0.02 secs] 
Heap after GC invocations=356 (full 24):
 par new generation   total 109248K, used 21824K [0x00000000e0000000, 0x00000000e8000000, 0x00000000e8000000)
  eden space 87424K,   0% used [0x00000000e0000000, 0x00000000e0000000, 0x00000000e5560000)
  from space 21824K, 100% used [0x00000000e5560000, 0x00000000e6ab0000, 0x00000000e6ab0000)
  to   space 21824K,   0% used [0x00000000e6ab0000, 0x00000000e6ab0000, 0x00000000e8000000)
 concurrent mark-sweep generation total 393216K, used 195072K [0x00000000e8000000, 0x0000000100000000, 0x0000000100000000)
 Metaspace       used 43450K, capacity 44737K, committed 44908K, reserved 1089536K
  class space    used 5309K, capacity 5616K, committed 5740K, reserved 1048576K
}
2018-10-31T21:28:01.563-0700: 183.086: Total time for which application threads were stopped: 0.0102685 seconds, Stopping threads took: 0.0000686 seconds
2018-10-31T21:28:01.579-0700: 183.111: Total time for which application threads were stopped: 0.0001663 seconds, Stopping threads took: 0.0000627 seconds
2018-10-31T21:28:01.594-0700: 183.113: Total time for which application threads were stopped: 0.0001681 seconds, Stopping threads took: 0.0000445 seconds
2018-10-31T21:28:01.594-0700: 183.114: Total time for which application threads were stopped: 0.0002246 seconds, Stopping threads took: 0.0000638 seconds
{Heap before GC invocations=356 (full 24):
 par new generation   total 109248K, used 109248K [0x00000000e0000000, 0x00000000e8000000, 0x00000000e8000000)
  eden space 87424K, 100% used [0x00000000e0000000, 0x00000000e5560000, 0x00000000e5560000)
  from space 21824K, 100% used [0x00000000e5560000, 0x00000000e6ab0000, 0x00000000e6ab0000)
  to   space 21824K,   0% used [0x00000000e6ab0000, 0x00000000e6ab0000, 0x00000000e8000000)
 concurrent mark-sweep generation total 393216K, used 195072K [0x00000000e8000000, 0x0000000100000000, 0x0000000100000000)
 Metaspace       used 43452K, capacity 44737K, committed 44908K, reserved 1089536K
  class space    used 5309K, capacity 5616K, committed 5740K, reserved 1048576K
2018-10-31T21:28:02.014-0700: 183.539: [GC (Allocation Failure) 2018-10-31T21:28:02.014-0700: 183.539: [ParNew
Desired survivor size 20112992 bytes, new threshold 8 (max 8)
- age   1:   12287664 bytes,   12287664 total
- age   2:    1859528 bytes,   14147192 total
- age   3:      62400 bytes,   14209592 total
- age   4:       5640 bytes,   14215232 total
- age   5:       5208 bytes,   14220440 total
- age   6:    1739984 bytes,   15960424 total
: 109248K->21824K(109248K), 0.0077329 secs] 304320K->225830K(502464K), 0.0077931 secs] [Times: user=0.00 sys=0.00, real=0.02 secs] 
Heap after GC invocations=357 (full 24):
 par new generation   total 109248K, used 21824K [0x00000000e0000000, 0x00000000e8000000, 0x00000000e8000000)
  eden space 87424K,   0% used [0x00000000e0000000, 0x00000000e0000000, 0x00000000e5560000)
  from space 21824K, 100% used [0x00000000e6ab0000, 0x00000000e8000000, 0x00000000e8000000)
  to   space 21824K,   0% used [0x00000000e5560000, 0x00000000e5560000, 0x00000000e6ab0000)
 concurrent mark-sweep generation total 393216K, used 204006K [0x00000000e8000000, 0x0000000100000000, 0x0000000100000000)
 Metaspace       used 43452K, capacity 44737K, committed 44908K, reserved 1089536K
  class space    used 5309K, capacity 5616K, committed 5740K, reserved 1048576K
}
2018-10-31T21:28:02.030-0700: 183.547: Total time for which application threads were stopped: 0.0080633 seconds, Stopping threads took: 0.0000306 seconds
2018-10-31T21:28:02.030-0700: 183.547: [GC (CMS Initial Mark) [1 CMS-initial-mark: 204006K(393216K)] 226251K(502464K), 0.0011002 secs] [Times: user=0.00 sys=0.00, real=0.00 secs] 
2018-10-31T21:28:02.030-0700: 183.548: Total time for which application threads were stopped: 0.0012836 seconds, Stopping threads took: 0.0000806 seconds
2018-10-31T21:28:02.030-0700: 183.548: [CMS-concurrent-mark-start]
2018-10-31T21:28:02.045-0700: 183.565: [CMS-concurrent-mark: 0.017/0.017 secs] [Times: user=0.09 sys=0.02, real=0.02 secs] 
2018-10-31T21:28:02.045-0700: 183.565: [CMS-concurrent-preclean-start]
2018-10-31T21:28:02.045-0700: 183.566: [CMS-concurrent-preclean: 0.001/0.001 secs] [Times: user=0.00 sys=0.00, real=0.00 secs] 
2018-10-31T21:28:02.045-0700: 183.566: [CMS-concurrent-abortable-preclean-start]
2018-10-31T21:28:02.108-0700: 183.635: Total time for which application threads were stopped: 0.0001371 seconds, Stopping threads took: 0.0000565 seconds
2018-10-31T21:28:02.123-0700: 183.650: Total time for which application threads were stopped: 0.0003577 seconds, Stopping threads took: 0.0001021 seconds
{Heap before GC invocations=357 (full 25):
 par new generation   total 109248K, used 109248K [0x00000000e0000000, 0x00000000e8000000, 0x00000000e8000000)
  eden space 87424K, 100% used [0x00000000e0000000, 0x00000000e5560000, 0x00000000e5560000)
  from space 21824K, 100% used [0x00000000e6ab0000, 0x00000000e8000000, 0x00000000e8000000)
  to   space 21824K,   0% used [0x00000000e5560000, 0x00000000e5560000, 0x00000000e6ab0000)
 concurrent mark-sweep generation total 393216K, used 204006K [0x00000000e8000000, 0x0000000100000000, 0x0000000100000000)
 Metaspace       used 43452K, capacity 44737K, committed 44908K, reserved 1089536K
  class space    used 5309K, capacity 5616K, committed 5740K, reserved 1048576K
2018-10-31T21:28:02.208-0700: 183.739: [GC (Allocation Failure) 2018-10-31T21:28:02.208-0700: 183.739: [ParNew
Desired survivor size 20112992 bytes, new threshold 7 (max 8)
- age   1:   10532272 bytes,   10532272 total
- age   2:    7106168 bytes,   17638440 total
- age   3:    1782536 bytes,   19420976 total
- age   4:      62400 bytes,   19483376 total
- age   5:       5640 bytes,   19489016 total
- age   6:       5208 bytes,   19494224 total
- age   7:    1740008 bytes,   21234232 total
: 109248K->21824K(109248K), 0.0090391 secs] 313254K->226809K(502464K), 0.0091307 secs] [Times: user=0.06 sys=0.00, real=0.02 secs] 
Heap after GC invocations=358 (full 25):
 par new generation   total 109248K, used 21824K [0x00000000e0000000, 0x00000000e8000000, 0x00000000e8000000)
  eden space 87424K,   0% used [0x00000000e0000000, 0x00000000e0000000, 0x00000000e5560000)
  from space 21824K, 100% used [0x00000000e5560000, 0x00000000e6ab0000, 0x00000000e6ab0000)
  to   space 21824K,   0% used [0x00000000e6ab0000, 0x00000000e6ab0000, 0x00000000e8000000)
 concurrent mark-sweep generation total 393216K, used 204985K [0x00000000e8000000, 0x0000000100000000, 0x0000000100000000)
 Metaspace       used 43452K, capacity 44737K, committed 44908K, reserved 1089536K
  class space    used 5309K, capacity 5616K, committed 5740K, reserved 1048576K
}
2018-10-31T21:28:02.223-0700: 183.748: Total time for which application threads were stopped: 0.0094086 seconds, Stopping threads took: 0.0000711 seconds
2018-10-31T21:28:02.317-0700: 183.844: Total time for which application threads were stopped: 0.0003286 seconds, Stopping threads took: 0.0000857 seconds
2018-10-31T21:28:02.317-0700: 183.844: Total time for which application threads were stopped: 0.0001674 seconds, Stopping threads took: 0.0000474 seconds
2018-10-31T21:28:02.317-0700: 183.845: Total time for which application threads were stopped: 0.0001958 seconds, Stopping threads took: 0.0000609 seconds
2018-10-31T21:28:02.317-0700: 183.845: Total time for which application threads were stopped: 0.0001904 seconds, Stopping threads took: 0.0000551 seconds
2018-10-31T21:28:02.395-0700: 183.927: Total time for which application threads were stopped: 0.0001605 seconds, Stopping threads took: 0.0000514 seconds
2018-10-31T21:28:02.395-0700: 183.927: Total time for which application threads were stopped: 0.0001072 seconds, Stopping threads took: 0.0000423 seconds
2018-10-31T21:28:02.411-0700: 183.928: Total time for which application threads were stopped: 0.0001430 seconds, Stopping threads took: 0.0000540 seconds
2018-10-31T21:28:02.411-0700: 183.929: Total time for which application threads were stopped: 0.0001203 seconds, Stopping threads took: 0.0000474 seconds
2018-10-31T21:28:02.411-0700: 183.930: Total time for which application threads were stopped: 0.0001470 seconds, Stopping threads took: 0.0000449 seconds
2018-10-31T21:28:02.411-0700: 183.930: [CMS-concurrent-abortable-preclean: 0.106/0.363 secs] [Times: user=1.02 sys=0.19, real=0.37 secs] 
2018-10-31T21:28:02.411-0700: 183.930: [GC (CMS Final Remark) [YG occupancy: 78643 K (109248 K)]{Heap before GC invocations=358 (full 25):
 par new generation   total 109248K, used 78643K [0x00000000e0000000, 0x00000000e8000000, 0x00000000e8000000)
  eden space 87424K,  64% used [0x00000000e0000000, 0x00000000e377cd08, 0x00000000e5560000)
  from space 21824K, 100% used [0x00000000e5560000, 0x00000000e6ab0000, 0x00000000e6ab0000)
  to   space 21824K,   0% used [0x00000000e6ab0000, 0x00000000e6ab0000, 0x00000000e8000000)
 concurrent mark-sweep generation total 393216K, used 204985K [0x00000000e8000000, 0x0000000100000000, 0x0000000100000000)
 Metaspace       used 43465K, capacity 44821K, committed 45164K, reserved 1089536K
  class space    used 5309K, capacity 5616K, committed 5740K, reserved 1048576K
2018-10-31T21:28:02.411-0700: 183.930: [GC (CMS Final Remark) 2018-10-31T21:28:02.411-0700: 183.930: [ParNew
Desired survivor size 20112992 bytes, new threshold 8 (max 8)
- age   1:    5875528 bytes,    5875528 total
- age   2:    8272040 bytes,   14147568 total
- age   3:     785512 bytes,   14933080 total
- age   4:     736608 bytes,   15669688 total
- age   5:      62400 bytes,   15732088 total
- age   6:       5640 bytes,   15737728 total
- age   7:       5208 bytes,   15742936 total
: 78643K->18251K(109248K), 0.0074882 secs] 283629K->224940K(502464K), 0.0075451 secs] [Times: user=0.00 sys=0.00, real=0.00 secs] 
Heap after GC invocations=359 (full 25):
 par new generation   total 109248K, used 18251K [0x00000000e0000000, 0x00000000e8000000, 0x00000000e8000000)
  eden space 87424K,   0% used [0x00000000e0000000, 0x00000000e0000000, 0x00000000e5560000)
  from space 21824K,  83% used [0x00000000e6ab0000, 0x00000000e7c82ce0, 0x00000000e8000000)
  to   space 21824K,   0% used [0x00000000e5560000, 0x00000000e5560000, 0x00000000e6ab0000)
 concurrent mark-sweep generation total 393216K, used 206689K [0x00000000e8000000, 0x0000000100000000, 0x0000000100000000)
 Metaspace       used 43465K, capacity 44821K, committed 45164K, reserved 1089536K
  class space    used 5309K, capacity 5616K, committed 5740K, reserved 1048576K
}
2018-10-31T21:28:02.411-0700: 183.937: [Rescan (parallel) , 0.0015892 secs]2018-10-31T21:28:02.411-0700: 183.939: [weak refs processing, 0.0005765 secs]2018-10-31T21:28:02.411-0700: 183.940: [class unloading, 0.0069711 secs]2018-10-31T21:28:02.426-0700: 183.947: [scrub symbol table, 0.0066677 secs]2018-10-31T21:28:02.426-0700: 183.953: [scrub string table, 0.0005390 secs][1 CMS-remark: 206689K(393216K)] 224940K(502464K), 0.0242143 secs] [Times: user=0.02 sys=0.00, real=0.02 secs] 
2018-10-31T21:28:02.426-0700: 183.954: Total time for which application threads were stopped: 0.0243725 seconds, Stopping threads took: 0.0000459 seconds
2018-10-31T21:28:02.426-0700: 183.954: [CMS-concurrent-sweep-start]
2018-10-31T21:28:02.457-0700: 183.985: [CMS-concurrent-sweep: 0.031/0.031 secs] [Times: user=0.11 sys=0.05, real=0.03 secs] 
2018-10-31T21:28:02.457-0700: 183.985: [CMS-concurrent-reset-start]
2018-10-31T21:28:02.457-0700: 183.985: [CMS-concurrent-reset: 0.001/0.001 secs] [Times: user=0.00 sys=0.00, real=0.00 secs] 
{Heap before GC invocations=359 (full 25):
 par new generation   total 109248K, used 105675K [0x00000000e0000000, 0x00000000e8000000, 0x00000000e8000000)
  eden space 87424K, 100% used [0x00000000e0000000, 0x00000000e5560000, 0x00000000e5560000)
  from space 21824K,  83% used [0x00000000e6ab0000, 0x00000000e7c82ce0, 0x00000000e8000000)
  to   space 21824K,   0% used [0x00000000e5560000, 0x00000000e5560000, 0x00000000e6ab0000)
 concurrent mark-sweep generation total 393216K, used 118785K [0x00000000e8000000, 0x0000000100000000, 0x0000000100000000)
 Metaspace       used 43467K, capacity 44821K, committed 45164K, reserved 1089536K
  class space    used 5309K, capacity 5616K, committed 5740K, reserved 1048576K
2018-10-31T21:28:03.125-0700: 184.645: [GC (Allocation Failure) 2018-10-31T21:28:03.125-0700: 184.645: [ParNew
Desired survivor size 20112992 bytes, new threshold 8 (max 8)
- age   1:   14352568 bytes,   14352568 total
- age   2:    1308296 bytes,   15660864 total
- age   3:    1963808 bytes,   17624672 total
- age   4:     785496 bytes,   18410168 total
- age   5:     663920 bytes,   19074088 total
- age   6:      37400 bytes,   19111488 total
- age   7:       5640 bytes,   19117128 total
- age   8:       5208 bytes,   19122336 total
: 105675K->21824K(109248K), 0.0067392 secs] 224461K->140889K(502464K), 0.0067957 secs] [Times: user=0.00 sys=0.00, real=0.00 secs] 
Heap after GC invocations=360 (full 25):
 par new generation   total 109248K, used 21824K [0x00000000e0000000, 0x00000000e8000000, 0x00000000e8000000)
  eden space 87424K,   0% used [0x00000000e0000000, 0x00000000e0000000, 0x00000000e5560000)
  from space 21824K, 100% used [0x00000000e5560000, 0x00000000e6ab0000, 0x00000000e6ab0000)
  to   space 21824K,   0% used [0x00000000e6ab0000, 0x00000000e6ab0000, 0x00000000e8000000)
 concurrent mark-sweep generation total 393216K, used 119065K [0x00000000e8000000, 0x0000000100000000, 0x0000000100000000)
 Metaspace       used 43467K, capacity 44821K, committed 45164K, reserved 1089536K
  class space    used 5309K, capacity 5616K, committed 5740K, reserved 1048576K
}
2018-10-31T21:28:03.125-0700: 184.652: Total time for which application threads were stopped: 0.0070568 seconds, Stopping threads took: 0.0000547 seconds
{Heap before GC invocations=360 (full 25):
 par new generation   total 109248K, used 109248K [0x00000000e0000000, 0x00000000e8000000, 0x00000000e8000000)
  eden space 87424K, 100% used [0x00000000e0000000, 0x00000000e5560000, 0x00000000e5560000)
  from space 21824K, 100% used [0x00000000e5560000, 0x00000000e6ab0000, 0x00000000e6ab0000)
  to   space 21824K,   0% used [0x00000000e6ab0000, 0x00000000e6ab0000, 0x00000000e8000000)
 concurrent mark-sweep generation total 393216K, used 119065K [0x00000000e8000000, 0x0000000100000000, 0x0000000100000000)
 Metaspace       used 43467K, capacity 44821K, committed 45164K, reserved 1089536K
  class space    used 5309K, capacity 5616K, committed 5740K, reserved 1048576K
2018-10-31T21:28:03.579-0700: 185.106: [GC (Allocation Failure) 2018-10-31T21:28:03.579-0700: 185.106: [ParNew
Desired survivor size 20112992 bytes, new threshold 5 (max 8)
- age   1:    9130496 bytes,    9130496 total
- age   2:    7152984 bytes,   16283480 total
- age   3:    1308296 bytes,   17591776 total
- age   4:    1963808 bytes,   19555584 total
- age   5:     785176 bytes,   20340760 total
- age   6:     654424 bytes,   20995184 total
- age   7:      37144 bytes,   21032328 total
- age   8:       5640 bytes,   21037968 total
: 109248K->21824K(109248K), 0.0088561 secs] 228313K->146679K(502464K), 0.0089305 secs] [Times: user=0.06 sys=0.00, real=0.02 secs] 
Heap after GC invocations=361 (full 25):
 par new generation   total 109248K, used 21824K [0x00000000e0000000, 0x00000000e8000000, 0x00000000e8000000)
  eden space 87424K,   0% used [0x00000000e0000000, 0x00000000e0000000, 0x00000000e5560000)
  from space 21824K, 100% used [0x00000000e6ab0000, 0x00000000e8000000, 0x00000000e8000000)
  to   space 21824K,   0% used [0x00000000e5560000, 0x00000000e5560000, 0x00000000e6ab0000)
 concurrent mark-sweep generation total 393216K, used 124855K [0x00000000e8000000, 0x0000000100000000, 0x0000000100000000)
 Metaspace       used 43467K, capacity 44821K, committed 45164K, reserved 1089536K
  class space    used 5309K, capacity 5616K, committed 5740K, reserved 1048576K
}
2018-10-31T21:28:03.594-0700: 185.115: Total time for which application threads were stopped: 0.0091606 seconds, Stopping threads took: 0.0000594 seconds
{Heap before GC invocations=361 (full 25):
 par new generation   total 109248K, used 109248K [0x00000000e0000000, 0x00000000e8000000, 0x00000000e8000000)
  eden space 87424K, 100% used [0x00000000e0000000, 0x00000000e5560000, 0x00000000e5560000)
  from space 21824K, 100% used [0x00000000e6ab0000, 0x00000000e8000000, 0x00000000e8000000)
  to   space 21824K,   0% used [0x00000000e5560000, 0x00000000e5560000, 0x00000000e6ab0000)
 concurrent mark-sweep generation total 393216K, used 124855K [0x00000000e8000000, 0x0000000100000000, 0x0000000100000000)
 Metaspace       used 43467K, capacity 44821K, committed 45164K, reserved 1089536K
  class space    used 5309K, capacity 5616K, committed 5740K, reserved 1048576K
2018-10-31T21:28:04.124-0700: 185.654: [GC (Allocation Failure) 2018-10-31T21:28:04.124-0700: 185.654: [ParNew
Desired survivor size 20112992 bytes, new threshold 5 (max 8)
- age   1:   11440072 bytes,   11440072 total
- age   2:    1627288 bytes,   13067360 total
- age   3:    4771144 bytes,   17838504 total
- age   4:    1302416 bytes,   19140920 total
- age   5:    1952256 bytes,   21093176 total
: 109248K->21824K(109248K), 0.0108074 secs] 234103K->155818K(502464K), 0.0108793 secs] [Times: user=0.06 sys=0.00, real=0.01 secs] 
Heap after GC invocations=362 (full 25):
 par new generation   total 109248K, used 21824K [0x00000000e0000000, 0x00000000e8000000, 0x00000000e8000000)
  eden space 87424K,   0% used [0x00000000e0000000, 0x00000000e0000000, 0x00000000e5560000)
  from space 21824K, 100% used [0x00000000e5560000, 0x00000000e6ab0000, 0x00000000e6ab0000)
  to   space 21824K,   0% used [0x00000000e6ab0000, 0x00000000e6ab0000, 0x00000000e8000000)
 concurrent mark-sweep generation total 393216K, used 133994K [0x00000000e8000000, 0x0000000100000000, 0x0000000100000000)
 Metaspace       used 43467K, capacity 44821K, committed 45164K, reserved 1089536K
  class space    used 5309K, capacity 5616K, committed 5740K, reserved 1048576K
}
2018-10-31T21:28:04.139-0700: 185.665: Total time for which application threads were stopped: 0.0111287 seconds, Stopping threads took: 0.0000277 seconds
{Heap before GC invocations=362 (full 25):
 par new generation   total 109248K, used 109248K [0x00000000e0000000, 0x00000000e8000000, 0x00000000e8000000)
  eden space 87424K, 100% used [0x00000000e0000000, 0x00000000e5560000, 0x00000000e5560000)
  from space 21824K, 100% used [0x00000000e5560000, 0x00000000e6ab0000, 0x00000000e6ab0000)
  to   space 21824K,   0% used [0x00000000e6ab0000, 0x00000000e6ab0000, 0x00000000e8000000)
 concurrent mark-sweep generation total 393216K, used 133994K [0x00000000e8000000, 0x0000000100000000, 0x0000000100000000)
 Metaspace       used 43467K, capacity 44821K, committed 45164K, reserved 1089536K
  class space    used 5309K, capacity 5616K, committed 5740K, reserved 1048576K
2018-10-31T21:28:04.748-0700: 186.279: [GC (Allocation Failure) 2018-10-31T21:28:04.748-0700: 186.279: [ParNew
Desired survivor size 20112992 bytes, new threshold 8 (max 8)
- age   1:    9900304 bytes,    9900304 total
- age   2:    1792384 bytes,   11692688 total
- age   3:    1618784 bytes,   13311472 total
- age   4:    4737368 bytes,   18048840 total
- age   5:    1302416 bytes,   19351256 total
: 109248K->21824K(109248K), 0.0098177 secs] 243242K->165583K(502464K), 0.0098841 secs] [Times: user=0.06 sys=0.00, real=0.02 secs] 
Heap after GC invocations=363 (full 25):
 par new generation   total 109248K, used 21824K [0x00000000e0000000, 0x00000000e8000000, 0x00000000e8000000)
  eden space 87424K,   0% used [0x00000000e0000000, 0x00000000e0000000, 0x00000000e5560000)
  from space 21824K, 100% used [0x00000000e6ab0000, 0x00000000e8000000, 0x00000000e8000000)
  to   space 21824K,   0% used [0x00000000e5560000, 0x00000000e5560000, 0x00000000e6ab0000)
 concurrent mark-sweep generation total 393216K, used 143759K [0x00000000e8000000, 0x0000000100000000, 0x0000000100000000)
 Metaspace       used 43467K, capacity 44821K, committed 45164K, reserved 1089536K
  class space    used 5309K, capacity 5616K, committed 5740K, reserved 1048576K
}
2018-10-31T21:28:04.764-0700: 186.289: Total time for which application threads were stopped: 0.0101984 seconds, Stopping threads took: 0.0000339 seconds
{Heap before GC invocations=363 (full 25):
 par new generation   total 109248K, used 109221K [0x00000000e0000000, 0x00000000e8000000, 0x00000000e8000000)
  eden space 87424K,  99% used [0x00000000e0000000, 0x00000000e5559730, 0x00000000e5560000)
  from space 21824K, 100% used [0x00000000e6ab0000, 0x00000000e8000000, 0x00000000e8000000)
  to   space 21824K,   0% used [0x00000000e5560000, 0x00000000e5560000, 0x00000000e6ab0000)
 concurrent mark-sweep generation total 393216K, used 143759K [0x00000000e8000000, 0x0000000100000000, 0x0000000100000000)
 Metaspace       used 43467K, capacity 44821K, committed 45164K, reserved 1089536K
  class space    used 5309K, capacity 5616K, committed 5740K, reserved 1048576K
2018-10-31T21:28:05.468-0700: 186.985: [GC (Allocation Failure) 2018-10-31T21:28:05.468-0700: 186.985: [ParNew
Desired survivor size 20112992 bytes, new threshold 5 (max 8)
- age   1:    9788760 bytes,    9788760 total
- age   2:    4070736 bytes,   13859496 total
- age   3:    1453184 bytes,   15312680 total
- age   4:    1536408 bytes,   16849088 total
- age   5:    4196536 bytes,   21045624 total
- age   6:    1300832 bytes,   22346456 total
: 109221K->21824K(109248K), 0.0102269 secs] 252980K->177691K(502464K), 0.0102867 secs] [Times: user=0.00 sys=0.00, real=0.00 secs] 
Heap after GC invocations=364 (full 25):
 par new generation   total 109248K, used 21824K [0x00000000e0000000, 0x00000000e8000000, 0x00000000e8000000)
  eden space 87424K,   0% used [0x00000000e0000000, 0x00000000e0000000, 0x00000000e5560000)
  from space 21824K, 100% used [0x00000000e5560000, 0x00000000e6ab0000, 0x00000000e6ab0000)
  to   space 21824K,   0% used [0x00000000e6ab0000, 0x00000000e6ab0000, 0x00000000e8000000)
 concurrent mark-sweep generation total 393216K, used 155867K [0x00000000e8000000, 0x0000000100000000, 0x0000000100000000)
 Metaspace       used 43467K, capacity 44821K, committed 45164K, reserved 1089536K
  class space    used 5309K, capacity 5616K, committed 5740K, reserved 1048576K
}
2018-10-31T21:28:05.468-0700: 186.995: Total time for which application threads were stopped: 0.0105781 seconds, Stopping threads took: 0.0000897 seconds
{Heap before GC invocations=364 (full 25):
 par new generation   total 109248K, used 109248K [0x00000000e0000000, 0x00000000e8000000, 0x00000000e8000000)
  eden space 87424K, 100% used [0x00000000e0000000, 0x00000000e5560000, 0x00000000e5560000)
  from space 21824K, 100% used [0x00000000e5560000, 0x00000000e6ab0000, 0x00000000e6ab0000)
  to   space 21824K,   0% used [0x00000000e6ab0000, 0x00000000e6ab0000, 0x00000000e8000000)
 concurrent mark-sweep generation total 393216K, used 155867K [0x00000000e8000000, 0x0000000100000000, 0x0000000100000000)
 Metaspace       used 43467K, capacity 44821K, committed 45164K, reserved 1089536K
  class space    used 5309K, capacity 5616K, committed 5740K, reserved 1048576K
2018-10-31T21:28:06.001-0700: 187.520: [GC (Allocation Failure) 2018-10-31T21:28:06.001-0700: 187.520: [ParNew
Desired survivor size 20112992 bytes, new threshold 8 (max 8)
- age   1:   11483688 bytes,   11483688 total
- age   2:    2906240 bytes,   14389928 total
- age   3:    3261168 bytes,   17651096 total
- age   4:    1212480 bytes,   18863576 total
- age   5:    1245200 bytes,   20108776 total
: 109248K->21824K(109248K), 0.0122413 secs] 265115K->189586K(502464K), 0.0123351 secs] [Times: user=0.00 sys=0.00, real=0.00 secs] 
Heap after GC invocations=365 (full 25):
 par new generation   total 109248K, used 21824K [0x00000000e0000000, 0x00000000e8000000, 0x00000000e8000000)
  eden space 87424K,   0% used [0x00000000e0000000, 0x00000000e0000000, 0x00000000e5560000)
  from space 21824K, 100% used [0x00000000e6ab0000, 0x00000000e8000000, 0x00000000e8000000)
  to   space 21824K,   0% used [0x00000000e5560000, 0x00000000e5560000, 0x00000000e6ab0000)
 concurrent mark-sweep generation total 393216K, used 167762K [0x00000000e8000000, 0x0000000100000000, 0x0000000100000000)
 Metaspace       used 43467K, capacity 44821K, committed 45164K, reserved 1089536K
  class space    used 5309K, capacity 5616K, committed 5740K, reserved 1048576K
}
2018-10-31T21:28:06.001-0700: 187.532: Total time for which application threads were stopped: 0.0126173 seconds, Stopping threads took: 0.0000569 seconds
{Heap before GC invocations=365 (full 25):
 par new generation   total 109248K, used 109248K [0x00000000e0000000, 0x00000000e8000000, 0x00000000e8000000)
  eden space 87424K, 100% used [0x00000000e0000000, 0x00000000e5560000, 0x00000000e5560000)
  from space 21824K, 100% used [0x00000000e6ab0000, 0x00000000e8000000, 0x00000000e8000000)
  to   space 21824K,   0% used [0x00000000e5560000, 0x00000000e5560000, 0x00000000e6ab0000)
 concurrent mark-sweep generation total 393216K, used 167762K [0x00000000e8000000, 0x0000000100000000, 0x0000000100000000)
 Metaspace       used 43467K, capacity 44821K, committed 45164K, reserved 1089536K
  class space    used 5309K, capacity 5616K, committed 5740K, reserved 1048576K
2018-10-31T21:28:06.563-0700: 188.082: [GC (Allocation Failure) 2018-10-31T21:28:06.563-0700: 188.082: [ParNew
Desired survivor size 20112992 bytes, new threshold 5 (max 8)
- age   1:   13192168 bytes,   13192168 total
- age   2:     698432 bytes,   13890600 total
- age   3:    2796920 bytes,   16687520 total
- age   4:    3241152 bytes,   19928672 total
- age   5:     682872 bytes,   20611544 total
- age   6:    1144736 bytes,   21756280 total
: 109248K->21824K(109248K), 0.0098546 secs] 277010K->196108K(502464K), 0.0099249 secs] [Times: user=0.00 sys=0.00, real=0.00 secs] 
Heap after GC invocations=366 (full 25):
 par new generation   total 109248K, used 21824K [0x00000000e0000000, 0x00000000e8000000, 0x00000000e8000000)
  eden space 87424K,   0% used [0x00000000e0000000, 0x00000000e0000000, 0x00000000e5560000)
  from space 21824K, 100% used [0x00000000e5560000, 0x00000000e6ab0000, 0x00000000e6ab0000)
  to   space 21824K,   0% used [0x00000000e6ab0000, 0x00000000e6ab0000, 0x00000000e8000000)
 concurrent mark-sweep generation total 393216K, used 174284K [0x00000000e8000000, 0x0000000100000000, 0x0000000100000000)
 Metaspace       used 43467K, capacity 44821K, committed 45164K, reserved 1089536K
  class space    used 5309K, capacity 5616K, committed 5740K, reserved 1048576K
}
2018-10-31T21:28:06.563-0700: 188.092: Total time for which application threads were stopped: 0.0102072 seconds, Stopping threads took: 0.0000678 seconds
{Heap before GC invocations=366 (full 25):
 par new generation   total 109248K, used 109248K [0x00000000e0000000, 0x00000000e8000000, 0x00000000e8000000)
  eden space 87424K, 100% used [0x00000000e0000000, 0x00000000e5560000, 0x00000000e5560000)
  from space 21824K, 100% used [0x00000000e5560000, 0x00000000e6ab0000, 0x00000000e6ab0000)
  to   space 21824K,   0% used [0x00000000e6ab0000, 0x00000000e6ab0000, 0x00000000e8000000)
 concurrent mark-sweep generation total 393216K, used 174284K [0x00000000e8000000, 0x0000000100000000, 0x0000000100000000)
 Metaspace       used 43467K, capacity 44821K, committed 45164K, reserved 1089536K
  class space    used 5309K, capacity 5616K, committed 5740K, reserved 1048576K
2018-10-31T21:28:07.287-0700: 188.806: [GC (Allocation Failure) 2018-10-31T21:28:07.287-0700: 188.807: [ParNew
Desired survivor size 20112992 bytes, new threshold 5 (max 8)
- age   1:    6214072 bytes,    6214072 total
- age   2:    8329072 bytes,   14543144 total
- age   3:     638656 bytes,   15181800 total
- age   4:    2736128 bytes,   17917928 total
- age   5:    3194672 bytes,   21112600 total
: 109248K->21824K(109248K), 0.0108363 secs] 283532K->202986K(502464K), 0.0109238 secs] [Times: user=0.00 sys=0.00, real=0.00 secs] 
Heap after GC invocations=367 (full 25):
 par new generation   total 109248K, used 21824K [0x00000000e0000000, 0x00000000e8000000, 0x00000000e8000000)
  eden space 87424K,   0% used [0x00000000e0000000, 0x00000000e0000000, 0x00000000e5560000)
  from space 21824K, 100% used [0x00000000e6ab0000, 0x00000000e8000000, 0x00000000e8000000)
  to   space 21824K,   0% used [0x00000000e5560000, 0x00000000e5560000, 0x00000000e6ab0000)
 concurrent mark-sweep generation total 393216K, used 181162K [0x00000000e8000000, 0x0000000100000000, 0x0000000100000000)
 Metaspace       used 43467K, capacity 44821K, committed 45164K, reserved 1089536K
  class space    used 5309K, capacity 5616K, committed 5740K, reserved 1048576K
}
2018-10-31T21:28:07.287-0700: 188.817: Total time for which application threads were stopped: 0.0112151 seconds, Stopping threads took: 0.0000656 seconds
{Heap before GC invocations=367 (full 25):
 par new generation   total 109248K, used 109248K [0x00000000e0000000, 0x00000000e8000000, 0x00000000e8000000)
  eden space 87424K, 100% used [0x00000000e0000000, 0x00000000e5560000, 0x00000000e5560000)
  from space 21824K, 100% used [0x00000000e6ab0000, 0x00000000e8000000, 0x00000000e8000000)
  to   space 21824K,   0% used [0x00000000e5560000, 0x00000000e5560000, 0x00000000e6ab0000)
 concurrent mark-sweep generation total 393216K, used 181162K [0x00000000e8000000, 0x0000000100000000, 0x0000000100000000)
 Metaspace       used 43477K, capacity 44821K, committed 45164K, reserved 1089536K
  class space    used 5309K, capacity 5616K, committed 5740K, reserved 1048576K
2018-10-31T21:28:07.829-0700: 189.361: [GC (Allocation Failure) 2018-10-31T21:28:07.829-0700: 189.361: [ParNew
Desired survivor size 20112992 bytes, new threshold 5 (max 8)
- age   1:    6038112 bytes,    6038112 total
- age   2:    3271248 bytes,    9309360 total
- age   3:    8308384 bytes,   17617744 total
- age   4:     634400 bytes,   18252144 total
- age   5:    2601648 bytes,   20853792 total
: 109248K->21824K(109248K), 0.0098841 secs] 290410K->212414K(502464K), 0.0099599 secs] [Times: user=0.06 sys=0.00, real=0.02 secs] 
Heap after GC invocations=368 (full 25):
 par new generation   total 109248K, used 21824K [0x00000000e0000000, 0x00000000e8000000, 0x00000000e8000000)
  eden space 87424K,   0% used [0x00000000e0000000, 0x00000000e0000000, 0x00000000e5560000)
  from space 21824K, 100% used [0x00000000e5560000, 0x00000000e6ab0000, 0x00000000e6ab0000)
  to   space 21824K,   0% used [0x00000000e6ab0000, 0x00000000e6ab0000, 0x00000000e8000000)
 concurrent mark-sweep generation total 393216K, used 190590K [0x00000000e8000000, 0x0000000100000000, 0x0000000100000000)
 Metaspace       used 43477K, capacity 44821K, committed 45164K, reserved 1089536K
  class space    used 5309K, capacity 5616K, committed 5740K, reserved 1048576K
}
2018-10-31T21:28:07.845-0700: 189.371: Total time for which application threads were stopped: 0.0101879 seconds, Stopping threads took: 0.0000496 seconds
{Heap before GC invocations=368 (full 25):
 par new generation   total 109248K, used 109248K [0x00000000e0000000, 0x00000000e8000000, 0x00000000e8000000)
  eden space 87424K, 100% used [0x00000000e0000000, 0x00000000e5560000, 0x00000000e5560000)
  from space 21824K, 100% used [0x00000000e5560000, 0x00000000e6ab0000, 0x00000000e6ab0000)
  to   space 21824K,   0% used [0x00000000e6ab0000, 0x00000000e6ab0000, 0x00000000e8000000)
 concurrent mark-sweep generation total 393216K, used 190590K [0x00000000e8000000, 0x0000000100000000, 0x0000000100000000)
 Metaspace       used 43477K, capacity 44821K, committed 45164K, reserved 1089536K
  class space    used 5309K, capacity 5616K, committed 5740K, reserved 1048576K
2018-10-31T21:28:08.483-0700: 190.012: [GC (Allocation Failure) 2018-10-31T21:28:08.483-0700: 190.012: [ParNew
Desired survivor size 20112992 bytes, new threshold 5 (max 8)
- age   1:   10550904 bytes,   10550904 total
- age   2:    2271936 bytes,   12822840 total
- age   3:    3230472 bytes,   16053312 total
- age   4:    3683736 bytes,   19737048 total
- age   5:     622368 bytes,   20359416 total
: 109248K->21824K(109248K), 0.0102590 secs] 299838K->223883K(502464K), 0.0103272 secs] [Times: user=0.06 sys=0.00, real=0.02 secs] 
Heap after GC invocations=369 (full 25):
 par new generation   total 109248K, used 21824K [0x00000000e0000000, 0x00000000e8000000, 0x00000000e8000000)
  eden space 87424K,   0% used [0x00000000e0000000, 0x00000000e0000000, 0x00000000e5560000)
  from space 21824K, 100% used [0x00000000e6ab0000, 0x00000000e8000000, 0x00000000e8000000)
  to   space 21824K,   0% used [0x00000000e5560000, 0x00000000e5560000, 0x00000000e6ab0000)
 concurrent mark-sweep generation total 393216K, used 202059K [0x00000000e8000000, 0x0000000100000000, 0x0000000100000000)
 Metaspace       used 43477K, capacity 44821K, committed 45164K, reserved 1089536K
  class space    used 5309K, capacity 5616K, committed 5740K, reserved 1048576K
}
2018-10-31T21:28:08.499-0700: 190.023: Total time for which application threads were stopped: 0.0105675 seconds, Stopping threads took: 0.0000649 seconds
2018-10-31T21:28:08.499-0700: 190.023: [GC (CMS Initial Mark) [1 CMS-initial-mark: 202059K(393216K)] 224710K(502464K), 0.0013012 secs] [Times: user=0.00 sys=0.00, real=0.00 secs] 
2018-10-31T21:28:08.499-0700: 190.024: Total time for which application threads were stopped: 0.0014591 seconds, Stopping threads took: 0.0000653 seconds
2018-10-31T21:28:08.499-0700: 190.024: [CMS-concurrent-mark-start]
2018-10-31T21:28:08.515-0700: 190.040: [CMS-concurrent-mark: 0.016/0.016 secs] [Times: user=0.09 sys=0.00, real=0.02 secs] 
2018-10-31T21:28:08.515-0700: 190.040: [CMS-concurrent-preclean-start]
2018-10-31T21:28:08.515-0700: 190.041: [CMS-concurrent-preclean: 0.001/0.001 secs] [Times: user=0.00 sys=0.00, real=0.00 secs] 
2018-10-31T21:28:08.515-0700: 190.042: [GC (CMS Final Remark) [YG occupancy: 23563 K (109248 K)]{Heap before GC invocations=369 (full 26):
 par new generation   total 109248K, used 23563K [0x00000000e0000000, 0x00000000e8000000, 0x00000000e8000000)
  eden space 87424K,   1% used [0x00000000e0000000, 0x00000000e01b2c68, 0x00000000e5560000)
  from space 21824K, 100% used [0x00000000e6ab0000, 0x00000000e8000000, 0x00000000e8000000)
  to   space 21824K,   0% used [0x00000000e5560000, 0x00000000e5560000, 0x00000000e6ab0000)
 concurrent mark-sweep generation total 393216K, used 202059K [0x00000000e8000000, 0x0000000100000000, 0x0000000100000000)
 Metaspace       used 43477K, capacity 44821K, committed 45164K, reserved 1089536K
  class space    used 5309K, capacity 5616K, committed 5740K, reserved 1048576K
2018-10-31T21:28:08.515-0700: 190.042: [GC (CMS Final Remark) 2018-10-31T21:28:08.515-0700: 190.042: [ParNew
Desired survivor size 20112992 bytes, new threshold 8 (max 8)
- age   1:     330264 bytes,     330264 total
- age   2:    6815776 bytes,    7146040 total
- age   3:    2164288 bytes,    9310328 total
- age   4:    3223896 bytes,   12534224 total
- age   5:    3677832 bytes,   16212056 total
: 23563K->21824K(109248K), 0.0070411 secs] 225622K->228257K(502464K), 0.0070871 secs] [Times: user=0.06 sys=0.00, real=0.01 secs] 
Heap after GC invocations=370 (full 26):
 par new generation   total 109248K, used 21824K [0x00000000e0000000, 0x00000000e8000000, 0x00000000e8000000)
  eden space 87424K,   0% used [0x00000000e0000000, 0x00000000e0000000, 0x00000000e5560000)
  from space 21824K, 100% used [0x00000000e5560000, 0x00000000e6ab0000, 0x00000000e6ab0000)
  to   space 21824K,   0% used [0x00000000e6ab0000, 0x00000000e6ab0000, 0x00000000e8000000)
 concurrent mark-sweep generation total 393216K, used 206433K [0x00000000e8000000, 0x0000000100000000, 0x0000000100000000)
 Metaspace       used 43477K, capacity 44821K, committed 45164K, reserved 1089536K
  class space    used 5309K, capacity 5616K, committed 5740K, reserved 1048576K
}
2018-10-31T21:28:08.530-0700: 190.049: [Rescan (parallel) , 0.0021096 secs]2018-10-31T21:28:08.530-0700: 190.051: [weak refs processing, 0.0006663 secs]2018-10-31T21:28:08.530-0700: 190.052: [class unloading, 0.0075903 secs]2018-10-31T21:28:08.530-0700: 190.059: [scrub symbol table, 0.0072103 secs]2018-10-31T21:28:08.546-0700: 190.066: [scrub string table, 0.0004901 secs][1 CMS-remark: 206433K(393216K)] 228257K(502464K), 0.0255030 secs] [Times: user=0.08 sys=0.00, real=0.03 secs] 
2018-10-31T21:28:08.546-0700: 190.067: Total time for which application threads were stopped: 0.0256547 seconds, Stopping threads took: 0.0000441 seconds
2018-10-31T21:28:08.546-0700: 190.067: [CMS-concurrent-sweep-start]
2018-10-31T21:28:08.562-0700: 190.086: [CMS-concurrent-sweep: 0.019/0.019 secs] [Times: user=0.03 sys=0.00, real=0.02 secs] 
2018-10-31T21:28:08.562-0700: 190.086: [CMS-concurrent-reset-start]
2018-10-31T21:28:08.562-0700: 190.086: [CMS-concurrent-reset: 0.000/0.000 secs] [Times: user=0.00 sys=0.00, real=0.00 secs] 
{Heap before GC invocations=370 (full 26):
 par new generation   total 109248K, used 109248K [0x00000000e0000000, 0x00000000e8000000, 0x00000000e8000000)
  eden space 87424K, 100% used [0x00000000e0000000, 0x00000000e5560000, 0x00000000e5560000)
  from space 21824K, 100% used [0x00000000e5560000, 0x00000000e6ab0000, 0x00000000e6ab0000)
  to   space 21824K,   0% used [0x00000000e6ab0000, 0x00000000e6ab0000, 0x00000000e8000000)
 concurrent mark-sweep generation total 393216K, used 96552K [0x00000000e8000000, 0x0000000100000000, 0x0000000100000000)
 Metaspace       used 43490K, capacity 44821K, committed 45164K, reserved 1089536K
  class space    used 5310K, capacity 5616K, committed 5740K, reserved 1048576K
2018-10-31T21:28:09.484-0700: 191.003: [GC (Allocation Failure) 2018-10-31T21:28:09.484-0700: 191.003: [ParNew
Desired survivor size 20112992 bytes, new threshold 6 (max 8)
- age   1:   10935016 bytes,   10935016 total
- age   2:      13928 bytes,   10948944 total
- age   3:    3770024 bytes,   14718968 total
- age   4:    1923440 bytes,   16642408 total
- age   5:    2573608 bytes,   19216016 total
- age   6:    2661216 bytes,   21877232 total
: 109248K->21824K(109248K), 0.0099107 secs] 205800K->126666K(502464K), 0.0099851 secs] [Times: user=0.00 sys=0.00, real=0.00 secs] 
Heap after GC invocations=371 (full 26):
 par new generation   total 109248K, used 21824K [0x00000000e0000000, 0x00000000e8000000, 0x00000000e8000000)
  eden space 87424K,   0% used [0x00000000e0000000, 0x00000000e0000000, 0x00000000e5560000)
  from space 21824K, 100% used [0x00000000e6ab0000, 0x00000000e8000000, 0x00000000e8000000)
  to   space 21824K,   0% used [0x00000000e5560000, 0x00000000e5560000, 0x00000000e6ab0000)
 concurrent mark-sweep generation total 393216K, used 104842K [0x00000000e8000000, 0x0000000100000000, 0x0000000100000000)
 Metaspace       used 43490K, capacity 44821K, committed 45164K, reserved 1089536K
  class space    used 5310K, capacity 5616K, committed 5740K, reserved 1048576K
}
2018-10-31T21:28:09.484-0700: 191.013: Total time for which application threads were stopped: 0.0102458 seconds, Stopping threads took: 0.0000467 seconds
{Heap before GC invocations=371 (full 26):
 par new generation   total 109248K, used 109248K [0x00000000e0000000, 0x00000000e8000000, 0x00000000e8000000)
  eden space 87424K, 100% used [0x00000000e0000000, 0x00000000e5560000, 0x00000000e5560000)
  from space 21824K, 100% used [0x00000000e6ab0000, 0x00000000e8000000, 0x00000000e8000000)
  to   space 21824K,   0% used [0x00000000e5560000, 0x00000000e5560000, 0x00000000e6ab0000)
 concurrent mark-sweep generation total 393216K, used 104842K [0x00000000e8000000, 0x0000000100000000, 0x0000000100000000)
 Metaspace       used 43491K, capacity 44821K, committed 45164K, reserved 1089536K
  class space    used 5310K, capacity 5616K, committed 5740K, reserved 1048576K
2018-10-31T21:28:09.788-0700: 191.305: [GC (Allocation Failure) 2018-10-31T21:28:09.788-0700: 191.305: [ParNew
Desired survivor size 20112992 bytes, new threshold 8 (max 8)
- age   1:    3356352 bytes,    3356352 total
- age   2:    8004488 bytes,   11360840 total
- age   3:      12984 bytes,   11373824 total
- age   4:    3731456 bytes,   15105280 total
- age   5:    1885640 bytes,   16990920 total
- age   6:    1769304 bytes,   18760224 total
: 109248K->21824K(109248K), 0.0115864 secs] 214090K->131993K(502464K), 0.0116644 secs] [Times: user=0.00 sys=0.00, real=0.01 secs] 
Heap after GC invocations=372 (full 26):
 par new generation   total 109248K, used 21824K [0x00000000e0000000, 0x00000000e8000000, 0x00000000e8000000)
  eden space 87424K,   0% used [0x00000000e0000000, 0x00000000e0000000, 0x00000000e5560000)
  from space 21824K, 100% used [0x00000000e5560000, 0x00000000e6ab0000, 0x00000000e6ab0000)
  to   space 21824K,   0% used [0x00000000e6ab0000, 0x00000000e6ab0000, 0x00000000e8000000)
 concurrent mark-sweep generation total 393216K, used 110169K [0x00000000e8000000, 0x0000000100000000, 0x0000000100000000)
 Metaspace       used 43491K, capacity 44821K, committed 45164K, reserved 1089536K
  class space    used 5310K, capacity 5616K, committed 5740K, reserved 1048576K
}
2018-10-31T21:28:09.799-0700: 191.317: Total time for which application threads were stopped: 0.0118851 seconds, Stopping threads took: 0.0000390 seconds
{Heap before GC invocations=372 (full 26):
 par new generation   total 109248K, used 109248K [0x00000000e0000000, 0x00000000e8000000, 0x00000000e8000000)
  eden space 87424K, 100% used [0x00000000e0000000, 0x00000000e5560000, 0x00000000e5560000)
  from space 21824K, 100% used [0x00000000e5560000, 0x00000000e6ab0000, 0x00000000e6ab0000)
  to   space 21824K,   0% used [0x00000000e6ab0000, 0x00000000e6ab0000, 0x00000000e8000000)
 concurrent mark-sweep generation total 393216K, used 110169K [0x00000000e8000000, 0x0000000100000000, 0x0000000100000000)
 Metaspace       used 43492K, capacity 44821K, committed 45164K, reserved 1089536K
  class space    used 5310K, capacity 5616K, committed 5740K, reserved 1048576K
2018-10-31T21:28:10.000-0700: 191.518: [GC (Allocation Failure) 2018-10-31T21:28:10.000-0700: 191.518: [ParNew
Desired survivor size 20112992 bytes, new threshold 7 (max 8)
- age   1:    3073656 bytes,    3073656 total
- age   2:    2717904 bytes,    5791560 total
- age   3:    7912944 bytes,   13704504 total
- age   4:      11688 bytes,   13716192 total
- age   5:    3645960 bytes,   17362152 total
- age   6:    1548064 bytes,   18910216 total
- age   7:    1639856 bytes,   20550072 total
: 109248K->21824K(109248K), 0.0109628 secs] 219417K->133327K(502464K), 0.0110208 secs] [Times: user=0.00 sys=0.00, real=0.00 secs] 
Heap after GC invocations=373 (full 26):
 par new generation   total 109248K, used 21824K [0x00000000e0000000, 0x00000000e8000000, 0x00000000e8000000)
  eden space 87424K,   0% used [0x00000000e0000000, 0x00000000e0000000, 0x00000000e5560000)
  from space 21824K, 100% used [0x00000000e6ab0000, 0x00000000e8000000, 0x00000000e8000000)
  to   space 21824K,   0% used [0x00000000e5560000, 0x00000000e5560000, 0x00000000e6ab0000)
 concurrent mark-sweep generation total 393216K, used 111503K [0x00000000e8000000, 0x0000000100000000, 0x0000000100000000)
 Metaspace       used 43492K, capacity 44821K, committed 45164K, reserved 1089536K
  class space    used 5310K, capacity 5616K, committed 5740K, reserved 1048576K
}
2018-10-31T21:28:10.000-0700: 191.529: Total time for which application threads were stopped: 0.0112192 seconds, Stopping threads took: 0.0000470 seconds
{Heap before GC invocations=373 (full 26):
 par new generation   total 109248K, used 109248K [0x00000000e0000000, 0x00000000e8000000, 0x00000000e8000000)
  eden space 87424K, 100% used [0x00000000e0000000, 0x00000000e5560000, 0x00000000e5560000)
  from space 21824K, 100% used [0x00000000e6ab0000, 0x00000000e8000000, 0x00000000e8000000)
  to   space 21824K,   0% used [0x00000000e5560000, 0x00000000e5560000, 0x00000000e6ab0000)
 concurrent mark-sweep generation total 393216K, used 111503K [0x00000000e8000000, 0x0000000100000000, 0x0000000100000000)
 Metaspace       used 43492K, capacity 44821K, committed 45164K, reserved 1089536K
  class space    used 5310K, capacity 5616K, committed 5740K, reserved 1048576K
2018-10-31T21:28:10.203-0700: 191.723: [GC (Allocation Failure) 2018-10-31T21:28:10.203-0700: 191.723: [ParNew
Desired survivor size 20112992 bytes, new threshold 7 (max 8)
- age   1:    2970792 bytes,    2970792 total
- age   2:    2730896 bytes,    5701688 total
- age   3:    2599888 bytes,    8301576 total
- age   4:    7884784 bytes,   16186360 total
- age   5:      11000 bytes,   16197360 total
- age   6:    3624240 bytes,   19821600 total
- age   7:    1526320 bytes,   21347920 total
: 109248K->21824K(109248K), 0.0117188 secs] 220751K->135552K(502464K), 0.0117829 secs] [Times: user=0.00 sys=0.00, real=0.00 secs] 
Heap after GC invocations=374 (full 26):
 par new generation   total 109248K, used 21824K [0x00000000e0000000, 0x00000000e8000000, 0x00000000e8000000)
  eden space 87424K,   0% used [0x00000000e0000000, 0x00000000e0000000, 0x00000000e5560000)
  from space 21824K, 100% used [0x00000000e5560000, 0x00000000e6ab0000, 0x00000000e6ab0000)
  to   space 21824K,   0% used [0x00000000e6ab0000, 0x00000000e6ab0000, 0x00000000e8000000)
 concurrent mark-sweep generation total 393216K, used 113728K [0x00000000e8000000, 0x0000000100000000, 0x0000000100000000)
 Metaspace       used 43492K, capacity 44821K, committed 45164K, reserved 1089536K
  class space    used 5310K, capacity 5616K, committed 5740K, reserved 1048576K
}
2018-10-31T21:28:10.203-0700: 191.735: Total time for which application threads were stopped: 0.0119682 seconds, Stopping threads took: 0.0000310 seconds
{Heap before GC invocations=374 (full 26):
 par new generation   total 109248K, used 109248K [0x00000000e0000000, 0x00000000e8000000, 0x00000000e8000000)
  eden space 87424K, 100% used [0x00000000e0000000, 0x00000000e5560000, 0x00000000e5560000)
  from space 21824K, 100% used [0x00000000e5560000, 0x00000000e6ab0000, 0x00000000e6ab0000)
  to   space 21824K,   0% used [0x00000000e6ab0000, 0x00000000e6ab0000, 0x00000000e8000000)
 concurrent mark-sweep generation total 393216K, used 113728K [0x00000000e8000000, 0x0000000100000000, 0x0000000100000000)
 Metaspace       used 43492K, capacity 44821K, committed 45164K, reserved 1089536K
  class space    used 5310K, capacity 5616K, committed 5740K, reserved 1048576K
2018-10-31T21:28:10.422-0700: 191.948: [GC (Allocation Failure) 2018-10-31T21:28:10.422-0700: 191.948: [ParNew
Desired survivor size 20112992 bytes, new threshold 7 (max 8)
- age   1:    3488424 bytes,    3488424 total
- age   2:    2533560 bytes,    6021984 total
- age   3:    2576552 bytes,    8598536 total
- age   4:    2199904 bytes,   10798440 total
- age   5:    7854016 bytes,   18652456 total
- age   6:      11016 bytes,   18663472 total
- age   7:    3596136 bytes,   22259608 total
: 109248K->21824K(109248K), 0.0131592 secs] 222976K->137941K(502464K), 0.0132205 secs] [Times: user=0.06 sys=0.00, real=0.02 secs] 
Heap after GC invocations=375 (full 26):
 par new generation   total 109248K, used 21824K [0x00000000e0000000, 0x00000000e8000000, 0x00000000e8000000)
  eden space 87424K,   0% used [0x00000000e0000000, 0x00000000e0000000, 0x00000000e5560000)
  from space 21824K, 100% used [0x00000000e6ab0000, 0x00000000e8000000, 0x00000000e8000000)
  to   space 21824K,   0% used [0x00000000e5560000, 0x00000000e5560000, 0x00000000e6ab0000)
 concurrent mark-sweep generation total 393216K, used 116117K [0x00000000e8000000, 0x0000000100000000, 0x0000000100000000)
 Metaspace       used 43492K, capacity 44821K, committed 45164K, reserved 1089536K
  class space    used 5310K, capacity 5616K, committed 5740K, reserved 1048576K
}
2018-10-31T21:28:10.437-0700: 191.961: Total time for which application threads were stopped: 0.0134185 seconds, Stopping threads took: 0.0000303 seconds
{Heap before GC invocations=375 (full 26):
 par new generation   total 109248K, used 109248K [0x00000000e0000000, 0x00000000e8000000, 0x00000000e8000000)
  eden space 87424K, 100% used [0x00000000e0000000, 0x00000000e5560000, 0x00000000e5560000)
  from space 21824K, 100% used [0x00000000e6ab0000, 0x00000000e8000000, 0x00000000e8000000)
  to   space 21824K,   0% used [0x00000000e5560000, 0x00000000e5560000, 0x00000000e6ab0000)
 concurrent mark-sweep generation total 393216K, used 116117K [0x00000000e8000000, 0x0000000100000000, 0x0000000100000000)
 Metaspace       used 43492K, capacity 44821K, committed 45164K, reserved 1089536K
  class space    used 5310K, capacity 5616K, committed 5740K, reserved 1048576K
2018-10-31T21:28:10.600-0700: 192.132: [GC (Allocation Failure) 2018-10-31T21:28:10.600-0700: 192.132: [ParNew
Desired survivor size 20112992 bytes, new threshold 6 (max 8)
- age   1:    3834240 bytes,    3834240 total
- age   2:    3022960 bytes,    6857200 total
- age   3:    2382736 bytes,    9239936 total
- age   4:    1946120 bytes,   11186056 total
- age   5:    2111824 bytes,   13297880 total
- age   6:    7833392 bytes,   21131272 total
- age   7:      10688 bytes,   21141960 total
: 109248K->21824K(109248K), 0.0149330 secs] 225365K->142325K(502464K), 0.0149902 secs] [Times: user=0.06 sys=0.00, real=0.02 secs] 
Heap after GC invocations=376 (full 26):
 par new generation   total 109248K, used 21824K [0x00000000e0000000, 0x00000000e8000000, 0x00000000e8000000)
  eden space 87424K,   0% used [0x00000000e0000000, 0x00000000e0000000, 0x00000000e5560000)
  from space 21824K, 100% used [0x00000000e5560000, 0x00000000e6ab0000, 0x00000000e6ab0000)
  to   space 21824K,   0% used [0x00000000e6ab0000, 0x00000000e6ab0000, 0x00000000e8000000)
 concurrent mark-sweep generation total 393216K, used 120501K [0x00000000e8000000, 0x0000000100000000, 0x0000000100000000)
 Metaspace       used 43492K, capacity 44821K, committed 45164K, reserved 1089536K
  class space    used 5310K, capacity 5616K, committed 5740K, reserved 1048576K
}
2018-10-31T21:28:10.616-0700: 192.147: Total time for which application threads were stopped: 0.0151700 seconds, Stopping threads took: 0.0000284 seconds
{Heap before GC invocations=376 (full 26):
 par new generation   total 109248K, used 109248K [0x00000000e0000000, 0x00000000e8000000, 0x00000000e8000000)
  eden space 87424K, 100% used [0x00000000e0000000, 0x00000000e5560000, 0x00000000e5560000)
  from space 21824K, 100% used [0x00000000e5560000, 0x00000000e6ab0000, 0x00000000e6ab0000)
  to   space 21824K,   0% used [0x00000000e6ab0000, 0x00000000e6ab0000, 0x00000000e8000000)
 concurrent mark-sweep generation total 393216K, used 120501K [0x00000000e8000000, 0x0000000100000000, 0x0000000100000000)
 Metaspace       used 43492K, capacity 44821K, committed 45164K, reserved 1089536K
  class space    used 5310K, capacity 5616K, committed 5740K, reserved 1048576K
2018-10-31T21:28:10.826-0700: 192.352: [GC (Allocation Failure) 2018-10-31T21:28:10.826-0700: 192.352: [ParNew
Desired survivor size 20112992 bytes, new threshold 8 (max 8)
- age   1:    3519552 bytes,    3519552 total
- age   2:    3503640 bytes,    7023192 total
- age   3:    3020224 bytes,   10043416 total
- age   4:    2380240 bytes,   12423656 total
- age   5:    1940960 bytes,   14364616 total
- age   6:    2106984 bytes,   16471600 total
: 109248K->21824K(109248K), 0.0151864 secs] 229749K->150009K(502464K), 0.0152451 secs] [Times: user=0.06 sys=0.00, real=0.02 secs] 
Heap after GC invocations=377 (full 26):
 par new generation   total 109248K, used 21824K [0x00000000e0000000, 0x00000000e8000000, 0x00000000e8000000)
  eden space 87424K,   0% used [0x00000000e0000000, 0x00000000e0000000, 0x00000000e5560000)
  from space 21824K, 100% used [0x00000000e6ab0000, 0x00000000e8000000, 0x00000000e8000000)
  to   space 21824K,   0% used [0x00000000e5560000, 0x00000000e5560000, 0x00000000e6ab0000)
 concurrent mark-sweep generation total 393216K, used 128185K [0x00000000e8000000, 0x0000000100000000, 0x0000000100000000)
 Metaspace       used 43492K, capacity 44821K, committed 45164K, reserved 1089536K
  class space    used 5310K, capacity 5616K, committed 5740K, reserved 1048576K
}
2018-10-31T21:28:10.842-0700: 192.368: Total time for which application threads were stopped: 0.0154902 seconds, Stopping threads took: 0.0000503 seconds
{Heap before GC invocations=377 (full 26):
 par new generation   total 109248K, used 109248K [0x00000000e0000000, 0x00000000e8000000, 0x00000000e8000000)
  eden space 87424K, 100% used [0x00000000e0000000, 0x00000000e5560000, 0x00000000e5560000)
  from space 21824K, 100% used [0x00000000e6ab0000, 0x00000000e8000000, 0x00000000e8000000)
  to   space 21824K,   0% used [0x00000000e5560000, 0x00000000e5560000, 0x00000000e6ab0000)
 concurrent mark-sweep generation total 393216K, used 128185K [0x00000000e8000000, 0x0000000100000000, 0x0000000100000000)
 Metaspace       used 43497K, capacity 44821K, committed 45164K, reserved 1089536K
  class space    used 5310K, capacity 5616K, committed 5740K, reserved 1048576K
2018-10-31T21:28:11.094-0700: 192.626: [GC (Allocation Failure) 2018-10-31T21:28:11.094-0700: 192.626: [ParNew
Desired survivor size 20112992 bytes, new threshold 8 (max 8)
- age   1:    3931832 bytes,    3931832 total
- age   2:    3024672 bytes,    6956504 total
- age   3:    3503272 bytes,   10459776 total
- age   4:    3023736 bytes,   13483512 total
- age   5:    2385128 bytes,   15868640 total
- age   6:    1945104 bytes,   17813744 total
- age   7:    2110472 bytes,   19924216 total
: 109248K->21824K(109248K), 0.0172837 secs] 237433K->150055K(502464K), 0.0173551 secs] [Times: user=0.09 sys=0.00, real=0.03 secs] 
Heap after GC invocations=378 (full 26):
 par new generation   total 109248K, used 21824K [0x00000000e0000000, 0x00000000e8000000, 0x00000000e8000000)
  eden space 87424K,   0% used [0x00000000e0000000, 0x00000000e0000000, 0x00000000e5560000)
  from space 21824K, 100% used [0x00000000e5560000, 0x00000000e6ab0000, 0x00000000e6ab0000)
  to   space 21824K,   0% used [0x00000000e6ab0000, 0x00000000e6ab0000, 0x00000000e8000000)
 concurrent mark-sweep generation total 393216K, used 128231K [0x00000000e8000000, 0x0000000100000000, 0x0000000100000000)
 Metaspace       used 43497K, capacity 44821K, committed 45164K, reserved 1089536K
  class space    used 5310K, capacity 5616K, committed 5740K, reserved 1048576K
}
2018-10-31T21:28:11.125-0700: 192.644: Total time for which application threads were stopped: 0.0176111 seconds, Stopping threads took: 0.0000427 seconds
{Heap before GC invocations=378 (full 26):
 par new generation   total 109248K, used 109248K [0x00000000e0000000, 0x00000000e8000000, 0x00000000e8000000)
  eden space 87424K, 100% used [0x00000000e0000000, 0x00000000e5560000, 0x00000000e5560000)
  from space 21824K, 100% used [0x00000000e5560000, 0x00000000e6ab0000, 0x00000000e6ab0000)
  to   space 21824K,   0% used [0x00000000e6ab0000, 0x00000000e6ab0000, 0x00000000e8000000)
 concurrent mark-sweep generation total 393216K, used 128231K [0x00000000e8000000, 0x0000000100000000, 0x0000000100000000)
 Metaspace       used 43499K, capacity 44821K, committed 45164K, reserved 1089536K
  class space    used 5310K, capacity 5616K, committed 5740K, reserved 1048576K
2018-10-31T21:28:11.320-0700: 192.852: [GC (Allocation Failure) 2018-10-31T21:28:11.320-0700: 192.852: [ParNew
Desired survivor size 20112992 bytes, new threshold 8 (max 8)
- age   1:    3325384 bytes,    3325384 total
- age   2:    2765192 bytes,    6090576 total
- age   3:    2838144 bytes,    8928720 total
- age   4:    3380264 bytes,   12308984 total
- age   5:    2894208 bytes,   15203192 total
- age   6:    2252448 bytes,   17455640 total
- age   7:    1833080 bytes,   19288720 total
- age   8:    2015400 bytes,   21304120 total
: 109248K->21824K(109248K), 0.0178785 secs] 237479K->151253K(502464K), 0.0179415 secs] [Times: user=0.06 sys=0.03, real=0.03 secs] 
Heap after GC invocations=379 (full 26):
 par new generation   total 109248K, used 21824K [0x00000000e0000000, 0x00000000e8000000, 0x00000000e8000000)
  eden space 87424K,   0% used [0x00000000e0000000, 0x00000000e0000000, 0x00000000e5560000)
  from space 21824K, 100% used [0x00000000e6ab0000, 0x00000000e8000000, 0x00000000e8000000)
  to   space 21824K,   0% used [0x00000000e5560000, 0x00000000e5560000, 0x00000000e6ab0000)
 concurrent mark-sweep generation total 393216K, used 129429K [0x00000000e8000000, 0x0000000100000000, 0x0000000100000000)
 Metaspace       used 43499K, capacity 44821K, committed 45164K, reserved 1089536K
  class space    used 5310K, capacity 5616K, committed 5740K, reserved 1048576K
}
2018-10-31T21:28:11.353-0700: 192.870: Total time for which application threads were stopped: 0.0181363 seconds, Stopping threads took: 0.0000328 seconds
2018-10-31T21:28:11.385-0700: 192.907: Total time for which application threads were stopped: 0.0001145 seconds, Stopping threads took: 0.0000511 seconds
{Heap before GC invocations=379 (full 26):
 par new generation   total 109248K, used 109248K [0x00000000e0000000, 0x00000000e8000000, 0x00000000e8000000)
  eden space 87424K, 100% used [0x00000000e0000000, 0x00000000e5560000, 0x00000000e5560000)
  from space 21824K, 100% used [0x00000000e6ab0000, 0x00000000e8000000, 0x00000000e8000000)
  to   space 21824K,   0% used [0x00000000e5560000, 0x00000000e5560000, 0x00000000e6ab0000)
 concurrent mark-sweep generation total 393216K, used 129429K [0x00000000e8000000, 0x0000000100000000, 0x0000000100000000)
 Metaspace       used 43499K, capacity 44821K, committed 45164K, reserved 1089536K
  class space    used 5310K, capacity 5616K, committed 5740K, reserved 1048576K
2018-10-31T21:28:11.541-0700: 193.072: [GC (Allocation Failure) 2018-10-31T21:28:11.541-0700: 193.072: [ParNew
Desired survivor size 20112992 bytes, new threshold 8 (max 8)
- age   1:    3200648 bytes,    3200648 total
- age   2:    2660512 bytes,    5861160 total
- age   3:    2535400 bytes,    8396560 total
- age   4:    2627576 bytes,   11024136 total
- age   5:    3239352 bytes,   14263488 total
- age   6:    2757784 bytes,   17021272 total
- age   7:    2137960 bytes,   19159232 total
- age   8:    1729528 bytes,   20888760 total
: 109248K->21824K(109248K), 0.0195020 secs] 238677K->154879K(502464K), 0.0195607 secs] [Times: user=0.11 sys=0.01, real=0.03 secs] 
Heap after GC invocations=380 (full 26):
 par new generation   total 109248K, used 21824K [0x00000000e0000000, 0x00000000e8000000, 0x00000000e8000000)
  eden space 87424K,   0% used [0x00000000e0000000, 0x00000000e0000000, 0x00000000e5560000)
  from space 21824K, 100% used [0x00000000e5560000, 0x00000000e6ab0000, 0x00000000e6ab0000)
  to   space 21824K,   0% used [0x00000000e6ab0000, 0x00000000e6ab0000, 0x00000000e8000000)
 concurrent mark-sweep generation total 393216K, used 133055K [0x00000000e8000000, 0x0000000100000000, 0x0000000100000000)
 Metaspace       used 43499K, capacity 44821K, committed 45164K, reserved 1089536K
  class space    used 5310K, capacity 5616K, committed 5740K, reserved 1048576K
}
2018-10-31T21:28:11.573-0700: 193.091: Total time for which application threads were stopped: 0.0197685 seconds, Stopping threads took: 0.0000284 seconds
{Heap before GC invocations=380 (full 26):
 par new generation   total 109248K, used 109248K [0x00000000e0000000, 0x00000000e8000000, 0x00000000e8000000)
  eden space 87424K, 100% used [0x00000000e0000000, 0x00000000e5560000, 0x00000000e5560000)
  from space 21824K, 100% used [0x00000000e5560000, 0x00000000e6ab0000, 0x00000000e6ab0000)
  to   space 21824K,   0% used [0x00000000e6ab0000, 0x00000000e6ab0000, 0x00000000e8000000)
 concurrent mark-sweep generation total 393216K, used 133055K [0x00000000e8000000, 0x0000000100000000, 0x0000000100000000)
 Metaspace       used 43500K, capacity 44821K, committed 45164K, reserved 1089536K
  class space    used 5310K, capacity 5616K, committed 5740K, reserved 1048576K
2018-10-31T21:28:11.781-0700: 193.298: [GC (Allocation Failure) 2018-10-31T21:28:11.781-0700: 193.298: [ParNew
Desired survivor size 20112992 bytes, new threshold 8 (max 8)
- age   1:    3243144 bytes,    3243144 total
- age   2:    2503280 bytes,    5746424 total
- age   3:    2427888 bytes,    8174312 total
- age   4:    2319416 bytes,   10493728 total
- age   5:    2419944 bytes,   12913672 total
- age   6:    3084888 bytes,   15998560 total
- age   7:    2628944 bytes,   18627504 total
- age   8:    2027832 bytes,   20655336 total
: 109248K->21824K(109248K), 0.0214920 secs] 242303K->158394K(502464K), 0.0216240 secs] [Times: user=0.06 sys=0.00, real=0.02 secs] 
Heap after GC invocations=381 (full 26):
 par new generation   total 109248K, used 21824K [0x00000000e0000000, 0x00000000e8000000, 0x00000000e8000000)
  eden space 87424K,   0% used [0x00000000e0000000, 0x00000000e0000000, 0x00000000e5560000)
  from space 21824K, 100% used [0x00000000e6ab0000, 0x00000000e8000000, 0x00000000e8000000)
  to   space 21824K,   0% used [0x00000000e5560000, 0x00000000e5560000, 0x00000000e6ab0000)
 concurrent mark-sweep generation total 393216K, used 136570K [0x00000000e8000000, 0x0000000100000000, 0x0000000100000000)
 Metaspace       used 43500K, capacity 44821K, committed 45164K, reserved 1089536K
  class space    used 5310K, capacity 5616K, committed 5740K, reserved 1048576K
}
2018-10-31T21:28:11.803-0700: 193.320: Total time for which application threads were stopped: 0.0219573 seconds, Stopping threads took: 0.0000314 seconds
{Heap before GC invocations=381 (full 26):
 par new generation   total 109248K, used 109248K [0x00000000e0000000, 0x00000000e8000000, 0x00000000e8000000)
  eden space 87424K, 100% used [0x00000000e0000000, 0x00000000e5560000, 0x00000000e5560000)
  from space 21824K, 100% used [0x00000000e6ab0000, 0x00000000e8000000, 0x00000000e8000000)
  to   space 21824K,   0% used [0x00000000e5560000, 0x00000000e5560000, 0x00000000e6ab0000)
 concurrent mark-sweep generation total 393216K, used 136570K [0x00000000e8000000, 0x0000000100000000, 0x0000000100000000)
 Metaspace       used 43500K, capacity 44821K, committed 45164K, reserved 1089536K
  class space    used 5310K, capacity 5616K, committed 5740K, reserved 1048576K
2018-10-31T21:28:11.999-0700: 193.517: [GC (Allocation Failure) 2018-10-31T21:28:11.999-0700: 193.517: [ParNew
Desired survivor size 20112992 bytes, new threshold 7 (max 8)
- age   1:    6429992 bytes,    6429992 total
- age   2:    2627616 bytes,    9057608 total
- age   3:    2382136 bytes,   11439744 total
- age   4:    2318032 bytes,   13757776 total
- age   5:    2218064 bytes,   15975840 total
- age   6:    2323256 bytes,   18299096 total
- age   7:    1951056 bytes,   20250152 total
- age   8:    2036728 bytes,   22286880 total
: 109248K->21824K(109248K), 0.0220492 secs] 245818K->161420K(502464K), 0.0221035 secs] [Times: user=0.06 sys=0.00, real=0.01 secs] 
Heap after GC invocations=382 (full 26):
 par new generation   total 109248K, used 21824K [0x00000000e0000000, 0x00000000e8000000, 0x00000000e8000000)
  eden space 87424K,   0% used [0x00000000e0000000, 0x00000000e0000000, 0x00000000e5560000)
  from space 21824K, 100% used [0x00000000e5560000, 0x00000000e6ab0000, 0x00000000e6ab0000)
  to   space 21824K,   0% used [0x00000000e6ab0000, 0x00000000e6ab0000, 0x00000000e8000000)
 concurrent mark-sweep generation total 393216K, used 139596K [0x00000000e8000000, 0x0000000100000000, 0x0000000100000000)
 Metaspace       used 43500K, capacity 44821K, committed 45164K, reserved 1089536K
  class space    used 5310K, capacity 5616K, committed 5740K, reserved 1048576K
}
2018-10-31T21:28:12.014-0700: 193.539: Total time for which application threads were stopped: 0.0222808 seconds, Stopping threads took: 0.0000281 seconds
{Heap before GC invocations=382 (full 26):
 par new generation   total 109248K, used 109248K [0x00000000e0000000, 0x00000000e8000000, 0x00000000e8000000)
  eden space 87424K, 100% used [0x00000000e0000000, 0x00000000e5560000, 0x00000000e5560000)
  from space 21824K, 100% used [0x00000000e5560000, 0x00000000e6ab0000, 0x00000000e6ab0000)
  to   space 21824K,   0% used [0x00000000e6ab0000, 0x00000000e6ab0000, 0x00000000e8000000)
 concurrent mark-sweep generation total 393216K, used 139596K [0x00000000e8000000, 0x0000000100000000, 0x0000000100000000)
 Metaspace       used 43500K, capacity 44821K, committed 45164K, reserved 1089536K
  class space    used 5310K, capacity 5616K, committed 5740K, reserved 1048576K
2018-10-31T21:28:12.215-0700: 193.733: [GC (Allocation Failure) 2018-10-31T21:28:12.215-0700: 193.733: [ParNew
Desired survivor size 20112992 bytes, new threshold 8 (max 8)
- age   1:    2730696 bytes,    2730696 total
- age   2:    6109792 bytes,    8840488 total
- age   3:    2380424 bytes,   11220912 total
- age   4:    2165904 bytes,   13386816 total
- age   5:    2114376 bytes,   15501192 total
- age   6:    2033120 bytes,   17534312 total
- age   7:    2140064 bytes,   19674376 total
: 109248K->21824K(109248K), 0.0226641 secs] 248844K->167383K(502464K), 0.0227275 secs] [Times: user=0.06 sys=0.00, real=0.02 secs] 
Heap after GC invocations=383 (full 26):
 par new generation   total 109248K, used 21824K [0x00000000e0000000, 0x00000000e8000000, 0x00000000e8000000)
  eden space 87424K,   0% used [0x00000000e0000000, 0x00000000e0000000, 0x00000000e5560000)
  from space 21824K, 100% used [0x00000000e6ab0000, 0x00000000e8000000, 0x00000000e8000000)
  to   space 21824K,   0% used [0x00000000e5560000, 0x00000000e5560000, 0x00000000e6ab0000)
 concurrent mark-sweep generation total 393216K, used 145559K [0x00000000e8000000, 0x0000000100000000, 0x0000000100000000)
 Metaspace       used 43500K, capacity 44821K, committed 45164K, reserved 1089536K
  class space    used 5310K, capacity 5616K, committed 5740K, reserved 1048576K
}
2018-10-31T21:28:12.235-0700: 193.755: Total time for which application threads were stopped: 0.0229547 seconds, Stopping threads took: 0.0000638 seconds
{Heap before GC invocations=383 (full 26):
 par new generation   total 109248K, used 109248K [0x00000000e0000000, 0x00000000e8000000, 0x00000000e8000000)
  eden space 87424K, 100% used [0x00000000e0000000, 0x00000000e5560000, 0x00000000e5560000)
  from space 21824K, 100% used [0x00000000e6ab0000, 0x00000000e8000000, 0x00000000e8000000)
  to   space 21824K,   0% used [0x00000000e5560000, 0x00000000e5560000, 0x00000000e6ab0000)
 concurrent mark-sweep generation total 393216K, used 145559K [0x00000000e8000000, 0x0000000100000000, 0x0000000100000000)
 Metaspace       used 43500K, capacity 44821K, committed 45164K, reserved 1089536K
  class space    used 5310K, capacity 5616K, committed 5740K, reserved 1048576K
2018-10-31T21:28:12.438-0700: 193.959: [GC (Allocation Failure) 2018-10-31T21:28:12.438-0700: 193.959: [ParNew
Desired survivor size 20112992 bytes, new threshold 8 (max 8)
- age   1:    3362008 bytes,    3362008 total
- age   2:    2477096 bytes,    5839104 total
- age   3:    5407456 bytes,   11246560 total
- age   4:    2219104 bytes,   13465664 total
- age   5:    2020368 bytes,   15486032 total
- age   6:    1977792 bytes,   17463824 total
- age   7:    1899960 bytes,   19363784 total
- age   8:    2012728 bytes,   21376512 total
: 109248K->21824K(109248K), 0.0195239 secs] 254807K->168860K(502464K), 0.0195851 secs] [Times: user=0.06 sys=0.00, real=0.02 secs] 
Heap after GC invocations=384 (full 26):
 par new generation   total 109248K, used 21824K [0x00000000e0000000, 0x00000000e8000000, 0x00000000e8000000)
  eden space 87424K,   0% used [0x00000000e0000000, 0x00000000e0000000, 0x00000000e5560000)
  from space 21824K, 100% used [0x00000000e5560000, 0x00000000e6ab0000, 0x00000000e6ab0000)
  to   space 21824K,   0% used [0x00000000e6ab0000, 0x00000000e6ab0000, 0x00000000e8000000)
 concurrent mark-sweep generation total 393216K, used 147036K [0x00000000e8000000, 0x0000000100000000, 0x0000000100000000)
 Metaspace       used 43500K, capacity 44821K, committed 45164K, reserved 1089536K
  class space    used 5310K, capacity 5616K, committed 5740K, reserved 1048576K
}
2018-10-31T21:28:12.454-0700: 193.978: Total time for which application threads were stopped: 0.0197985 seconds, Stopping threads took: 0.0000627 seconds
2018-10-31T21:28:12.704-0700: 194.231: Total time for which application threads were stopped: 0.0001466 seconds, Stopping threads took: 0.0000416 seconds
{Heap before GC invocations=384 (full 26):
 par new generation   total 109248K, used 109248K [0x00000000e0000000, 0x00000000e8000000, 0x00000000e8000000)
  eden space 87424K, 100% used [0x00000000e0000000, 0x00000000e5560000, 0x00000000e5560000)
  from space 21824K, 100% used [0x00000000e5560000, 0x00000000e6ab0000, 0x00000000e6ab0000)
  to   space 21824K,   0% used [0x00000000e6ab0000, 0x00000000e6ab0000, 0x00000000e8000000)
 concurrent mark-sweep generation total 393216K, used 147036K [0x00000000e8000000, 0x0000000100000000, 0x0000000100000000)
 Metaspace       used 43501K, capacity 44821K, committed 45164K, reserved 1089536K
  class space    used 5310K, capacity 5616K, committed 5740K, reserved 1048576K
2018-10-31T21:28:13.298-0700: 194.827: [GC (Allocation Failure) 2018-10-31T21:28:13.298-0700: 194.827: [ParNew
Desired survivor size 20112992 bytes, new threshold 8 (max 8)
- age   1:    1593984 bytes,    1593984 total
- age   2:    3020192 bytes,    4614176 total
- age   3:    2168688 bytes,    6782864 total
- age   4:    5133120 bytes,   11915984 total
- age   5:    1958672 bytes,   13874656 total
- age   6:    1775736 bytes,   15650392 total
- age   7:    1749992 bytes,   17400384 total
- age   8:    1685264 bytes,   19085648 total
: 109248K->21824K(109248K), 0.0184820 secs] 256284K->170938K(502464K), 0.0185465 secs] [Times: user=0.06 sys=0.00, real=0.02 secs] 
Heap after GC invocations=385 (full 26):
 par new generation   total 109248K, used 21824K [0x00000000e0000000, 0x00000000e8000000, 0x00000000e8000000)
  eden space 87424K,   0% used [0x00000000e0000000, 0x00000000e0000000, 0x00000000e5560000)
  from space 21824K, 100% used [0x00000000e6ab0000, 0x00000000e8000000, 0x00000000e8000000)
  to   space 21824K,   0% used [0x00000000e5560000, 0x00000000e5560000, 0x00000000e6ab0000)
 concurrent mark-sweep generation total 393216K, used 149114K [0x00000000e8000000, 0x0000000100000000, 0x0000000100000000)
 Metaspace       used 43501K, capacity 44821K, committed 45164K, reserved 1089536K
  class space    used 5310K, capacity 5616K, committed 5740K, reserved 1048576K
}
2018-10-31T21:28:13.314-0700: 194.846: Total time for which application threads were stopped: 0.0187325 seconds, Stopping threads took: 0.0000266 seconds
{Heap before GC invocations=385 (full 26):
 par new generation   total 109248K, used 109248K [0x00000000e0000000, 0x00000000e8000000, 0x00000000e8000000)
  eden space 87424K, 100% used [0x00000000e0000000, 0x00000000e5560000, 0x00000000e5560000)
  from space 21824K, 100% used [0x00000000e6ab0000, 0x00000000e8000000, 0x00000000e8000000)
  to   space 21824K,   0% used [0x00000000e5560000, 0x00000000e5560000, 0x00000000e6ab0000)
 concurrent mark-sweep generation total 393216K, used 149114K [0x00000000e8000000, 0x0000000100000000, 0x0000000100000000)
 Metaspace       used 43501K, capacity 44821K, committed 45164K, reserved 1089536K
  class space    used 5310K, capacity 5616K, committed 5740K, reserved 1048576K
2018-10-31T21:28:13.704-0700: 195.222: [GC (Allocation Failure) 2018-10-31T21:28:13.704-0700: 195.222: [ParNew
Desired survivor size 20112992 bytes, new threshold 8 (max 8)
- age   1:     118600 bytes,     118600 total
- age   2:    1490616 bytes,    1609216 total
- age   3:    3020192 bytes,    4629408 total
- age   4:    2168688 bytes,    6798096 total
- age   5:    5133120 bytes,   11931216 total
- age   6:    1958672 bytes,   13889888 total
- age   7:    1775736 bytes,   15665624 total
- age   8:    1749992 bytes,   17415616 total
: 109248K->21824K(109248K), 0.0161557 secs] 258362K->172632K(502464K), 0.0162374 secs] [Times: user=0.02 sys=0.00, real=0.02 secs] 
Heap after GC invocations=386 (full 26):
 par new generation   total 109248K, used 21824K [0x00000000e0000000, 0x00000000e8000000, 0x00000000e8000000)
  eden space 87424K,   0% used [0x00000000e0000000, 0x00000000e0000000, 0x00000000e5560000)
  from space 21824K, 100% used [0x00000000e5560000, 0x00000000e6ab0000, 0x00000000e6ab0000)
  to   space 21824K,   0% used [0x00000000e6ab0000, 0x00000000e6ab0000, 0x00000000e8000000)
 concurrent mark-sweep generation total 393216K, used 150808K [0x00000000e8000000, 0x0000000100000000, 0x0000000100000000)
 Metaspace       used 43501K, capacity 44821K, committed 45164K, reserved 1089536K
  class space    used 5310K, capacity 5616K, committed 5740K, reserved 1048576K
}
2018-10-31T21:28:13.721-0700: 195.238: Total time for which application threads were stopped: 0.0164712 seconds, Stopping threads took: 0.0000405 seconds
2018-10-31T21:28:13.875-0700: 195.399: Total time for which application threads were stopped: 0.0000861 seconds, Stopping threads took: 0.0000255 seconds
{Heap before GC invocations=386 (full 26):
 par new generation   total 109248K, used 109248K [0x00000000e0000000, 0x00000000e8000000, 0x00000000e8000000)
  eden space 87424K, 100% used [0x00000000e0000000, 0x00000000e5560000, 0x00000000e5560000)
  from space 21824K, 100% used [0x00000000e5560000, 0x00000000e6ab0000, 0x00000000e6ab0000)
  to   space 21824K,   0% used [0x00000000e6ab0000, 0x00000000e6ab0000, 0x00000000e8000000)
 concurrent mark-sweep generation total 393216K, used 150808K [0x00000000e8000000, 0x0000000100000000, 0x0000000100000000)
 Metaspace       used 43505K, capacity 44821K, committed 45164K, reserved 1089536K
  class space    used 5310K, capacity 5616K, committed 5740K, reserved 1048576K
2018-10-31T21:28:14.079-0700: 195.602: [GC (Allocation Failure) 2018-10-31T21:28:14.079-0700: 195.602: [ParNew
Desired survivor size 20112992 bytes, new threshold 8 (max 8)
- age   1:    3193320 bytes,    3193320 total
- age   3:     143064 bytes,    3336384 total
- age   4:    2427144 bytes,    5763528 total
- age   5:    1604424 bytes,    7367952 total
- age   6:    4616696 bytes,   11984648 total
- age   7:    1473888 bytes,   13458536 total
- age   8:    1338688 bytes,   14797224 total
: 109248K->21824K(109248K), 0.0159756 secs] 260056K->173958K(502464K), 0.0160372 secs] [Times: user=0.06 sys=0.00, real=0.02 secs] 
Heap after GC invocations=387 (full 26):
 par new generation   total 109248K, used 21824K [0x00000000e0000000, 0x00000000e8000000, 0x00000000e8000000)
  eden space 87424K,   0% used [0x00000000e0000000, 0x00000000e0000000, 0x00000000e5560000)
  from space 21824K, 100% used [0x00000000e6ab0000, 0x00000000e8000000, 0x00000000e8000000)
  to   space 21824K,   0% used [0x00000000e5560000, 0x00000000e5560000, 0x00000000e6ab0000)
 concurrent mark-sweep generation total 393216K, used 152134K [0x00000000e8000000, 0x0000000100000000, 0x0000000100000000)
 Metaspace       used 43505K, capacity 44821K, committed 45164K, reserved 1089536K
  class space    used 5310K, capacity 5616K, committed 5740K, reserved 1048576K
}
2018-10-31T21:28:14.095-0700: 195.618: Total time for which application threads were stopped: 0.0162320 seconds, Stopping threads took: 0.0000321 seconds
{Heap before GC invocations=387 (full 26):
 par new generation   total 109248K, used 109248K [0x00000000e0000000, 0x00000000e8000000, 0x00000000e8000000)
  eden space 87424K, 100% used [0x00000000e0000000, 0x00000000e5560000, 0x00000000e5560000)
  from space 21824K, 100% used [0x00000000e6ab0000, 0x00000000e8000000, 0x00000000e8000000)
  to   space 21824K,   0% used [0x00000000e5560000, 0x00000000e5560000, 0x00000000e6ab0000)
 concurrent mark-sweep generation total 393216K, used 152134K [0x00000000e8000000, 0x0000000100000000, 0x0000000100000000)
 Metaspace       used 43505K, capacity 44821K, committed 45164K, reserved 1089536K
  class space    used 5310K, capacity 5616K, committed 5740K, reserved 1048576K
2018-10-31T21:28:14.282-0700: 195.806: [GC (Allocation Failure) 2018-10-31T21:28:14.282-0700: 195.806: [ParNew
Desired survivor size 20112992 bytes, new threshold 8 (max 8)
- age   1:    3516336 bytes,    3516336 total
- age   2:    3120512 bytes,    6636848 total
- age   4:     143064 bytes,    6779912 total
- age   5:    2427144 bytes,    9207056 total
- age   6:    1604424 bytes,   10811480 total
- age   7:    4616696 bytes,   15428176 total
- age   8:    1473888 bytes,   16902064 total
: 109248K->20040K(109248K), 0.0166728 secs] 261382K->173508K(502464K), 0.0167564 secs] [Times: user=0.06 sys=0.00, real=0.02 secs] 
Heap after GC invocations=388 (full 26):
 par new generation   total 109248K, used 20040K [0x00000000e0000000, 0x00000000e8000000, 0x00000000e8000000)
  eden space 87424K,   0% used [0x00000000e0000000, 0x00000000e0000000, 0x00000000e5560000)
  from space 21824K,  91% used [0x00000000e5560000, 0x00000000e68f20e8, 0x00000000e6ab0000)
  to   space 21824K,   0% used [0x00000000e6ab0000, 0x00000000e6ab0000, 0x00000000e8000000)
 concurrent mark-sweep generation total 393216K, used 153468K [0x00000000e8000000, 0x0000000100000000, 0x0000000100000000)
 Metaspace       used 43505K, capacity 44821K, committed 45164K, reserved 1089536K
  class space    used 5310K, capacity 5616K, committed 5740K, reserved 1048576K
}
2018-10-31T21:28:14.298-0700: 195.823: Total time for which application threads were stopped: 0.0169566 seconds, Stopping threads took: 0.0000452 seconds
{Heap before GC invocations=388 (full 26):
 par new generation   total 109248K, used 107464K [0x00000000e0000000, 0x00000000e8000000, 0x00000000e8000000)
  eden space 87424K, 100% used [0x00000000e0000000, 0x00000000e5560000, 0x00000000e5560000)
  from space 21824K,  91% used [0x00000000e5560000, 0x00000000e68f20e8, 0x00000000e6ab0000)
  to   space 21824K,   0% used [0x00000000e6ab0000, 0x00000000e6ab0000, 0x00000000e8000000)
 concurrent mark-sweep generation total 393216K, used 153468K [0x00000000e8000000, 0x0000000100000000, 0x0000000100000000)
 Metaspace       used 43505K, capacity 44821K, committed 45164K, reserved 1089536K
  class space    used 5310K, capacity 5616K, committed 5740K, reserved 1048576K
2018-10-31T21:28:14.517-0700: 196.034: [GC (Allocation Failure) 2018-10-31T21:28:14.517-0700: 196.034: [ParNew
Desired survivor size 20112992 bytes, new threshold 8 (max 8)
- age   1:    3356000 bytes,    3356000 total
- age   2:    3420584 bytes,    6776584 total
- age   3:    3111056 bytes,    9887640 total
- age   5:     142328 bytes,   10029968 total
- age   6:    2421936 bytes,   12451904 total
- age   7:    1602576 bytes,   14054480 total
- age   8:    4616168 bytes,   18670648 total
: 107464K->21824K(109248K), 0.0177457 secs] 260932K->176796K(502464K), 0.0178055 secs] [Times: user=0.06 sys=0.00, real=0.02 secs] 
Heap after GC invocations=389 (full 26):
 par new generation   total 109248K, used 21824K [0x00000000e0000000, 0x00000000e8000000, 0x00000000e8000000)
  eden space 87424K,   0% used [0x00000000e0000000, 0x00000000e0000000, 0x00000000e5560000)
  from space 21824K, 100% used [0x00000000e6ab0000, 0x00000000e8000000, 0x00000000e8000000)
  to   space 21824K,   0% used [0x00000000e5560000, 0x00000000e5560000, 0x00000000e6ab0000)
 concurrent mark-sweep generation total 393216K, used 154972K [0x00000000e8000000, 0x0000000100000000, 0x0000000100000000)
 Metaspace       used 43505K, capacity 44821K, committed 45164K, reserved 1089536K
  class space    used 5310K, capacity 5616K, committed 5740K, reserved 1048576K
}
2018-10-31T21:28:14.532-0700: 196.052: Total time for which application threads were stopped: 0.0179831 seconds, Stopping threads took: 0.0000321 seconds
2018-10-31T21:28:14.673-0700: 196.195: Total time for which application threads were stopped: 0.0001440 seconds, Stopping threads took: 0.0000376 seconds
2018-10-31T21:28:14.673-0700: 196.196: Total time for which application threads were stopped: 0.0000583 seconds, Stopping threads took: 0.0000179 seconds
2018-10-31T21:28:14.673-0700: 196.196: Total time for which application threads were stopped: 0.0000791 seconds, Stopping threads took: 0.0000500 seconds
2018-10-31T21:28:14.743-0700: 196.261: Total time for which application threads were stopped: 0.0001725 seconds, Stopping threads took: 0.0000452 seconds
2018-10-31T21:28:15.143-0700: 196.663: Total time for which application threads were stopped: 0.0000766 seconds, Stopping threads took: 0.0000241 seconds
2018-10-31T21:28:16.156-0700: 197.673: Total time for which application threads were stopped: 0.0001116 seconds, Stopping threads took: 0.0000354 seconds
2018-10-31T21:28:22.203-0700: 203.720: Total time for which application threads were stopped: 0.0001302 seconds, Stopping threads took: 0.0000390 seconds
2018-10-31T21:28:24.229-0700: 205.746: Total time for which application threads were stopped: 0.0000988 seconds, Stopping threads took: 0.0000401 seconds
2018-10-31T21:28:28.234-0700: 209.751: Total time for which application threads were stopped: 0.0001269 seconds, Stopping threads took: 0.0000489 seconds
2018-10-31T21:28:38.311-0700: 219.828: Total time for which application threads were stopped: 0.0001313 seconds, Stopping threads took: 0.0000594 seconds
2018-10-31T21:28:46.347-0700: 227.864: Total time for which application threads were stopped: 0.0001360 seconds, Stopping threads took: 0.0000511 seconds
2018-10-31T21:28:52.379-0700: 233.896: Total time for which application threads were stopped: 0.0001430 seconds, Stopping threads took: 0.0000434 seconds
2018-10-31T21:28:53.079-0700: 234.596: Total time for which application threads were stopped: 0.0003019 seconds, Stopping threads took: 0.0000795 seconds
2018-10-31T21:28:53.080-0700: 234.597: Total time for which application threads were stopped: 0.0002046 seconds, Stopping threads took: 0.0000412 seconds
2018-10-31T21:28:53.082-0700: 234.599: Total time for which application threads were stopped: 0.0003490 seconds, Stopping threads took: 0.0001648 seconds
2018-10-31T21:28:53.084-0700: 234.602: Total time for which application threads were stopped: 0.0003931 seconds, Stopping threads took: 0.0001389 seconds
2018-10-31T21:28:53.091-0700: 234.608: Total time for which application threads were stopped: 0.0002173 seconds, Stopping threads took: 0.0000565 seconds
2018-10-31T21:28:53.092-0700: 234.609: Total time for which application threads were stopped: 0.0001550 seconds, Stopping threads took: 0.0000500 seconds
2018-10-31T21:28:53.092-0700: 234.610: Total time for which application threads were stopped: 0.0003220 seconds, Stopping threads took: 0.0000423 seconds
2018-10-31T21:28:54.106-0700: 235.623: Total time for which application threads were stopped: 0.0001561 seconds, Stopping threads took: 0.0000372 seconds
2018-10-31T21:28:56.484-0700: 238.001: Total time for which application threads were stopped: 0.0002976 seconds, Stopping threads took: 0.0000890 seconds
2018-10-31T21:28:56.485-0700: 238.002: Total time for which application threads were stopped: 0.0005496 seconds, Stopping threads took: 0.0003599 seconds
2018-10-31T21:28:56.485-0700: 238.003: Total time for which application threads were stopped: 0.0002684 seconds, Stopping threads took: 0.0001152 seconds
2018-10-31T21:28:56.486-0700: 238.003: Total time for which application threads were stopped: 0.0002392 seconds, Stopping threads took: 0.0000671 seconds
2018-10-31T21:28:56.486-0700: 238.003: Total time for which application threads were stopped: 0.0001874 seconds, Stopping threads took: 0.0000631 seconds
2018-10-31T21:28:56.486-0700: 238.004: Total time for which application threads were stopped: 0.0002549 seconds, Stopping threads took: 0.0001371 seconds
2018-10-31T21:28:56.487-0700: 238.004: Total time for which application threads were stopped: 0.0002082 seconds, Stopping threads took: 0.0000573 seconds
2018-10-31T21:28:56.528-0700: 238.045: Total time for which application threads were stopped: 0.0009697 seconds, Stopping threads took: 0.0000565 seconds
2018-10-31T21:28:57.528-0700: 239.045: Total time for which application threads were stopped: 0.0001112 seconds, Stopping threads took: 0.0000270 seconds
2018-10-31T21:29:02.546-0700: 244.063: Total time for which application threads were stopped: 0.0001652 seconds, Stopping threads took: 0.0000591 seconds
2018-10-31T21:29:03.956-0700: 245.474: Total time for which application threads were stopped: 0.0001043 seconds, Stopping threads took: 0.0000419 seconds
2018-10-31T21:29:03.960-0700: 245.477: Total time for which application threads were stopped: 0.0001484 seconds, Stopping threads took: 0.0000244 seconds
2018-10-31T21:29:03.971-0700: 245.488: Total time for which application threads were stopped: 0.0007013 seconds, Stopping threads took: 0.0000292 seconds
2018-10-31T21:29:03.975-0700: 245.493: Total time for which application threads were stopped: 0.0007005 seconds, Stopping threads took: 0.0000580 seconds
2018-10-31T21:29:03.979-0700: 245.496: Total time for which application threads were stopped: 0.0001280 seconds, Stopping threads took: 0.0000532 seconds
2018-10-31T21:29:04.979-0700: 246.496: Total time for which application threads were stopped: 0.0001196 seconds, Stopping threads took: 0.0000434 seconds
{Heap before GC invocations=389 (full 26):
 par new generation   total 109248K, used 109248K [0x00000000e0000000, 0x00000000e8000000, 0x00000000e8000000)
  eden space 87424K, 100% used [0x00000000e0000000, 0x00000000e5560000, 0x00000000e5560000)
  from space 21824K, 100% used [0x00000000e6ab0000, 0x00000000e8000000, 0x00000000e8000000)
  to   space 21824K,   0% used [0x00000000e5560000, 0x00000000e5560000, 0x00000000e6ab0000)
 concurrent mark-sweep generation total 393216K, used 154972K [0x00000000e8000000, 0x0000000100000000, 0x0000000100000000)
 Metaspace       used 44167K, capacity 45625K, committed 45676K, reserved 1089536K
  class space    used 5383K, capacity 5698K, committed 5740K, reserved 1048576K
2018-10-31T21:29:07.786-0700: 249.303: [GC (Allocation Failure) 2018-10-31T21:29:07.786-0700: 249.303: [ParNew
Desired survivor size 20112992 bytes, new threshold 8 (max 8)
- age   1:    2903720 bytes,    2903720 total
- age   2:    2199976 bytes,    5103696 total
- age   3:    2242264 bytes,    7345960 total
- age   4:    1625512 bytes,    8971472 total
- age   6:     142328 bytes,    9113800 total
- age   7:    2421936 bytes,   11535736 total
- age   8:    1602576 bytes,   13138312 total
: 109248K->16885K(109248K), 0.0180728 secs] 264220K->176393K(502464K), 0.0181622 secs] [Times: user=0.06 sys=0.00, real=0.02 secs] 
Heap after GC invocations=390 (full 26):
 par new generation   total 109248K, used 16885K [0x00000000e0000000, 0x00000000e8000000, 0x00000000e8000000)
  eden space 87424K,   0% used [0x00000000e0000000, 0x00000000e0000000, 0x00000000e5560000)
  from space 21824K,  77% used [0x00000000e5560000, 0x00000000e65dd5c0, 0x00000000e6ab0000)
  to   space 21824K,   0% used [0x00000000e6ab0000, 0x00000000e6ab0000, 0x00000000e8000000)
 concurrent mark-sweep generation total 393216K, used 159508K [0x00000000e8000000, 0x0000000100000000, 0x0000000100000000)
 Metaspace       used 44167K, capacity 45625K, committed 45676K, reserved 1089536K
  class space    used 5383K, capacity 5698K, committed 5740K, reserved 1048576K
}
2018-10-31T21:29:07.803-0700: 249.321: Total time for which application threads were stopped: 0.0184317 seconds, Stopping threads took: 0.0000376 seconds
2018-10-31T21:29:08.804-0700: 250.321: Total time for which application threads were stopped: 0.0000897 seconds, Stopping threads took: 0.0000306 seconds
2018-10-31T21:29:10.653-0700: 252.170: Total time for which application threads were stopped: 0.0002090 seconds, Stopping threads took: 0.0000733 seconds
2018-10-31T21:29:10.653-0700: 252.170: Total time for which application threads were stopped: 0.0001214 seconds, Stopping threads took: 0.0000357 seconds
2018-10-31T21:29:10.653-0700: 252.171: Total time for which application threads were stopped: 0.0001254 seconds, Stopping threads took: 0.0000445 seconds
2018-10-31T21:29:10.653-0700: 252.171: Total time for which application threads were stopped: 0.0001141 seconds, Stopping threads took: 0.0000434 seconds
2018-10-31T21:29:10.654-0700: 252.171: Total time for which application threads were stopped: 0.0000999 seconds, Stopping threads took: 0.0000248 seconds
2018-10-31T21:29:10.656-0700: 252.173: Total time for which application threads were stopped: 0.0001554 seconds, Stopping threads took: 0.0000562 seconds
2018-10-31T21:29:10.656-0700: 252.173: Total time for which application threads were stopped: 0.0001167 seconds, Stopping threads took: 0.0000284 seconds
2018-10-31T21:29:10.656-0700: 252.174: Total time for which application threads were stopped: 0.0001222 seconds, Stopping threads took: 0.0000233 seconds
2018-10-31T21:29:10.656-0700: 252.174: Total time for which application threads were stopped: 0.0000839 seconds, Stopping threads took: 0.0000204 seconds
2018-10-31T21:29:10.656-0700: 252.174: Total time for which application threads were stopped: 0.0000930 seconds, Stopping threads took: 0.0000230 seconds
2018-10-31T21:29:10.657-0700: 252.174: Total time for which application threads were stopped: 0.0000831 seconds, Stopping threads took: 0.0000197 seconds
2018-10-31T21:29:10.657-0700: 252.174: Total time for which application threads were stopped: 0.0001050 seconds, Stopping threads took: 0.0000335 seconds
2018-10-31T21:29:10.657-0700: 252.175: Total time for which application threads were stopped: 0.0003366 seconds, Stopping threads took: 0.0000171 seconds
2018-10-31T21:29:11.657-0700: 253.174: Total time for which application threads were stopped: 0.0000988 seconds, Stopping threads took: 0.0000361 seconds
2018-10-31T21:29:28.751-0700: 270.268: Total time for which application threads were stopped: 0.0001718 seconds, Stopping threads took: 0.0000500 seconds
2018-10-31T21:29:39.813-0700: 281.331: Total time for which application threads were stopped: 0.0001182 seconds, Stopping threads took: 0.0000401 seconds
2018-10-31T21:30:02.953-0700: 304.470: Total time for which application threads were stopped: 0.0002093 seconds, Stopping threads took: 0.0000875 seconds
2018-10-31T21:31:03.310-0700: 364.827: Total time for which application threads were stopped: 0.0001667 seconds, Stopping threads took: 0.0000729 seconds
2018-10-31T21:31:47.412-0700: 408.929: Total time for which application threads were stopped: 0.0001378 seconds, Stopping threads took: 0.0000660 seconds
2018-10-31T21:32:03.418-0700: 424.935: Total time for which application threads were stopped: 0.0000963 seconds, Stopping threads took: 0.0000346 s